[2026-05-22 20:55:04] INFO (main) Start NNI manager
[2026-05-22 20:55:04] INFO (RestServer) Starting REST server at port 8417, URL prefix: "/"
[2026-05-22 20:55:04] INFO (RestServer) REST server started.
[2026-05-22 20:55:04] INFO (NNIDataStore) Datastore initialization done
[2026-05-22 20:55:05] INFO (NNIManager) Starting experiment: vtq5rx23
[2026-05-22 20:55:05] INFO (NNIManager) Setup training service...
[2026-05-22 20:55:05] INFO (NNIManager) Setup tuner...
[2026-05-22 20:55:05] INFO (NNIManager) Change NNIManager status from: INITIALIZED to: RUNNING
[2026-05-22 20:55:06] INFO (NNIManager) Add event listeners
[2026-05-22 20:55:06] INFO (LocalV3.local) Start
[2026-05-22 20:55:06] INFO (NNIManager) NNIManager received command from dispatcher: ID, 
[2026-05-22 20:55:06] INFO (NNIManager) NNIManager received command from dispatcher: TR, {"parameter_id": 0, "parameter_source": "algorithm", "parameters": {"model_type": "MLP", "units": 32, "num_layers": 1, "dropout": 0.2, "activation": "tanh", "lr": 7.892386662916633e-05, "window_size": 4, "batch_size": 128, "epochs": 5, "kernel_size": 5, "attention_heads": 8}, "parameter_index": 0}
[2026-05-22 20:55:06] INFO (NNIManager) submitTrialJob: form: {
  sequenceId: 0,
  hyperParameters: {
    value: '{"parameter_id": 0, "parameter_source": "algorithm", "parameters": {"model_type": "MLP", "units": 32, "num_layers": 1, "dropout": 0.2, "activation": "tanh", "lr": 7.892386662916633e-05, "window_size": 4, "batch_size": 128, "epochs": 5, "kernel_size": 5, "attention_heads": 8}, "parameter_index": 0}',
    index: 0
  },
  placementConstraint: { type: 'None', gpus: [] }
}
[2026-05-22 20:55:07] INFO (LocalV3.local) Register directory trial_code = /home/meliani/Desktop/phd/fast-track
[2026-05-22 20:55:07] INFO (LocalV3.local) Created trial J8iTy
[2026-05-22 20:55:10] INFO (LocalV3.local) Trial parameter: J8iTy {"parameter_id": 0, "parameter_source": "algorithm", "parameters": {"model_type": "MLP", "units": 32, "num_layers": 1, "dropout": 0.2, "activation": "tanh", "lr": 7.892386662916633e-05, "window_size": 4, "batch_size": 128, "epochs": 5, "kernel_size": 5, "attention_heads": 8}, "parameter_index": 0}
[2026-05-22 20:55:13] INFO (NNIManager) Trial job J8iTy status changed from RUNNING to SUCCEEDED
[2026-05-22 20:55:13] INFO (NNIManager) NNIManager received command from dispatcher: TR, {"parameter_id": 1, "parameter_source": "algorithm", "parameters": {"model_type": "RNN", "units": 256, "num_layers": 1, "dropout": 0.1, "activation": "sigmoid", "lr": 8.502197367046798e-05, "window_size": 24, "batch_size": 64, "epochs": 10, "kernel_size": 3, "attention_heads": 2}, "parameter_index": 0}
[2026-05-22 20:55:14] INFO (NNIManager) submitTrialJob: form: {
  sequenceId: 1,
  hyperParameters: {
    value: '{"parameter_id": 1, "parameter_source": "algorithm", "parameters": {"model_type": "RNN", "units": 256, "num_layers": 1, "dropout": 0.1, "activation": "sigmoid", "lr": 8.502197367046798e-05, "window_size": 24, "batch_size": 64, "epochs": 10, "kernel_size": 3, "attention_heads": 2}, "parameter_index": 0}',
    index: 0
  },
  placementConstraint: { type: 'None', gpus: [] }
}
[2026-05-22 20:55:14] INFO (LocalV3.local) Created trial iHPKN
[2026-05-22 20:55:17] INFO (LocalV3.local) Trial parameter: iHPKN {"parameter_id": 1, "parameter_source": "algorithm", "parameters": {"model_type": "RNN", "units": 256, "num_layers": 1, "dropout": 0.1, "activation": "sigmoid", "lr": 8.502197367046798e-05, "window_size": 24, "batch_size": 64, "epochs": 10, "kernel_size": 3, "attention_heads": 2}, "parameter_index": 0}
[2026-05-22 20:55:22] INFO (NNIManager) Trial job iHPKN status changed from RUNNING to SUCCEEDED
[2026-05-22 20:55:22] INFO (NNIManager) NNIManager received command from dispatcher: TR, {"parameter_id": 2, "parameter_source": "algorithm", "parameters": {"model_type": "CNN", "units": 16, "num_layers": 4, "dropout": 0.5, "activation": "sigmoid", "lr": 0.001130531067330367, "window_size": 29, "batch_size": 16, "epochs": 10, "kernel_size": 2, "attention_heads": 2}, "parameter_index": 0}
[2026-05-22 20:55:22] INFO (NNIManager) submitTrialJob: form: {
  sequenceId: 2,
  hyperParameters: {
    value: '{"parameter_id": 2, "parameter_source": "algorithm", "parameters": {"model_type": "CNN", "units": 16, "num_layers": 4, "dropout": 0.5, "activation": "sigmoid", "lr": 0.001130531067330367, "window_size": 29, "batch_size": 16, "epochs": 10, "kernel_size": 2, "attention_heads": 2}, "parameter_index": 0}',
    index: 0
  },
  placementConstraint: { type: 'None', gpus: [] }
}
[2026-05-22 20:55:22] INFO (LocalV3.local) Created trial Ft2Al
[2026-05-22 20:55:29] INFO (LocalV3.local) Trial parameter: Ft2Al {"parameter_id": 2, "parameter_source": "algorithm", "parameters": {"model_type": "CNN", "units": 16, "num_layers": 4, "dropout": 0.5, "activation": "sigmoid", "lr": 0.001130531067330367, "window_size": 29, "batch_size": 16, "epochs": 10, "kernel_size": 2, "attention_heads": 2}, "parameter_index": 0}
[2026-05-22 20:55:39] INFO (NNIManager) Trial job Ft2Al status changed from RUNNING to SUCCEEDED
[2026-05-22 20:55:39] INFO (NNIManager) NNIManager received command from dispatcher: TR, {"parameter_id": 3, "parameter_source": "algorithm", "parameters": {"model_type": "LSTM", "units": 32, "num_layers": 3, "dropout": 0, "activation": "relu", "lr": 7.74495735599473e-05, "window_size": 2, "batch_size": 32, "epochs": 5, "kernel_size": 7, "attention_heads": 8}, "parameter_index": 0}
[2026-05-22 20:55:39] INFO (NNIManager) submitTrialJob: form: {
  sequenceId: 3,
  hyperParameters: {
    value: '{"parameter_id": 3, "parameter_source": "algorithm", "parameters": {"model_type": "LSTM", "units": 32, "num_layers": 3, "dropout": 0, "activation": "relu", "lr": 7.74495735599473e-05, "window_size": 2, "batch_size": 32, "epochs": 5, "kernel_size": 7, "attention_heads": 8}, "parameter_index": 0}',
    index: 0
  },
  placementConstraint: { type: 'None', gpus: [] }
}
[2026-05-22 20:55:39] INFO (LocalV3.local) Created trial kS3eV
[2026-05-22 20:55:45] INFO (LocalV3.local) Trial parameter: kS3eV {"parameter_id": 3, "parameter_source": "algorithm", "parameters": {"model_type": "LSTM", "units": 32, "num_layers": 3, "dropout": 0, "activation": "relu", "lr": 7.74495735599473e-05, "window_size": 2, "batch_size": 32, "epochs": 5, "kernel_size": 7, "attention_heads": 8}, "parameter_index": 0}
[2026-05-22 20:56:00] INFO (NNIManager) Trial job kS3eV status changed from RUNNING to SUCCEEDED
[2026-05-22 20:56:00] INFO (NNIManager) NNIManager received command from dispatcher: TR, {"parameter_id": 4, "parameter_source": "algorithm", "parameters": {"model_type": "GRU", "units": 128, "num_layers": 4, "dropout": 0.3, "activation": "relu", "lr": 0.0002644573145667761, "window_size": 13, "batch_size": 128, "epochs": 20, "kernel_size": 3, "attention_heads": 8}, "parameter_index": 0}
[2026-05-22 20:56:01] INFO (NNIManager) submitTrialJob: form: {
  sequenceId: 4,
  hyperParameters: {
    value: '{"parameter_id": 4, "parameter_source": "algorithm", "parameters": {"model_type": "GRU", "units": 128, "num_layers": 4, "dropout": 0.3, "activation": "relu", "lr": 0.0002644573145667761, "window_size": 13, "batch_size": 128, "epochs": 20, "kernel_size": 3, "attention_heads": 8}, "parameter_index": 0}',
    index: 0
  },
  placementConstraint: { type: 'None', gpus: [] }
}
[2026-05-22 20:56:01] INFO (LocalV3.local) Created trial Ams1a
[2026-05-22 20:56:04] INFO (LocalV3.local) Trial parameter: Ams1a {"parameter_id": 4, "parameter_source": "algorithm", "parameters": {"model_type": "GRU", "units": 128, "num_layers": 4, "dropout": 0.3, "activation": "relu", "lr": 0.0002644573145667761, "window_size": 13, "batch_size": 128, "epochs": 20, "kernel_size": 3, "attention_heads": 8}, "parameter_index": 0}
[2026-05-22 20:56:18] INFO (NNIManager) Trial job Ams1a status changed from RUNNING to SUCCEEDED
[2026-05-22 20:56:18] INFO (NNIManager) NNIManager received command from dispatcher: TR, {"parameter_id": 5, "parameter_source": "algorithm", "parameters": {"model_type": "GRU", "units": 256, "num_layers": 2, "dropout": 0.2, "activation": "tanh", "lr": 0.0025949472865748886, "window_size": 4, "batch_size": 128, "epochs": 20, "kernel_size": 2, "attention_heads": 4}, "parameter_index": 0}
[2026-05-22 20:56:19] INFO (NNIManager) submitTrialJob: form: {
  sequenceId: 5,
  hyperParameters: {
    value: '{"parameter_id": 5, "parameter_source": "algorithm", "parameters": {"model_type": "GRU", "units": 256, "num_layers": 2, "dropout": 0.2, "activation": "tanh", "lr": 0.0025949472865748886, "window_size": 4, "batch_size": 128, "epochs": 20, "kernel_size": 2, "attention_heads": 4}, "parameter_index": 0}',
    index: 0
  },
  placementConstraint: { type: 'None', gpus: [] }
}
[2026-05-22 20:56:19] INFO (LocalV3.local) Created trial XkWPR
[2026-05-22 20:56:22] INFO (LocalV3.local) Trial parameter: XkWPR {"parameter_id": 5, "parameter_source": "algorithm", "parameters": {"model_type": "GRU", "units": 256, "num_layers": 2, "dropout": 0.2, "activation": "tanh", "lr": 0.0025949472865748886, "window_size": 4, "batch_size": 128, "epochs": 20, "kernel_size": 2, "attention_heads": 4}, "parameter_index": 0}
[2026-05-22 20:56:33] INFO (NNIManager) Trial job XkWPR status changed from RUNNING to SUCCEEDED
[2026-05-22 20:56:33] INFO (NNIManager) NNIManager received command from dispatcher: TR, {"parameter_id": 6, "parameter_source": "algorithm", "parameters": {"model_type": "Transformer", "units": 64, "num_layers": 4, "dropout": 0, "activation": "relu", "lr": 9.161564835767625e-05, "window_size": 18, "batch_size": 16, "epochs": 5, "kernel_size": 3, "attention_heads": 2}, "parameter_index": 0}
[2026-05-22 20:56:34] INFO (NNIManager) submitTrialJob: form: {
  sequenceId: 6,
  hyperParameters: {
    value: '{"parameter_id": 6, "parameter_source": "algorithm", "parameters": {"model_type": "Transformer", "units": 64, "num_layers": 4, "dropout": 0, "activation": "relu", "lr": 9.161564835767625e-05, "window_size": 18, "batch_size": 16, "epochs": 5, "kernel_size": 3, "attention_heads": 2}, "parameter_index": 0}',
    index: 0
  },
  placementConstraint: { type: 'None', gpus: [] }
}
[2026-05-22 20:56:34] INFO (LocalV3.local) Created trial NnISl
[2026-05-22 20:56:37] INFO (LocalV3.local) Trial parameter: NnISl {"parameter_id": 6, "parameter_source": "algorithm", "parameters": {"model_type": "Transformer", "units": 64, "num_layers": 4, "dropout": 0, "activation": "relu", "lr": 9.161564835767625e-05, "window_size": 18, "batch_size": 16, "epochs": 5, "kernel_size": 3, "attention_heads": 2}, "parameter_index": 0}
[2026-05-22 20:56:48] INFO (NNIManager) Trial job NnISl status changed from RUNNING to SUCCEEDED
[2026-05-22 20:56:48] INFO (NNIManager) NNIManager received command from dispatcher: TR, {"parameter_id": 7, "parameter_source": "algorithm", "parameters": {"model_type": "GRU", "units": 128, "num_layers": 4, "dropout": 0.1, "activation": "relu", "lr": 1.2795522218729945e-05, "window_size": 25, "batch_size": 16, "epochs": 10, "kernel_size": 3, "attention_heads": 2}, "parameter_index": 0}
[2026-05-22 20:56:48] INFO (NNIManager) submitTrialJob: form: {
  sequenceId: 7,
  hyperParameters: {
    value: '{"parameter_id": 7, "parameter_source": "algorithm", "parameters": {"model_type": "GRU", "units": 128, "num_layers": 4, "dropout": 0.1, "activation": "relu", "lr": 1.2795522218729945e-05, "window_size": 25, "batch_size": 16, "epochs": 10, "kernel_size": 3, "attention_heads": 2}, "parameter_index": 0}',
    index: 0
  },
  placementConstraint: { type: 'None', gpus: [] }
}
[2026-05-22 20:56:48] INFO (LocalV3.local) Created trial hFZmP
[2026-05-22 20:56:52] INFO (LocalV3.local) Trial parameter: hFZmP {"parameter_id": 7, "parameter_source": "algorithm", "parameters": {"model_type": "GRU", "units": 128, "num_layers": 4, "dropout": 0.1, "activation": "relu", "lr": 1.2795522218729945e-05, "window_size": 25, "batch_size": 16, "epochs": 10, "kernel_size": 3, "attention_heads": 2}, "parameter_index": 0}
[2026-05-22 20:57:08] INFO (NNIManager) Trial job hFZmP status changed from RUNNING to SUCCEEDED
[2026-05-22 20:57:08] INFO (NNIManager) NNIManager received command from dispatcher: TR, {"parameter_id": 8, "parameter_source": "algorithm", "parameters": {"model_type": "RNN", "units": 16, "num_layers": 1, "dropout": 0.3, "activation": "sigmoid", "lr": 1.262083822364664e-05, "window_size": 12, "batch_size": 32, "epochs": 20, "kernel_size": 5, "attention_heads": 8}, "parameter_index": 0}
[2026-05-22 20:57:09] INFO (NNIManager) submitTrialJob: form: {
  sequenceId: 8,
  hyperParameters: {
    value: '{"parameter_id": 8, "parameter_source": "algorithm", "parameters": {"model_type": "RNN", "units": 16, "num_layers": 1, "dropout": 0.3, "activation": "sigmoid", "lr": 1.262083822364664e-05, "window_size": 12, "batch_size": 32, "epochs": 20, "kernel_size": 5, "attention_heads": 8}, "parameter_index": 0}',
    index: 0
  },
  placementConstraint: { type: 'None', gpus: [] }
}
[2026-05-22 20:57:09] INFO (LocalV3.local) Created trial yPKEZ
[2026-05-22 20:57:12] INFO (LocalV3.local) Trial parameter: yPKEZ {"parameter_id": 8, "parameter_source": "algorithm", "parameters": {"model_type": "RNN", "units": 16, "num_layers": 1, "dropout": 0.3, "activation": "sigmoid", "lr": 1.262083822364664e-05, "window_size": 12, "batch_size": 32, "epochs": 20, "kernel_size": 5, "attention_heads": 8}, "parameter_index": 0}
[2026-05-22 20:57:23] INFO (NNIManager) Trial job yPKEZ status changed from RUNNING to SUCCEEDED
[2026-05-22 20:57:23] INFO (NNIManager) NNIManager received command from dispatcher: TR, {"parameter_id": 9, "parameter_source": "algorithm", "parameters": {"model_type": "LSTM", "units": 32, "num_layers": 1, "dropout": 0.2, "activation": "elu", "lr": 0.00010581049758613499, "window_size": 30, "batch_size": 32, "epochs": 5, "kernel_size": 2, "attention_heads": 2}, "parameter_index": 0}
[2026-05-22 20:57:23] INFO (NNIManager) submitTrialJob: form: {
  sequenceId: 9,
  hyperParameters: {
    value: '{"parameter_id": 9, "parameter_source": "algorithm", "parameters": {"model_type": "LSTM", "units": 32, "num_layers": 1, "dropout": 0.2, "activation": "elu", "lr": 0.00010581049758613499, "window_size": 30, "batch_size": 32, "epochs": 5, "kernel_size": 2, "attention_heads": 2}, "parameter_index": 0}',
    index: 0
  },
  placementConstraint: { type: 'None', gpus: [] }
}
[2026-05-22 20:57:23] INFO (LocalV3.local) Created trial MRET3
[2026-05-22 20:57:28] INFO (LocalV3.local) Trial parameter: MRET3 {"parameter_id": 9, "parameter_source": "algorithm", "parameters": {"model_type": "LSTM", "units": 32, "num_layers": 1, "dropout": 0.2, "activation": "elu", "lr": 0.00010581049758613499, "window_size": 30, "batch_size": 32, "epochs": 5, "kernel_size": 2, "attention_heads": 2}, "parameter_index": 0}
[2026-05-22 20:57:37] INFO (NNIManager) Trial job MRET3 status changed from RUNNING to SUCCEEDED
[2026-05-22 20:57:37] INFO (NNIManager) NNIManager received command from dispatcher: TR, {"parameter_id": 10, "parameter_source": "algorithm", "parameters": {"model_type": "GRU", "units": 128, "num_layers": 2, "dropout": 0, "activation": "elu", "lr": 0.00012888947276178884, "window_size": 22, "batch_size": 16, "epochs": 5, "kernel_size": 5, "attention_heads": 4}, "parameter_index": 0}
[2026-05-22 20:57:37] INFO (NNIManager) submitTrialJob: form: {
  sequenceId: 10,
  hyperParameters: {
    value: '{"parameter_id": 10, "parameter_source": "algorithm", "parameters": {"model_type": "GRU", "units": 128, "num_layers": 2, "dropout": 0, "activation": "elu", "lr": 0.00012888947276178884, "window_size": 22, "batch_size": 16, "epochs": 5, "kernel_size": 5, "attention_heads": 4}, "parameter_index": 0}',
    index: 0
  },
  placementConstraint: { type: 'None', gpus: [] }
}
[2026-05-22 20:57:37] INFO (LocalV3.local) Created trial mbP7C
[2026-05-22 20:57:41] INFO (LocalV3.local) Trial parameter: mbP7C {"parameter_id": 10, "parameter_source": "algorithm", "parameters": {"model_type": "GRU", "units": 128, "num_layers": 2, "dropout": 0, "activation": "elu", "lr": 0.00012888947276178884, "window_size": 22, "batch_size": 16, "epochs": 5, "kernel_size": 5, "attention_heads": 4}, "parameter_index": 0}
[2026-05-22 20:57:53] INFO (NNIManager) Trial job mbP7C status changed from RUNNING to SUCCEEDED
[2026-05-22 20:57:53] INFO (NNIManager) NNIManager received command from dispatcher: TR, {"parameter_id": 11, "parameter_source": "algorithm", "parameters": {"model_type": "RNN", "units": 128, "num_layers": 2, "dropout": 0, "activation": "elu", "lr": 0.0003853433808286931, "window_size": 27, "batch_size": 32, "epochs": 5, "kernel_size": 5, "attention_heads": 8}, "parameter_index": 0}
[2026-05-22 20:57:53] INFO (NNIManager) submitTrialJob: form: {
  sequenceId: 11,
  hyperParameters: {
    value: '{"parameter_id": 11, "parameter_source": "algorithm", "parameters": {"model_type": "RNN", "units": 128, "num_layers": 2, "dropout": 0, "activation": "elu", "lr": 0.0003853433808286931, "window_size": 27, "batch_size": 32, "epochs": 5, "kernel_size": 5, "attention_heads": 8}, "parameter_index": 0}',
    index: 0
  },
  placementConstraint: { type: 'None', gpus: [] }
}
[2026-05-22 20:57:53] INFO (LocalV3.local) Created trial kbiIg
[2026-05-22 20:57:56] INFO (LocalV3.local) Trial parameter: kbiIg {"parameter_id": 11, "parameter_source": "algorithm", "parameters": {"model_type": "RNN", "units": 128, "num_layers": 2, "dropout": 0, "activation": "elu", "lr": 0.0003853433808286931, "window_size": 27, "batch_size": 32, "epochs": 5, "kernel_size": 5, "attention_heads": 8}, "parameter_index": 0}
[2026-05-22 20:58:01] INFO (NNIManager) Trial job kbiIg status changed from RUNNING to SUCCEEDED
[2026-05-22 20:58:01] INFO (NNIManager) NNIManager received command from dispatcher: TR, {"parameter_id": 12, "parameter_source": "algorithm", "parameters": {"model_type": "GRU", "units": 128, "num_layers": 3, "dropout": 0.5, "activation": "elu", "lr": 3.195509986269492e-05, "window_size": 18, "batch_size": 128, "epochs": 20, "kernel_size": 2, "attention_heads": 4}, "parameter_index": 0}
[2026-05-22 20:58:02] INFO (NNIManager) submitTrialJob: form: {
  sequenceId: 12,
  hyperParameters: {
    value: '{"parameter_id": 12, "parameter_source": "algorithm", "parameters": {"model_type": "GRU", "units": 128, "num_layers": 3, "dropout": 0.5, "activation": "elu", "lr": 3.195509986269492e-05, "window_size": 18, "batch_size": 128, "epochs": 20, "kernel_size": 2, "attention_heads": 4}, "parameter_index": 0}',
    index: 0
  },
  placementConstraint: { type: 'None', gpus: [] }
}
[2026-05-22 20:58:02] INFO (LocalV3.local) Created trial e883v
[2026-05-22 20:58:04] INFO (LocalV3.local) Trial parameter: e883v {"parameter_id": 12, "parameter_source": "algorithm", "parameters": {"model_type": "GRU", "units": 128, "num_layers": 3, "dropout": 0.5, "activation": "elu", "lr": 3.195509986269492e-05, "window_size": 18, "batch_size": 128, "epochs": 20, "kernel_size": 2, "attention_heads": 4}, "parameter_index": 0}
[2026-05-22 20:58:16] INFO (NNIManager) Trial job e883v status changed from RUNNING to SUCCEEDED
[2026-05-22 20:58:16] INFO (NNIManager) NNIManager received command from dispatcher: TR, {"parameter_id": 13, "parameter_source": "algorithm", "parameters": {"model_type": "GRU", "units": 256, "num_layers": 1, "dropout": 0.1, "activation": "sigmoid", "lr": 0.0004645465948485872, "window_size": 15, "batch_size": 128, "epochs": 5, "kernel_size": 7, "attention_heads": 4}, "parameter_index": 0}
[2026-05-22 20:58:17] INFO (NNIManager) submitTrialJob: form: {
  sequenceId: 13,
  hyperParameters: {
    value: '{"parameter_id": 13, "parameter_source": "algorithm", "parameters": {"model_type": "GRU", "units": 256, "num_layers": 1, "dropout": 0.1, "activation": "sigmoid", "lr": 0.0004645465948485872, "window_size": 15, "batch_size": 128, "epochs": 5, "kernel_size": 7, "attention_heads": 4}, "parameter_index": 0}',
    index: 0
  },
  placementConstraint: { type: 'None', gpus: [] }
}
[2026-05-22 20:58:17] INFO (LocalV3.local) Created trial V4AfF
[2026-05-22 20:58:19] INFO (LocalV3.local) Trial parameter: V4AfF {"parameter_id": 13, "parameter_source": "algorithm", "parameters": {"model_type": "GRU", "units": 256, "num_layers": 1, "dropout": 0.1, "activation": "sigmoid", "lr": 0.0004645465948485872, "window_size": 15, "batch_size": 128, "epochs": 5, "kernel_size": 7, "attention_heads": 4}, "parameter_index": 0}
[2026-05-22 20:58:26] INFO (NNIManager) Trial job V4AfF status changed from RUNNING to SUCCEEDED
[2026-05-22 20:58:26] INFO (NNIManager) NNIManager received command from dispatcher: TR, {"parameter_id": 14, "parameter_source": "algorithm", "parameters": {"model_type": "CNN", "units": 256, "num_layers": 4, "dropout": 0, "activation": "tanh", "lr": 0.00019215174715180177, "window_size": 10, "batch_size": 64, "epochs": 10, "kernel_size": 2, "attention_heads": 4}, "parameter_index": 0}
[2026-05-22 20:58:26] INFO (NNIManager) submitTrialJob: form: {
  sequenceId: 14,
  hyperParameters: {
    value: '{"parameter_id": 14, "parameter_source": "algorithm", "parameters": {"model_type": "CNN", "units": 256, "num_layers": 4, "dropout": 0, "activation": "tanh", "lr": 0.00019215174715180177, "window_size": 10, "batch_size": 64, "epochs": 10, "kernel_size": 2, "attention_heads": 4}, "parameter_index": 0}',
    index: 0
  },
  placementConstraint: { type: 'None', gpus: [] }
}
[2026-05-22 20:58:26] INFO (LocalV3.local) Created trial s3n8h
[2026-05-22 20:58:28] INFO (LocalV3.local) Trial parameter: s3n8h {"parameter_id": 14, "parameter_source": "algorithm", "parameters": {"model_type": "CNN", "units": 256, "num_layers": 4, "dropout": 0, "activation": "tanh", "lr": 0.00019215174715180177, "window_size": 10, "batch_size": 64, "epochs": 10, "kernel_size": 2, "attention_heads": 4}, "parameter_index": 0}
[2026-05-22 20:58:33] INFO (NNIManager) Trial job s3n8h status changed from RUNNING to SUCCEEDED
[2026-05-22 20:58:33] INFO (NNIManager) NNIManager received command from dispatcher: TR, {"parameter_id": 15, "parameter_source": "algorithm", "parameters": {"model_type": "GRU", "units": 32, "num_layers": 4, "dropout": 0.5, "activation": "sigmoid", "lr": 1.728741045895829e-05, "window_size": 23, "batch_size": 64, "epochs": 20, "kernel_size": 5, "attention_heads": 8}, "parameter_index": 0}
[2026-05-22 20:58:33] INFO (NNIManager) submitTrialJob: form: {
  sequenceId: 15,
  hyperParameters: {
    value: '{"parameter_id": 15, "parameter_source": "algorithm", "parameters": {"model_type": "GRU", "units": 32, "num_layers": 4, "dropout": 0.5, "activation": "sigmoid", "lr": 1.728741045895829e-05, "window_size": 23, "batch_size": 64, "epochs": 20, "kernel_size": 5, "attention_heads": 8}, "parameter_index": 0}',
    index: 0
  },
  placementConstraint: { type: 'None', gpus: [] }
}
[2026-05-22 20:58:33] INFO (LocalV3.local) Created trial Aeo7j
[2026-05-22 20:58:36] INFO (LocalV3.local) Trial parameter: Aeo7j {"parameter_id": 15, "parameter_source": "algorithm", "parameters": {"model_type": "GRU", "units": 32, "num_layers": 4, "dropout": 0.5, "activation": "sigmoid", "lr": 1.728741045895829e-05, "window_size": 23, "batch_size": 64, "epochs": 20, "kernel_size": 5, "attention_heads": 8}, "parameter_index": 0}
[2026-05-22 20:58:52] INFO (NNIManager) Trial job Aeo7j status changed from RUNNING to SUCCEEDED
[2026-05-22 20:58:52] INFO (NNIManager) NNIManager received command from dispatcher: TR, {"parameter_id": 16, "parameter_source": "algorithm", "parameters": {"model_type": "MLP", "units": 32, "num_layers": 2, "dropout": 0.1, "activation": "tanh", "lr": 0.0007128578874609732, "window_size": 11, "batch_size": 16, "epochs": 5, "kernel_size": 2, "attention_heads": 2}, "parameter_index": 0}
[2026-05-22 20:58:52] INFO (NNIManager) submitTrialJob: form: {
  sequenceId: 16,
  hyperParameters: {
    value: '{"parameter_id": 16, "parameter_source": "algorithm", "parameters": {"model_type": "MLP", "units": 32, "num_layers": 2, "dropout": 0.1, "activation": "tanh", "lr": 0.0007128578874609732, "window_size": 11, "batch_size": 16, "epochs": 5, "kernel_size": 2, "attention_heads": 2}, "parameter_index": 0}',
    index: 0
  },
  placementConstraint: { type: 'None', gpus: [] }
}
[2026-05-22 20:58:52] INFO (LocalV3.local) Created trial suWLj
[2026-05-22 20:58:55] INFO (LocalV3.local) Trial parameter: suWLj {"parameter_id": 16, "parameter_source": "algorithm", "parameters": {"model_type": "MLP", "units": 32, "num_layers": 2, "dropout": 0.1, "activation": "tanh", "lr": 0.0007128578874609732, "window_size": 11, "batch_size": 16, "epochs": 5, "kernel_size": 2, "attention_heads": 2}, "parameter_index": 0}
[2026-05-22 20:58:58] INFO (NNIManager) Trial job suWLj status changed from RUNNING to SUCCEEDED
[2026-05-22 20:58:58] INFO (NNIManager) NNIManager received command from dispatcher: TR, {"parameter_id": 17, "parameter_source": "algorithm", "parameters": {"model_type": "LSTM", "units": 256, "num_layers": 2, "dropout": 0.3, "activation": "relu", "lr": 6.493408996142364e-05, "window_size": 22, "batch_size": 64, "epochs": 15, "kernel_size": 5, "attention_heads": 4}, "parameter_index": 0}
[2026-05-22 20:58:58] INFO (NNIManager) submitTrialJob: form: {
  sequenceId: 17,
  hyperParameters: {
    value: '{"parameter_id": 17, "parameter_source": "algorithm", "parameters": {"model_type": "LSTM", "units": 256, "num_layers": 2, "dropout": 0.3, "activation": "relu", "lr": 6.493408996142364e-05, "window_size": 22, "batch_size": 64, "epochs": 15, "kernel_size": 5, "attention_heads": 4}, "parameter_index": 0}',
    index: 0
  },
  placementConstraint: { type: 'None', gpus: [] }
}
[2026-05-22 20:58:58] INFO (LocalV3.local) Created trial RpLwQ
[2026-05-22 20:59:03] INFO (LocalV3.local) Trial parameter: RpLwQ {"parameter_id": 17, "parameter_source": "algorithm", "parameters": {"model_type": "LSTM", "units": 256, "num_layers": 2, "dropout": 0.3, "activation": "relu", "lr": 6.493408996142364e-05, "window_size": 22, "batch_size": 64, "epochs": 15, "kernel_size": 5, "attention_heads": 4}, "parameter_index": 0}
[2026-05-22 20:59:32] INFO (NNIManager) Trial job RpLwQ status changed from RUNNING to SUCCEEDED
[2026-05-22 20:59:32] INFO (NNIManager) NNIManager received command from dispatcher: TR, {"parameter_id": 18, "parameter_source": "algorithm", "parameters": {"model_type": "TCN", "units": 16, "num_layers": 3, "dropout": 0.3, "activation": "tanh", "lr": 4.470341563502715e-05, "window_size": 9, "batch_size": 16, "epochs": 20, "kernel_size": 5, "attention_heads": 4}, "parameter_index": 0}
[2026-05-22 20:59:32] INFO (NNIManager) submitTrialJob: form: {
  sequenceId: 18,
  hyperParameters: {
    value: '{"parameter_id": 18, "parameter_source": "algorithm", "parameters": {"model_type": "TCN", "units": 16, "num_layers": 3, "dropout": 0.3, "activation": "tanh", "lr": 4.470341563502715e-05, "window_size": 9, "batch_size": 16, "epochs": 20, "kernel_size": 5, "attention_heads": 4}, "parameter_index": 0}',
    index: 0
  },
  placementConstraint: { type: 'None', gpus: [] }
}
[2026-05-22 20:59:32] INFO (LocalV3.local) Created trial KZ3GK
[2026-05-22 20:59:35] INFO (LocalV3.local) Trial parameter: KZ3GK {"parameter_id": 18, "parameter_source": "algorithm", "parameters": {"model_type": "TCN", "units": 16, "num_layers": 3, "dropout": 0.3, "activation": "tanh", "lr": 4.470341563502715e-05, "window_size": 9, "batch_size": 16, "epochs": 20, "kernel_size": 5, "attention_heads": 4}, "parameter_index": 0}
[2026-05-22 20:59:42] INFO (NNIManager) Trial job KZ3GK status changed from RUNNING to SUCCEEDED
[2026-05-22 20:59:42] INFO (NNIManager) NNIManager received command from dispatcher: TR, {"parameter_id": 19, "parameter_source": "algorithm", "parameters": {"model_type": "Transformer", "units": 64, "num_layers": 4, "dropout": 0.3, "activation": "elu", "lr": 0.0015305224586521123, "window_size": 21, "batch_size": 32, "epochs": 10, "kernel_size": 7, "attention_heads": 8}, "parameter_index": 0}
[2026-05-22 20:59:42] INFO (NNIManager) submitTrialJob: form: {
  sequenceId: 19,
  hyperParameters: {
    value: '{"parameter_id": 19, "parameter_source": "algorithm", "parameters": {"model_type": "Transformer", "units": 64, "num_layers": 4, "dropout": 0.3, "activation": "elu", "lr": 0.0015305224586521123, "window_size": 21, "batch_size": 32, "epochs": 10, "kernel_size": 7, "attention_heads": 8}, "parameter_index": 0}',
    index: 0
  },
  placementConstraint: { type: 'None', gpus: [] }
}
[2026-05-22 20:59:42] INFO (LocalV3.local) Created trial TV4kU
[2026-05-22 20:59:46] INFO (LocalV3.local) Trial parameter: TV4kU {"parameter_id": 19, "parameter_source": "algorithm", "parameters": {"model_type": "Transformer", "units": 64, "num_layers": 4, "dropout": 0.3, "activation": "elu", "lr": 0.0015305224586521123, "window_size": 21, "batch_size": 32, "epochs": 10, "kernel_size": 7, "attention_heads": 8}, "parameter_index": 0}
[2026-05-22 20:59:58] INFO (NNIManager) Trial job TV4kU status changed from RUNNING to SUCCEEDED
[2026-05-22 20:59:59] INFO (NNIManager) NNIManager received command from dispatcher: TR, {"parameter_id": 20, "parameter_source": "algorithm", "parameters": {"model_type": "CNN", "units": 128, "num_layers": 2, "dropout": 0, "activation": "elu", "lr": 0.00016294151078867446, "window_size": 10, "batch_size": 64, "epochs": 15, "kernel_size": 2, "attention_heads": 4}, "parameter_index": 0}
[2026-05-22 20:59:59] INFO (NNIManager) submitTrialJob: form: {
  sequenceId: 20,
  hyperParameters: {
    value: '{"parameter_id": 20, "parameter_source": "algorithm", "parameters": {"model_type": "CNN", "units": 128, "num_layers": 2, "dropout": 0, "activation": "elu", "lr": 0.00016294151078867446, "window_size": 10, "batch_size": 64, "epochs": 15, "kernel_size": 2, "attention_heads": 4}, "parameter_index": 0}',
    index: 0
  },
  placementConstraint: { type: 'None', gpus: [] }
}
[2026-05-22 20:59:59] INFO (LocalV3.local) Created trial H5tOd
[2026-05-22 21:00:02] INFO (LocalV3.local) Trial parameter: H5tOd {"parameter_id": 20, "parameter_source": "algorithm", "parameters": {"model_type": "CNN", "units": 128, "num_layers": 2, "dropout": 0, "activation": "elu", "lr": 0.00016294151078867446, "window_size": 10, "batch_size": 64, "epochs": 15, "kernel_size": 2, "attention_heads": 4}, "parameter_index": 0}
[2026-05-22 21:00:08] INFO (NNIManager) Trial job H5tOd status changed from RUNNING to SUCCEEDED
[2026-05-22 21:00:08] INFO (NNIManager) NNIManager received command from dispatcher: TR, {"parameter_id": 21, "parameter_source": "algorithm", "parameters": {"model_type": "CNN", "units": 256, "num_layers": 2, "dropout": 0, "activation": "tanh", "lr": 0.008186098798979576, "window_size": 10, "batch_size": 64, "epochs": 10, "kernel_size": 2, "attention_heads": 4}, "parameter_index": 0}
[2026-05-22 21:00:08] INFO (NNIManager) submitTrialJob: form: {
  sequenceId: 21,
  hyperParameters: {
    value: '{"parameter_id": 21, "parameter_source": "algorithm", "parameters": {"model_type": "CNN", "units": 256, "num_layers": 2, "dropout": 0, "activation": "tanh", "lr": 0.008186098798979576, "window_size": 10, "batch_size": 64, "epochs": 10, "kernel_size": 2, "attention_heads": 4}, "parameter_index": 0}',
    index: 0
  },
  placementConstraint: { type: 'None', gpus: [] }
}
[2026-05-22 21:00:08] INFO (LocalV3.local) Created trial siA9V
[2026-05-22 21:00:10] INFO (LocalV3.local) Trial parameter: siA9V {"parameter_id": 21, "parameter_source": "algorithm", "parameters": {"model_type": "CNN", "units": 256, "num_layers": 2, "dropout": 0, "activation": "tanh", "lr": 0.008186098798979576, "window_size": 10, "batch_size": 64, "epochs": 10, "kernel_size": 2, "attention_heads": 4}, "parameter_index": 0}
[2026-05-22 21:00:16] INFO (NNIManager) Trial job siA9V status changed from RUNNING to SUCCEEDED
[2026-05-22 21:00:16] INFO (NNIManager) NNIManager received command from dispatcher: TR, {"parameter_id": 22, "parameter_source": "algorithm", "parameters": {"model_type": "CNN", "units": 128, "num_layers": 4, "dropout": 0, "activation": "tanh", "lr": 0.00022855623485944527, "window_size": 8, "batch_size": 16, "epochs": 10, "kernel_size": 5, "attention_heads": 4}, "parameter_index": 0}
[2026-05-22 21:00:16] INFO (NNIManager) submitTrialJob: form: {
  sequenceId: 22,
  hyperParameters: {
    value: '{"parameter_id": 22, "parameter_source": "algorithm", "parameters": {"model_type": "CNN", "units": 128, "num_layers": 4, "dropout": 0, "activation": "tanh", "lr": 0.00022855623485944527, "window_size": 8, "batch_size": 16, "epochs": 10, "kernel_size": 5, "attention_heads": 4}, "parameter_index": 0}',
    index: 0
  },
  placementConstraint: { type: 'None', gpus: [] }
}
[2026-05-22 21:00:16] INFO (LocalV3.local) Created trial r8hC3
[2026-05-22 21:00:19] INFO (LocalV3.local) Trial parameter: r8hC3 {"parameter_id": 22, "parameter_source": "algorithm", "parameters": {"model_type": "CNN", "units": 128, "num_layers": 4, "dropout": 0, "activation": "tanh", "lr": 0.00022855623485944527, "window_size": 8, "batch_size": 16, "epochs": 10, "kernel_size": 5, "attention_heads": 4}, "parameter_index": 0}
[2026-05-22 21:00:23] INFO (NNIManager) Trial job r8hC3 status changed from RUNNING to SUCCEEDED
[2026-05-22 21:00:23] INFO (NNIManager) NNIManager received command from dispatcher: TR, {"parameter_id": 23, "parameter_source": "algorithm", "parameters": {"model_type": "TCN", "units": 256, "num_layers": 2, "dropout": 0, "activation": "elu", "lr": 2.7152232764348245e-05, "window_size": 17, "batch_size": 64, "epochs": 15, "kernel_size": 7, "attention_heads": 4}, "parameter_index": 0}
[2026-05-22 21:00:24] INFO (NNIManager) submitTrialJob: form: {
  sequenceId: 23,
  hyperParameters: {
    value: '{"parameter_id": 23, "parameter_source": "algorithm", "parameters": {"model_type": "TCN", "units": 256, "num_layers": 2, "dropout": 0, "activation": "elu", "lr": 2.7152232764348245e-05, "window_size": 17, "batch_size": 64, "epochs": 15, "kernel_size": 7, "attention_heads": 4}, "parameter_index": 0}',
    index: 0
  },
  placementConstraint: { type: 'None', gpus: [] }
}
[2026-05-22 21:00:24] INFO (LocalV3.local) Created trial AIo1M
[2026-05-22 21:00:27] INFO (LocalV3.local) Trial parameter: AIo1M {"parameter_id": 23, "parameter_source": "algorithm", "parameters": {"model_type": "TCN", "units": 256, "num_layers": 2, "dropout": 0, "activation": "elu", "lr": 2.7152232764348245e-05, "window_size": 17, "batch_size": 64, "epochs": 15, "kernel_size": 7, "attention_heads": 4}, "parameter_index": 0}
[2026-05-22 21:00:34] INFO (NNIManager) Trial job AIo1M status changed from RUNNING to SUCCEEDED
[2026-05-22 21:00:34] INFO (NNIManager) NNIManager received command from dispatcher: TR, {"parameter_id": 24, "parameter_source": "algorithm", "parameters": {"model_type": "CNN", "units": 64, "num_layers": 2, "dropout": 0, "activation": "tanh", "lr": 0.0029564672740194616, "window_size": 22, "batch_size": 64, "epochs": 10, "kernel_size": 5, "attention_heads": 4}, "parameter_index": 0}
[2026-05-22 21:00:34] INFO (NNIManager) submitTrialJob: form: {
  sequenceId: 24,
  hyperParameters: {
    value: '{"parameter_id": 24, "parameter_source": "algorithm", "parameters": {"model_type": "CNN", "units": 64, "num_layers": 2, "dropout": 0, "activation": "tanh", "lr": 0.0029564672740194616, "window_size": 22, "batch_size": 64, "epochs": 10, "kernel_size": 5, "attention_heads": 4}, "parameter_index": 0}',
    index: 0
  },
  placementConstraint: { type: 'None', gpus: [] }
}
[2026-05-22 21:00:34] INFO (LocalV3.local) Created trial rc1zg
[2026-05-22 21:00:35] INFO (NNIManager) Change NNIManager status from: RUNNING to: NO_MORE_TRIAL
[2026-05-22 21:00:40] INFO (LocalV3.local) Trial parameter: rc1zg {"parameter_id": 24, "parameter_source": "algorithm", "parameters": {"model_type": "CNN", "units": 64, "num_layers": 2, "dropout": 0, "activation": "tanh", "lr": 0.0029564672740194616, "window_size": 22, "batch_size": 64, "epochs": 10, "kernel_size": 5, "attention_heads": 4}, "parameter_index": 0}
[2026-05-22 21:00:40] INFO (ShutdownManager) Initiate shutdown: SIGTERM
[2026-05-22 21:00:40] INFO (RestServer) Stopping REST server.
[2026-05-22 21:00:40] INFO (NNIManager) Change NNIManager status from: NO_MORE_TRIAL to: STOPPING
[2026-05-22 21:00:40] INFO (NNIManager) Stopping experiment, cleaning up ...
[2026-05-22 21:00:40] INFO (RestServer) REST server stopped.
[2026-05-22 21:00:44] INFO (LocalV3.local) All trials stopped
[2026-05-22 21:00:44] INFO (NNIManager) Change NNIManager status from: STOPPING to: STOPPED
[2026-05-22 21:00:44] INFO (NNIManager) Experiment stopped.
[2026-05-22 21:00:44] INFO (NNITensorboardManager) Forced stopping all tensorboard task.
[2026-05-22 21:00:44] INFO (NNITensorboardManager) All tensorboard task stopped.
[2026-05-22 21:00:44] INFO (NNITensorboardManager) Tensorboard manager stopped.
[2026-05-22 21:00:44] INFO (ShutdownManager) Shutdown complete.
