[2026-05-22 22:06:23] INFO (main) Start NNI manager
[2026-05-22 22:06:23] INFO (RestServer) Starting REST server at port 8129, URL prefix: "/"
[2026-05-22 22:06:23] INFO (RestServer) REST server started.
[2026-05-22 22:06:23] INFO (NNIDataStore) Datastore initialization done
[2026-05-22 22:06:23] INFO (NNIManager) Starting experiment: 1bzq5v2n
[2026-05-22 22:06:23] INFO (NNIManager) Setup training service...
[2026-05-22 22:06:24] INFO (NNIManager) Setup tuner...
[2026-05-22 22:06:24] INFO (NNIManager) Change NNIManager status from: INITIALIZED to: RUNNING
[2026-05-22 22:06:24] ERROR (experiments_manager) Error: File has been locked.
    at withLockNoWait (/home/meliani/.local/lib/python3.10/site-packages/nni_node/extensions/experiments_manager/utils.js:45:15)
    at ExperimentsManager.setExperimentInfo (/home/meliani/.local/lib/python3.10/site-packages/nni_node/extensions/experiments_manager/manager.js:75:40)
    at NNIManager.setStatus (/home/meliani/.local/lib/python3.10/site-packages/nni_node/core/nnimanager.js:809:64)
    at NNIManager.startExperiment (/home/meliani/.local/lib/python3.10/site-packages/nni_node/core/nnimanager.js:213:14)
[2026-05-22 22:06:24] ERROR (experiments_manager) Error: File has been locked.
    at withLockNoWait (/home/meliani/.local/lib/python3.10/site-packages/nni_node/extensions/experiments_manager/utils.js:45:15)
    at ExperimentsManager.setExperimentInfo (/home/meliani/.local/lib/python3.10/site-packages/nni_node/extensions/experiments_manager/manager.js:75:40)
    at Timeout.<anonymous> (/home/meliani/.local/lib/python3.10/site-packages/nni_node/extensions/experiments_manager/manager.js:91:70)
    at listOnTimeout (node:internal/timers:569:17)
    at process.processTimers (node:internal/timers:512:7)
[2026-05-22 22:06:24] ERROR (experiments_manager) Error: File has been locked.
    at withLockNoWait (/home/meliani/.local/lib/python3.10/site-packages/nni_node/extensions/experiments_manager/utils.js:45:15)
    at ExperimentsManager.setExperimentInfo (/home/meliani/.local/lib/python3.10/site-packages/nni_node/extensions/experiments_manager/manager.js:75:40)
    at Timeout.<anonymous> (/home/meliani/.local/lib/python3.10/site-packages/nni_node/extensions/experiments_manager/manager.js:91:70)
    at listOnTimeout (node:internal/timers:569:17)
    at process.processTimers (node:internal/timers:512:7)
[2026-05-22 22:06:24] ERROR (experiments_manager) Error: File has been locked.
    at withLockNoWait (/home/meliani/.local/lib/python3.10/site-packages/nni_node/extensions/experiments_manager/utils.js:45:15)
    at ExperimentsManager.setExperimentInfo (/home/meliani/.local/lib/python3.10/site-packages/nni_node/extensions/experiments_manager/manager.js:75:40)
    at Timeout.<anonymous> (/home/meliani/.local/lib/python3.10/site-packages/nni_node/extensions/experiments_manager/manager.js:91:70)
    at listOnTimeout (node:internal/timers:569:17)
    at process.processTimers (node:internal/timers:512:7)
[2026-05-22 22:06:24] ERROR (experiments_manager) Error: File has been locked.
    at withLockNoWait (/home/meliani/.local/lib/python3.10/site-packages/nni_node/extensions/experiments_manager/utils.js:45:15)
    at ExperimentsManager.setExperimentInfo (/home/meliani/.local/lib/python3.10/site-packages/nni_node/extensions/experiments_manager/manager.js:75:40)
    at Timeout.<anonymous> (/home/meliani/.local/lib/python3.10/site-packages/nni_node/extensions/experiments_manager/manager.js:91:70)
    at listOnTimeout (node:internal/timers:569:17)
    at process.processTimers (node:internal/timers:512:7)
[2026-05-22 22:06:24] ERROR (experiments_manager) Error: File has been locked.
    at withLockNoWait (/home/meliani/.local/lib/python3.10/site-packages/nni_node/extensions/experiments_manager/utils.js:45:15)
    at ExperimentsManager.setExperimentInfo (/home/meliani/.local/lib/python3.10/site-packages/nni_node/extensions/experiments_manager/manager.js:75:40)
    at Timeout.<anonymous> (/home/meliani/.local/lib/python3.10/site-packages/nni_node/extensions/experiments_manager/manager.js:91:70)
    at listOnTimeout (node:internal/timers:569:17)
    at process.processTimers (node:internal/timers:512:7)
[2026-05-22 22:06:24] ERROR (experiments_manager) Error: File has been locked.
    at withLockNoWait (/home/meliani/.local/lib/python3.10/site-packages/nni_node/extensions/experiments_manager/utils.js:45:15)
    at ExperimentsManager.setExperimentInfo (/home/meliani/.local/lib/python3.10/site-packages/nni_node/extensions/experiments_manager/manager.js:75:40)
    at Timeout.<anonymous> (/home/meliani/.local/lib/python3.10/site-packages/nni_node/extensions/experiments_manager/manager.js:91:70)
    at listOnTimeout (node:internal/timers:569:17)
    at process.processTimers (node:internal/timers:512:7)
[2026-05-22 22:06:24] ERROR (experiments_manager) Error: File has been locked.
    at withLockNoWait (/home/meliani/.local/lib/python3.10/site-packages/nni_node/extensions/experiments_manager/utils.js:45:15)
    at ExperimentsManager.setExperimentInfo (/home/meliani/.local/lib/python3.10/site-packages/nni_node/extensions/experiments_manager/manager.js:75:40)
    at Timeout.<anonymous> (/home/meliani/.local/lib/python3.10/site-packages/nni_node/extensions/experiments_manager/manager.js:91:70)
    at listOnTimeout (node:internal/timers:569:17)
    at process.processTimers (node:internal/timers:512:7)
[2026-05-22 22:06:25] ERROR (experiments_manager) Error: File has been locked.
    at withLockNoWait (/home/meliani/.local/lib/python3.10/site-packages/nni_node/extensions/experiments_manager/utils.js:45:15)
    at ExperimentsManager.setExperimentInfo (/home/meliani/.local/lib/python3.10/site-packages/nni_node/extensions/experiments_manager/manager.js:75:40)
    at Timeout.<anonymous> (/home/meliani/.local/lib/python3.10/site-packages/nni_node/extensions/experiments_manager/manager.js:91:70)
    at listOnTimeout (node:internal/timers:569:17)
    at process.processTimers (node:internal/timers:512:7)
[2026-05-22 22:06:25] ERROR (experiments_manager) Error: File has been locked.
    at withLockNoWait (/home/meliani/.local/lib/python3.10/site-packages/nni_node/extensions/experiments_manager/utils.js:45:15)
    at ExperimentsManager.setExperimentInfo (/home/meliani/.local/lib/python3.10/site-packages/nni_node/extensions/experiments_manager/manager.js:75:40)
    at Timeout.<anonymous> (/home/meliani/.local/lib/python3.10/site-packages/nni_node/extensions/experiments_manager/manager.js:91:70)
    at listOnTimeout (node:internal/timers:569:17)
    at process.processTimers (node:internal/timers:512:7)
[2026-05-22 22:06:25] ERROR (experiments_manager) Error: File has been locked.
    at withLockNoWait (/home/meliani/.local/lib/python3.10/site-packages/nni_node/extensions/experiments_manager/utils.js:45:15)
    at ExperimentsManager.setExperimentInfo (/home/meliani/.local/lib/python3.10/site-packages/nni_node/extensions/experiments_manager/manager.js:75:40)
    at Timeout.<anonymous> (/home/meliani/.local/lib/python3.10/site-packages/nni_node/extensions/experiments_manager/manager.js:91:70)
    at listOnTimeout (node:internal/timers:569:17)
    at process.processTimers (node:internal/timers:512:7)
[2026-05-22 22:06:27] INFO (NNIManager) Add event listeners
[2026-05-22 22:06:27] INFO (LocalV3.local) Start
[2026-05-22 22:06:27] INFO (NNIManager) NNIManager received command from dispatcher: ID, 
[2026-05-22 22:06:27] INFO (NNIManager) NNIManager received command from dispatcher: TR, {"parameter_id": 0, "parameter_source": "algorithm", "parameters": {"model_type": "MLP", "units": 64, "num_layers": 3, "dropout": 0.2, "activation": "elu", "lr": 0.0007187721969123345, "window_size": 2, "batch_size": 32, "epochs": 15, "kernel_size": 2, "attention_heads": 4}, "parameter_index": 0}
[2026-05-22 22:06:28] INFO (NNIManager) submitTrialJob: form: {
  sequenceId: 0,
  hyperParameters: {
    value: '{"parameter_id": 0, "parameter_source": "algorithm", "parameters": {"model_type": "MLP", "units": 64, "num_layers": 3, "dropout": 0.2, "activation": "elu", "lr": 0.0007187721969123345, "window_size": 2, "batch_size": 32, "epochs": 15, "kernel_size": 2, "attention_heads": 4}, "parameter_index": 0}',
    index: 0
  },
  placementConstraint: { type: 'None', gpus: [] }
}
[2026-05-22 22:06:30] INFO (LocalV3.local) Register directory trial_code = /home/meliani/Desktop/phd/fast-track
[2026-05-22 22:06:30] INFO (LocalV3.local) Created trial jN3JK
[2026-05-22 22:06:39] INFO (LocalV3.local) Trial parameter: jN3JK {"parameter_id": 0, "parameter_source": "algorithm", "parameters": {"model_type": "MLP", "units": 64, "num_layers": 3, "dropout": 0.2, "activation": "elu", "lr": 0.0007187721969123345, "window_size": 2, "batch_size": 32, "epochs": 15, "kernel_size": 2, "attention_heads": 4}, "parameter_index": 0}
[2026-05-22 22:06:55] INFO (NNIManager) Trial job jN3JK status changed from RUNNING to SUCCEEDED
[2026-05-22 22:06:55] INFO (NNIManager) NNIManager received command from dispatcher: TR, {"parameter_id": 1, "parameter_source": "algorithm", "parameters": {"model_type": "Transformer", "units": 256, "num_layers": 2, "dropout": 0, "activation": "sigmoid", "lr": 0.00018214026318219515, "window_size": 16, "batch_size": 16, "epochs": 10, "kernel_size": 3, "attention_heads": 8}, "parameter_index": 0}
[2026-05-22 22:06:55] INFO (NNIManager) submitTrialJob: form: {
  sequenceId: 1,
  hyperParameters: {
    value: '{"parameter_id": 1, "parameter_source": "algorithm", "parameters": {"model_type": "Transformer", "units": 256, "num_layers": 2, "dropout": 0, "activation": "sigmoid", "lr": 0.00018214026318219515, "window_size": 16, "batch_size": 16, "epochs": 10, "kernel_size": 3, "attention_heads": 8}, "parameter_index": 0}',
    index: 0
  },
  placementConstraint: { type: 'None', gpus: [] }
}
[2026-05-22 22:06:55] INFO (LocalV3.local) Created trial yWzWJ
[2026-05-22 22:07:01] INFO (LocalV3.local) Trial parameter: yWzWJ {"parameter_id": 1, "parameter_source": "algorithm", "parameters": {"model_type": "Transformer", "units": 256, "num_layers": 2, "dropout": 0, "activation": "sigmoid", "lr": 0.00018214026318219515, "window_size": 16, "batch_size": 16, "epochs": 10, "kernel_size": 3, "attention_heads": 8}, "parameter_index": 0}
[2026-05-22 22:07:20] INFO (NNIManager) Trial job yWzWJ status changed from RUNNING to SUCCEEDED
[2026-05-22 22:07:20] INFO (NNIManager) NNIManager received command from dispatcher: TR, {"parameter_id": 2, "parameter_source": "algorithm", "parameters": {"model_type": "MLP", "units": 128, "num_layers": 3, "dropout": 0.3, "activation": "sigmoid", "lr": 0.0035741834194907623, "window_size": 3, "batch_size": 16, "epochs": 10, "kernel_size": 3, "attention_heads": 2}, "parameter_index": 0}
[2026-05-22 22:07:21] INFO (NNIManager) submitTrialJob: form: {
  sequenceId: 2,
  hyperParameters: {
    value: '{"parameter_id": 2, "parameter_source": "algorithm", "parameters": {"model_type": "MLP", "units": 128, "num_layers": 3, "dropout": 0.3, "activation": "sigmoid", "lr": 0.0035741834194907623, "window_size": 3, "batch_size": 16, "epochs": 10, "kernel_size": 3, "attention_heads": 2}, "parameter_index": 0}',
    index: 0
  },
  placementConstraint: { type: 'None', gpus: [] }
}
[2026-05-22 22:07:21] INFO (LocalV3.local) Created trial n5HOg
[2026-05-22 22:07:23] INFO (LocalV3.local) Trial parameter: n5HOg {"parameter_id": 2, "parameter_source": "algorithm", "parameters": {"model_type": "MLP", "units": 128, "num_layers": 3, "dropout": 0.3, "activation": "sigmoid", "lr": 0.0035741834194907623, "window_size": 3, "batch_size": 16, "epochs": 10, "kernel_size": 3, "attention_heads": 2}, "parameter_index": 0}
[2026-05-22 22:07:27] INFO (NNIManager) Trial job n5HOg status changed from RUNNING to SUCCEEDED
[2026-05-22 22:07:27] INFO (NNIManager) NNIManager received command from dispatcher: TR, {"parameter_id": 3, "parameter_source": "algorithm", "parameters": {"model_type": "GRU", "units": 256, "num_layers": 3, "dropout": 0, "activation": "relu", "lr": 0.009187387371103212, "window_size": 9, "batch_size": 64, "epochs": 20, "kernel_size": 7, "attention_heads": 8}, "parameter_index": 0}
[2026-05-22 22:07:28] INFO (NNIManager) submitTrialJob: form: {
  sequenceId: 3,
  hyperParameters: {
    value: '{"parameter_id": 3, "parameter_source": "algorithm", "parameters": {"model_type": "GRU", "units": 256, "num_layers": 3, "dropout": 0, "activation": "relu", "lr": 0.009187387371103212, "window_size": 9, "batch_size": 64, "epochs": 20, "kernel_size": 7, "attention_heads": 8}, "parameter_index": 0}',
    index: 0
  },
  placementConstraint: { type: 'None', gpus: [] }
}
[2026-05-22 22:07:28] INFO (LocalV3.local) Created trial dO5a9
[2026-05-22 22:07:30] INFO (LocalV3.local) Trial parameter: dO5a9 {"parameter_id": 3, "parameter_source": "algorithm", "parameters": {"model_type": "GRU", "units": 256, "num_layers": 3, "dropout": 0, "activation": "relu", "lr": 0.009187387371103212, "window_size": 9, "batch_size": 64, "epochs": 20, "kernel_size": 7, "attention_heads": 8}, "parameter_index": 0}
[2026-05-22 22:07:52] INFO (NNIManager) Trial job dO5a9 status changed from RUNNING to SUCCEEDED
[2026-05-22 22:07:52] INFO (NNIManager) NNIManager received command from dispatcher: TR, {"parameter_id": 4, "parameter_source": "algorithm", "parameters": {"model_type": "CNN", "units": 32, "num_layers": 4, "dropout": 0.3, "activation": "elu", "lr": 0.0006052217667437267, "window_size": 20, "batch_size": 128, "epochs": 5, "kernel_size": 7, "attention_heads": 4}, "parameter_index": 0}
[2026-05-22 22:07:53] INFO (NNIManager) submitTrialJob: form: {
  sequenceId: 4,
  hyperParameters: {
    value: '{"parameter_id": 4, "parameter_source": "algorithm", "parameters": {"model_type": "CNN", "units": 32, "num_layers": 4, "dropout": 0.3, "activation": "elu", "lr": 0.0006052217667437267, "window_size": 20, "batch_size": 128, "epochs": 5, "kernel_size": 7, "attention_heads": 4}, "parameter_index": 0}',
    index: 0
  },
  placementConstraint: { type: 'None', gpus: [] }
}
[2026-05-22 22:07:53] INFO (LocalV3.local) Created trial sTPEB
[2026-05-22 22:07:57] INFO (LocalV3.local) Trial parameter: sTPEB {"parameter_id": 4, "parameter_source": "algorithm", "parameters": {"model_type": "CNN", "units": 32, "num_layers": 4, "dropout": 0.3, "activation": "elu", "lr": 0.0006052217667437267, "window_size": 20, "batch_size": 128, "epochs": 5, "kernel_size": 7, "attention_heads": 4}, "parameter_index": 0}
[2026-05-22 22:08:03] INFO (NNIManager) Trial job sTPEB status changed from RUNNING to SUCCEEDED
[2026-05-22 22:08:03] INFO (NNIManager) NNIManager received command from dispatcher: TR, {"parameter_id": 5, "parameter_source": "algorithm", "parameters": {"model_type": "Transformer", "units": 64, "num_layers": 1, "dropout": 0.2, "activation": "sigmoid", "lr": 8.050353144244189e-05, "window_size": 4, "batch_size": 32, "epochs": 5, "kernel_size": 2, "attention_heads": 8}, "parameter_index": 0}
[2026-05-22 22:08:03] INFO (NNIManager) submitTrialJob: form: {
  sequenceId: 5,
  hyperParameters: {
    value: '{"parameter_id": 5, "parameter_source": "algorithm", "parameters": {"model_type": "Transformer", "units": 64, "num_layers": 1, "dropout": 0.2, "activation": "sigmoid", "lr": 8.050353144244189e-05, "window_size": 4, "batch_size": 32, "epochs": 5, "kernel_size": 2, "attention_heads": 8}, "parameter_index": 0}',
    index: 0
  },
  placementConstraint: { type: 'None', gpus: [] }
}
[2026-05-22 22:08:03] INFO (LocalV3.local) Created trial VUGUL
[2026-05-22 22:08:07] INFO (LocalV3.local) Trial parameter: VUGUL {"parameter_id": 5, "parameter_source": "algorithm", "parameters": {"model_type": "Transformer", "units": 64, "num_layers": 1, "dropout": 0.2, "activation": "sigmoid", "lr": 8.050353144244189e-05, "window_size": 4, "batch_size": 32, "epochs": 5, "kernel_size": 2, "attention_heads": 8}, "parameter_index": 0}
[2026-05-22 22:08:13] INFO (NNIManager) Trial job VUGUL status changed from RUNNING to SUCCEEDED
[2026-05-22 22:08:13] INFO (NNIManager) NNIManager received command from dispatcher: TR, {"parameter_id": 6, "parameter_source": "algorithm", "parameters": {"model_type": "Transformer", "units": 16, "num_layers": 3, "dropout": 0, "activation": "tanh", "lr": 7.36082562411906e-05, "window_size": 17, "batch_size": 64, "epochs": 5, "kernel_size": 7, "attention_heads": 4}, "parameter_index": 0}
[2026-05-22 22:08:13] INFO (NNIManager) submitTrialJob: form: {
  sequenceId: 6,
  hyperParameters: {
    value: '{"parameter_id": 6, "parameter_source": "algorithm", "parameters": {"model_type": "Transformer", "units": 16, "num_layers": 3, "dropout": 0, "activation": "tanh", "lr": 7.36082562411906e-05, "window_size": 17, "batch_size": 64, "epochs": 5, "kernel_size": 7, "attention_heads": 4}, "parameter_index": 0}',
    index: 0
  },
  placementConstraint: { type: 'None', gpus: [] }
}
[2026-05-22 22:08:13] INFO (LocalV3.local) Created trial IRoQL
[2026-05-22 22:08:16] INFO (LocalV3.local) Trial parameter: IRoQL {"parameter_id": 6, "parameter_source": "algorithm", "parameters": {"model_type": "Transformer", "units": 16, "num_layers": 3, "dropout": 0, "activation": "tanh", "lr": 7.36082562411906e-05, "window_size": 17, "batch_size": 64, "epochs": 5, "kernel_size": 7, "attention_heads": 4}, "parameter_index": 0}
[2026-05-22 22:08:30] INFO (NNIManager) Trial job IRoQL status changed from RUNNING to SUCCEEDED
[2026-05-22 22:08:30] INFO (NNIManager) NNIManager received command from dispatcher: TR, {"parameter_id": 7, "parameter_source": "algorithm", "parameters": {"model_type": "Transformer", "units": 32, "num_layers": 2, "dropout": 0.3, "activation": "sigmoid", "lr": 0.0011443695533121928, "window_size": 26, "batch_size": 128, "epochs": 15, "kernel_size": 5, "attention_heads": 4}, "parameter_index": 0}
[2026-05-22 22:08:30] INFO (NNIManager) submitTrialJob: form: {
  sequenceId: 7,
  hyperParameters: {
    value: '{"parameter_id": 7, "parameter_source": "algorithm", "parameters": {"model_type": "Transformer", "units": 32, "num_layers": 2, "dropout": 0.3, "activation": "sigmoid", "lr": 0.0011443695533121928, "window_size": 26, "batch_size": 128, "epochs": 15, "kernel_size": 5, "attention_heads": 4}, "parameter_index": 0}',
    index: 0
  },
  placementConstraint: { type: 'None', gpus: [] }
}
[2026-05-22 22:08:30] INFO (LocalV3.local) Created trial ukKAj
[2026-05-22 22:08:35] INFO (LocalV3.local) Trial parameter: ukKAj {"parameter_id": 7, "parameter_source": "algorithm", "parameters": {"model_type": "Transformer", "units": 32, "num_layers": 2, "dropout": 0.3, "activation": "sigmoid", "lr": 0.0011443695533121928, "window_size": 26, "batch_size": 128, "epochs": 15, "kernel_size": 5, "attention_heads": 4}, "parameter_index": 0}
[2026-05-22 22:08:49] INFO (NNIManager) Trial job ukKAj status changed from RUNNING to SUCCEEDED
[2026-05-22 22:08:49] INFO (NNIManager) NNIManager received command from dispatcher: TR, {"parameter_id": 8, "parameter_source": "algorithm", "parameters": {"model_type": "TCN", "units": 128, "num_layers": 3, "dropout": 0.5, "activation": "relu", "lr": 0.0001171082239694391, "window_size": 27, "batch_size": 32, "epochs": 20, "kernel_size": 7, "attention_heads": 8}, "parameter_index": 0}
[2026-05-22 22:08:49] INFO (NNIManager) submitTrialJob: form: {
  sequenceId: 8,
  hyperParameters: {
    value: '{"parameter_id": 8, "parameter_source": "algorithm", "parameters": {"model_type": "TCN", "units": 128, "num_layers": 3, "dropout": 0.5, "activation": "relu", "lr": 0.0001171082239694391, "window_size": 27, "batch_size": 32, "epochs": 20, "kernel_size": 7, "attention_heads": 8}, "parameter_index": 0}',
    index: 0
  },
  placementConstraint: { type: 'None', gpus: [] }
}
[2026-05-22 22:08:49] INFO (LocalV3.local) Created trial E9z6l
[2026-05-22 22:08:52] INFO (LocalV3.local) Trial parameter: E9z6l {"parameter_id": 8, "parameter_source": "algorithm", "parameters": {"model_type": "TCN", "units": 128, "num_layers": 3, "dropout": 0.5, "activation": "relu", "lr": 0.0001171082239694391, "window_size": 27, "batch_size": 32, "epochs": 20, "kernel_size": 7, "attention_heads": 8}, "parameter_index": 0}
[2026-05-22 22:09:02] INFO (NNIManager) Trial job E9z6l status changed from RUNNING to SUCCEEDED
[2026-05-22 22:09:02] INFO (NNIManager) NNIManager received command from dispatcher: TR, {"parameter_id": 9, "parameter_source": "algorithm", "parameters": {"model_type": "LSTM", "units": 16, "num_layers": 1, "dropout": 0.5, "activation": "tanh", "lr": 0.002235240738185449, "window_size": 7, "batch_size": 16, "epochs": 10, "kernel_size": 2, "attention_heads": 8}, "parameter_index": 0}
[2026-05-22 22:09:03] INFO (NNIManager) submitTrialJob: form: {
  sequenceId: 9,
  hyperParameters: {
    value: '{"parameter_id": 9, "parameter_source": "algorithm", "parameters": {"model_type": "LSTM", "units": 16, "num_layers": 1, "dropout": 0.5, "activation": "tanh", "lr": 0.002235240738185449, "window_size": 7, "batch_size": 16, "epochs": 10, "kernel_size": 2, "attention_heads": 8}, "parameter_index": 0}',
    index: 0
  },
  placementConstraint: { type: 'None', gpus: [] }
}
[2026-05-22 22:09:03] INFO (LocalV3.local) Created trial MZUfN
[2026-05-22 22:09:06] INFO (LocalV3.local) Trial parameter: MZUfN {"parameter_id": 9, "parameter_source": "algorithm", "parameters": {"model_type": "LSTM", "units": 16, "num_layers": 1, "dropout": 0.5, "activation": "tanh", "lr": 0.002235240738185449, "window_size": 7, "batch_size": 16, "epochs": 10, "kernel_size": 2, "attention_heads": 8}, "parameter_index": 0}
[2026-05-22 22:09:15] INFO (NNIManager) Trial job MZUfN status changed from RUNNING to SUCCEEDED
[2026-05-22 22:09:15] INFO (NNIManager) NNIManager received command from dispatcher: TR, {"parameter_id": 10, "parameter_source": "algorithm", "parameters": {"model_type": "RNN", "units": 16, "num_layers": 1, "dropout": 0, "activation": "elu", "lr": 0.0004546189266337304, "window_size": 6, "batch_size": 32, "epochs": 5, "kernel_size": 7, "attention_heads": 2}, "parameter_index": 0}
[2026-05-22 22:09:16] INFO (NNIManager) submitTrialJob: form: {
  sequenceId: 10,
  hyperParameters: {
    value: '{"parameter_id": 10, "parameter_source": "algorithm", "parameters": {"model_type": "RNN", "units": 16, "num_layers": 1, "dropout": 0, "activation": "elu", "lr": 0.0004546189266337304, "window_size": 6, "batch_size": 32, "epochs": 5, "kernel_size": 7, "attention_heads": 2}, "parameter_index": 0}',
    index: 0
  },
  placementConstraint: { type: 'None', gpus: [] }
}
[2026-05-22 22:09:16] INFO (LocalV3.local) Created trial q5aRv
[2026-05-22 22:09:19] INFO (LocalV3.local) Trial parameter: q5aRv {"parameter_id": 10, "parameter_source": "algorithm", "parameters": {"model_type": "RNN", "units": 16, "num_layers": 1, "dropout": 0, "activation": "elu", "lr": 0.0004546189266337304, "window_size": 6, "batch_size": 32, "epochs": 5, "kernel_size": 7, "attention_heads": 2}, "parameter_index": 0}
[2026-05-22 22:09:23] INFO (NNIManager) Trial job q5aRv status changed from RUNNING to SUCCEEDED
[2026-05-22 22:09:23] INFO (NNIManager) NNIManager received command from dispatcher: TR, {"parameter_id": 11, "parameter_source": "algorithm", "parameters": {"model_type": "Transformer", "units": 128, "num_layers": 1, "dropout": 0.1, "activation": "tanh", "lr": 0.0008565618488194847, "window_size": 21, "batch_size": 16, "epochs": 5, "kernel_size": 5, "attention_heads": 2}, "parameter_index": 0}
[2026-05-22 22:09:24] INFO (NNIManager) submitTrialJob: form: {
  sequenceId: 11,
  hyperParameters: {
    value: '{"parameter_id": 11, "parameter_source": "algorithm", "parameters": {"model_type": "Transformer", "units": 128, "num_layers": 1, "dropout": 0.1, "activation": "tanh", "lr": 0.0008565618488194847, "window_size": 21, "batch_size": 16, "epochs": 5, "kernel_size": 5, "attention_heads": 2}, "parameter_index": 0}',
    index: 0
  },
  placementConstraint: { type: 'None', gpus: [] }
}
[2026-05-22 22:09:24] INFO (LocalV3.local) Created trial g06Rq
[2026-05-22 22:09:27] INFO (LocalV3.local) Trial parameter: g06Rq {"parameter_id": 11, "parameter_source": "algorithm", "parameters": {"model_type": "Transformer", "units": 128, "num_layers": 1, "dropout": 0.1, "activation": "tanh", "lr": 0.0008565618488194847, "window_size": 21, "batch_size": 16, "epochs": 5, "kernel_size": 5, "attention_heads": 2}, "parameter_index": 0}
[2026-05-22 22:09:31] INFO (NNIManager) Trial job g06Rq status changed from RUNNING to SUCCEEDED
[2026-05-22 22:09:31] INFO (NNIManager) NNIManager received command from dispatcher: TR, {"parameter_id": 12, "parameter_source": "algorithm", "parameters": {"model_type": "LSTM", "units": 256, "num_layers": 2, "dropout": 0.3, "activation": "sigmoid", "lr": 0.0002670876943564608, "window_size": 7, "batch_size": 128, "epochs": 5, "kernel_size": 2, "attention_heads": 4}, "parameter_index": 0}
[2026-05-22 22:09:32] INFO (NNIManager) submitTrialJob: form: {
  sequenceId: 12,
  hyperParameters: {
    value: '{"parameter_id": 12, "parameter_source": "algorithm", "parameters": {"model_type": "LSTM", "units": 256, "num_layers": 2, "dropout": 0.3, "activation": "sigmoid", "lr": 0.0002670876943564608, "window_size": 7, "batch_size": 128, "epochs": 5, "kernel_size": 2, "attention_heads": 4}, "parameter_index": 0}',
    index: 0
  },
  placementConstraint: { type: 'None', gpus: [] }
}
[2026-05-22 22:09:32] INFO (LocalV3.local) Created trial Kyr84
[2026-05-22 22:09:36] INFO (LocalV3.local) Trial parameter: Kyr84 {"parameter_id": 12, "parameter_source": "algorithm", "parameters": {"model_type": "LSTM", "units": 256, "num_layers": 2, "dropout": 0.3, "activation": "sigmoid", "lr": 0.0002670876943564608, "window_size": 7, "batch_size": 128, "epochs": 5, "kernel_size": 2, "attention_heads": 4}, "parameter_index": 0}
[2026-05-22 22:09:46] INFO (NNIManager) Trial job Kyr84 status changed from RUNNING to SUCCEEDED
[2026-05-22 22:09:46] INFO (NNIManager) NNIManager received command from dispatcher: TR, {"parameter_id": 13, "parameter_source": "algorithm", "parameters": {"model_type": "RNN", "units": 16, "num_layers": 1, "dropout": 0.2, "activation": "relu", "lr": 0.0025540169294092354, "window_size": 4, "batch_size": 64, "epochs": 15, "kernel_size": 3, "attention_heads": 4}, "parameter_index": 0}
[2026-05-22 22:09:46] INFO (NNIManager) submitTrialJob: form: {
  sequenceId: 13,
  hyperParameters: {
    value: '{"parameter_id": 13, "parameter_source": "algorithm", "parameters": {"model_type": "RNN", "units": 16, "num_layers": 1, "dropout": 0.2, "activation": "relu", "lr": 0.0025540169294092354, "window_size": 4, "batch_size": 64, "epochs": 15, "kernel_size": 3, "attention_heads": 4}, "parameter_index": 0}',
    index: 0
  },
  placementConstraint: { type: 'None', gpus: [] }
}
[2026-05-22 22:09:46] INFO (LocalV3.local) Created trial Bq275
[2026-05-22 22:09:48] INFO (LocalV3.local) Trial parameter: Bq275 {"parameter_id": 13, "parameter_source": "algorithm", "parameters": {"model_type": "RNN", "units": 16, "num_layers": 1, "dropout": 0.2, "activation": "relu", "lr": 0.0025540169294092354, "window_size": 4, "batch_size": 64, "epochs": 15, "kernel_size": 3, "attention_heads": 4}, "parameter_index": 0}
[2026-05-22 22:09:55] INFO (NNIManager) Trial job Bq275 status changed from RUNNING to SUCCEEDED
[2026-05-22 22:09:55] INFO (NNIManager) NNIManager received command from dispatcher: TR, {"parameter_id": 14, "parameter_source": "algorithm", "parameters": {"model_type": "TCN", "units": 32, "num_layers": 3, "dropout": 0.5, "activation": "elu", "lr": 0.0002772893776959427, "window_size": 6, "batch_size": 64, "epochs": 5, "kernel_size": 2, "attention_heads": 8}, "parameter_index": 0}
[2026-05-22 22:09:55] INFO (NNIManager) submitTrialJob: form: {
  sequenceId: 14,
  hyperParameters: {
    value: '{"parameter_id": 14, "parameter_source": "algorithm", "parameters": {"model_type": "TCN", "units": 32, "num_layers": 3, "dropout": 0.5, "activation": "elu", "lr": 0.0002772893776959427, "window_size": 6, "batch_size": 64, "epochs": 5, "kernel_size": 2, "attention_heads": 8}, "parameter_index": 0}',
    index: 0
  },
  placementConstraint: { type: 'None', gpus: [] }
}
[2026-05-22 22:09:55] INFO (LocalV3.local) Created trial esrdw
[2026-05-22 22:10:02] INFO (LocalV3.local) Trial parameter: esrdw {"parameter_id": 14, "parameter_source": "algorithm", "parameters": {"model_type": "TCN", "units": 32, "num_layers": 3, "dropout": 0.5, "activation": "elu", "lr": 0.0002772893776959427, "window_size": 6, "batch_size": 64, "epochs": 5, "kernel_size": 2, "attention_heads": 8}, "parameter_index": 0}
[2026-05-22 22:10:08] INFO (NNIManager) Trial job esrdw status changed from RUNNING to SUCCEEDED
[2026-05-22 22:10:08] INFO (NNIManager) NNIManager received command from dispatcher: TR, {"parameter_id": 15, "parameter_source": "algorithm", "parameters": {"model_type": "GRU", "units": 16, "num_layers": 4, "dropout": 0.2, "activation": "relu", "lr": 0.0009153188109693725, "window_size": 24, "batch_size": 128, "epochs": 10, "kernel_size": 7, "attention_heads": 8}, "parameter_index": 0}
[2026-05-22 22:10:08] INFO (NNIManager) submitTrialJob: form: {
  sequenceId: 15,
  hyperParameters: {
    value: '{"parameter_id": 15, "parameter_source": "algorithm", "parameters": {"model_type": "GRU", "units": 16, "num_layers": 4, "dropout": 0.2, "activation": "relu", "lr": 0.0009153188109693725, "window_size": 24, "batch_size": 128, "epochs": 10, "kernel_size": 7, "attention_heads": 8}, "parameter_index": 0}',
    index: 0
  },
  placementConstraint: { type: 'None', gpus: [] }
}
[2026-05-22 22:10:08] INFO (LocalV3.local) Created trial tqH2u
[2026-05-22 22:10:13] INFO (LocalV3.local) Trial parameter: tqH2u {"parameter_id": 15, "parameter_source": "algorithm", "parameters": {"model_type": "GRU", "units": 16, "num_layers": 4, "dropout": 0.2, "activation": "relu", "lr": 0.0009153188109693725, "window_size": 24, "batch_size": 128, "epochs": 10, "kernel_size": 7, "attention_heads": 8}, "parameter_index": 0}
[2026-05-22 22:10:26] INFO (NNIManager) Trial job tqH2u status changed from RUNNING to SUCCEEDED
[2026-05-22 22:10:26] INFO (NNIManager) NNIManager received command from dispatcher: TR, {"parameter_id": 16, "parameter_source": "algorithm", "parameters": {"model_type": "LSTM", "units": 256, "num_layers": 3, "dropout": 0, "activation": "relu", "lr": 0.0008423726543928822, "window_size": 12, "batch_size": 32, "epochs": 10, "kernel_size": 5, "attention_heads": 4}, "parameter_index": 0}
[2026-05-22 22:10:27] INFO (NNIManager) submitTrialJob: form: {
  sequenceId: 16,
  hyperParameters: {
    value: '{"parameter_id": 16, "parameter_source": "algorithm", "parameters": {"model_type": "LSTM", "units": 256, "num_layers": 3, "dropout": 0, "activation": "relu", "lr": 0.0008423726543928822, "window_size": 12, "batch_size": 32, "epochs": 10, "kernel_size": 5, "attention_heads": 4}, "parameter_index": 0}',
    index: 0
  },
  placementConstraint: { type: 'None', gpus: [] }
}
[2026-05-22 22:10:27] INFO (LocalV3.local) Created trial J6S2l
[2026-05-22 22:10:30] INFO (LocalV3.local) Trial parameter: J6S2l {"parameter_id": 16, "parameter_source": "algorithm", "parameters": {"model_type": "LSTM", "units": 256, "num_layers": 3, "dropout": 0, "activation": "relu", "lr": 0.0008423726543928822, "window_size": 12, "batch_size": 32, "epochs": 10, "kernel_size": 5, "attention_heads": 4}, "parameter_index": 0}
[2026-05-22 22:10:50] INFO (NNIManager) Trial job J6S2l status changed from RUNNING to SUCCEEDED
[2026-05-22 22:10:50] INFO (NNIManager) NNIManager received command from dispatcher: TR, {"parameter_id": 17, "parameter_source": "algorithm", "parameters": {"model_type": "Transformer", "units": 16, "num_layers": 1, "dropout": 0.3, "activation": "elu", "lr": 8.516405377971109e-05, "window_size": 22, "batch_size": 32, "epochs": 15, "kernel_size": 2, "attention_heads": 4}, "parameter_index": 0}
[2026-05-22 22:10:50] INFO (NNIManager) submitTrialJob: form: {
  sequenceId: 17,
  hyperParameters: {
    value: '{"parameter_id": 17, "parameter_source": "algorithm", "parameters": {"model_type": "Transformer", "units": 16, "num_layers": 1, "dropout": 0.3, "activation": "elu", "lr": 8.516405377971109e-05, "window_size": 22, "batch_size": 32, "epochs": 15, "kernel_size": 2, "attention_heads": 4}, "parameter_index": 0}',
    index: 0
  },
  placementConstraint: { type: 'None', gpus: [] }
}
[2026-05-22 22:10:50] INFO (LocalV3.local) Created trial uKp1h
[2026-05-22 22:10:54] INFO (LocalV3.local) Trial parameter: uKp1h {"parameter_id": 17, "parameter_source": "algorithm", "parameters": {"model_type": "Transformer", "units": 16, "num_layers": 1, "dropout": 0.3, "activation": "elu", "lr": 8.516405377971109e-05, "window_size": 22, "batch_size": 32, "epochs": 15, "kernel_size": 2, "attention_heads": 4}, "parameter_index": 0}
[2026-05-22 22:11:04] INFO (NNIManager) Trial job uKp1h status changed from RUNNING to SUCCEEDED
[2026-05-22 22:11:04] INFO (NNIManager) NNIManager received command from dispatcher: TR, {"parameter_id": 18, "parameter_source": "algorithm", "parameters": {"model_type": "Transformer", "units": 64, "num_layers": 2, "dropout": 0.3, "activation": "elu", "lr": 1.5063376888205641e-05, "window_size": 14, "batch_size": 16, "epochs": 15, "kernel_size": 5, "attention_heads": 8}, "parameter_index": 0}
[2026-05-22 22:11:05] INFO (NNIManager) submitTrialJob: form: {
  sequenceId: 18,
  hyperParameters: {
    value: '{"parameter_id": 18, "parameter_source": "algorithm", "parameters": {"model_type": "Transformer", "units": 64, "num_layers": 2, "dropout": 0.3, "activation": "elu", "lr": 1.5063376888205641e-05, "window_size": 14, "batch_size": 16, "epochs": 15, "kernel_size": 5, "attention_heads": 8}, "parameter_index": 0}',
    index: 0
  },
  placementConstraint: { type: 'None', gpus: [] }
}
[2026-05-22 22:11:05] INFO (LocalV3.local) Created trial TBjpl
[2026-05-22 22:11:09] INFO (LocalV3.local) Trial parameter: TBjpl {"parameter_id": 18, "parameter_source": "algorithm", "parameters": {"model_type": "Transformer", "units": 64, "num_layers": 2, "dropout": 0.3, "activation": "elu", "lr": 1.5063376888205641e-05, "window_size": 14, "batch_size": 16, "epochs": 15, "kernel_size": 5, "attention_heads": 8}, "parameter_index": 0}
[2026-05-22 22:11:34] INFO (NNIManager) Trial job TBjpl status changed from RUNNING to SUCCEEDED
[2026-05-22 22:11:34] INFO (NNIManager) NNIManager received command from dispatcher: TR, {"parameter_id": 19, "parameter_source": "algorithm", "parameters": {"model_type": "RNN", "units": 64, "num_layers": 4, "dropout": 0.5, "activation": "sigmoid", "lr": 0.0023663079309051657, "window_size": 14, "batch_size": 64, "epochs": 10, "kernel_size": 5, "attention_heads": 2}, "parameter_index": 0}
[2026-05-22 22:11:35] INFO (NNIManager) submitTrialJob: form: {
  sequenceId: 19,
  hyperParameters: {
    value: '{"parameter_id": 19, "parameter_source": "algorithm", "parameters": {"model_type": "RNN", "units": 64, "num_layers": 4, "dropout": 0.5, "activation": "sigmoid", "lr": 0.0023663079309051657, "window_size": 14, "batch_size": 64, "epochs": 10, "kernel_size": 5, "attention_heads": 2}, "parameter_index": 0}',
    index: 0
  },
  placementConstraint: { type: 'None', gpus: [] }
}
[2026-05-22 22:11:35] INFO (LocalV3.local) Created trial ET3qi
[2026-05-22 22:11:41] INFO (LocalV3.local) Trial parameter: ET3qi {"parameter_id": 19, "parameter_source": "algorithm", "parameters": {"model_type": "RNN", "units": 64, "num_layers": 4, "dropout": 0.5, "activation": "sigmoid", "lr": 0.0023663079309051657, "window_size": 14, "batch_size": 64, "epochs": 10, "kernel_size": 5, "attention_heads": 2}, "parameter_index": 0}
[2026-05-22 22:11:51] INFO (NNIManager) Trial job ET3qi status changed from RUNNING to SUCCEEDED
[2026-05-22 22:11:51] INFO (NNIManager) NNIManager received command from dispatcher: TR, {"parameter_id": 20, "parameter_source": "algorithm", "parameters": {"model_type": "CNN", "units": 128, "num_layers": 3, "dropout": 0.2, "activation": "elu", "lr": 4.743604347397526e-05, "window_size": 10, "batch_size": 128, "epochs": 20, "kernel_size": 5, "attention_heads": 2}, "parameter_index": 0}
[2026-05-22 22:11:51] INFO (NNIManager) submitTrialJob: form: {
  sequenceId: 20,
  hyperParameters: {
    value: '{"parameter_id": 20, "parameter_source": "algorithm", "parameters": {"model_type": "CNN", "units": 128, "num_layers": 3, "dropout": 0.2, "activation": "elu", "lr": 4.743604347397526e-05, "window_size": 10, "batch_size": 128, "epochs": 20, "kernel_size": 5, "attention_heads": 2}, "parameter_index": 0}',
    index: 0
  },
  placementConstraint: { type: 'None', gpus: [] }
}
[2026-05-22 22:11:51] INFO (LocalV3.local) Created trial aBkRf
[2026-05-22 22:11:55] INFO (LocalV3.local) Trial parameter: aBkRf {"parameter_id": 20, "parameter_source": "algorithm", "parameters": {"model_type": "CNN", "units": 128, "num_layers": 3, "dropout": 0.2, "activation": "elu", "lr": 4.743604347397526e-05, "window_size": 10, "batch_size": 128, "epochs": 20, "kernel_size": 5, "attention_heads": 2}, "parameter_index": 0}
[2026-05-22 22:12:03] INFO (NNIManager) Trial job aBkRf status changed from RUNNING to SUCCEEDED
[2026-05-22 22:12:03] INFO (NNIManager) NNIManager received command from dispatcher: TR, {"parameter_id": 21, "parameter_source": "algorithm", "parameters": {"model_type": "TCN", "units": 32, "num_layers": 3, "dropout": 0.2, "activation": "sigmoid", "lr": 0.00011005894226895337, "window_size": 16, "batch_size": 32, "epochs": 5, "kernel_size": 7, "attention_heads": 4}, "parameter_index": 0}
[2026-05-22 22:12:04] INFO (NNIManager) submitTrialJob: form: {
  sequenceId: 21,
  hyperParameters: {
    value: '{"parameter_id": 21, "parameter_source": "algorithm", "parameters": {"model_type": "TCN", "units": 32, "num_layers": 3, "dropout": 0.2, "activation": "sigmoid", "lr": 0.00011005894226895337, "window_size": 16, "batch_size": 32, "epochs": 5, "kernel_size": 7, "attention_heads": 4}, "parameter_index": 0}',
    index: 0
  },
  placementConstraint: { type: 'None', gpus: [] }
}
[2026-05-22 22:12:04] INFO (LocalV3.local) Created trial xZEXX
[2026-05-22 22:12:06] INFO (LocalV3.local) Trial parameter: xZEXX {"parameter_id": 21, "parameter_source": "algorithm", "parameters": {"model_type": "TCN", "units": 32, "num_layers": 3, "dropout": 0.2, "activation": "sigmoid", "lr": 0.00011005894226895337, "window_size": 16, "batch_size": 32, "epochs": 5, "kernel_size": 7, "attention_heads": 4}, "parameter_index": 0}
[2026-05-22 22:12:10] INFO (NNIManager) Trial job xZEXX status changed from RUNNING to SUCCEEDED
[2026-05-22 22:12:10] INFO (NNIManager) NNIManager received command from dispatcher: TR, {"parameter_id": 22, "parameter_source": "algorithm", "parameters": {"model_type": "LSTM", "units": 128, "num_layers": 3, "dropout": 0.3, "activation": "relu", "lr": 3.1445701995389405e-05, "window_size": 29, "batch_size": 32, "epochs": 15, "kernel_size": 5, "attention_heads": 2}, "parameter_index": 0}
[2026-05-22 22:12:10] INFO (NNIManager) submitTrialJob: form: {
  sequenceId: 22,
  hyperParameters: {
    value: '{"parameter_id": 22, "parameter_source": "algorithm", "parameters": {"model_type": "LSTM", "units": 128, "num_layers": 3, "dropout": 0.3, "activation": "relu", "lr": 3.1445701995389405e-05, "window_size": 29, "batch_size": 32, "epochs": 15, "kernel_size": 5, "attention_heads": 2}, "parameter_index": 0}',
    index: 0
  },
  placementConstraint: { type: 'None', gpus: [] }
}
[2026-05-22 22:12:10] INFO (LocalV3.local) Created trial csMjh
[2026-05-22 22:12:14] INFO (LocalV3.local) Trial parameter: csMjh {"parameter_id": 22, "parameter_source": "algorithm", "parameters": {"model_type": "LSTM", "units": 128, "num_layers": 3, "dropout": 0.3, "activation": "relu", "lr": 3.1445701995389405e-05, "window_size": 29, "batch_size": 32, "epochs": 15, "kernel_size": 5, "attention_heads": 2}, "parameter_index": 0}
[2026-05-22 22:12:37] INFO (NNIManager) Trial job csMjh status changed from RUNNING to SUCCEEDED
[2026-05-22 22:12:37] INFO (NNIManager) NNIManager received command from dispatcher: TR, {"parameter_id": 23, "parameter_source": "algorithm", "parameters": {"model_type": "Transformer", "units": 32, "num_layers": 2, "dropout": 0.1, "activation": "relu", "lr": 0.0019252195052420575, "window_size": 25, "batch_size": 32, "epochs": 10, "kernel_size": 2, "attention_heads": 4}, "parameter_index": 0}
[2026-05-22 22:12:38] INFO (NNIManager) submitTrialJob: form: {
  sequenceId: 23,
  hyperParameters: {
    value: '{"parameter_id": 23, "parameter_source": "algorithm", "parameters": {"model_type": "Transformer", "units": 32, "num_layers": 2, "dropout": 0.1, "activation": "relu", "lr": 0.0019252195052420575, "window_size": 25, "batch_size": 32, "epochs": 10, "kernel_size": 2, "attention_heads": 4}, "parameter_index": 0}',
    index: 0
  },
  placementConstraint: { type: 'None', gpus: [] }
}
[2026-05-22 22:12:38] INFO (LocalV3.local) Created trial YlMy7
[2026-05-22 22:12:40] INFO (LocalV3.local) Trial parameter: YlMy7 {"parameter_id": 23, "parameter_source": "algorithm", "parameters": {"model_type": "Transformer", "units": 32, "num_layers": 2, "dropout": 0.1, "activation": "relu", "lr": 0.0019252195052420575, "window_size": 25, "batch_size": 32, "epochs": 10, "kernel_size": 2, "attention_heads": 4}, "parameter_index": 0}
[2026-05-22 22:12:49] INFO (NNIManager) Trial job YlMy7 status changed from RUNNING to SUCCEEDED
[2026-05-22 22:12:49] INFO (NNIManager) NNIManager received command from dispatcher: TR, {"parameter_id": 24, "parameter_source": "algorithm", "parameters": {"model_type": "Transformer", "units": 128, "num_layers": 3, "dropout": 0.3, "activation": "tanh", "lr": 0.0003741836175124138, "window_size": 21, "batch_size": 32, "epochs": 5, "kernel_size": 5, "attention_heads": 8}, "parameter_index": 0}
[2026-05-22 22:12:49] INFO (NNIManager) submitTrialJob: form: {
  sequenceId: 24,
  hyperParameters: {
    value: '{"parameter_id": 24, "parameter_source": "algorithm", "parameters": {"model_type": "Transformer", "units": 128, "num_layers": 3, "dropout": 0.3, "activation": "tanh", "lr": 0.0003741836175124138, "window_size": 21, "batch_size": 32, "epochs": 5, "kernel_size": 5, "attention_heads": 8}, "parameter_index": 0}',
    index: 0
  },
  placementConstraint: { type: 'None', gpus: [] }
}
[2026-05-22 22:12:49] INFO (LocalV3.local) Created trial FOpW4
[2026-05-22 22:12:50] INFO (NNIManager) Change NNIManager status from: RUNNING to: NO_MORE_TRIAL
[2026-05-22 22:12:56] INFO (LocalV3.local) Trial parameter: FOpW4 {"parameter_id": 24, "parameter_source": "algorithm", "parameters": {"model_type": "Transformer", "units": 128, "num_layers": 3, "dropout": 0.3, "activation": "tanh", "lr": 0.0003741836175124138, "window_size": 21, "batch_size": 32, "epochs": 5, "kernel_size": 5, "attention_heads": 8}, "parameter_index": 0}
[2026-05-22 22:12:58] INFO (ShutdownManager) Initiate shutdown: SIGTERM
[2026-05-22 22:12:58] INFO (RestServer) Stopping REST server.
[2026-05-22 22:12:58] INFO (NNIManager) Change NNIManager status from: NO_MORE_TRIAL to: STOPPING
[2026-05-22 22:12:58] INFO (NNIManager) Stopping experiment, cleaning up ...
[2026-05-22 22:12:58] INFO (RestServer) REST server stopped.
[2026-05-22 22:13:02] INFO (NNIManager) cancelTrialJob: FOpW4
[2026-05-22 22:13:02] INFO (LocalV3.local) Stop trial FOpW4
[2026-05-22 22:13:05] INFO (LocalV3.local) All trials stopped
[2026-05-22 22:13:05] INFO (NNIManager) Change NNIManager status from: STOPPING to: STOPPED
[2026-05-22 22:13:05] INFO (NNIManager) Experiment stopped.
[2026-05-22 22:13:05] INFO (NNITensorboardManager) Forced stopping all tensorboard task.
[2026-05-22 22:13:05] INFO (NNITensorboardManager) All tensorboard task stopped.
[2026-05-22 22:13:05] INFO (NNITensorboardManager) Tensorboard manager stopped.
[2026-05-22 22:13:05] INFO (ShutdownManager) Shutdown complete.
