[2026-05-13 17:50:14] INFO (nni.runtime.msg_dispatcher_base/MainThread) Dispatcher started
[2026-05-13 17:50:14] INFO (nni.runtime.msg_dispatcher/Thread-1 (command_queue_worker)) Initial search space: {'model_type': {'_type': 'choice', '_value': ['LSTM', 'GRU', 'CNN', 'RNN', 'TCN', 'Transformer', 'MLP']}, 'units': {'_type': 'choice', '_value': [16, 32, 64, 128, 256]}, 'num_layers': {'_type': 'choice', '_value': [1, 2, 3, 4]}, 'dropout': {'_type': 'choice', '_value': [0, 0.1, 0.2, 0.3, 0.5]}, 'activation': {'_type': 'choice', '_value': ['relu', 'tanh', 'sigmoid', 'elu']}, 'lr': {'_type': 'loguniform', '_value': [1e-05, 0.01]}, 'window_size': {'_type': 'choice', '_value': [2, 3, 4, 5, 6, 7, 8, 9, 10, 11, 12, 13, 14, 15, 16, 17, 18, 19, 20, 21, 22, 23, 24, 25, 26, 27, 28, 29, 30]}, 'batch_size': {'_type': 'choice', '_value': [16, 32, 64, 128]}, 'epochs': {'_type': 'choice', '_value': [5, 10, 15, 20]}, 'kernel_size': {'_type': 'choice', '_value': [2, 3, 5, 7]}, 'attention_heads': {'_type': 'choice', '_value': [2, 4, 8]}}
[2026-05-13 17:50:22] INFO (nni.algorithms.hpo.evolution_tuner/Thread-2 (command_queue_worker)) trial (0) end
[2026-05-13 17:50:52] INFO (nni.algorithms.hpo.evolution_tuner/Thread-2 (command_queue_worker)) trial (1) end
[2026-05-13 17:51:07] INFO (nni.algorithms.hpo.evolution_tuner/Thread-2 (command_queue_worker)) trial (2) end
[2026-05-13 17:51:16] INFO (nni.algorithms.hpo.evolution_tuner/Thread-2 (command_queue_worker)) trial (3) end
[2026-05-13 17:52:08] INFO (nni.algorithms.hpo.evolution_tuner/Thread-2 (command_queue_worker)) trial (4) end
[2026-05-13 17:52:16] INFO (nni.algorithms.hpo.evolution_tuner/Thread-2 (command_queue_worker)) trial (5) end
[2026-05-13 17:52:31] INFO (nni.algorithms.hpo.evolution_tuner/Thread-2 (command_queue_worker)) trial (6) end
[2026-05-13 17:53:04] INFO (nni.algorithms.hpo.evolution_tuner/Thread-2 (command_queue_worker)) trial (7) end
[2026-05-13 17:53:15] INFO (nni.algorithms.hpo.evolution_tuner/Thread-2 (command_queue_worker)) trial (8) end
[2026-05-13 17:53:31] INFO (nni.algorithms.hpo.evolution_tuner/Thread-2 (command_queue_worker)) trial (9) end
[2026-05-13 17:53:44] INFO (nni.algorithms.hpo.evolution_tuner/Thread-2 (command_queue_worker)) trial (10) end
[2026-05-13 17:53:55] INFO (nni.algorithms.hpo.evolution_tuner/Thread-2 (command_queue_worker)) trial (11) end
[2026-05-13 17:54:03] INFO (nni.algorithms.hpo.evolution_tuner/Thread-2 (command_queue_worker)) trial (12) end
[2026-05-13 17:54:10] INFO (nni.algorithms.hpo.evolution_tuner/Thread-2 (command_queue_worker)) trial (13) end
[2026-05-13 17:54:28] INFO (nni.algorithms.hpo.evolution_tuner/Thread-2 (command_queue_worker)) trial (14) end
[2026-05-13 17:54:37] INFO (nni.algorithms.hpo.evolution_tuner/Thread-2 (command_queue_worker)) trial (15) end
[2026-05-13 17:54:48] INFO (nni.algorithms.hpo.evolution_tuner/Thread-2 (command_queue_worker)) trial (16) end
[2026-05-13 17:54:54] INFO (nni.algorithms.hpo.evolution_tuner/Thread-2 (command_queue_worker)) trial (17) end
[2026-05-13 17:55:04] INFO (nni.algorithms.hpo.evolution_tuner/Thread-2 (command_queue_worker)) trial (18) end
[2026-05-13 17:55:13] INFO (nni.algorithms.hpo.evolution_tuner/Thread-2 (command_queue_worker)) trial (19) end
[2026-05-13 17:58:07] INFO (nni.algorithms.hpo.evolution_tuner/Thread-2 (command_queue_worker)) trial (20) end
[2026-05-13 17:58:32] INFO (nni.algorithms.hpo.evolution_tuner/Thread-2 (command_queue_worker)) trial (21) end
[2026-05-13 17:59:39] INFO (nni.algorithms.hpo.evolution_tuner/Thread-2 (command_queue_worker)) trial (22) end
[2026-05-13 17:59:49] INFO (nni.algorithms.hpo.evolution_tuner/Thread-2 (command_queue_worker)) trial (23) end
[2026-05-13 18:00:03] INFO (nni.algorithms.hpo.evolution_tuner/Thread-2 (command_queue_worker)) trial (24) end
[2026-05-13 18:00:09] INFO (nni.algorithms.hpo.evolution_tuner/Thread-2 (command_queue_worker)) trial (25) end
[2026-05-13 18:00:19] INFO (nni.algorithms.hpo.evolution_tuner/Thread-2 (command_queue_worker)) trial (26) end
[2026-05-13 18:00:25] INFO (nni.algorithms.hpo.evolution_tuner/Thread-2 (command_queue_worker)) trial (27) end
[2026-05-13 18:00:33] INFO (nni.algorithms.hpo.evolution_tuner/Thread-2 (command_queue_worker)) trial (28) end
[2026-05-13 18:00:41] INFO (nni.algorithms.hpo.evolution_tuner/Thread-2 (command_queue_worker)) trial (29) end
[2026-05-13 18:00:46] INFO (nni.algorithms.hpo.evolution_tuner/Thread-2 (command_queue_worker)) trial (30) end
[2026-05-13 18:00:51] INFO (nni.algorithms.hpo.evolution_tuner/Thread-2 (command_queue_worker)) trial (31) end
[2026-05-13 18:01:00] INFO (nni.algorithms.hpo.evolution_tuner/Thread-2 (command_queue_worker)) trial (32) end
[2026-05-13 18:01:04] INFO (nni.algorithms.hpo.evolution_tuner/Thread-2 (command_queue_worker)) trial (33) end
[2026-05-13 18:01:09] INFO (nni.algorithms.hpo.evolution_tuner/Thread-2 (command_queue_worker)) trial (34) end
[2026-05-13 18:01:23] INFO (nni.algorithms.hpo.evolution_tuner/Thread-2 (command_queue_worker)) trial (35) end
[2026-05-13 18:01:37] INFO (nni.algorithms.hpo.evolution_tuner/Thread-2 (command_queue_worker)) trial (36) end
[2026-05-13 18:01:51] INFO (nni.algorithms.hpo.evolution_tuner/Thread-2 (command_queue_worker)) trial (37) end
[2026-05-13 18:01:57] INFO (nni.algorithms.hpo.evolution_tuner/Thread-2 (command_queue_worker)) trial (38) end
[2026-05-13 18:02:05] INFO (nni.algorithms.hpo.evolution_tuner/Thread-2 (command_queue_worker)) trial (39) end
[2026-05-13 18:02:15] INFO (nni.algorithms.hpo.evolution_tuner/Thread-2 (command_queue_worker)) trial (40) end
[2026-05-13 18:02:31] INFO (nni.algorithms.hpo.evolution_tuner/Thread-2 (command_queue_worker)) trial (41) end
[2026-05-13 18:02:38] INFO (nni.algorithms.hpo.evolution_tuner/Thread-2 (command_queue_worker)) trial (42) end
[2026-05-13 18:02:44] INFO (nni.algorithms.hpo.evolution_tuner/Thread-2 (command_queue_worker)) trial (43) end
[2026-05-13 18:02:53] INFO (nni.algorithms.hpo.evolution_tuner/Thread-2 (command_queue_worker)) trial (44) end
[2026-05-13 18:03:01] INFO (nni.algorithms.hpo.evolution_tuner/Thread-2 (command_queue_worker)) trial (45) end
[2026-05-13 18:03:08] INFO (nni.algorithms.hpo.evolution_tuner/Thread-2 (command_queue_worker)) trial (46) end
[2026-05-13 18:03:16] INFO (nni.algorithms.hpo.evolution_tuner/Thread-2 (command_queue_worker)) trial (47) end
[2026-05-13 18:03:24] INFO (nni.algorithms.hpo.evolution_tuner/Thread-2 (command_queue_worker)) trial (48) end
[2026-05-13 18:03:33] INFO (nni.algorithms.hpo.evolution_tuner/Thread-2 (command_queue_worker)) trial (49) end
[2026-05-13 18:03:41] INFO (nni.algorithms.hpo.evolution_tuner/Thread-2 (command_queue_worker)) trial (50) end
[2026-05-13 18:03:46] INFO (nni.algorithms.hpo.evolution_tuner/Thread-2 (command_queue_worker)) trial (51) end
[2026-05-13 18:03:53] INFO (nni.algorithms.hpo.evolution_tuner/Thread-2 (command_queue_worker)) trial (52) end
[2026-05-13 18:04:01] INFO (nni.algorithms.hpo.evolution_tuner/Thread-2 (command_queue_worker)) trial (53) end
[2026-05-13 18:04:09] INFO (nni.algorithms.hpo.evolution_tuner/Thread-2 (command_queue_worker)) trial (54) end
[2026-05-13 18:04:16] INFO (nni.algorithms.hpo.evolution_tuner/Thread-2 (command_queue_worker)) trial (55) end
[2026-05-13 18:04:22] INFO (nni.algorithms.hpo.evolution_tuner/Thread-2 (command_queue_worker)) trial (56) end
[2026-05-13 18:04:43] INFO (nni.algorithms.hpo.evolution_tuner/Thread-2 (command_queue_worker)) trial (57) end
[2026-05-13 18:04:50] INFO (nni.algorithms.hpo.evolution_tuner/Thread-2 (command_queue_worker)) trial (58) end
[2026-05-13 18:04:56] INFO (nni.algorithms.hpo.evolution_tuner/Thread-2 (command_queue_worker)) trial (59) end
[2026-05-13 18:05:16] INFO (nni.algorithms.hpo.evolution_tuner/Thread-2 (command_queue_worker)) trial (60) end
[2026-05-13 18:05:24] INFO (nni.algorithms.hpo.evolution_tuner/Thread-2 (command_queue_worker)) trial (61) end
[2026-05-13 18:05:33] INFO (nni.algorithms.hpo.evolution_tuner/Thread-2 (command_queue_worker)) trial (62) end
[2026-05-13 18:05:40] INFO (nni.algorithms.hpo.evolution_tuner/Thread-2 (command_queue_worker)) trial (63) end
[2026-05-13 18:05:47] INFO (nni.algorithms.hpo.evolution_tuner/Thread-2 (command_queue_worker)) trial (64) end
[2026-05-13 18:05:59] INFO (nni.algorithms.hpo.evolution_tuner/Thread-2 (command_queue_worker)) trial (65) end
[2026-05-13 18:06:07] INFO (nni.algorithms.hpo.evolution_tuner/Thread-2 (command_queue_worker)) trial (66) end
[2026-05-13 18:06:16] INFO (nni.algorithms.hpo.evolution_tuner/Thread-2 (command_queue_worker)) trial (67) end
[2026-05-13 18:06:25] INFO (nni.algorithms.hpo.evolution_tuner/Thread-2 (command_queue_worker)) trial (68) end
[2026-05-13 18:06:32] INFO (nni.algorithms.hpo.evolution_tuner/Thread-2 (command_queue_worker)) trial (69) end
[2026-05-13 18:06:41] INFO (nni.algorithms.hpo.evolution_tuner/Thread-2 (command_queue_worker)) trial (70) end
[2026-05-13 18:06:49] INFO (nni.algorithms.hpo.evolution_tuner/Thread-2 (command_queue_worker)) trial (71) end
[2026-05-13 18:06:59] INFO (nni.algorithms.hpo.evolution_tuner/Thread-2 (command_queue_worker)) trial (72) end
[2026-05-13 18:07:03] INFO (nni.algorithms.hpo.evolution_tuner/Thread-2 (command_queue_worker)) trial (73) end
[2026-05-13 18:07:10] INFO (nni.algorithms.hpo.evolution_tuner/Thread-2 (command_queue_worker)) trial (74) end
[2026-05-13 18:07:22] INFO (nni.algorithms.hpo.evolution_tuner/Thread-2 (command_queue_worker)) trial (75) end
[2026-05-13 18:07:30] INFO (nni.algorithms.hpo.evolution_tuner/Thread-2 (command_queue_worker)) trial (76) end
[2026-05-13 18:07:35] INFO (nni.algorithms.hpo.evolution_tuner/Thread-2 (command_queue_worker)) trial (77) end
[2026-05-13 18:07:42] INFO (nni.algorithms.hpo.evolution_tuner/Thread-2 (command_queue_worker)) trial (78) end
[2026-05-13 18:07:50] INFO (nni.algorithms.hpo.evolution_tuner/Thread-2 (command_queue_worker)) trial (79) end
[2026-05-13 18:07:57] INFO (nni.algorithms.hpo.evolution_tuner/Thread-2 (command_queue_worker)) trial (80) end
[2026-05-13 18:08:09] INFO (nni.algorithms.hpo.evolution_tuner/Thread-2 (command_queue_worker)) trial (81) end
[2026-05-13 18:08:25] INFO (nni.algorithms.hpo.evolution_tuner/Thread-2 (command_queue_worker)) trial (82) end
[2026-05-13 18:08:31] INFO (nni.algorithms.hpo.evolution_tuner/Thread-2 (command_queue_worker)) trial (83) end
[2026-05-13 18:08:42] INFO (nni.algorithms.hpo.evolution_tuner/Thread-2 (command_queue_worker)) trial (84) end
[2026-05-13 18:08:50] INFO (nni.algorithms.hpo.evolution_tuner/Thread-2 (command_queue_worker)) trial (85) end
[2026-05-13 18:08:58] INFO (nni.algorithms.hpo.evolution_tuner/Thread-2 (command_queue_worker)) trial (86) end
[2026-05-13 18:09:05] INFO (nni.algorithms.hpo.evolution_tuner/Thread-2 (command_queue_worker)) trial (87) end
[2026-05-13 18:09:12] INFO (nni.algorithms.hpo.evolution_tuner/Thread-2 (command_queue_worker)) trial (88) end
[2026-05-13 18:09:20] INFO (nni.algorithms.hpo.evolution_tuner/Thread-2 (command_queue_worker)) trial (89) end
[2026-05-13 18:09:27] INFO (nni.algorithms.hpo.evolution_tuner/Thread-2 (command_queue_worker)) trial (90) end
[2026-05-13 18:09:39] INFO (nni.algorithms.hpo.evolution_tuner/Thread-2 (command_queue_worker)) trial (91) end
[2026-05-13 18:09:45] INFO (nni.algorithms.hpo.evolution_tuner/Thread-2 (command_queue_worker)) trial (92) end
[2026-05-13 18:09:54] INFO (nni.algorithms.hpo.evolution_tuner/Thread-2 (command_queue_worker)) trial (93) end
[2026-05-13 18:10:02] INFO (nni.algorithms.hpo.evolution_tuner/Thread-2 (command_queue_worker)) trial (94) end
[2026-05-13 18:10:09] INFO (nni.algorithms.hpo.evolution_tuner/Thread-2 (command_queue_worker)) trial (95) end
[2026-05-13 18:10:15] INFO (nni.algorithms.hpo.evolution_tuner/Thread-2 (command_queue_worker)) trial (96) end
[2026-05-13 18:10:24] INFO (nni.runtime.msg_dispatcher_base/MainThread) Dispatcher exiting...
[2026-05-13 18:10:26] INFO (nni.runtime.msg_dispatcher_base/MainThread) Dispatcher terminiated
