[2026-05-22 19:08:45] INFO (main) Start NNI manager
[2026-05-22 19:08:45] INFO (RestServer) Starting REST server at port 8203, URL prefix: "/"
[2026-05-22 19:08:45] INFO (RestServer) REST server started.
[2026-05-22 19:08:45] INFO (NNIDataStore) Datastore initialization done
[2026-05-22 19:08:46] INFO (NNIManager) Starting experiment: dtlezova
[2026-05-22 19:08:46] INFO (NNIManager) Setup training service...
[2026-05-22 19:08:46] INFO (NNIManager) Setup tuner...
[2026-05-22 19:08:46] INFO (NNIManager) Change NNIManager status from: INITIALIZED to: RUNNING
[2026-05-22 19:08:46] ERROR (experiments_manager) Error: File has been locked.
    at withLockNoWait (/home/meliani/.local/lib/python3.10/site-packages/nni_node/extensions/experiments_manager/utils.js:45:15)
    at ExperimentsManager.setExperimentInfo (/home/meliani/.local/lib/python3.10/site-packages/nni_node/extensions/experiments_manager/manager.js:75:40)
    at NNIManager.setStatus (/home/meliani/.local/lib/python3.10/site-packages/nni_node/core/nnimanager.js:809:64)
    at NNIManager.startExperiment (/home/meliani/.local/lib/python3.10/site-packages/nni_node/core/nnimanager.js:213:14)
[2026-05-22 19:08:46] ERROR (experiments_manager) Error: File has been locked.
    at withLockNoWait (/home/meliani/.local/lib/python3.10/site-packages/nni_node/extensions/experiments_manager/utils.js:45:15)
    at ExperimentsManager.setExperimentInfo (/home/meliani/.local/lib/python3.10/site-packages/nni_node/extensions/experiments_manager/manager.js:75:40)
    at Timeout.<anonymous> (/home/meliani/.local/lib/python3.10/site-packages/nni_node/extensions/experiments_manager/manager.js:91:70)
    at listOnTimeout (node:internal/timers:569:17)
    at process.processTimers (node:internal/timers:512:7)
[2026-05-22 19:08:47] ERROR (experiments_manager) Error: File has been locked.
    at withLockNoWait (/home/meliani/.local/lib/python3.10/site-packages/nni_node/extensions/experiments_manager/utils.js:45:15)
    at ExperimentsManager.setExperimentInfo (/home/meliani/.local/lib/python3.10/site-packages/nni_node/extensions/experiments_manager/manager.js:75:40)
    at Timeout.<anonymous> (/home/meliani/.local/lib/python3.10/site-packages/nni_node/extensions/experiments_manager/manager.js:91:70)
    at listOnTimeout (node:internal/timers:569:17)
    at process.processTimers (node:internal/timers:512:7)
[2026-05-22 19:08:47] ERROR (experiments_manager) Error: File has been locked.
    at withLockNoWait (/home/meliani/.local/lib/python3.10/site-packages/nni_node/extensions/experiments_manager/utils.js:45:15)
    at ExperimentsManager.setExperimentInfo (/home/meliani/.local/lib/python3.10/site-packages/nni_node/extensions/experiments_manager/manager.js:75:40)
    at Timeout.<anonymous> (/home/meliani/.local/lib/python3.10/site-packages/nni_node/extensions/experiments_manager/manager.js:91:70)
    at listOnTimeout (node:internal/timers:569:17)
    at process.processTimers (node:internal/timers:512:7)
[2026-05-22 19:08:48] INFO (NNIManager) Add event listeners
[2026-05-22 19:08:48] INFO (LocalV3.local) Start
[2026-05-22 19:08:48] INFO (NNIManager) NNIManager received command from dispatcher: ID, 
[2026-05-22 19:08:48] INFO (NNIManager) NNIManager received command from dispatcher: TR, {"parameter_id": 0, "parameter_source": "algorithm", "parameters": {"model_type": "MLP", "units": 64, "num_layers": 1, "dropout": 0.2, "activation": "tanh", "lr": 0.0013843166491013656, "window_size": 21, "batch_size": 64, "epochs": 20, "kernel_size": 2, "attention_heads": 4}, "parameter_index": 0}
[2026-05-22 19:08:48] INFO (NNIManager) submitTrialJob: form: {
  sequenceId: 0,
  hyperParameters: {
    value: '{"parameter_id": 0, "parameter_source": "algorithm", "parameters": {"model_type": "MLP", "units": 64, "num_layers": 1, "dropout": 0.2, "activation": "tanh", "lr": 0.0013843166491013656, "window_size": 21, "batch_size": 64, "epochs": 20, "kernel_size": 2, "attention_heads": 4}, "parameter_index": 0}',
    index: 0
  },
  placementConstraint: { type: 'None', gpus: [] }
}
[2026-05-22 19:08:49] INFO (LocalV3.local) Register directory trial_code = /home/meliani/Desktop/phd/fast-track
[2026-05-22 19:08:49] INFO (LocalV3.local) Created trial PuTt3
[2026-05-22 19:08:53] INFO (LocalV3.local) Trial parameter: PuTt3 {"parameter_id": 0, "parameter_source": "algorithm", "parameters": {"model_type": "MLP", "units": 64, "num_layers": 1, "dropout": 0.2, "activation": "tanh", "lr": 0.0013843166491013656, "window_size": 21, "batch_size": 64, "epochs": 20, "kernel_size": 2, "attention_heads": 4}, "parameter_index": 0}
[2026-05-22 19:08:59] INFO (NNIManager) Trial job PuTt3 status changed from RUNNING to SUCCEEDED
[2026-05-22 19:08:59] INFO (NNIManager) NNIManager received command from dispatcher: TR, {"parameter_id": 1, "parameter_source": "algorithm", "parameters": {"model_type": "MLP", "units": 32, "num_layers": 2, "dropout": 0.2, "activation": "elu", "lr": 0.0008257202752249709, "window_size": 9, "batch_size": 64, "epochs": 15, "kernel_size": 5, "attention_heads": 2}, "parameter_index": 0}
[2026-05-22 19:09:00] INFO (NNIManager) submitTrialJob: form: {
  sequenceId: 1,
  hyperParameters: {
    value: '{"parameter_id": 1, "parameter_source": "algorithm", "parameters": {"model_type": "MLP", "units": 32, "num_layers": 2, "dropout": 0.2, "activation": "elu", "lr": 0.0008257202752249709, "window_size": 9, "batch_size": 64, "epochs": 15, "kernel_size": 5, "attention_heads": 2}, "parameter_index": 0}',
    index: 0
  },
  placementConstraint: { type: 'None', gpus: [] }
}
[2026-05-22 19:09:00] INFO (LocalV3.local) Created trial Ujedo
[2026-05-22 19:09:03] INFO (LocalV3.local) Trial parameter: Ujedo {"parameter_id": 1, "parameter_source": "algorithm", "parameters": {"model_type": "MLP", "units": 32, "num_layers": 2, "dropout": 0.2, "activation": "elu", "lr": 0.0008257202752249709, "window_size": 9, "batch_size": 64, "epochs": 15, "kernel_size": 5, "attention_heads": 2}, "parameter_index": 0}
[2026-05-22 19:09:09] INFO (NNIManager) Trial job Ujedo status changed from RUNNING to SUCCEEDED
[2026-05-22 19:09:09] INFO (NNIManager) NNIManager received command from dispatcher: TR, {"parameter_id": 2, "parameter_source": "algorithm", "parameters": {"model_type": "LSTM", "units": 256, "num_layers": 3, "dropout": 0.5, "activation": "elu", "lr": 4.821699107541685e-05, "window_size": 13, "batch_size": 64, "epochs": 10, "kernel_size": 3, "attention_heads": 8}, "parameter_index": 0}
[2026-05-22 19:09:10] INFO (NNIManager) submitTrialJob: form: {
  sequenceId: 2,
  hyperParameters: {
    value: '{"parameter_id": 2, "parameter_source": "algorithm", "parameters": {"model_type": "LSTM", "units": 256, "num_layers": 3, "dropout": 0.5, "activation": "elu", "lr": 4.821699107541685e-05, "window_size": 13, "batch_size": 64, "epochs": 10, "kernel_size": 3, "attention_heads": 8}, "parameter_index": 0}',
    index: 0
  },
  placementConstraint: { type: 'None', gpus: [] }
}
[2026-05-22 19:09:10] INFO (LocalV3.local) Created trial es6gG
[2026-05-22 19:09:14] INFO (LocalV3.local) Trial parameter: es6gG {"parameter_id": 2, "parameter_source": "algorithm", "parameters": {"model_type": "LSTM", "units": 256, "num_layers": 3, "dropout": 0.5, "activation": "elu", "lr": 4.821699107541685e-05, "window_size": 13, "batch_size": 64, "epochs": 10, "kernel_size": 3, "attention_heads": 8}, "parameter_index": 0}
[2026-05-22 19:09:48] INFO (NNIManager) Trial job es6gG status changed from RUNNING to SUCCEEDED
[2026-05-22 19:09:48] INFO (NNIManager) NNIManager received command from dispatcher: TR, {"parameter_id": 3, "parameter_source": "algorithm", "parameters": {"model_type": "MLP", "units": 64, "num_layers": 1, "dropout": 0.5, "activation": "sigmoid", "lr": 0.009502342014729484, "window_size": 25, "batch_size": 128, "epochs": 5, "kernel_size": 5, "attention_heads": 2}, "parameter_index": 0}
[2026-05-22 19:09:48] INFO (NNIManager) submitTrialJob: form: {
  sequenceId: 3,
  hyperParameters: {
    value: '{"parameter_id": 3, "parameter_source": "algorithm", "parameters": {"model_type": "MLP", "units": 64, "num_layers": 1, "dropout": 0.5, "activation": "sigmoid", "lr": 0.009502342014729484, "window_size": 25, "batch_size": 128, "epochs": 5, "kernel_size": 5, "attention_heads": 2}, "parameter_index": 0}',
    index: 0
  },
  placementConstraint: { type: 'None', gpus: [] }
}
[2026-05-22 19:09:48] INFO (LocalV3.local) Created trial OwvP5
[2026-05-22 19:09:53] INFO (LocalV3.local) Trial parameter: OwvP5 {"parameter_id": 3, "parameter_source": "algorithm", "parameters": {"model_type": "MLP", "units": 64, "num_layers": 1, "dropout": 0.5, "activation": "sigmoid", "lr": 0.009502342014729484, "window_size": 25, "batch_size": 128, "epochs": 5, "kernel_size": 5, "attention_heads": 2}, "parameter_index": 0}
[2026-05-22 19:09:56] INFO (NNIManager) Trial job OwvP5 status changed from RUNNING to SUCCEEDED
[2026-05-22 19:09:56] INFO (NNIManager) NNIManager received command from dispatcher: TR, {"parameter_id": 4, "parameter_source": "algorithm", "parameters": {"model_type": "MLP", "units": 64, "num_layers": 2, "dropout": 0.2, "activation": "sigmoid", "lr": 0.002323119332898371, "window_size": 21, "batch_size": 128, "epochs": 20, "kernel_size": 2, "attention_heads": 4}, "parameter_index": 0}
[2026-05-22 19:09:57] INFO (NNIManager) submitTrialJob: form: {
  sequenceId: 4,
  hyperParameters: {
    value: '{"parameter_id": 4, "parameter_source": "algorithm", "parameters": {"model_type": "MLP", "units": 64, "num_layers": 2, "dropout": 0.2, "activation": "sigmoid", "lr": 0.002323119332898371, "window_size": 21, "batch_size": 128, "epochs": 20, "kernel_size": 2, "attention_heads": 4}, "parameter_index": 0}',
    index: 0
  },
  placementConstraint: { type: 'None', gpus: [] }
}
[2026-05-22 19:09:57] INFO (LocalV3.local) Created trial zzwpp
[2026-05-22 19:10:00] INFO (LocalV3.local) Trial parameter: zzwpp {"parameter_id": 4, "parameter_source": "algorithm", "parameters": {"model_type": "MLP", "units": 64, "num_layers": 2, "dropout": 0.2, "activation": "sigmoid", "lr": 0.002323119332898371, "window_size": 21, "batch_size": 128, "epochs": 20, "kernel_size": 2, "attention_heads": 4}, "parameter_index": 0}
[2026-05-22 19:10:08] INFO (NNIManager) Trial job zzwpp status changed from RUNNING to SUCCEEDED
[2026-05-22 19:10:08] INFO (NNIManager) NNIManager received command from dispatcher: TR, {"parameter_id": 5, "parameter_source": "algorithm", "parameters": {"model_type": "CNN", "units": 16, "num_layers": 4, "dropout": 0.5, "activation": "tanh", "lr": 0.008526867001611581, "window_size": 24, "batch_size": 128, "epochs": 20, "kernel_size": 2, "attention_heads": 4}, "parameter_index": 0}
[2026-05-22 19:10:08] INFO (NNIManager) submitTrialJob: form: {
  sequenceId: 5,
  hyperParameters: {
    value: '{"parameter_id": 5, "parameter_source": "algorithm", "parameters": {"model_type": "CNN", "units": 16, "num_layers": 4, "dropout": 0.5, "activation": "tanh", "lr": 0.008526867001611581, "window_size": 24, "batch_size": 128, "epochs": 20, "kernel_size": 2, "attention_heads": 4}, "parameter_index": 0}',
    index: 0
  },
  placementConstraint: { type: 'None', gpus: [] }
}
[2026-05-22 19:10:08] INFO (LocalV3.local) Created trial Xxwzn
[2026-05-22 19:10:12] INFO (LocalV3.local) Trial parameter: Xxwzn {"parameter_id": 5, "parameter_source": "algorithm", "parameters": {"model_type": "CNN", "units": 16, "num_layers": 4, "dropout": 0.5, "activation": "tanh", "lr": 0.008526867001611581, "window_size": 24, "batch_size": 128, "epochs": 20, "kernel_size": 2, "attention_heads": 4}, "parameter_index": 0}
[2026-05-22 19:10:21] INFO (NNIManager) Trial job Xxwzn status changed from RUNNING to SUCCEEDED
[2026-05-22 19:10:21] INFO (NNIManager) NNIManager received command from dispatcher: TR, {"parameter_id": 6, "parameter_source": "algorithm", "parameters": {"model_type": "RNN", "units": 128, "num_layers": 2, "dropout": 0.5, "activation": "tanh", "lr": 0.0005163415259311855, "window_size": 8, "batch_size": 32, "epochs": 15, "kernel_size": 5, "attention_heads": 8}, "parameter_index": 0}
[2026-05-22 19:10:21] INFO (NNIManager) submitTrialJob: form: {
  sequenceId: 6,
  hyperParameters: {
    value: '{"parameter_id": 6, "parameter_source": "algorithm", "parameters": {"model_type": "RNN", "units": 128, "num_layers": 2, "dropout": 0.5, "activation": "tanh", "lr": 0.0005163415259311855, "window_size": 8, "batch_size": 32, "epochs": 15, "kernel_size": 5, "attention_heads": 8}, "parameter_index": 0}',
    index: 0
  },
  placementConstraint: { type: 'None', gpus: [] }
}
[2026-05-22 19:10:21] INFO (LocalV3.local) Created trial aPp6u
[2026-05-22 19:10:25] INFO (LocalV3.local) Trial parameter: aPp6u {"parameter_id": 6, "parameter_source": "algorithm", "parameters": {"model_type": "RNN", "units": 128, "num_layers": 2, "dropout": 0.5, "activation": "tanh", "lr": 0.0005163415259311855, "window_size": 8, "batch_size": 32, "epochs": 15, "kernel_size": 5, "attention_heads": 8}, "parameter_index": 0}
[2026-05-22 19:10:34] INFO (NNIManager) Trial job aPp6u status changed from RUNNING to SUCCEEDED
[2026-05-22 19:10:34] INFO (NNIManager) NNIManager received command from dispatcher: TR, {"parameter_id": 7, "parameter_source": "algorithm", "parameters": {"model_type": "CNN", "units": 128, "num_layers": 1, "dropout": 0.5, "activation": "tanh", "lr": 0.003315475618706206, "window_size": 24, "batch_size": 128, "epochs": 15, "kernel_size": 5, "attention_heads": 8}, "parameter_index": 0}
[2026-05-22 19:10:34] INFO (NNIManager) submitTrialJob: form: {
  sequenceId: 7,
  hyperParameters: {
    value: '{"parameter_id": 7, "parameter_source": "algorithm", "parameters": {"model_type": "CNN", "units": 128, "num_layers": 1, "dropout": 0.5, "activation": "tanh", "lr": 0.003315475618706206, "window_size": 24, "batch_size": 128, "epochs": 15, "kernel_size": 5, "attention_heads": 8}, "parameter_index": 0}',
    index: 0
  },
  placementConstraint: { type: 'None', gpus: [] }
}
[2026-05-22 19:10:34] INFO (LocalV3.local) Created trial ZxQ4O
[2026-05-22 19:10:38] INFO (LocalV3.local) Trial parameter: ZxQ4O {"parameter_id": 7, "parameter_source": "algorithm", "parameters": {"model_type": "CNN", "units": 128, "num_layers": 1, "dropout": 0.5, "activation": "tanh", "lr": 0.003315475618706206, "window_size": 24, "batch_size": 128, "epochs": 15, "kernel_size": 5, "attention_heads": 8}, "parameter_index": 0}
[2026-05-22 19:10:46] INFO (NNIManager) Trial job ZxQ4O status changed from RUNNING to SUCCEEDED
[2026-05-22 19:10:46] INFO (NNIManager) NNIManager received command from dispatcher: TR, {"parameter_id": 8, "parameter_source": "algorithm", "parameters": {"model_type": "CNN", "units": 256, "num_layers": 4, "dropout": 0.5, "activation": "sigmoid", "lr": 0.008559315131665513, "window_size": 14, "batch_size": 128, "epochs": 20, "kernel_size": 3, "attention_heads": 8}, "parameter_index": 0}
[2026-05-22 19:10:46] INFO (NNIManager) submitTrialJob: form: {
  sequenceId: 8,
  hyperParameters: {
    value: '{"parameter_id": 8, "parameter_source": "algorithm", "parameters": {"model_type": "CNN", "units": 256, "num_layers": 4, "dropout": 0.5, "activation": "sigmoid", "lr": 0.008559315131665513, "window_size": 14, "batch_size": 128, "epochs": 20, "kernel_size": 3, "attention_heads": 8}, "parameter_index": 0}',
    index: 0
  },
  placementConstraint: { type: 'None', gpus: [] }
}
[2026-05-22 19:10:46] INFO (LocalV3.local) Created trial YM6sP
[2026-05-22 19:10:53] INFO (LocalV3.local) Trial parameter: YM6sP {"parameter_id": 8, "parameter_source": "algorithm", "parameters": {"model_type": "CNN", "units": 256, "num_layers": 4, "dropout": 0.5, "activation": "sigmoid", "lr": 0.008559315131665513, "window_size": 14, "batch_size": 128, "epochs": 20, "kernel_size": 3, "attention_heads": 8}, "parameter_index": 0}
[2026-05-22 19:11:10] INFO (NNIManager) Trial job YM6sP status changed from RUNNING to SUCCEEDED
[2026-05-22 19:11:10] INFO (NNIManager) NNIManager received command from dispatcher: TR, {"parameter_id": 9, "parameter_source": "algorithm", "parameters": {"model_type": "MLP", "units": 16, "num_layers": 4, "dropout": 0.5, "activation": "tanh", "lr": 0.0034133277134710364, "window_size": 24, "batch_size": 128, "epochs": 20, "kernel_size": 2, "attention_heads": 4}, "parameter_index": 0}
[2026-05-22 19:11:10] INFO (NNIManager) submitTrialJob: form: {
  sequenceId: 9,
  hyperParameters: {
    value: '{"parameter_id": 9, "parameter_source": "algorithm", "parameters": {"model_type": "MLP", "units": 16, "num_layers": 4, "dropout": 0.5, "activation": "tanh", "lr": 0.0034133277134710364, "window_size": 24, "batch_size": 128, "epochs": 20, "kernel_size": 2, "attention_heads": 4}, "parameter_index": 0}',
    index: 0
  },
  placementConstraint: { type: 'None', gpus: [] }
}
[2026-05-22 19:11:11] INFO (LocalV3.local) Created trial SWWrb
[2026-05-22 19:11:17] INFO (LocalV3.local) Trial parameter: SWWrb {"parameter_id": 9, "parameter_source": "algorithm", "parameters": {"model_type": "MLP", "units": 16, "num_layers": 4, "dropout": 0.5, "activation": "tanh", "lr": 0.0034133277134710364, "window_size": 24, "batch_size": 128, "epochs": 20, "kernel_size": 2, "attention_heads": 4}, "parameter_index": 0}
[2026-05-22 19:11:27] INFO (NNIManager) Trial job SWWrb status changed from RUNNING to SUCCEEDED
[2026-05-22 19:11:27] INFO (NNIManager) NNIManager received command from dispatcher: TR, {"parameter_id": 10, "parameter_source": "algorithm", "parameters": {"model_type": "CNN", "units": 128, "num_layers": 1, "dropout": 0.5, "activation": "tanh", "lr": 0.0029043317943209406, "window_size": 11, "batch_size": 128, "epochs": 15, "kernel_size": 3, "attention_heads": 8}, "parameter_index": 0}
[2026-05-22 19:11:28] INFO (NNIManager) submitTrialJob: form: {
  sequenceId: 10,
  hyperParameters: {
    value: '{"parameter_id": 10, "parameter_source": "algorithm", "parameters": {"model_type": "CNN", "units": 128, "num_layers": 1, "dropout": 0.5, "activation": "tanh", "lr": 0.0029043317943209406, "window_size": 11, "batch_size": 128, "epochs": 15, "kernel_size": 3, "attention_heads": 8}, "parameter_index": 0}',
    index: 0
  },
  placementConstraint: { type: 'None', gpus: [] }
}
[2026-05-22 19:11:28] INFO (LocalV3.local) Created trial hYVh0
[2026-05-22 19:11:30] INFO (LocalV3.local) Trial parameter: hYVh0 {"parameter_id": 10, "parameter_source": "algorithm", "parameters": {"model_type": "CNN", "units": 128, "num_layers": 1, "dropout": 0.5, "activation": "tanh", "lr": 0.0029043317943209406, "window_size": 11, "batch_size": 128, "epochs": 15, "kernel_size": 3, "attention_heads": 8}, "parameter_index": 0}
[2026-05-22 19:11:37] INFO (NNIManager) Trial job hYVh0 status changed from RUNNING to SUCCEEDED
[2026-05-22 19:11:37] INFO (NNIManager) NNIManager received command from dispatcher: TR, {"parameter_id": 11, "parameter_source": "algorithm", "parameters": {"model_type": "RNN", "units": 64, "num_layers": 1, "dropout": 0.2, "activation": "tanh", "lr": 0.005996741940994085, "window_size": 6, "batch_size": 64, "epochs": 20, "kernel_size": 2, "attention_heads": 4}, "parameter_index": 0}
[2026-05-22 19:11:37] INFO (NNIManager) submitTrialJob: form: {
  sequenceId: 11,
  hyperParameters: {
    value: '{"parameter_id": 11, "parameter_source": "algorithm", "parameters": {"model_type": "RNN", "units": 64, "num_layers": 1, "dropout": 0.2, "activation": "tanh", "lr": 0.005996741940994085, "window_size": 6, "batch_size": 64, "epochs": 20, "kernel_size": 2, "attention_heads": 4}, "parameter_index": 0}',
    index: 0
  },
  placementConstraint: { type: 'None', gpus: [] }
}
[2026-05-22 19:11:37] INFO (LocalV3.local) Created trial YZxiV
[2026-05-22 19:11:40] INFO (LocalV3.local) Trial parameter: YZxiV {"parameter_id": 11, "parameter_source": "algorithm", "parameters": {"model_type": "RNN", "units": 64, "num_layers": 1, "dropout": 0.2, "activation": "tanh", "lr": 0.005996741940994085, "window_size": 6, "batch_size": 64, "epochs": 20, "kernel_size": 2, "attention_heads": 4}, "parameter_index": 0}
[2026-05-22 19:11:48] INFO (NNIManager) Trial job YZxiV status changed from RUNNING to SUCCEEDED
[2026-05-22 19:11:48] INFO (NNIManager) NNIManager received command from dispatcher: TR, {"parameter_id": 12, "parameter_source": "algorithm", "parameters": {"model_type": "MLP", "units": 64, "num_layers": 2, "dropout": 0.2, "activation": "sigmoid", "lr": 0.0009168226098788542, "window_size": 2, "batch_size": 128, "epochs": 20, "kernel_size": 7, "attention_heads": 8}, "parameter_index": 0}
[2026-05-22 19:11:49] INFO (NNIManager) submitTrialJob: form: {
  sequenceId: 12,
  hyperParameters: {
    value: '{"parameter_id": 12, "parameter_source": "algorithm", "parameters": {"model_type": "MLP", "units": 64, "num_layers": 2, "dropout": 0.2, "activation": "sigmoid", "lr": 0.0009168226098788542, "window_size": 2, "batch_size": 128, "epochs": 20, "kernel_size": 7, "attention_heads": 8}, "parameter_index": 0}',
    index: 0
  },
  placementConstraint: { type: 'None', gpus: [] }
}
[2026-05-22 19:11:49] INFO (LocalV3.local) Created trial HK9QI
[2026-05-22 19:11:53] INFO (LocalV3.local) Trial parameter: HK9QI {"parameter_id": 12, "parameter_source": "algorithm", "parameters": {"model_type": "MLP", "units": 64, "num_layers": 2, "dropout": 0.2, "activation": "sigmoid", "lr": 0.0009168226098788542, "window_size": 2, "batch_size": 128, "epochs": 20, "kernel_size": 7, "attention_heads": 8}, "parameter_index": 0}
[2026-05-22 19:12:00] INFO (NNIManager) Trial job HK9QI status changed from RUNNING to SUCCEEDED
[2026-05-22 19:12:00] INFO (NNIManager) NNIManager received command from dispatcher: TR, {"parameter_id": 13, "parameter_source": "algorithm", "parameters": {"model_type": "CNN", "units": 16, "num_layers": 4, "dropout": 0.5, "activation": "tanh", "lr": 0.004960631169615697, "window_size": 24, "batch_size": 128, "epochs": 5, "kernel_size": 2, "attention_heads": 4}, "parameter_index": 0}
[2026-05-22 19:12:01] INFO (NNIManager) submitTrialJob: form: {
  sequenceId: 13,
  hyperParameters: {
    value: '{"parameter_id": 13, "parameter_source": "algorithm", "parameters": {"model_type": "CNN", "units": 16, "num_layers": 4, "dropout": 0.5, "activation": "tanh", "lr": 0.004960631169615697, "window_size": 24, "batch_size": 128, "epochs": 5, "kernel_size": 2, "attention_heads": 4}, "parameter_index": 0}',
    index: 0
  },
  placementConstraint: { type: 'None', gpus: [] }
}
[2026-05-22 19:12:01] INFO (LocalV3.local) Created trial E9O8m
[2026-05-22 19:12:05] INFO (LocalV3.local) Trial parameter: E9O8m {"parameter_id": 13, "parameter_source": "algorithm", "parameters": {"model_type": "CNN", "units": 16, "num_layers": 4, "dropout": 0.5, "activation": "tanh", "lr": 0.004960631169615697, "window_size": 24, "batch_size": 128, "epochs": 5, "kernel_size": 2, "attention_heads": 4}, "parameter_index": 0}
[2026-05-22 19:12:09] INFO (NNIManager) Trial job E9O8m status changed from RUNNING to SUCCEEDED
[2026-05-22 19:12:09] INFO (NNIManager) NNIManager received command from dispatcher: TR, {"parameter_id": 14, "parameter_source": "algorithm", "parameters": {"model_type": "CNN", "units": 128, "num_layers": 4, "dropout": 0.5, "activation": "relu", "lr": 0.0015410593533344695, "window_size": 24, "batch_size": 128, "epochs": 20, "kernel_size": 5, "attention_heads": 4}, "parameter_index": 0}
[2026-05-22 19:12:09] INFO (NNIManager) submitTrialJob: form: {
  sequenceId: 14,
  hyperParameters: {
    value: '{"parameter_id": 14, "parameter_source": "algorithm", "parameters": {"model_type": "CNN", "units": 128, "num_layers": 4, "dropout": 0.5, "activation": "relu", "lr": 0.0015410593533344695, "window_size": 24, "batch_size": 128, "epochs": 20, "kernel_size": 5, "attention_heads": 4}, "parameter_index": 0}',
    index: 0
  },
  placementConstraint: { type: 'None', gpus: [] }
}
[2026-05-22 19:12:09] INFO (LocalV3.local) Created trial xKZSk
[2026-05-22 19:12:13] INFO (LocalV3.local) Trial parameter: xKZSk {"parameter_id": 14, "parameter_source": "algorithm", "parameters": {"model_type": "CNN", "units": 128, "num_layers": 4, "dropout": 0.5, "activation": "relu", "lr": 0.0015410593533344695, "window_size": 24, "batch_size": 128, "epochs": 20, "kernel_size": 5, "attention_heads": 4}, "parameter_index": 0}
[2026-05-22 19:12:23] INFO (NNIManager) Trial job xKZSk status changed from RUNNING to SUCCEEDED
[2026-05-22 19:12:23] INFO (NNIManager) NNIManager received command from dispatcher: TR, {"parameter_id": 15, "parameter_source": "algorithm", "parameters": {"model_type": "CNN", "units": 16, "num_layers": 3, "dropout": 0.5, "activation": "tanh", "lr": 0.0010301338567128176, "window_size": 24, "batch_size": 128, "epochs": 10, "kernel_size": 2, "attention_heads": 2}, "parameter_index": 0}
[2026-05-22 19:12:24] INFO (NNIManager) submitTrialJob: form: {
  sequenceId: 15,
  hyperParameters: {
    value: '{"parameter_id": 15, "parameter_source": "algorithm", "parameters": {"model_type": "CNN", "units": 16, "num_layers": 3, "dropout": 0.5, "activation": "tanh", "lr": 0.0010301338567128176, "window_size": 24, "batch_size": 128, "epochs": 10, "kernel_size": 2, "attention_heads": 2}, "parameter_index": 0}',
    index: 0
  },
  placementConstraint: { type: 'None', gpus: [] }
}
[2026-05-22 19:12:24] INFO (LocalV3.local) Created trial ymKoq
[2026-05-22 19:12:32] INFO (LocalV3.local) Trial parameter: ymKoq {"parameter_id": 15, "parameter_source": "algorithm", "parameters": {"model_type": "CNN", "units": 16, "num_layers": 3, "dropout": 0.5, "activation": "tanh", "lr": 0.0010301338567128176, "window_size": 24, "batch_size": 128, "epochs": 10, "kernel_size": 2, "attention_heads": 2}, "parameter_index": 0}
[2026-05-22 19:12:40] INFO (NNIManager) Trial job ymKoq status changed from RUNNING to SUCCEEDED
[2026-05-22 19:12:40] INFO (NNIManager) NNIManager received command from dispatcher: TR, {"parameter_id": 16, "parameter_source": "algorithm", "parameters": {"model_type": "CNN", "units": 128, "num_layers": 4, "dropout": 0.5, "activation": "sigmoid", "lr": 0.0031920197311477603, "window_size": 24, "batch_size": 128, "epochs": 20, "kernel_size": 3, "attention_heads": 4}, "parameter_index": 0}
[2026-05-22 19:12:40] INFO (NNIManager) submitTrialJob: form: {
  sequenceId: 16,
  hyperParameters: {
    value: '{"parameter_id": 16, "parameter_source": "algorithm", "parameters": {"model_type": "CNN", "units": 128, "num_layers": 4, "dropout": 0.5, "activation": "sigmoid", "lr": 0.0031920197311477603, "window_size": 24, "batch_size": 128, "epochs": 20, "kernel_size": 3, "attention_heads": 4}, "parameter_index": 0}',
    index: 0
  },
  placementConstraint: { type: 'None', gpus: [] }
}
[2026-05-22 19:12:40] INFO (LocalV3.local) Created trial nG3I0
[2026-05-22 19:12:47] INFO (LocalV3.local) Trial parameter: nG3I0 {"parameter_id": 16, "parameter_source": "algorithm", "parameters": {"model_type": "CNN", "units": 128, "num_layers": 4, "dropout": 0.5, "activation": "sigmoid", "lr": 0.0031920197311477603, "window_size": 24, "batch_size": 128, "epochs": 20, "kernel_size": 3, "attention_heads": 4}, "parameter_index": 0}
[2026-05-22 19:13:01] INFO (NNIManager) Trial job nG3I0 status changed from RUNNING to SUCCEEDED
[2026-05-22 19:13:01] INFO (NNIManager) NNIManager received command from dispatcher: TR, {"parameter_id": 17, "parameter_source": "algorithm", "parameters": {"model_type": "LSTM", "units": 16, "num_layers": 4, "dropout": 0, "activation": "tanh", "lr": 0.0032976359908856905, "window_size": 24, "batch_size": 32, "epochs": 20, "kernel_size": 2, "attention_heads": 2}, "parameter_index": 0}
[2026-05-22 19:13:02] INFO (NNIManager) submitTrialJob: form: {
  sequenceId: 17,
  hyperParameters: {
    value: '{"parameter_id": 17, "parameter_source": "algorithm", "parameters": {"model_type": "LSTM", "units": 16, "num_layers": 4, "dropout": 0, "activation": "tanh", "lr": 0.0032976359908856905, "window_size": 24, "batch_size": 32, "epochs": 20, "kernel_size": 2, "attention_heads": 2}, "parameter_index": 0}',
    index: 0
  },
  placementConstraint: { type: 'None', gpus: [] }
}
[2026-05-22 19:13:02] INFO (LocalV3.local) Created trial eTJot
[2026-05-22 19:13:05] INFO (LocalV3.local) Trial parameter: eTJot {"parameter_id": 17, "parameter_source": "algorithm", "parameters": {"model_type": "LSTM", "units": 16, "num_layers": 4, "dropout": 0, "activation": "tanh", "lr": 0.0032976359908856905, "window_size": 24, "batch_size": 32, "epochs": 20, "kernel_size": 2, "attention_heads": 2}, "parameter_index": 0}
[2026-05-22 19:13:26] INFO (NNIManager) Trial job eTJot status changed from RUNNING to SUCCEEDED
[2026-05-22 19:13:26] INFO (NNIManager) NNIManager received command from dispatcher: TR, {"parameter_id": 18, "parameter_source": "algorithm", "parameters": {"model_type": "MLP", "units": 128, "num_layers": 2, "dropout": 0.5, "activation": "relu", "lr": 0.004313704950170778, "window_size": 24, "batch_size": 128, "epochs": 10, "kernel_size": 5, "attention_heads": 4}, "parameter_index": 0}
[2026-05-22 19:13:27] INFO (NNIManager) submitTrialJob: form: {
  sequenceId: 18,
  hyperParameters: {
    value: '{"parameter_id": 18, "parameter_source": "algorithm", "parameters": {"model_type": "MLP", "units": 128, "num_layers": 2, "dropout": 0.5, "activation": "relu", "lr": 0.004313704950170778, "window_size": 24, "batch_size": 128, "epochs": 10, "kernel_size": 5, "attention_heads": 4}, "parameter_index": 0}',
    index: 0
  },
  placementConstraint: { type: 'None', gpus: [] }
}
[2026-05-22 19:13:27] INFO (LocalV3.local) Created trial A5oh4
[2026-05-22 19:13:31] INFO (LocalV3.local) Trial parameter: A5oh4 {"parameter_id": 18, "parameter_source": "algorithm", "parameters": {"model_type": "MLP", "units": 128, "num_layers": 2, "dropout": 0.5, "activation": "relu", "lr": 0.004313704950170778, "window_size": 24, "batch_size": 128, "epochs": 10, "kernel_size": 5, "attention_heads": 4}, "parameter_index": 0}
[2026-05-22 19:13:37] INFO (NNIManager) Trial job A5oh4 status changed from RUNNING to SUCCEEDED
[2026-05-22 19:13:37] INFO (NNIManager) NNIManager received command from dispatcher: TR, {"parameter_id": 19, "parameter_source": "algorithm", "parameters": {"model_type": "CNN", "units": 16, "num_layers": 3, "dropout": 0, "activation": "elu", "lr": 0.001496110045587948, "window_size": 24, "batch_size": 128, "epochs": 20, "kernel_size": 7, "attention_heads": 4}, "parameter_index": 0}
[2026-05-22 19:13:37] INFO (NNIManager) submitTrialJob: form: {
  sequenceId: 19,
  hyperParameters: {
    value: '{"parameter_id": 19, "parameter_source": "algorithm", "parameters": {"model_type": "CNN", "units": 16, "num_layers": 3, "dropout": 0, "activation": "elu", "lr": 0.001496110045587948, "window_size": 24, "batch_size": 128, "epochs": 20, "kernel_size": 7, "attention_heads": 4}, "parameter_index": 0}',
    index: 0
  },
  placementConstraint: { type: 'None', gpus: [] }
}
[2026-05-22 19:13:37] INFO (LocalV3.local) Created trial RVFty
[2026-05-22 19:13:40] INFO (LocalV3.local) Trial parameter: RVFty {"parameter_id": 19, "parameter_source": "algorithm", "parameters": {"model_type": "CNN", "units": 16, "num_layers": 3, "dropout": 0, "activation": "elu", "lr": 0.001496110045587948, "window_size": 24, "batch_size": 128, "epochs": 20, "kernel_size": 7, "attention_heads": 4}, "parameter_index": 0}
[2026-05-22 19:13:48] INFO (NNIManager) Trial job RVFty status changed from RUNNING to SUCCEEDED
[2026-05-22 19:13:48] INFO (NNIManager) NNIManager received command from dispatcher: TR, {"parameter_id": 20, "parameter_source": "algorithm", "parameters": {"model_type": "CNN", "units": 16, "num_layers": 2, "dropout": 0, "activation": "elu", "lr": 0.0005396072448213845, "window_size": 16, "batch_size": 16, "epochs": 20, "kernel_size": 7, "attention_heads": 8}, "parameter_index": 0}
[2026-05-22 19:13:48] INFO (NNIManager) submitTrialJob: form: {
  sequenceId: 20,
  hyperParameters: {
    value: '{"parameter_id": 20, "parameter_source": "algorithm", "parameters": {"model_type": "CNN", "units": 16, "num_layers": 2, "dropout": 0, "activation": "elu", "lr": 0.0005396072448213845, "window_size": 16, "batch_size": 16, "epochs": 20, "kernel_size": 7, "attention_heads": 8}, "parameter_index": 0}',
    index: 0
  },
  placementConstraint: { type: 'None', gpus: [] }
}
[2026-05-22 19:13:48] INFO (LocalV3.local) Created trial BMRMu
[2026-05-22 19:13:52] INFO (LocalV3.local) Trial parameter: BMRMu {"parameter_id": 20, "parameter_source": "algorithm", "parameters": {"model_type": "CNN", "units": 16, "num_layers": 2, "dropout": 0, "activation": "elu", "lr": 0.0005396072448213845, "window_size": 16, "batch_size": 16, "epochs": 20, "kernel_size": 7, "attention_heads": 8}, "parameter_index": 0}
[2026-05-22 19:14:04] INFO (NNIManager) Trial job BMRMu status changed from RUNNING to SUCCEEDED
[2026-05-22 19:14:04] INFO (NNIManager) NNIManager received command from dispatcher: TR, {"parameter_id": 21, "parameter_source": "algorithm", "parameters": {"model_type": "CNN", "units": 16, "num_layers": 3, "dropout": 0, "activation": "elu", "lr": 0.0031712541951269, "window_size": 24, "batch_size": 128, "epochs": 20, "kernel_size": 7, "attention_heads": 4}, "parameter_index": 0}
[2026-05-22 19:14:05] INFO (NNIManager) submitTrialJob: form: {
  sequenceId: 21,
  hyperParameters: {
    value: '{"parameter_id": 21, "parameter_source": "algorithm", "parameters": {"model_type": "CNN", "units": 16, "num_layers": 3, "dropout": 0, "activation": "elu", "lr": 0.0031712541951269, "window_size": 24, "batch_size": 128, "epochs": 20, "kernel_size": 7, "attention_heads": 4}, "parameter_index": 0}',
    index: 0
  },
  placementConstraint: { type: 'None', gpus: [] }
}
[2026-05-22 19:14:05] INFO (LocalV3.local) Created trial ser8I
[2026-05-22 19:14:11] INFO (LocalV3.local) Trial parameter: ser8I {"parameter_id": 21, "parameter_source": "algorithm", "parameters": {"model_type": "CNN", "units": 16, "num_layers": 3, "dropout": 0, "activation": "elu", "lr": 0.0031712541951269, "window_size": 24, "batch_size": 128, "epochs": 20, "kernel_size": 7, "attention_heads": 4}, "parameter_index": 0}
[2026-05-22 19:14:23] INFO (NNIManager) Trial job ser8I status changed from RUNNING to SUCCEEDED
[2026-05-22 19:14:23] INFO (NNIManager) NNIManager received command from dispatcher: TR, {"parameter_id": 22, "parameter_source": "algorithm", "parameters": {"model_type": "CNN", "units": 16, "num_layers": 4, "dropout": 0.5, "activation": "tanh", "lr": 0.0053171553995465136, "window_size": 24, "batch_size": 128, "epochs": 5, "kernel_size": 2, "attention_heads": 4}, "parameter_index": 0}
[2026-05-22 19:14:23] INFO (NNIManager) submitTrialJob: form: {
  sequenceId: 22,
  hyperParameters: {
    value: '{"parameter_id": 22, "parameter_source": "algorithm", "parameters": {"model_type": "CNN", "units": 16, "num_layers": 4, "dropout": 0.5, "activation": "tanh", "lr": 0.0053171553995465136, "window_size": 24, "batch_size": 128, "epochs": 5, "kernel_size": 2, "attention_heads": 4}, "parameter_index": 0}',
    index: 0
  },
  placementConstraint: { type: 'None', gpus: [] }
}
[2026-05-22 19:14:23] INFO (LocalV3.local) Created trial HjTAT
[2026-05-22 19:14:30] INFO (LocalV3.local) Trial parameter: HjTAT {"parameter_id": 22, "parameter_source": "algorithm", "parameters": {"model_type": "CNN", "units": 16, "num_layers": 4, "dropout": 0.5, "activation": "tanh", "lr": 0.0053171553995465136, "window_size": 24, "batch_size": 128, "epochs": 5, "kernel_size": 2, "attention_heads": 4}, "parameter_index": 0}
[2026-05-22 19:14:36] INFO (NNIManager) Trial job HjTAT status changed from RUNNING to SUCCEEDED
[2026-05-22 19:14:36] INFO (NNIManager) NNIManager received command from dispatcher: TR, {"parameter_id": 23, "parameter_source": "algorithm", "parameters": {"model_type": "CNN", "units": 32, "num_layers": 2, "dropout": 0, "activation": "relu", "lr": 0.0012676013449910981, "window_size": 20, "batch_size": 128, "epochs": 10, "kernel_size": 3, "attention_heads": 4}, "parameter_index": 0}
[2026-05-22 19:14:37] INFO (NNIManager) submitTrialJob: form: {
  sequenceId: 23,
  hyperParameters: {
    value: '{"parameter_id": 23, "parameter_source": "algorithm", "parameters": {"model_type": "CNN", "units": 32, "num_layers": 2, "dropout": 0, "activation": "relu", "lr": 0.0012676013449910981, "window_size": 20, "batch_size": 128, "epochs": 10, "kernel_size": 3, "attention_heads": 4}, "parameter_index": 0}',
    index: 0
  },
  placementConstraint: { type: 'None', gpus: [] }
}
[2026-05-22 19:14:37] INFO (LocalV3.local) Created trial Wpyqn
[2026-05-22 19:14:40] INFO (LocalV3.local) Trial parameter: Wpyqn {"parameter_id": 23, "parameter_source": "algorithm", "parameters": {"model_type": "CNN", "units": 32, "num_layers": 2, "dropout": 0, "activation": "relu", "lr": 0.0012676013449910981, "window_size": 20, "batch_size": 128, "epochs": 10, "kernel_size": 3, "attention_heads": 4}, "parameter_index": 0}
[2026-05-22 19:14:44] INFO (NNIManager) Trial job Wpyqn status changed from RUNNING to SUCCEEDED
[2026-05-22 19:14:44] INFO (NNIManager) NNIManager received command from dispatcher: TR, {"parameter_id": 24, "parameter_source": "algorithm", "parameters": {"model_type": "CNN", "units": 16, "num_layers": 4, "dropout": 0.5, "activation": "elu", "lr": 0.007680469664384701, "window_size": 13, "batch_size": 64, "epochs": 20, "kernel_size": 5, "attention_heads": 2}, "parameter_index": 0}
[2026-05-22 19:14:45] INFO (NNIManager) submitTrialJob: form: {
  sequenceId: 24,
  hyperParameters: {
    value: '{"parameter_id": 24, "parameter_source": "algorithm", "parameters": {"model_type": "CNN", "units": 16, "num_layers": 4, "dropout": 0.5, "activation": "elu", "lr": 0.007680469664384701, "window_size": 13, "batch_size": 64, "epochs": 20, "kernel_size": 5, "attention_heads": 2}, "parameter_index": 0}',
    index: 0
  },
  placementConstraint: { type: 'None', gpus: [] }
}
[2026-05-22 19:14:45] INFO (LocalV3.local) Created trial I6v0y
[2026-05-22 19:14:45] INFO (NNIManager) Change NNIManager status from: RUNNING to: NO_MORE_TRIAL
[2026-05-22 19:14:48] INFO (LocalV3.local) Trial parameter: I6v0y {"parameter_id": 24, "parameter_source": "algorithm", "parameters": {"model_type": "CNN", "units": 16, "num_layers": 4, "dropout": 0.5, "activation": "elu", "lr": 0.007680469664384701, "window_size": 13, "batch_size": 64, "epochs": 20, "kernel_size": 5, "attention_heads": 2}, "parameter_index": 0}
[2026-05-22 19:14:56] INFO (NNIManager) Trial job I6v0y status changed from RUNNING to SUCCEEDED
[2026-05-22 19:14:56] INFO (NNIManager) Change NNIManager status from: NO_MORE_TRIAL to: DONE
[2026-05-22 19:14:56] INFO (NNIManager) Experiment done.
[2026-05-22 19:14:58] INFO (ShutdownManager) Initiate shutdown: SIGTERM
[2026-05-22 19:14:58] INFO (RestServer) Stopping REST server.
[2026-05-22 19:14:58] INFO (NNIManager) Change NNIManager status from: DONE to: STOPPING
[2026-05-22 19:14:58] INFO (NNIManager) Stopping experiment, cleaning up ...
[2026-05-22 19:14:58] INFO (RestServer) REST server stopped.
[2026-05-22 19:15:01] INFO (LocalV3.local) All trials stopped
[2026-05-22 19:15:01] INFO (NNIManager) Change NNIManager status from: STOPPING to: STOPPED
[2026-05-22 19:15:01] INFO (NNIManager) Experiment stopped.
[2026-05-22 19:15:01] INFO (NNITensorboardManager) Forced stopping all tensorboard task.
[2026-05-22 19:15:01] INFO (NNITensorboardManager) All tensorboard task stopped.
[2026-05-22 19:15:01] INFO (NNITensorboardManager) Tensorboard manager stopped.
[2026-05-22 19:15:01] INFO (ShutdownManager) Shutdown complete.
