[2026-05-22 21:39:11] INFO (main) Start NNI manager
[2026-05-22 21:39:11] INFO (RestServer) Starting REST server at port 8725, URL prefix: "/"
[2026-05-22 21:39:11] INFO (RestServer) REST server started.
[2026-05-22 21:39:11] INFO (NNIDataStore) Datastore initialization done
[2026-05-22 21:39:12] INFO (NNIManager) Starting experiment: ru18ogwe
[2026-05-22 21:39:12] INFO (NNIManager) Setup training service...
[2026-05-22 21:39:12] INFO (NNIManager) Setup tuner...
[2026-05-22 21:39:12] INFO (NNIManager) Change NNIManager status from: INITIALIZED to: RUNNING
[2026-05-22 21:39:13] INFO (NNIManager) Add event listeners
[2026-05-22 21:39:13] INFO (LocalV3.local) Start
[2026-05-22 21:39:13] INFO (NNIManager) NNIManager received command from dispatcher: ID, 
[2026-05-22 21:39:13] INFO (NNIManager) NNIManager received command from dispatcher: TR, {"parameter_id": 0, "parameter_source": "algorithm", "parameters": {"model_type": "GRU", "units": 16, "num_layers": 1, "dropout": 0.2, "activation": "relu", "lr": 5.818081188014946e-05, "window_size": 19, "batch_size": 64, "epochs": 5, "kernel_size": 3, "attention_heads": 4}, "parameter_index": 0}
[2026-05-22 21:39:14] INFO (NNIManager) submitTrialJob: form: {
  sequenceId: 0,
  hyperParameters: {
    value: '{"parameter_id": 0, "parameter_source": "algorithm", "parameters": {"model_type": "GRU", "units": 16, "num_layers": 1, "dropout": 0.2, "activation": "relu", "lr": 5.818081188014946e-05, "window_size": 19, "batch_size": 64, "epochs": 5, "kernel_size": 3, "attention_heads": 4}, "parameter_index": 0}',
    index: 0
  },
  placementConstraint: { type: 'None', gpus: [] }
}
[2026-05-22 21:39:14] INFO (LocalV3.local) Register directory trial_code = /home/meliani/Desktop/phd/fast-track
[2026-05-22 21:39:14] INFO (LocalV3.local) Created trial r1EQL
[2026-05-22 21:39:17] INFO (LocalV3.local) Trial parameter: r1EQL {"parameter_id": 0, "parameter_source": "algorithm", "parameters": {"model_type": "GRU", "units": 16, "num_layers": 1, "dropout": 0.2, "activation": "relu", "lr": 5.818081188014946e-05, "window_size": 19, "batch_size": 64, "epochs": 5, "kernel_size": 3, "attention_heads": 4}, "parameter_index": 0}
[2026-05-22 21:39:22] INFO (NNIManager) Trial job r1EQL status changed from RUNNING to SUCCEEDED
[2026-05-22 21:39:22] INFO (NNIManager) NNIManager received command from dispatcher: TR, {"parameter_id": 1, "parameter_source": "algorithm", "parameters": {"model_type": "Transformer", "units": 128, "num_layers": 2, "dropout": 0.2, "activation": "tanh", "lr": 0.00014428664145369252, "window_size": 24, "batch_size": 16, "epochs": 15, "kernel_size": 3, "attention_heads": 4}, "parameter_index": 0}
[2026-05-22 21:39:23] INFO (NNIManager) submitTrialJob: form: {
  sequenceId: 1,
  hyperParameters: {
    value: '{"parameter_id": 1, "parameter_source": "algorithm", "parameters": {"model_type": "Transformer", "units": 128, "num_layers": 2, "dropout": 0.2, "activation": "tanh", "lr": 0.00014428664145369252, "window_size": 24, "batch_size": 16, "epochs": 15, "kernel_size": 3, "attention_heads": 4}, "parameter_index": 0}',
    index: 0
  },
  placementConstraint: { type: 'None', gpus: [] }
}
[2026-05-22 21:39:23] INFO (LocalV3.local) Created trial bGqxS
[2026-05-22 21:39:27] INFO (LocalV3.local) Trial parameter: bGqxS {"parameter_id": 1, "parameter_source": "algorithm", "parameters": {"model_type": "Transformer", "units": 128, "num_layers": 2, "dropout": 0.2, "activation": "tanh", "lr": 0.00014428664145369252, "window_size": 24, "batch_size": 16, "epochs": 15, "kernel_size": 3, "attention_heads": 4}, "parameter_index": 0}
[2026-05-22 21:39:50] INFO (NNIManager) Trial job bGqxS status changed from RUNNING to SUCCEEDED
[2026-05-22 21:39:50] INFO (NNIManager) NNIManager received command from dispatcher: TR, {"parameter_id": 2, "parameter_source": "algorithm", "parameters": {"model_type": "TCN", "units": 16, "num_layers": 4, "dropout": 0.1, "activation": "elu", "lr": 9.112763286683092e-05, "window_size": 10, "batch_size": 16, "epochs": 5, "kernel_size": 7, "attention_heads": 8}, "parameter_index": 0}
[2026-05-22 21:39:51] INFO (NNIManager) submitTrialJob: form: {
  sequenceId: 2,
  hyperParameters: {
    value: '{"parameter_id": 2, "parameter_source": "algorithm", "parameters": {"model_type": "TCN", "units": 16, "num_layers": 4, "dropout": 0.1, "activation": "elu", "lr": 9.112763286683092e-05, "window_size": 10, "batch_size": 16, "epochs": 5, "kernel_size": 7, "attention_heads": 8}, "parameter_index": 0}',
    index: 0
  },
  placementConstraint: { type: 'None', gpus: [] }
}
[2026-05-22 21:39:51] INFO (LocalV3.local) Created trial Fhmso
[2026-05-22 21:39:56] INFO (LocalV3.local) Trial parameter: Fhmso {"parameter_id": 2, "parameter_source": "algorithm", "parameters": {"model_type": "TCN", "units": 16, "num_layers": 4, "dropout": 0.1, "activation": "elu", "lr": 9.112763286683092e-05, "window_size": 10, "batch_size": 16, "epochs": 5, "kernel_size": 7, "attention_heads": 8}, "parameter_index": 0}
[2026-05-22 21:40:04] INFO (NNIManager) Trial job Fhmso status changed from RUNNING to SUCCEEDED
[2026-05-22 21:40:04] INFO (NNIManager) NNIManager received command from dispatcher: TR, {"parameter_id": 3, "parameter_source": "algorithm", "parameters": {"model_type": "TCN", "units": 256, "num_layers": 1, "dropout": 0.5, "activation": "elu", "lr": 0.0013887421406706835, "window_size": 12, "batch_size": 32, "epochs": 10, "kernel_size": 7, "attention_heads": 4}, "parameter_index": 0}
[2026-05-22 21:40:04] INFO (NNIManager) submitTrialJob: form: {
  sequenceId: 3,
  hyperParameters: {
    value: '{"parameter_id": 3, "parameter_source": "algorithm", "parameters": {"model_type": "TCN", "units": 256, "num_layers": 1, "dropout": 0.5, "activation": "elu", "lr": 0.0013887421406706835, "window_size": 12, "batch_size": 32, "epochs": 10, "kernel_size": 7, "attention_heads": 4}, "parameter_index": 0}',
    index: 0
  },
  placementConstraint: { type: 'None', gpus: [] }
}
[2026-05-22 21:40:04] INFO (LocalV3.local) Created trial t8bbo
[2026-05-22 21:40:08] INFO (LocalV3.local) Trial parameter: t8bbo {"parameter_id": 3, "parameter_source": "algorithm", "parameters": {"model_type": "TCN", "units": 256, "num_layers": 1, "dropout": 0.5, "activation": "elu", "lr": 0.0013887421406706835, "window_size": 12, "batch_size": 32, "epochs": 10, "kernel_size": 7, "attention_heads": 4}, "parameter_index": 0}
[2026-05-22 21:40:15] INFO (NNIManager) Trial job t8bbo status changed from RUNNING to SUCCEEDED
[2026-05-22 21:40:15] INFO (NNIManager) NNIManager received command from dispatcher: TR, {"parameter_id": 4, "parameter_source": "algorithm", "parameters": {"model_type": "CNN", "units": 64, "num_layers": 2, "dropout": 0, "activation": "tanh", "lr": 0.00010117539201196824, "window_size": 16, "batch_size": 128, "epochs": 15, "kernel_size": 3, "attention_heads": 8}, "parameter_index": 0}
[2026-05-22 21:40:16] INFO (NNIManager) submitTrialJob: form: {
  sequenceId: 4,
  hyperParameters: {
    value: '{"parameter_id": 4, "parameter_source": "algorithm", "parameters": {"model_type": "CNN", "units": 64, "num_layers": 2, "dropout": 0, "activation": "tanh", "lr": 0.00010117539201196824, "window_size": 16, "batch_size": 128, "epochs": 15, "kernel_size": 3, "attention_heads": 8}, "parameter_index": 0}',
    index: 0
  },
  placementConstraint: { type: 'None', gpus: [] }
}
[2026-05-22 21:40:16] INFO (LocalV3.local) Created trial gMY62
[2026-05-22 21:40:18] INFO (LocalV3.local) Trial parameter: gMY62 {"parameter_id": 4, "parameter_source": "algorithm", "parameters": {"model_type": "CNN", "units": 64, "num_layers": 2, "dropout": 0, "activation": "tanh", "lr": 0.00010117539201196824, "window_size": 16, "batch_size": 128, "epochs": 15, "kernel_size": 3, "attention_heads": 8}, "parameter_index": 0}
[2026-05-22 21:40:23] INFO (NNIManager) Trial job gMY62 status changed from RUNNING to SUCCEEDED
[2026-05-22 21:40:23] INFO (NNIManager) NNIManager received command from dispatcher: TR, {"parameter_id": 5, "parameter_source": "algorithm", "parameters": {"model_type": "GRU", "units": 256, "num_layers": 4, "dropout": 0.2, "activation": "elu", "lr": 0.00011257502354864701, "window_size": 18, "batch_size": 16, "epochs": 20, "kernel_size": 7, "attention_heads": 8}, "parameter_index": 0}
[2026-05-22 21:40:23] INFO (NNIManager) submitTrialJob: form: {
  sequenceId: 5,
  hyperParameters: {
    value: '{"parameter_id": 5, "parameter_source": "algorithm", "parameters": {"model_type": "GRU", "units": 256, "num_layers": 4, "dropout": 0.2, "activation": "elu", "lr": 0.00011257502354864701, "window_size": 18, "batch_size": 16, "epochs": 20, "kernel_size": 7, "attention_heads": 8}, "parameter_index": 0}',
    index: 0
  },
  placementConstraint: { type: 'None', gpus: [] }
}
[2026-05-22 21:40:23] INFO (LocalV3.local) Created trial FbXNY
[2026-05-22 21:40:27] INFO (LocalV3.local) Trial parameter: FbXNY {"parameter_id": 5, "parameter_source": "algorithm", "parameters": {"model_type": "GRU", "units": 256, "num_layers": 4, "dropout": 0.2, "activation": "elu", "lr": 0.00011257502354864701, "window_size": 18, "batch_size": 16, "epochs": 20, "kernel_size": 7, "attention_heads": 8}, "parameter_index": 0}
[2026-05-22 21:41:17] INFO (NNIManager) Trial job FbXNY status changed from RUNNING to SUCCEEDED
[2026-05-22 21:41:17] INFO (NNIManager) NNIManager received command from dispatcher: TR, {"parameter_id": 6, "parameter_source": "algorithm", "parameters": {"model_type": "CNN", "units": 256, "num_layers": 4, "dropout": 0, "activation": "relu", "lr": 6.932358394892815e-05, "window_size": 23, "batch_size": 64, "epochs": 15, "kernel_size": 7, "attention_heads": 2}, "parameter_index": 0}
[2026-05-22 21:41:17] INFO (NNIManager) submitTrialJob: form: {
  sequenceId: 6,
  hyperParameters: {
    value: '{"parameter_id": 6, "parameter_source": "algorithm", "parameters": {"model_type": "CNN", "units": 256, "num_layers": 4, "dropout": 0, "activation": "relu", "lr": 6.932358394892815e-05, "window_size": 23, "batch_size": 64, "epochs": 15, "kernel_size": 7, "attention_heads": 2}, "parameter_index": 0}',
    index: 0
  },
  placementConstraint: { type: 'None', gpus: [] }
}
[2026-05-22 21:41:17] INFO (LocalV3.local) Created trial goYEl
[2026-05-22 21:41:20] INFO (LocalV3.local) Trial parameter: goYEl {"parameter_id": 6, "parameter_source": "algorithm", "parameters": {"model_type": "CNN", "units": 256, "num_layers": 4, "dropout": 0, "activation": "relu", "lr": 6.932358394892815e-05, "window_size": 23, "batch_size": 64, "epochs": 15, "kernel_size": 7, "attention_heads": 2}, "parameter_index": 0}
[2026-05-22 21:41:40] INFO (NNIManager) Trial job goYEl status changed from RUNNING to SUCCEEDED
[2026-05-22 21:41:40] INFO (NNIManager) NNIManager received command from dispatcher: TR, {"parameter_id": 7, "parameter_source": "algorithm", "parameters": {"model_type": "MLP", "units": 64, "num_layers": 2, "dropout": 0.1, "activation": "sigmoid", "lr": 0.0017103512993277186, "window_size": 15, "batch_size": 64, "epochs": 5, "kernel_size": 3, "attention_heads": 2}, "parameter_index": 0}
[2026-05-22 21:41:41] INFO (NNIManager) submitTrialJob: form: {
  sequenceId: 7,
  hyperParameters: {
    value: '{"parameter_id": 7, "parameter_source": "algorithm", "parameters": {"model_type": "MLP", "units": 64, "num_layers": 2, "dropout": 0.1, "activation": "sigmoid", "lr": 0.0017103512993277186, "window_size": 15, "batch_size": 64, "epochs": 5, "kernel_size": 3, "attention_heads": 2}, "parameter_index": 0}',
    index: 0
  },
  placementConstraint: { type: 'None', gpus: [] }
}
[2026-05-22 21:41:41] INFO (LocalV3.local) Created trial cMMgT
[2026-05-22 21:41:47] INFO (LocalV3.local) Trial parameter: cMMgT {"parameter_id": 7, "parameter_source": "algorithm", "parameters": {"model_type": "MLP", "units": 64, "num_layers": 2, "dropout": 0.1, "activation": "sigmoid", "lr": 0.0017103512993277186, "window_size": 15, "batch_size": 64, "epochs": 5, "kernel_size": 3, "attention_heads": 2}, "parameter_index": 0}
[2026-05-22 21:41:54] INFO (NNIManager) Trial job cMMgT status changed from RUNNING to SUCCEEDED
[2026-05-22 21:41:54] INFO (NNIManager) NNIManager received command from dispatcher: TR, {"parameter_id": 8, "parameter_source": "algorithm", "parameters": {"model_type": "RNN", "units": 32, "num_layers": 3, "dropout": 0.5, "activation": "relu", "lr": 0.003407008335670717, "window_size": 10, "batch_size": 64, "epochs": 15, "kernel_size": 7, "attention_heads": 8}, "parameter_index": 0}
[2026-05-22 21:41:55] INFO (NNIManager) submitTrialJob: form: {
  sequenceId: 8,
  hyperParameters: {
    value: '{"parameter_id": 8, "parameter_source": "algorithm", "parameters": {"model_type": "RNN", "units": 32, "num_layers": 3, "dropout": 0.5, "activation": "relu", "lr": 0.003407008335670717, "window_size": 10, "batch_size": 64, "epochs": 15, "kernel_size": 7, "attention_heads": 8}, "parameter_index": 0}',
    index: 0
  },
  placementConstraint: { type: 'None', gpus: [] }
}
[2026-05-22 21:41:55] INFO (LocalV3.local) Created trial HulwH
[2026-05-22 21:42:02] INFO (LocalV3.local) Trial parameter: HulwH {"parameter_id": 8, "parameter_source": "algorithm", "parameters": {"model_type": "RNN", "units": 32, "num_layers": 3, "dropout": 0.5, "activation": "relu", "lr": 0.003407008335670717, "window_size": 10, "batch_size": 64, "epochs": 15, "kernel_size": 7, "attention_heads": 8}, "parameter_index": 0}
[2026-05-22 21:42:09] INFO (NNIManager) Trial job HulwH status changed from RUNNING to SUCCEEDED
[2026-05-22 21:42:09] INFO (NNIManager) NNIManager received command from dispatcher: TR, {"parameter_id": 9, "parameter_source": "algorithm", "parameters": {"model_type": "MLP", "units": 32, "num_layers": 3, "dropout": 0.2, "activation": "tanh", "lr": 0.00016028165236794506, "window_size": 12, "batch_size": 16, "epochs": 5, "kernel_size": 3, "attention_heads": 4}, "parameter_index": 0}
[2026-05-22 21:42:10] INFO (NNIManager) submitTrialJob: form: {
  sequenceId: 9,
  hyperParameters: {
    value: '{"parameter_id": 9, "parameter_source": "algorithm", "parameters": {"model_type": "MLP", "units": 32, "num_layers": 3, "dropout": 0.2, "activation": "tanh", "lr": 0.00016028165236794506, "window_size": 12, "batch_size": 16, "epochs": 5, "kernel_size": 3, "attention_heads": 4}, "parameter_index": 0}',
    index: 0
  },
  placementConstraint: { type: 'None', gpus: [] }
}
[2026-05-22 21:42:10] INFO (LocalV3.local) Created trial TN7dB
[2026-05-22 21:42:13] INFO (LocalV3.local) Trial parameter: TN7dB {"parameter_id": 9, "parameter_source": "algorithm", "parameters": {"model_type": "MLP", "units": 32, "num_layers": 3, "dropout": 0.2, "activation": "tanh", "lr": 0.00016028165236794506, "window_size": 12, "batch_size": 16, "epochs": 5, "kernel_size": 3, "attention_heads": 4}, "parameter_index": 0}
[2026-05-22 21:42:17] INFO (NNIManager) Trial job TN7dB status changed from RUNNING to SUCCEEDED
[2026-05-22 21:42:17] INFO (NNIManager) NNIManager received command from dispatcher: TR, {"parameter_id": 10, "parameter_source": "algorithm", "parameters": {"model_type": "Transformer", "units": 32, "num_layers": 1, "dropout": 0.1, "activation": "relu", "lr": 0.0021442439421263206, "window_size": 22, "batch_size": 64, "epochs": 10, "kernel_size": 2, "attention_heads": 4}, "parameter_index": 0}
[2026-05-22 21:42:17] INFO (NNIManager) submitTrialJob: form: {
  sequenceId: 10,
  hyperParameters: {
    value: '{"parameter_id": 10, "parameter_source": "algorithm", "parameters": {"model_type": "Transformer", "units": 32, "num_layers": 1, "dropout": 0.1, "activation": "relu", "lr": 0.0021442439421263206, "window_size": 22, "batch_size": 64, "epochs": 10, "kernel_size": 2, "attention_heads": 4}, "parameter_index": 0}',
    index: 0
  },
  placementConstraint: { type: 'None', gpus: [] }
}
[2026-05-22 21:42:17] INFO (LocalV3.local) Created trial GbsYH
[2026-05-22 21:42:20] INFO (LocalV3.local) Trial parameter: GbsYH {"parameter_id": 10, "parameter_source": "algorithm", "parameters": {"model_type": "Transformer", "units": 32, "num_layers": 1, "dropout": 0.1, "activation": "relu", "lr": 0.0021442439421263206, "window_size": 22, "batch_size": 64, "epochs": 10, "kernel_size": 2, "attention_heads": 4}, "parameter_index": 0}
[2026-05-22 21:42:26] INFO (NNIManager) Trial job GbsYH status changed from RUNNING to SUCCEEDED
[2026-05-22 21:42:26] INFO (NNIManager) NNIManager received command from dispatcher: TR, {"parameter_id": 11, "parameter_source": "algorithm", "parameters": {"model_type": "LSTM", "units": 32, "num_layers": 1, "dropout": 0.2, "activation": "tanh", "lr": 2.8693408039617995e-05, "window_size": 16, "batch_size": 64, "epochs": 15, "kernel_size": 5, "attention_heads": 2}, "parameter_index": 0}
[2026-05-22 21:42:26] INFO (NNIManager) submitTrialJob: form: {
  sequenceId: 11,
  hyperParameters: {
    value: '{"parameter_id": 11, "parameter_source": "algorithm", "parameters": {"model_type": "LSTM", "units": 32, "num_layers": 1, "dropout": 0.2, "activation": "tanh", "lr": 2.8693408039617995e-05, "window_size": 16, "batch_size": 64, "epochs": 15, "kernel_size": 5, "attention_heads": 2}, "parameter_index": 0}',
    index: 0
  },
  placementConstraint: { type: 'None', gpus: [] }
}
[2026-05-22 21:42:26] INFO (LocalV3.local) Created trial GhzgC
[2026-05-22 21:42:29] INFO (LocalV3.local) Trial parameter: GhzgC {"parameter_id": 11, "parameter_source": "algorithm", "parameters": {"model_type": "LSTM", "units": 32, "num_layers": 1, "dropout": 0.2, "activation": "tanh", "lr": 2.8693408039617995e-05, "window_size": 16, "batch_size": 64, "epochs": 15, "kernel_size": 5, "attention_heads": 2}, "parameter_index": 0}
[2026-05-22 21:42:36] INFO (NNIManager) Trial job GhzgC status changed from RUNNING to SUCCEEDED
[2026-05-22 21:42:36] INFO (NNIManager) NNIManager received command from dispatcher: TR, {"parameter_id": 12, "parameter_source": "algorithm", "parameters": {"model_type": "CNN", "units": 256, "num_layers": 2, "dropout": 0.5, "activation": "sigmoid", "lr": 0.0005525639391943336, "window_size": 14, "batch_size": 64, "epochs": 15, "kernel_size": 5, "attention_heads": 4}, "parameter_index": 0}
[2026-05-22 21:42:37] INFO (NNIManager) submitTrialJob: form: {
  sequenceId: 12,
  hyperParameters: {
    value: '{"parameter_id": 12, "parameter_source": "algorithm", "parameters": {"model_type": "CNN", "units": 256, "num_layers": 2, "dropout": 0.5, "activation": "sigmoid", "lr": 0.0005525639391943336, "window_size": 14, "batch_size": 64, "epochs": 15, "kernel_size": 5, "attention_heads": 4}, "parameter_index": 0}',
    index: 0
  },
  placementConstraint: { type: 'None', gpus: [] }
}
[2026-05-22 21:42:37] INFO (LocalV3.local) Created trial otodg
[2026-05-22 21:42:40] INFO (LocalV3.local) Trial parameter: otodg {"parameter_id": 12, "parameter_source": "algorithm", "parameters": {"model_type": "CNN", "units": 256, "num_layers": 2, "dropout": 0.5, "activation": "sigmoid", "lr": 0.0005525639391943336, "window_size": 14, "batch_size": 64, "epochs": 15, "kernel_size": 5, "attention_heads": 4}, "parameter_index": 0}
[2026-05-22 21:42:47] INFO (NNIManager) Trial job otodg status changed from RUNNING to SUCCEEDED
[2026-05-22 21:42:47] INFO (NNIManager) NNIManager received command from dispatcher: TR, {"parameter_id": 13, "parameter_source": "algorithm", "parameters": {"model_type": "Transformer", "units": 32, "num_layers": 3, "dropout": 0.1, "activation": "tanh", "lr": 0.0001106470350017562, "window_size": 14, "batch_size": 32, "epochs": 5, "kernel_size": 5, "attention_heads": 8}, "parameter_index": 0}
[2026-05-22 21:42:47] INFO (NNIManager) submitTrialJob: form: {
  sequenceId: 13,
  hyperParameters: {
    value: '{"parameter_id": 13, "parameter_source": "algorithm", "parameters": {"model_type": "Transformer", "units": 32, "num_layers": 3, "dropout": 0.1, "activation": "tanh", "lr": 0.0001106470350017562, "window_size": 14, "batch_size": 32, "epochs": 5, "kernel_size": 5, "attention_heads": 8}, "parameter_index": 0}',
    index: 0
  },
  placementConstraint: { type: 'None', gpus: [] }
}
[2026-05-22 21:42:47] INFO (LocalV3.local) Created trial NplVR
[2026-05-22 21:42:50] INFO (LocalV3.local) Trial parameter: NplVR {"parameter_id": 13, "parameter_source": "algorithm", "parameters": {"model_type": "Transformer", "units": 32, "num_layers": 3, "dropout": 0.1, "activation": "tanh", "lr": 0.0001106470350017562, "window_size": 14, "batch_size": 32, "epochs": 5, "kernel_size": 5, "attention_heads": 8}, "parameter_index": 0}
[2026-05-22 21:43:02] INFO (NNIManager) Trial job NplVR status changed from RUNNING to SUCCEEDED
[2026-05-22 21:43:02] INFO (NNIManager) NNIManager received command from dispatcher: TR, {"parameter_id": 14, "parameter_source": "algorithm", "parameters": {"model_type": "RNN", "units": 16, "num_layers": 2, "dropout": 0.5, "activation": "tanh", "lr": 0.00545799147041188, "window_size": 20, "batch_size": 64, "epochs": 20, "kernel_size": 5, "attention_heads": 4}, "parameter_index": 0}
[2026-05-22 21:43:02] INFO (NNIManager) submitTrialJob: form: {
  sequenceId: 14,
  hyperParameters: {
    value: '{"parameter_id": 14, "parameter_source": "algorithm", "parameters": {"model_type": "RNN", "units": 16, "num_layers": 2, "dropout": 0.5, "activation": "tanh", "lr": 0.00545799147041188, "window_size": 20, "batch_size": 64, "epochs": 20, "kernel_size": 5, "attention_heads": 4}, "parameter_index": 0}',
    index: 0
  },
  placementConstraint: { type: 'None', gpus: [] }
}
[2026-05-22 21:43:02] INFO (LocalV3.local) Created trial Bakju
[2026-05-22 21:43:06] INFO (LocalV3.local) Trial parameter: Bakju {"parameter_id": 14, "parameter_source": "algorithm", "parameters": {"model_type": "RNN", "units": 16, "num_layers": 2, "dropout": 0.5, "activation": "tanh", "lr": 0.00545799147041188, "window_size": 20, "batch_size": 64, "epochs": 20, "kernel_size": 5, "attention_heads": 4}, "parameter_index": 0}
[2026-05-22 21:43:20] INFO (NNIManager) Trial job Bakju status changed from RUNNING to SUCCEEDED
[2026-05-22 21:43:20] INFO (NNIManager) NNIManager received command from dispatcher: TR, {"parameter_id": 15, "parameter_source": "algorithm", "parameters": {"model_type": "TCN", "units": 128, "num_layers": 1, "dropout": 0, "activation": "relu", "lr": 0.00038033286414073845, "window_size": 20, "batch_size": 16, "epochs": 10, "kernel_size": 3, "attention_heads": 2}, "parameter_index": 0}
[2026-05-22 21:43:20] INFO (NNIManager) submitTrialJob: form: {
  sequenceId: 15,
  hyperParameters: {
    value: '{"parameter_id": 15, "parameter_source": "algorithm", "parameters": {"model_type": "TCN", "units": 128, "num_layers": 1, "dropout": 0, "activation": "relu", "lr": 0.00038033286414073845, "window_size": 20, "batch_size": 16, "epochs": 10, "kernel_size": 3, "attention_heads": 2}, "parameter_index": 0}',
    index: 0
  },
  placementConstraint: { type: 'None', gpus: [] }
}
[2026-05-22 21:43:20] INFO (LocalV3.local) Created trial BZjAh
[2026-05-22 21:43:25] INFO (LocalV3.local) Trial parameter: BZjAh {"parameter_id": 15, "parameter_source": "algorithm", "parameters": {"model_type": "TCN", "units": 128, "num_layers": 1, "dropout": 0, "activation": "relu", "lr": 0.00038033286414073845, "window_size": 20, "batch_size": 16, "epochs": 10, "kernel_size": 3, "attention_heads": 2}, "parameter_index": 0}
[2026-05-22 21:43:33] INFO (NNIManager) Trial job BZjAh status changed from RUNNING to SUCCEEDED
[2026-05-22 21:43:33] INFO (NNIManager) NNIManager received command from dispatcher: TR, {"parameter_id": 16, "parameter_source": "algorithm", "parameters": {"model_type": "GRU", "units": 32, "num_layers": 3, "dropout": 0.1, "activation": "tanh", "lr": 1.706727549195377e-05, "window_size": 9, "batch_size": 16, "epochs": 20, "kernel_size": 5, "attention_heads": 8}, "parameter_index": 0}
[2026-05-22 21:43:34] INFO (NNIManager) submitTrialJob: form: {
  sequenceId: 16,
  hyperParameters: {
    value: '{"parameter_id": 16, "parameter_source": "algorithm", "parameters": {"model_type": "GRU", "units": 32, "num_layers": 3, "dropout": 0.1, "activation": "tanh", "lr": 1.706727549195377e-05, "window_size": 9, "batch_size": 16, "epochs": 20, "kernel_size": 5, "attention_heads": 8}, "parameter_index": 0}',
    index: 0
  },
  placementConstraint: { type: 'None', gpus: [] }
}
[2026-05-22 21:43:34] INFO (LocalV3.local) Created trial WKFwo
[2026-05-22 21:43:41] INFO (LocalV3.local) Trial parameter: WKFwo {"parameter_id": 16, "parameter_source": "algorithm", "parameters": {"model_type": "GRU", "units": 32, "num_layers": 3, "dropout": 0.1, "activation": "tanh", "lr": 1.706727549195377e-05, "window_size": 9, "batch_size": 16, "epochs": 20, "kernel_size": 5, "attention_heads": 8}, "parameter_index": 0}
[2026-05-22 21:44:00] INFO (NNIManager) Trial job WKFwo status changed from RUNNING to SUCCEEDED
[2026-05-22 21:44:00] INFO (NNIManager) NNIManager received command from dispatcher: TR, {"parameter_id": 17, "parameter_source": "algorithm", "parameters": {"model_type": "CNN", "units": 16, "num_layers": 4, "dropout": 0.5, "activation": "tanh", "lr": 0.00029074338601014707, "window_size": 14, "batch_size": 128, "epochs": 10, "kernel_size": 3, "attention_heads": 4}, "parameter_index": 0}
[2026-05-22 21:44:00] INFO (NNIManager) submitTrialJob: form: {
  sequenceId: 17,
  hyperParameters: {
    value: '{"parameter_id": 17, "parameter_source": "algorithm", "parameters": {"model_type": "CNN", "units": 16, "num_layers": 4, "dropout": 0.5, "activation": "tanh", "lr": 0.00029074338601014707, "window_size": 14, "batch_size": 128, "epochs": 10, "kernel_size": 3, "attention_heads": 4}, "parameter_index": 0}',
    index: 0
  },
  placementConstraint: { type: 'None', gpus: [] }
}
[2026-05-22 21:44:00] INFO (LocalV3.local) Created trial g1E05
[2026-05-22 21:44:04] INFO (LocalV3.local) Trial parameter: g1E05 {"parameter_id": 17, "parameter_source": "algorithm", "parameters": {"model_type": "CNN", "units": 16, "num_layers": 4, "dropout": 0.5, "activation": "tanh", "lr": 0.00029074338601014707, "window_size": 14, "batch_size": 128, "epochs": 10, "kernel_size": 3, "attention_heads": 4}, "parameter_index": 0}
[2026-05-22 21:44:08] INFO (NNIManager) Trial job g1E05 status changed from RUNNING to SUCCEEDED
[2026-05-22 21:44:08] INFO (NNIManager) NNIManager received command from dispatcher: TR, {"parameter_id": 18, "parameter_source": "algorithm", "parameters": {"model_type": "RNN", "units": 128, "num_layers": 1, "dropout": 0, "activation": "elu", "lr": 8.026165587900841e-05, "window_size": 13, "batch_size": 128, "epochs": 10, "kernel_size": 2, "attention_heads": 8}, "parameter_index": 0}
[2026-05-22 21:44:08] INFO (NNIManager) submitTrialJob: form: {
  sequenceId: 18,
  hyperParameters: {
    value: '{"parameter_id": 18, "parameter_source": "algorithm", "parameters": {"model_type": "RNN", "units": 128, "num_layers": 1, "dropout": 0, "activation": "elu", "lr": 8.026165587900841e-05, "window_size": 13, "batch_size": 128, "epochs": 10, "kernel_size": 2, "attention_heads": 8}, "parameter_index": 0}',
    index: 0
  },
  placementConstraint: { type: 'None', gpus: [] }
}
[2026-05-22 21:44:08] INFO (LocalV3.local) Created trial t5oqd
[2026-05-22 21:44:12] INFO (LocalV3.local) Trial parameter: t5oqd {"parameter_id": 18, "parameter_source": "algorithm", "parameters": {"model_type": "RNN", "units": 128, "num_layers": 1, "dropout": 0, "activation": "elu", "lr": 8.026165587900841e-05, "window_size": 13, "batch_size": 128, "epochs": 10, "kernel_size": 2, "attention_heads": 8}, "parameter_index": 0}
[2026-05-22 21:44:16] INFO (NNIManager) Trial job t5oqd status changed from RUNNING to SUCCEEDED
[2026-05-22 21:44:16] INFO (NNIManager) NNIManager received command from dispatcher: TR, {"parameter_id": 19, "parameter_source": "algorithm", "parameters": {"model_type": "MLP", "units": 16, "num_layers": 2, "dropout": 0, "activation": "elu", "lr": 0.003940273186987243, "window_size": 28, "batch_size": 128, "epochs": 15, "kernel_size": 2, "attention_heads": 8}, "parameter_index": 0}
[2026-05-22 21:44:16] INFO (NNIManager) submitTrialJob: form: {
  sequenceId: 19,
  hyperParameters: {
    value: '{"parameter_id": 19, "parameter_source": "algorithm", "parameters": {"model_type": "MLP", "units": 16, "num_layers": 2, "dropout": 0, "activation": "elu", "lr": 0.003940273186987243, "window_size": 28, "batch_size": 128, "epochs": 15, "kernel_size": 2, "attention_heads": 8}, "parameter_index": 0}',
    index: 0
  },
  placementConstraint: { type: 'None', gpus: [] }
}
[2026-05-22 21:44:16] INFO (LocalV3.local) Created trial a9AOT
[2026-05-22 21:44:19] INFO (LocalV3.local) Trial parameter: a9AOT {"parameter_id": 19, "parameter_source": "algorithm", "parameters": {"model_type": "MLP", "units": 16, "num_layers": 2, "dropout": 0, "activation": "elu", "lr": 0.003940273186987243, "window_size": 28, "batch_size": 128, "epochs": 15, "kernel_size": 2, "attention_heads": 8}, "parameter_index": 0}
[2026-05-22 21:44:23] INFO (NNIManager) Trial job a9AOT status changed from RUNNING to SUCCEEDED
[2026-05-22 21:44:23] INFO (NNIManager) NNIManager received command from dispatcher: TR, {"parameter_id": 20, "parameter_source": "algorithm", "parameters": {"model_type": "RNN", "units": 16, "num_layers": 3, "dropout": 0.5, "activation": "relu", "lr": 0.0014661157694829971, "window_size": 24, "batch_size": 32, "epochs": 20, "kernel_size": 7, "attention_heads": 8}, "parameter_index": 0}
[2026-05-22 21:44:24] INFO (NNIManager) submitTrialJob: form: {
  sequenceId: 20,
  hyperParameters: {
    value: '{"parameter_id": 20, "parameter_source": "algorithm", "parameters": {"model_type": "RNN", "units": 16, "num_layers": 3, "dropout": 0.5, "activation": "relu", "lr": 0.0014661157694829971, "window_size": 24, "batch_size": 32, "epochs": 20, "kernel_size": 7, "attention_heads": 8}, "parameter_index": 0}',
    index: 0
  },
  placementConstraint: { type: 'None', gpus: [] }
}
[2026-05-22 21:44:24] INFO (LocalV3.local) Created trial eAHqr
[2026-05-22 21:44:27] INFO (LocalV3.local) Trial parameter: eAHqr {"parameter_id": 20, "parameter_source": "algorithm", "parameters": {"model_type": "RNN", "units": 16, "num_layers": 3, "dropout": 0.5, "activation": "relu", "lr": 0.0014661157694829971, "window_size": 24, "batch_size": 32, "epochs": 20, "kernel_size": 7, "attention_heads": 8}, "parameter_index": 0}
[2026-05-22 21:44:38] INFO (NNIManager) Trial job eAHqr status changed from RUNNING to SUCCEEDED
[2026-05-22 21:44:38] INFO (NNIManager) NNIManager received command from dispatcher: TR, {"parameter_id": 21, "parameter_source": "algorithm", "parameters": {"model_type": "Transformer", "units": 128, "num_layers": 1, "dropout": 0.5, "activation": "sigmoid", "lr": 1.4803447443802792e-05, "window_size": 18, "batch_size": 16, "epochs": 20, "kernel_size": 3, "attention_heads": 4}, "parameter_index": 0}
[2026-05-22 21:44:39] INFO (NNIManager) submitTrialJob: form: {
  sequenceId: 21,
  hyperParameters: {
    value: '{"parameter_id": 21, "parameter_source": "algorithm", "parameters": {"model_type": "Transformer", "units": 128, "num_layers": 1, "dropout": 0.5, "activation": "sigmoid", "lr": 1.4803447443802792e-05, "window_size": 18, "batch_size": 16, "epochs": 20, "kernel_size": 3, "attention_heads": 4}, "parameter_index": 0}',
    index: 0
  },
  placementConstraint: { type: 'None', gpus: [] }
}
[2026-05-22 21:44:39] INFO (LocalV3.local) Created trial GEDaZ
[2026-05-22 21:44:42] INFO (LocalV3.local) Trial parameter: GEDaZ {"parameter_id": 21, "parameter_source": "algorithm", "parameters": {"model_type": "Transformer", "units": 128, "num_layers": 1, "dropout": 0.5, "activation": "sigmoid", "lr": 1.4803447443802792e-05, "window_size": 18, "batch_size": 16, "epochs": 20, "kernel_size": 3, "attention_heads": 4}, "parameter_index": 0}
[2026-05-22 21:44:53] INFO (NNIManager) Trial job GEDaZ status changed from RUNNING to SUCCEEDED
[2026-05-22 21:44:54] INFO (NNIManager) NNIManager received command from dispatcher: TR, {"parameter_id": 22, "parameter_source": "algorithm", "parameters": {"model_type": "Transformer", "units": 32, "num_layers": 4, "dropout": 0, "activation": "tanh", "lr": 1.79812454688771e-05, "window_size": 17, "batch_size": 64, "epochs": 20, "kernel_size": 3, "attention_heads": 8}, "parameter_index": 0}
[2026-05-22 21:44:54] INFO (NNIManager) submitTrialJob: form: {
  sequenceId: 22,
  hyperParameters: {
    value: '{"parameter_id": 22, "parameter_source": "algorithm", "parameters": {"model_type": "Transformer", "units": 32, "num_layers": 4, "dropout": 0, "activation": "tanh", "lr": 1.79812454688771e-05, "window_size": 17, "batch_size": 64, "epochs": 20, "kernel_size": 3, "attention_heads": 8}, "parameter_index": 0}',
    index: 0
  },
  placementConstraint: { type: 'None', gpus: [] }
}
[2026-05-22 21:44:54] INFO (LocalV3.local) Created trial t5uQZ
[2026-05-22 21:44:59] INFO (LocalV3.local) Trial parameter: t5uQZ {"parameter_id": 22, "parameter_source": "algorithm", "parameters": {"model_type": "Transformer", "units": 32, "num_layers": 4, "dropout": 0, "activation": "tanh", "lr": 1.79812454688771e-05, "window_size": 17, "batch_size": 64, "epochs": 20, "kernel_size": 3, "attention_heads": 8}, "parameter_index": 0}
[2026-05-22 21:45:27] INFO (NNIManager) Trial job t5uQZ status changed from RUNNING to SUCCEEDED
[2026-05-22 21:45:27] INFO (NNIManager) NNIManager received command from dispatcher: TR, {"parameter_id": 23, "parameter_source": "algorithm", "parameters": {"model_type": "MLP", "units": 128, "num_layers": 4, "dropout": 0.5, "activation": "tanh", "lr": 0.003052343830669935, "window_size": 13, "batch_size": 32, "epochs": 15, "kernel_size": 3, "attention_heads": 4}, "parameter_index": 0}
[2026-05-22 21:45:28] INFO (NNIManager) submitTrialJob: form: {
  sequenceId: 23,
  hyperParameters: {
    value: '{"parameter_id": 23, "parameter_source": "algorithm", "parameters": {"model_type": "MLP", "units": 128, "num_layers": 4, "dropout": 0.5, "activation": "tanh", "lr": 0.003052343830669935, "window_size": 13, "batch_size": 32, "epochs": 15, "kernel_size": 3, "attention_heads": 4}, "parameter_index": 0}',
    index: 0
  },
  placementConstraint: { type: 'None', gpus: [] }
}
[2026-05-22 21:45:28] INFO (LocalV3.local) Created trial WMHTf
[2026-05-22 21:45:30] INFO (LocalV3.local) Trial parameter: WMHTf {"parameter_id": 23, "parameter_source": "algorithm", "parameters": {"model_type": "MLP", "units": 128, "num_layers": 4, "dropout": 0.5, "activation": "tanh", "lr": 0.003052343830669935, "window_size": 13, "batch_size": 32, "epochs": 15, "kernel_size": 3, "attention_heads": 4}, "parameter_index": 0}
[2026-05-22 21:45:35] INFO (NNIManager) Trial job WMHTf status changed from RUNNING to SUCCEEDED
[2026-05-22 21:45:35] INFO (NNIManager) NNIManager received command from dispatcher: TR, {"parameter_id": 24, "parameter_source": "algorithm", "parameters": {"model_type": "MLP", "units": 32, "num_layers": 1, "dropout": 0.1, "activation": "tanh", "lr": 0.0009694307670629371, "window_size": 12, "batch_size": 32, "epochs": 15, "kernel_size": 5, "attention_heads": 4}, "parameter_index": 0}
[2026-05-22 21:45:35] INFO (NNIManager) submitTrialJob: form: {
  sequenceId: 24,
  hyperParameters: {
    value: '{"parameter_id": 24, "parameter_source": "algorithm", "parameters": {"model_type": "MLP", "units": 32, "num_layers": 1, "dropout": 0.1, "activation": "tanh", "lr": 0.0009694307670629371, "window_size": 12, "batch_size": 32, "epochs": 15, "kernel_size": 5, "attention_heads": 4}, "parameter_index": 0}',
    index: 0
  },
  placementConstraint: { type: 'None', gpus: [] }
}
[2026-05-22 21:45:35] INFO (LocalV3.local) Created trial gz22e
[2026-05-22 21:45:36] INFO (NNIManager) Change NNIManager status from: RUNNING to: NO_MORE_TRIAL
[2026-05-22 21:45:39] INFO (LocalV3.local) Trial parameter: gz22e {"parameter_id": 24, "parameter_source": "algorithm", "parameters": {"model_type": "MLP", "units": 32, "num_layers": 1, "dropout": 0.1, "activation": "tanh", "lr": 0.0009694307670629371, "window_size": 12, "batch_size": 32, "epochs": 15, "kernel_size": 5, "attention_heads": 4}, "parameter_index": 0}
[2026-05-22 21:45:44] INFO (NNIManager) Trial job gz22e status changed from RUNNING to SUCCEEDED
[2026-05-22 21:45:44] INFO (NNIManager) Change NNIManager status from: NO_MORE_TRIAL to: DONE
[2026-05-22 21:45:44] INFO (NNIManager) Experiment done.
[2026-05-22 21:45:49] INFO (ShutdownManager) Initiate shutdown: SIGTERM
[2026-05-22 21:45:49] INFO (RestServer) Stopping REST server.
[2026-05-22 21:45:49] INFO (NNIManager) Change NNIManager status from: DONE to: STOPPING
[2026-05-22 21:45:49] INFO (NNIManager) Stopping experiment, cleaning up ...
[2026-05-22 21:45:49] INFO (RestServer) REST server stopped.
[2026-05-22 21:45:51] INFO (LocalV3.local) All trials stopped
[2026-05-22 21:45:51] INFO (NNIManager) Change NNIManager status from: STOPPING to: STOPPED
[2026-05-22 21:45:51] INFO (NNIManager) Experiment stopped.
[2026-05-22 21:45:51] INFO (NNITensorboardManager) Forced stopping all tensorboard task.
[2026-05-22 21:45:51] INFO (NNITensorboardManager) All tensorboard task stopped.
[2026-05-22 21:45:51] INFO (NNITensorboardManager) Tensorboard manager stopped.
[2026-05-22 21:45:51] INFO (ShutdownManager) Shutdown complete.
