[2026-05-19 02:24:02] INFO (main) Start NNI manager
[2026-05-19 02:24:02] INFO (RestServer) Starting REST server at port 8201, URL prefix: "/"
[2026-05-19 02:24:02] INFO (RestServer) REST server started.
[2026-05-19 02:24:02] INFO (NNIDataStore) Datastore initialization done
[2026-05-19 02:24:03] INFO (NNIManager) Starting experiment: eji3bg8c
[2026-05-19 02:24:03] INFO (NNIManager) Setup training service...
[2026-05-19 02:24:03] INFO (NNIManager) Setup tuner...
[2026-05-19 02:24:03] INFO (NNIManager) Change NNIManager status from: INITIALIZED to: RUNNING
[2026-05-19 02:24:04] INFO (NNIManager) Add event listeners
[2026-05-19 02:24:04] INFO (LocalV3.local) Start
[2026-05-19 02:24:04] INFO (NNIManager) NNIManager received command from dispatcher: ID, 
[2026-05-19 02:24:04] INFO (NNIManager) NNIManager received command from dispatcher: TR, {"parameter_id": 0, "parameter_source": "algorithm", "parameters": {"model_type": "CNN", "units": 256, "num_layers": 4, "dropout": 0.1, "activation": "elu", "lr": 0.0003157106672968305, "window_size": 13, "batch_size": 32, "epochs": 15, "kernel_size": 3, "attention_heads": 8}, "parameter_index": 0}
[2026-05-19 02:24:04] INFO (NNIManager) submitTrialJob: form: {
  sequenceId: 0,
  hyperParameters: {
    value: '{"parameter_id": 0, "parameter_source": "algorithm", "parameters": {"model_type": "CNN", "units": 256, "num_layers": 4, "dropout": 0.1, "activation": "elu", "lr": 0.0003157106672968305, "window_size": 13, "batch_size": 32, "epochs": 15, "kernel_size": 3, "attention_heads": 8}, "parameter_index": 0}',
    index: 0
  },
  placementConstraint: { type: 'None', gpus: [] }
}
[2026-05-19 02:24:05] INFO (LocalV3.local) Register directory trial_code = /home/meliani/Desktop/phd/fast-track
[2026-05-19 02:24:05] INFO (LocalV3.local) Created trial uWKRR
[2026-05-19 02:24:07] INFO (LocalV3.local) Trial parameter: uWKRR {"parameter_id": 0, "parameter_source": "algorithm", "parameters": {"model_type": "CNN", "units": 256, "num_layers": 4, "dropout": 0.1, "activation": "elu", "lr": 0.0003157106672968305, "window_size": 13, "batch_size": 32, "epochs": 15, "kernel_size": 3, "attention_heads": 8}, "parameter_index": 0}
[2026-05-19 02:24:33] INFO (NNIManager) Trial job uWKRR status changed from RUNNING to SUCCEEDED
[2026-05-19 02:24:33] INFO (NNIManager) NNIManager received command from dispatcher: TR, {"parameter_id": 1, "parameter_source": "algorithm", "parameters": {"model_type": "Transformer", "units": 16, "num_layers": 1, "dropout": 0, "activation": "sigmoid", "lr": 6.507222312727859e-05, "window_size": 23, "batch_size": 64, "epochs": 20, "kernel_size": 5, "attention_heads": 8}, "parameter_index": 0}
[2026-05-19 02:24:34] INFO (NNIManager) submitTrialJob: form: {
  sequenceId: 1,
  hyperParameters: {
    value: '{"parameter_id": 1, "parameter_source": "algorithm", "parameters": {"model_type": "Transformer", "units": 16, "num_layers": 1, "dropout": 0, "activation": "sigmoid", "lr": 6.507222312727859e-05, "window_size": 23, "batch_size": 64, "epochs": 20, "kernel_size": 5, "attention_heads": 8}, "parameter_index": 0}',
    index: 0
  },
  placementConstraint: { type: 'None', gpus: [] }
}
[2026-05-19 02:24:34] INFO (LocalV3.local) Created trial lZfRc
[2026-05-19 02:24:36] INFO (LocalV3.local) Trial parameter: lZfRc {"parameter_id": 1, "parameter_source": "algorithm", "parameters": {"model_type": "Transformer", "units": 16, "num_layers": 1, "dropout": 0, "activation": "sigmoid", "lr": 6.507222312727859e-05, "window_size": 23, "batch_size": 64, "epochs": 20, "kernel_size": 5, "attention_heads": 8}, "parameter_index": 0}
[2026-05-19 02:24:48] INFO (NNIManager) Trial job lZfRc status changed from RUNNING to SUCCEEDED
[2026-05-19 02:24:48] INFO (NNIManager) NNIManager received command from dispatcher: TR, {"parameter_id": 2, "parameter_source": "algorithm", "parameters": {"model_type": "Transformer", "units": 64, "num_layers": 1, "dropout": 0, "activation": "elu", "lr": 0.006228590980218492, "window_size": 4, "batch_size": 16, "epochs": 10, "kernel_size": 2, "attention_heads": 4}, "parameter_index": 0}
[2026-05-19 02:24:48] INFO (NNIManager) submitTrialJob: form: {
  sequenceId: 2,
  hyperParameters: {
    value: '{"parameter_id": 2, "parameter_source": "algorithm", "parameters": {"model_type": "Transformer", "units": 64, "num_layers": 1, "dropout": 0, "activation": "elu", "lr": 0.006228590980218492, "window_size": 4, "batch_size": 16, "epochs": 10, "kernel_size": 2, "attention_heads": 4}, "parameter_index": 0}',
    index: 0
  },
  placementConstraint: { type: 'None', gpus: [] }
}
[2026-05-19 02:24:48] INFO (LocalV3.local) Created trial C65ii
[2026-05-19 02:24:50] INFO (LocalV3.local) Trial parameter: C65ii {"parameter_id": 2, "parameter_source": "algorithm", "parameters": {"model_type": "Transformer", "units": 64, "num_layers": 1, "dropout": 0, "activation": "elu", "lr": 0.006228590980218492, "window_size": 4, "batch_size": 16, "epochs": 10, "kernel_size": 2, "attention_heads": 4}, "parameter_index": 0}
[2026-05-19 02:25:02] INFO (NNIManager) Trial job C65ii status changed from RUNNING to SUCCEEDED
[2026-05-19 02:25:02] INFO (NNIManager) NNIManager received command from dispatcher: TR, {"parameter_id": 3, "parameter_source": "algorithm", "parameters": {"model_type": "RNN", "units": 16, "num_layers": 3, "dropout": 0.1, "activation": "sigmoid", "lr": 0.00016796828195230482, "window_size": 29, "batch_size": 128, "epochs": 10, "kernel_size": 2, "attention_heads": 8}, "parameter_index": 0}
[2026-05-19 02:25:03] INFO (NNIManager) submitTrialJob: form: {
  sequenceId: 3,
  hyperParameters: {
    value: '{"parameter_id": 3, "parameter_source": "algorithm", "parameters": {"model_type": "RNN", "units": 16, "num_layers": 3, "dropout": 0.1, "activation": "sigmoid", "lr": 0.00016796828195230482, "window_size": 29, "batch_size": 128, "epochs": 10, "kernel_size": 2, "attention_heads": 8}, "parameter_index": 0}',
    index: 0
  },
  placementConstraint: { type: 'None', gpus: [] }
}
[2026-05-19 02:25:03] INFO (LocalV3.local) Created trial oDD5X
[2026-05-19 02:25:06] INFO (LocalV3.local) Trial parameter: oDD5X {"parameter_id": 3, "parameter_source": "algorithm", "parameters": {"model_type": "RNN", "units": 16, "num_layers": 3, "dropout": 0.1, "activation": "sigmoid", "lr": 0.00016796828195230482, "window_size": 29, "batch_size": 128, "epochs": 10, "kernel_size": 2, "attention_heads": 8}, "parameter_index": 0}
[2026-05-19 02:25:18] INFO (NNIManager) Trial job oDD5X status changed from RUNNING to SUCCEEDED
[2026-05-19 02:25:18] INFO (NNIManager) NNIManager received command from dispatcher: TR, {"parameter_id": 4, "parameter_source": "algorithm", "parameters": {"model_type": "CNN", "units": 32, "num_layers": 2, "dropout": 0, "activation": "relu", "lr": 3.794449037734752e-05, "window_size": 25, "batch_size": 16, "epochs": 5, "kernel_size": 5, "attention_heads": 8}, "parameter_index": 0}
[2026-05-19 02:25:19] INFO (NNIManager) submitTrialJob: form: {
  sequenceId: 4,
  hyperParameters: {
    value: '{"parameter_id": 4, "parameter_source": "algorithm", "parameters": {"model_type": "CNN", "units": 32, "num_layers": 2, "dropout": 0, "activation": "relu", "lr": 3.794449037734752e-05, "window_size": 25, "batch_size": 16, "epochs": 5, "kernel_size": 5, "attention_heads": 8}, "parameter_index": 0}',
    index: 0
  },
  placementConstraint: { type: 'None', gpus: [] }
}
[2026-05-19 02:25:19] INFO (LocalV3.local) Created trial oLaNz
[2026-05-19 02:25:22] INFO (LocalV3.local) Trial parameter: oLaNz {"parameter_id": 4, "parameter_source": "algorithm", "parameters": {"model_type": "CNN", "units": 32, "num_layers": 2, "dropout": 0, "activation": "relu", "lr": 3.794449037734752e-05, "window_size": 25, "batch_size": 16, "epochs": 5, "kernel_size": 5, "attention_heads": 8}, "parameter_index": 0}
[2026-05-19 02:25:31] INFO (NNIManager) Trial job oLaNz status changed from RUNNING to SUCCEEDED
[2026-05-19 02:25:31] INFO (NNIManager) NNIManager received command from dispatcher: TR, {"parameter_id": 5, "parameter_source": "algorithm", "parameters": {"model_type": "LSTM", "units": 32, "num_layers": 3, "dropout": 0, "activation": "elu", "lr": 5.025562683880437e-05, "window_size": 17, "batch_size": 128, "epochs": 5, "kernel_size": 5, "attention_heads": 2}, "parameter_index": 0}
[2026-05-19 02:25:31] INFO (NNIManager) submitTrialJob: form: {
  sequenceId: 5,
  hyperParameters: {
    value: '{"parameter_id": 5, "parameter_source": "algorithm", "parameters": {"model_type": "LSTM", "units": 32, "num_layers": 3, "dropout": 0, "activation": "elu", "lr": 5.025562683880437e-05, "window_size": 17, "batch_size": 128, "epochs": 5, "kernel_size": 5, "attention_heads": 2}, "parameter_index": 0}',
    index: 0
  },
  placementConstraint: { type: 'None', gpus: [] }
}
[2026-05-19 02:25:31] INFO (LocalV3.local) Created trial A7er1
[2026-05-19 02:25:34] INFO (LocalV3.local) Trial parameter: A7er1 {"parameter_id": 5, "parameter_source": "algorithm", "parameters": {"model_type": "LSTM", "units": 32, "num_layers": 3, "dropout": 0, "activation": "elu", "lr": 5.025562683880437e-05, "window_size": 17, "batch_size": 128, "epochs": 5, "kernel_size": 5, "attention_heads": 2}, "parameter_index": 0}
[2026-05-19 02:25:52] INFO (NNIManager) Trial job A7er1 status changed from RUNNING to SUCCEEDED
[2026-05-19 02:25:52] INFO (NNIManager) NNIManager received command from dispatcher: TR, {"parameter_id": 6, "parameter_source": "algorithm", "parameters": {"model_type": "RNN", "units": 16, "num_layers": 3, "dropout": 0.1, "activation": "relu", "lr": 1.6354208270172518e-05, "window_size": 28, "batch_size": 16, "epochs": 15, "kernel_size": 3, "attention_heads": 8}, "parameter_index": 0}
[2026-05-19 02:25:52] INFO (NNIManager) submitTrialJob: form: {
  sequenceId: 6,
  hyperParameters: {
    value: '{"parameter_id": 6, "parameter_source": "algorithm", "parameters": {"model_type": "RNN", "units": 16, "num_layers": 3, "dropout": 0.1, "activation": "relu", "lr": 1.6354208270172518e-05, "window_size": 28, "batch_size": 16, "epochs": 15, "kernel_size": 3, "attention_heads": 8}, "parameter_index": 0}',
    index: 0
  },
  placementConstraint: { type: 'None', gpus: [] }
}
[2026-05-19 02:25:52] INFO (LocalV3.local) Created trial MDzf7
[2026-05-19 02:25:56] INFO (LocalV3.local) Trial parameter: MDzf7 {"parameter_id": 6, "parameter_source": "algorithm", "parameters": {"model_type": "RNN", "units": 16, "num_layers": 3, "dropout": 0.1, "activation": "relu", "lr": 1.6354208270172518e-05, "window_size": 28, "batch_size": 16, "epochs": 15, "kernel_size": 3, "attention_heads": 8}, "parameter_index": 0}
[2026-05-19 02:26:40] INFO (NNIManager) Trial job MDzf7 status changed from RUNNING to SUCCEEDED
[2026-05-19 02:26:40] INFO (NNIManager) NNIManager received command from dispatcher: TR, {"parameter_id": 7, "parameter_source": "algorithm", "parameters": {"model_type": "MLP", "units": 16, "num_layers": 3, "dropout": 0, "activation": "elu", "lr": 1.1551810004323023e-05, "window_size": 6, "batch_size": 64, "epochs": 20, "kernel_size": 2, "attention_heads": 8}, "parameter_index": 0}
[2026-05-19 02:26:40] INFO (NNIManager) submitTrialJob: form: {
  sequenceId: 7,
  hyperParameters: {
    value: '{"parameter_id": 7, "parameter_source": "algorithm", "parameters": {"model_type": "MLP", "units": 16, "num_layers": 3, "dropout": 0, "activation": "elu", "lr": 1.1551810004323023e-05, "window_size": 6, "batch_size": 64, "epochs": 20, "kernel_size": 2, "attention_heads": 8}, "parameter_index": 0}',
    index: 0
  },
  placementConstraint: { type: 'None', gpus: [] }
}
[2026-05-19 02:26:40] INFO (LocalV3.local) Created trial ViEel
[2026-05-19 02:26:42] INFO (LocalV3.local) Trial parameter: ViEel {"parameter_id": 7, "parameter_source": "algorithm", "parameters": {"model_type": "MLP", "units": 16, "num_layers": 3, "dropout": 0, "activation": "elu", "lr": 1.1551810004323023e-05, "window_size": 6, "batch_size": 64, "epochs": 20, "kernel_size": 2, "attention_heads": 8}, "parameter_index": 0}
[2026-05-19 02:26:47] INFO (NNIManager) Trial job ViEel status changed from RUNNING to SUCCEEDED
[2026-05-19 02:26:47] INFO (NNIManager) NNIManager received command from dispatcher: TR, {"parameter_id": 8, "parameter_source": "algorithm", "parameters": {"model_type": "GRU", "units": 32, "num_layers": 2, "dropout": 0.3, "activation": "sigmoid", "lr": 1.8261200919552263e-05, "window_size": 5, "batch_size": 64, "epochs": 5, "kernel_size": 7, "attention_heads": 4}, "parameter_index": 0}
[2026-05-19 02:26:48] INFO (NNIManager) submitTrialJob: form: {
  sequenceId: 8,
  hyperParameters: {
    value: '{"parameter_id": 8, "parameter_source": "algorithm", "parameters": {"model_type": "GRU", "units": 32, "num_layers": 2, "dropout": 0.3, "activation": "sigmoid", "lr": 1.8261200919552263e-05, "window_size": 5, "batch_size": 64, "epochs": 5, "kernel_size": 7, "attention_heads": 4}, "parameter_index": 0}',
    index: 0
  },
  placementConstraint: { type: 'None', gpus: [] }
}
[2026-05-19 02:26:48] INFO (LocalV3.local) Created trial jgxFX
[2026-05-19 02:26:50] INFO (LocalV3.local) Trial parameter: jgxFX {"parameter_id": 8, "parameter_source": "algorithm", "parameters": {"model_type": "GRU", "units": 32, "num_layers": 2, "dropout": 0.3, "activation": "sigmoid", "lr": 1.8261200919552263e-05, "window_size": 5, "batch_size": 64, "epochs": 5, "kernel_size": 7, "attention_heads": 4}, "parameter_index": 0}
[2026-05-19 02:26:56] INFO (NNIManager) Trial job jgxFX status changed from RUNNING to SUCCEEDED
[2026-05-19 02:26:56] INFO (NNIManager) NNIManager received command from dispatcher: TR, {"parameter_id": 9, "parameter_source": "algorithm", "parameters": {"model_type": "LSTM", "units": 32, "num_layers": 3, "dropout": 0.5, "activation": "sigmoid", "lr": 0.0014731132499539478, "window_size": 21, "batch_size": 16, "epochs": 20, "kernel_size": 3, "attention_heads": 8}, "parameter_index": 0}
[2026-05-19 02:26:56] INFO (NNIManager) submitTrialJob: form: {
  sequenceId: 9,
  hyperParameters: {
    value: '{"parameter_id": 9, "parameter_source": "algorithm", "parameters": {"model_type": "LSTM", "units": 32, "num_layers": 3, "dropout": 0.5, "activation": "sigmoid", "lr": 0.0014731132499539478, "window_size": 21, "batch_size": 16, "epochs": 20, "kernel_size": 3, "attention_heads": 8}, "parameter_index": 0}',
    index: 0
  },
  placementConstraint: { type: 'None', gpus: [] }
}
[2026-05-19 02:26:56] INFO (LocalV3.local) Created trial ZVBS6
[2026-05-19 02:26:58] INFO (LocalV3.local) Trial parameter: ZVBS6 {"parameter_id": 9, "parameter_source": "algorithm", "parameters": {"model_type": "LSTM", "units": 32, "num_layers": 3, "dropout": 0.5, "activation": "sigmoid", "lr": 0.0014731132499539478, "window_size": 21, "batch_size": 16, "epochs": 20, "kernel_size": 3, "attention_heads": 8}, "parameter_index": 0}
[2026-05-19 02:28:17] INFO (NNIManager) Trial job ZVBS6 status changed from RUNNING to SUCCEEDED
[2026-05-19 02:28:17] INFO (NNIManager) NNIManager received command from dispatcher: TR, {"parameter_id": 10, "parameter_source": "algorithm", "parameters": {"model_type": "TCN", "units": 32, "num_layers": 1, "dropout": 0.3, "activation": "elu", "lr": 0.0002507679625424722, "window_size": 8, "batch_size": 128, "epochs": 20, "kernel_size": 7, "attention_heads": 4}, "parameter_index": 0}
[2026-05-19 02:28:18] INFO (NNIManager) submitTrialJob: form: {
  sequenceId: 10,
  hyperParameters: {
    value: '{"parameter_id": 10, "parameter_source": "algorithm", "parameters": {"model_type": "TCN", "units": 32, "num_layers": 1, "dropout": 0.3, "activation": "elu", "lr": 0.0002507679625424722, "window_size": 8, "batch_size": 128, "epochs": 20, "kernel_size": 7, "attention_heads": 4}, "parameter_index": 0}',
    index: 0
  },
  placementConstraint: { type: 'None', gpus: [] }
}
[2026-05-19 02:28:18] INFO (LocalV3.local) Created trial lo2bx
[2026-05-19 02:28:20] INFO (LocalV3.local) Trial parameter: lo2bx {"parameter_id": 10, "parameter_source": "algorithm", "parameters": {"model_type": "TCN", "units": 32, "num_layers": 1, "dropout": 0.3, "activation": "elu", "lr": 0.0002507679625424722, "window_size": 8, "batch_size": 128, "epochs": 20, "kernel_size": 7, "attention_heads": 4}, "parameter_index": 0}
[2026-05-19 02:28:24] INFO (NNIManager) Trial job lo2bx status changed from RUNNING to SUCCEEDED
[2026-05-19 02:28:24] INFO (NNIManager) NNIManager received command from dispatcher: TR, {"parameter_id": 11, "parameter_source": "algorithm", "parameters": {"model_type": "MLP", "units": 16, "num_layers": 1, "dropout": 0.2, "activation": "tanh", "lr": 0.0022891937027851345, "window_size": 12, "batch_size": 128, "epochs": 15, "kernel_size": 5, "attention_heads": 8}, "parameter_index": 0}
[2026-05-19 02:28:25] INFO (NNIManager) submitTrialJob: form: {
  sequenceId: 11,
  hyperParameters: {
    value: '{"parameter_id": 11, "parameter_source": "algorithm", "parameters": {"model_type": "MLP", "units": 16, "num_layers": 1, "dropout": 0.2, "activation": "tanh", "lr": 0.0022891937027851345, "window_size": 12, "batch_size": 128, "epochs": 15, "kernel_size": 5, "attention_heads": 8}, "parameter_index": 0}',
    index: 0
  },
  placementConstraint: { type: 'None', gpus: [] }
}
[2026-05-19 02:28:25] INFO (LocalV3.local) Created trial IgpZl
[2026-05-19 02:28:27] INFO (LocalV3.local) Trial parameter: IgpZl {"parameter_id": 11, "parameter_source": "algorithm", "parameters": {"model_type": "MLP", "units": 16, "num_layers": 1, "dropout": 0.2, "activation": "tanh", "lr": 0.0022891937027851345, "window_size": 12, "batch_size": 128, "epochs": 15, "kernel_size": 5, "attention_heads": 8}, "parameter_index": 0}
[2026-05-19 02:28:30] INFO (NNIManager) Trial job IgpZl status changed from RUNNING to SUCCEEDED
[2026-05-19 02:28:30] INFO (NNIManager) NNIManager received command from dispatcher: TR, {"parameter_id": 12, "parameter_source": "algorithm", "parameters": {"model_type": "Transformer", "units": 16, "num_layers": 1, "dropout": 0.3, "activation": "sigmoid", "lr": 2.2920034893006806e-05, "window_size": 16, "batch_size": 128, "epochs": 15, "kernel_size": 5, "attention_heads": 8}, "parameter_index": 0}
[2026-05-19 02:28:30] INFO (NNIManager) submitTrialJob: form: {
  sequenceId: 12,
  hyperParameters: {
    value: '{"parameter_id": 12, "parameter_source": "algorithm", "parameters": {"model_type": "Transformer", "units": 16, "num_layers": 1, "dropout": 0.3, "activation": "sigmoid", "lr": 2.2920034893006806e-05, "window_size": 16, "batch_size": 128, "epochs": 15, "kernel_size": 5, "attention_heads": 8}, "parameter_index": 0}',
    index: 0
  },
  placementConstraint: { type: 'None', gpus: [] }
}
[2026-05-19 02:28:30] INFO (LocalV3.local) Created trial K1moV
[2026-05-19 02:28:32] INFO (LocalV3.local) Trial parameter: K1moV {"parameter_id": 12, "parameter_source": "algorithm", "parameters": {"model_type": "Transformer", "units": 16, "num_layers": 1, "dropout": 0.3, "activation": "sigmoid", "lr": 2.2920034893006806e-05, "window_size": 16, "batch_size": 128, "epochs": 15, "kernel_size": 5, "attention_heads": 8}, "parameter_index": 0}
[2026-05-19 02:28:40] INFO (NNIManager) Trial job K1moV status changed from RUNNING to SUCCEEDED
[2026-05-19 02:28:40] INFO (NNIManager) NNIManager received command from dispatcher: TR, {"parameter_id": 13, "parameter_source": "algorithm", "parameters": {"model_type": "RNN", "units": 128, "num_layers": 1, "dropout": 0.5, "activation": "elu", "lr": 4.3253487379093295e-05, "window_size": 19, "batch_size": 128, "epochs": 15, "kernel_size": 3, "attention_heads": 8}, "parameter_index": 0}
[2026-05-19 02:28:40] INFO (NNIManager) submitTrialJob: form: {
  sequenceId: 13,
  hyperParameters: {
    value: '{"parameter_id": 13, "parameter_source": "algorithm", "parameters": {"model_type": "RNN", "units": 128, "num_layers": 1, "dropout": 0.5, "activation": "elu", "lr": 4.3253487379093295e-05, "window_size": 19, "batch_size": 128, "epochs": 15, "kernel_size": 3, "attention_heads": 8}, "parameter_index": 0}',
    index: 0
  },
  placementConstraint: { type: 'None', gpus: [] }
}
[2026-05-19 02:28:40] INFO (LocalV3.local) Created trial N2tw4
[2026-05-19 02:28:43] INFO (LocalV3.local) Trial parameter: N2tw4 {"parameter_id": 13, "parameter_source": "algorithm", "parameters": {"model_type": "RNN", "units": 128, "num_layers": 1, "dropout": 0.5, "activation": "elu", "lr": 4.3253487379093295e-05, "window_size": 19, "batch_size": 128, "epochs": 15, "kernel_size": 3, "attention_heads": 8}, "parameter_index": 0}
[2026-05-19 02:28:54] INFO (NNIManager) Trial job N2tw4 status changed from RUNNING to SUCCEEDED
[2026-05-19 02:28:54] INFO (NNIManager) NNIManager received command from dispatcher: TR, {"parameter_id": 14, "parameter_source": "algorithm", "parameters": {"model_type": "RNN", "units": 32, "num_layers": 1, "dropout": 0.5, "activation": "relu", "lr": 3.213193912806746e-05, "window_size": 17, "batch_size": 16, "epochs": 20, "kernel_size": 3, "attention_heads": 2}, "parameter_index": 0}
[2026-05-19 02:28:55] INFO (NNIManager) submitTrialJob: form: {
  sequenceId: 14,
  hyperParameters: {
    value: '{"parameter_id": 14, "parameter_source": "algorithm", "parameters": {"model_type": "RNN", "units": 32, "num_layers": 1, "dropout": 0.5, "activation": "relu", "lr": 3.213193912806746e-05, "window_size": 17, "batch_size": 16, "epochs": 20, "kernel_size": 3, "attention_heads": 2}, "parameter_index": 0}',
    index: 0
  },
  placementConstraint: { type: 'None', gpus: [] }
}
[2026-05-19 02:28:55] INFO (LocalV3.local) Created trial N3VZS
[2026-05-19 02:28:58] INFO (LocalV3.local) Trial parameter: N3VZS {"parameter_id": 14, "parameter_source": "algorithm", "parameters": {"model_type": "RNN", "units": 32, "num_layers": 1, "dropout": 0.5, "activation": "relu", "lr": 3.213193912806746e-05, "window_size": 17, "batch_size": 16, "epochs": 20, "kernel_size": 3, "attention_heads": 2}, "parameter_index": 0}
[2026-05-19 02:29:27] INFO (NNIManager) Trial job N3VZS status changed from RUNNING to SUCCEEDED
[2026-05-19 02:29:27] INFO (NNIManager) NNIManager received command from dispatcher: TR, {"parameter_id": 15, "parameter_source": "algorithm", "parameters": {"model_type": "TCN", "units": 128, "num_layers": 3, "dropout": 0.3, "activation": "tanh", "lr": 1.5857633657598588e-05, "window_size": 27, "batch_size": 32, "epochs": 20, "kernel_size": 2, "attention_heads": 8}, "parameter_index": 0}
[2026-05-19 02:29:27] INFO (NNIManager) submitTrialJob: form: {
  sequenceId: 15,
  hyperParameters: {
    value: '{"parameter_id": 15, "parameter_source": "algorithm", "parameters": {"model_type": "TCN", "units": 128, "num_layers": 3, "dropout": 0.3, "activation": "tanh", "lr": 1.5857633657598588e-05, "window_size": 27, "batch_size": 32, "epochs": 20, "kernel_size": 2, "attention_heads": 8}, "parameter_index": 0}',
    index: 0
  },
  placementConstraint: { type: 'None', gpus: [] }
}
[2026-05-19 02:29:27] INFO (LocalV3.local) Created trial Xk5du
[2026-05-19 02:29:31] INFO (LocalV3.local) Trial parameter: Xk5du {"parameter_id": 15, "parameter_source": "algorithm", "parameters": {"model_type": "TCN", "units": 128, "num_layers": 3, "dropout": 0.3, "activation": "tanh", "lr": 1.5857633657598588e-05, "window_size": 27, "batch_size": 32, "epochs": 20, "kernel_size": 2, "attention_heads": 8}, "parameter_index": 0}
[2026-05-19 02:30:09] INFO (NNIManager) Trial job Xk5du status changed from RUNNING to SUCCEEDED
[2026-05-19 02:30:09] INFO (NNIManager) NNIManager received command from dispatcher: TR, {"parameter_id": 16, "parameter_source": "algorithm", "parameters": {"model_type": "CNN", "units": 128, "num_layers": 3, "dropout": 0.2, "activation": "elu", "lr": 1.1519363186166262e-05, "window_size": 26, "batch_size": 64, "epochs": 20, "kernel_size": 3, "attention_heads": 4}, "parameter_index": 0}
[2026-05-19 02:30:09] INFO (NNIManager) submitTrialJob: form: {
  sequenceId: 16,
  hyperParameters: {
    value: '{"parameter_id": 16, "parameter_source": "algorithm", "parameters": {"model_type": "CNN", "units": 128, "num_layers": 3, "dropout": 0.2, "activation": "elu", "lr": 1.1519363186166262e-05, "window_size": 26, "batch_size": 64, "epochs": 20, "kernel_size": 3, "attention_heads": 4}, "parameter_index": 0}',
    index: 0
  },
  placementConstraint: { type: 'None', gpus: [] }
}
[2026-05-19 02:30:09] INFO (LocalV3.local) Created trial b5qbr
[2026-05-19 02:30:11] INFO (LocalV3.local) Trial parameter: b5qbr {"parameter_id": 16, "parameter_source": "algorithm", "parameters": {"model_type": "CNN", "units": 128, "num_layers": 3, "dropout": 0.2, "activation": "elu", "lr": 1.1519363186166262e-05, "window_size": 26, "batch_size": 64, "epochs": 20, "kernel_size": 3, "attention_heads": 4}, "parameter_index": 0}
[2026-05-19 02:30:31] INFO (NNIManager) Trial job b5qbr status changed from RUNNING to SUCCEEDED
[2026-05-19 02:30:31] INFO (NNIManager) NNIManager received command from dispatcher: TR, {"parameter_id": 17, "parameter_source": "algorithm", "parameters": {"model_type": "MLP", "units": 64, "num_layers": 4, "dropout": 0.5, "activation": "tanh", "lr": 1.5205596521276469e-05, "window_size": 16, "batch_size": 32, "epochs": 20, "kernel_size": 7, "attention_heads": 2}, "parameter_index": 0}
[2026-05-19 02:30:32] INFO (NNIManager) submitTrialJob: form: {
  sequenceId: 17,
  hyperParameters: {
    value: '{"parameter_id": 17, "parameter_source": "algorithm", "parameters": {"model_type": "MLP", "units": 64, "num_layers": 4, "dropout": 0.5, "activation": "tanh", "lr": 1.5205596521276469e-05, "window_size": 16, "batch_size": 32, "epochs": 20, "kernel_size": 7, "attention_heads": 2}, "parameter_index": 0}',
    index: 0
  },
  placementConstraint: { type: 'None', gpus: [] }
}
[2026-05-19 02:30:32] INFO (LocalV3.local) Created trial oNlmg
[2026-05-19 02:30:35] INFO (LocalV3.local) Trial parameter: oNlmg {"parameter_id": 17, "parameter_source": "algorithm", "parameters": {"model_type": "MLP", "units": 64, "num_layers": 4, "dropout": 0.5, "activation": "tanh", "lr": 1.5205596521276469e-05, "window_size": 16, "batch_size": 32, "epochs": 20, "kernel_size": 7, "attention_heads": 2}, "parameter_index": 0}
[2026-05-19 02:30:49] INFO (NNIManager) Trial job oNlmg status changed from RUNNING to SUCCEEDED
[2026-05-19 02:30:49] INFO (NNIManager) NNIManager received command from dispatcher: TR, {"parameter_id": 18, "parameter_source": "algorithm", "parameters": {"model_type": "GRU", "units": 256, "num_layers": 3, "dropout": 0.3, "activation": "elu", "lr": 1.2534340113143955e-05, "window_size": 9, "batch_size": 16, "epochs": 5, "kernel_size": 5, "attention_heads": 8}, "parameter_index": 0}
[2026-05-19 02:30:50] INFO (NNIManager) submitTrialJob: form: {
  sequenceId: 18,
  hyperParameters: {
    value: '{"parameter_id": 18, "parameter_source": "algorithm", "parameters": {"model_type": "GRU", "units": 256, "num_layers": 3, "dropout": 0.3, "activation": "elu", "lr": 1.2534340113143955e-05, "window_size": 9, "batch_size": 16, "epochs": 5, "kernel_size": 5, "attention_heads": 8}, "parameter_index": 0}',
    index: 0
  },
  placementConstraint: { type: 'None', gpus: [] }
}
[2026-05-19 02:30:50] INFO (LocalV3.local) Created trial gzmSz
[2026-05-19 02:30:53] INFO (LocalV3.local) Trial parameter: gzmSz {"parameter_id": 18, "parameter_source": "algorithm", "parameters": {"model_type": "GRU", "units": 256, "num_layers": 3, "dropout": 0.3, "activation": "elu", "lr": 1.2534340113143955e-05, "window_size": 9, "batch_size": 16, "epochs": 5, "kernel_size": 5, "attention_heads": 8}, "parameter_index": 0}
[2026-05-19 02:31:50] INFO (NNIManager) Trial job gzmSz status changed from RUNNING to SUCCEEDED
[2026-05-19 02:31:50] INFO (NNIManager) NNIManager received command from dispatcher: TR, {"parameter_id": 19, "parameter_source": "algorithm", "parameters": {"model_type": "GRU", "units": 256, "num_layers": 4, "dropout": 0.5, "activation": "elu", "lr": 6.971615998049866e-05, "window_size": 21, "batch_size": 64, "epochs": 15, "kernel_size": 2, "attention_heads": 2}, "parameter_index": 0}
[2026-05-19 02:31:51] INFO (NNIManager) submitTrialJob: form: {
  sequenceId: 19,
  hyperParameters: {
    value: '{"parameter_id": 19, "parameter_source": "algorithm", "parameters": {"model_type": "GRU", "units": 256, "num_layers": 4, "dropout": 0.5, "activation": "elu", "lr": 6.971615998049866e-05, "window_size": 21, "batch_size": 64, "epochs": 15, "kernel_size": 2, "attention_heads": 2}, "parameter_index": 0}',
    index: 0
  },
  placementConstraint: { type: 'None', gpus: [] }
}
[2026-05-19 02:31:51] INFO (LocalV3.local) Created trial JyeiY
[2026-05-19 02:31:51] INFO (NNIManager) Change NNIManager status from: RUNNING to: NO_MORE_TRIAL
[2026-05-19 02:31:54] INFO (LocalV3.local) Trial parameter: JyeiY {"parameter_id": 19, "parameter_source": "algorithm", "parameters": {"model_type": "GRU", "units": 256, "num_layers": 4, "dropout": 0.5, "activation": "elu", "lr": 6.971615998049866e-05, "window_size": 21, "batch_size": 64, "epochs": 15, "kernel_size": 2, "attention_heads": 2}, "parameter_index": 0}
[2026-05-19 02:31:55] INFO (ShutdownManager) Initiate shutdown: SIGTERM
[2026-05-19 02:31:55] INFO (RestServer) Stopping REST server.
[2026-05-19 02:31:55] INFO (NNIManager) Change NNIManager status from: NO_MORE_TRIAL to: STOPPING
[2026-05-19 02:31:55] INFO (NNIManager) Stopping experiment, cleaning up ...
[2026-05-19 02:31:55] INFO (RestServer) REST server stopped.
[2026-05-19 02:31:56] INFO (NNIManager) cancelTrialJob: JyeiY
[2026-05-19 02:31:56] INFO (LocalV3.local) Stop trial JyeiY
[2026-05-19 02:31:57] INFO (LocalV3.local) All trials stopped
[2026-05-19 02:31:57] INFO (NNIManager) Change NNIManager status from: STOPPING to: STOPPED
[2026-05-19 02:31:57] INFO (NNIManager) Experiment stopped.
[2026-05-19 02:31:57] INFO (NNITensorboardManager) Forced stopping all tensorboard task.
[2026-05-19 02:31:57] INFO (NNITensorboardManager) All tensorboard task stopped.
[2026-05-19 02:31:57] INFO (NNITensorboardManager) Tensorboard manager stopped.
[2026-05-19 02:31:57] INFO (ShutdownManager) Shutdown complete.
