[2026-05-12 12:51:06] INFO (main) Start NNI manager
[2026-05-12 12:51:06] INFO (RestServer) Starting REST server at port 8702, URL prefix: "/"
[2026-05-12 12:51:06] INFO (RestServer) REST server started.
[2026-05-12 12:51:06] INFO (NNIDataStore) Datastore initialization done
[2026-05-12 12:51:07] INFO (NNIManager) Starting experiment: f5zpylgr
[2026-05-12 12:51:07] INFO (NNIManager) Setup training service...
[2026-05-12 12:51:07] INFO (NNIManager) Setup tuner...
[2026-05-12 12:51:07] INFO (NNIManager) Change NNIManager status from: INITIALIZED to: RUNNING
[2026-05-12 12:51:09] INFO (NNIManager) Add event listeners
[2026-05-12 12:51:09] INFO (LocalV3.local) Start
[2026-05-12 12:51:09] INFO (NNIManager) NNIManager received command from dispatcher: ID, 
[2026-05-12 12:51:09] INFO (NNIManager) NNIManager received command from dispatcher: TR, {"parameter_id": 0, "parameter_source": "algorithm", "parameters": {"model_type": "CNN", "units": 32, "num_layers": 1, "dropout": 0.3, "activation": "elu", "lr": 0.0007580150120581562, "window_size": 14, "batch_size": 16, "epochs": 10, "kernel_size": 7, "attention_heads": 8}, "parameter_index": 0}
[2026-05-12 12:51:09] INFO (NNIManager) submitTrialJob: form: {
  sequenceId: 0,
  hyperParameters: {
    value: '{"parameter_id": 0, "parameter_source": "algorithm", "parameters": {"model_type": "CNN", "units": 32, "num_layers": 1, "dropout": 0.3, "activation": "elu", "lr": 0.0007580150120581562, "window_size": 14, "batch_size": 16, "epochs": 10, "kernel_size": 7, "attention_heads": 8}, "parameter_index": 0}',
    index: 0
  },
  placementConstraint: { type: 'None', gpus: [] }
}
[2026-05-12 12:51:10] INFO (LocalV3.local) Register directory trial_code = /home/meliani/Desktop/phd/fast-track
[2026-05-12 12:51:10] INFO (LocalV3.local) Created trial JgTDj
[2026-05-12 12:51:13] INFO (LocalV3.local) Trial parameter: JgTDj {"parameter_id": 0, "parameter_source": "algorithm", "parameters": {"model_type": "CNN", "units": 32, "num_layers": 1, "dropout": 0.3, "activation": "elu", "lr": 0.0007580150120581562, "window_size": 14, "batch_size": 16, "epochs": 10, "kernel_size": 7, "attention_heads": 8}, "parameter_index": 0}
[2026-05-12 12:51:23] INFO (NNIManager) Trial job JgTDj status changed from RUNNING to SUCCEEDED
[2026-05-12 12:51:23] INFO (NNIManager) NNIManager received command from dispatcher: TR, {"parameter_id": 1, "parameter_source": "algorithm", "parameters": {"model_type": "CNN", "units": 16, "num_layers": 1, "dropout": 0.1, "activation": "elu", "lr": 0.0006435820685060186, "window_size": 16, "batch_size": 128, "epochs": 5, "kernel_size": 2, "attention_heads": 2}, "parameter_index": 0}
[2026-05-12 12:51:24] INFO (NNIManager) submitTrialJob: form: {
  sequenceId: 1,
  hyperParameters: {
    value: '{"parameter_id": 1, "parameter_source": "algorithm", "parameters": {"model_type": "CNN", "units": 16, "num_layers": 1, "dropout": 0.1, "activation": "elu", "lr": 0.0006435820685060186, "window_size": 16, "batch_size": 128, "epochs": 5, "kernel_size": 2, "attention_heads": 2}, "parameter_index": 0}',
    index: 0
  },
  placementConstraint: { type: 'None', gpus: [] }
}
[2026-05-12 12:51:24] INFO (LocalV3.local) Created trial Mnx1u
[2026-05-12 12:51:27] INFO (LocalV3.local) Trial parameter: Mnx1u {"parameter_id": 1, "parameter_source": "algorithm", "parameters": {"model_type": "CNN", "units": 16, "num_layers": 1, "dropout": 0.1, "activation": "elu", "lr": 0.0006435820685060186, "window_size": 16, "batch_size": 128, "epochs": 5, "kernel_size": 2, "attention_heads": 2}, "parameter_index": 0}
[2026-05-12 12:51:31] INFO (NNIManager) Trial job Mnx1u status changed from RUNNING to SUCCEEDED
[2026-05-12 12:51:31] INFO (NNIManager) NNIManager received command from dispatcher: TR, {"parameter_id": 2, "parameter_source": "algorithm", "parameters": {"model_type": "RNN", "units": 256, "num_layers": 1, "dropout": 0.2, "activation": "elu", "lr": 0.001623999372856958, "window_size": 30, "batch_size": 16, "epochs": 20, "kernel_size": 3, "attention_heads": 4}, "parameter_index": 0}
[2026-05-12 12:51:31] INFO (NNIManager) submitTrialJob: form: {
  sequenceId: 2,
  hyperParameters: {
    value: '{"parameter_id": 2, "parameter_source": "algorithm", "parameters": {"model_type": "RNN", "units": 256, "num_layers": 1, "dropout": 0.2, "activation": "elu", "lr": 0.001623999372856958, "window_size": 30, "batch_size": 16, "epochs": 20, "kernel_size": 3, "attention_heads": 4}, "parameter_index": 0}',
    index: 0
  },
  placementConstraint: { type: 'None', gpus: [] }
}
[2026-05-12 12:51:31] INFO (LocalV3.local) Created trial nn6LK
[2026-05-12 12:51:35] INFO (LocalV3.local) Trial parameter: nn6LK {"parameter_id": 2, "parameter_source": "algorithm", "parameters": {"model_type": "RNN", "units": 256, "num_layers": 1, "dropout": 0.2, "activation": "elu", "lr": 0.001623999372856958, "window_size": 30, "batch_size": 16, "epochs": 20, "kernel_size": 3, "attention_heads": 4}, "parameter_index": 0}
[2026-05-12 12:52:22] INFO (NNIManager) Trial job nn6LK status changed from RUNNING to SUCCEEDED
[2026-05-12 12:52:22] INFO (NNIManager) NNIManager received command from dispatcher: TR, {"parameter_id": 3, "parameter_source": "algorithm", "parameters": {"model_type": "Transformer", "units": 32, "num_layers": 1, "dropout": 0.5, "activation": "relu", "lr": 5.0028778168828165e-05, "window_size": 21, "batch_size": 128, "epochs": 20, "kernel_size": 3, "attention_heads": 8}, "parameter_index": 0}
[2026-05-12 12:52:23] INFO (NNIManager) submitTrialJob: form: {
  sequenceId: 3,
  hyperParameters: {
    value: '{"parameter_id": 3, "parameter_source": "algorithm", "parameters": {"model_type": "Transformer", "units": 32, "num_layers": 1, "dropout": 0.5, "activation": "relu", "lr": 5.0028778168828165e-05, "window_size": 21, "batch_size": 128, "epochs": 20, "kernel_size": 3, "attention_heads": 8}, "parameter_index": 0}',
    index: 0
  },
  placementConstraint: { type: 'None', gpus: [] }
}
[2026-05-12 12:52:23] INFO (LocalV3.local) Created trial QQ5zK
[2026-05-12 12:52:25] INFO (LocalV3.local) Trial parameter: QQ5zK {"parameter_id": 3, "parameter_source": "algorithm", "parameters": {"model_type": "Transformer", "units": 32, "num_layers": 1, "dropout": 0.5, "activation": "relu", "lr": 5.0028778168828165e-05, "window_size": 21, "batch_size": 128, "epochs": 20, "kernel_size": 3, "attention_heads": 8}, "parameter_index": 0}
[2026-05-12 12:52:38] INFO (NNIManager) Trial job QQ5zK status changed from RUNNING to SUCCEEDED
[2026-05-12 12:52:38] INFO (NNIManager) NNIManager received command from dispatcher: TR, {"parameter_id": 4, "parameter_source": "algorithm", "parameters": {"model_type": "LSTM", "units": 256, "num_layers": 3, "dropout": 0, "activation": "tanh", "lr": 0.0013401608178219718, "window_size": 20, "batch_size": 128, "epochs": 10, "kernel_size": 5, "attention_heads": 2}, "parameter_index": 0}
[2026-05-12 12:52:39] INFO (NNIManager) submitTrialJob: form: {
  sequenceId: 4,
  hyperParameters: {
    value: '{"parameter_id": 4, "parameter_source": "algorithm", "parameters": {"model_type": "LSTM", "units": 256, "num_layers": 3, "dropout": 0, "activation": "tanh", "lr": 0.0013401608178219718, "window_size": 20, "batch_size": 128, "epochs": 10, "kernel_size": 5, "attention_heads": 2}, "parameter_index": 0}',
    index: 0
  },
  placementConstraint: { type: 'None', gpus: [] }
}
[2026-05-12 12:52:39] INFO (LocalV3.local) Created trial Hq4GK
[2026-05-12 12:52:41] INFO (LocalV3.local) Trial parameter: Hq4GK {"parameter_id": 4, "parameter_source": "algorithm", "parameters": {"model_type": "LSTM", "units": 256, "num_layers": 3, "dropout": 0, "activation": "tanh", "lr": 0.0013401608178219718, "window_size": 20, "batch_size": 128, "epochs": 10, "kernel_size": 5, "attention_heads": 2}, "parameter_index": 0}
[2026-05-12 12:54:09] INFO (NNIManager) Trial job Hq4GK status changed from RUNNING to SUCCEEDED
[2026-05-12 12:54:09] INFO (NNIManager) NNIManager received command from dispatcher: TR, {"parameter_id": 5, "parameter_source": "algorithm", "parameters": {"model_type": "TCN", "units": 256, "num_layers": 4, "dropout": 0.5, "activation": "relu", "lr": 4.3322916838728415e-05, "window_size": 13, "batch_size": 16, "epochs": 10, "kernel_size": 3, "attention_heads": 8}, "parameter_index": 0}
[2026-05-12 12:54:10] INFO (NNIManager) submitTrialJob: form: {
  sequenceId: 5,
  hyperParameters: {
    value: '{"parameter_id": 5, "parameter_source": "algorithm", "parameters": {"model_type": "TCN", "units": 256, "num_layers": 4, "dropout": 0.5, "activation": "relu", "lr": 4.3322916838728415e-05, "window_size": 13, "batch_size": 16, "epochs": 10, "kernel_size": 3, "attention_heads": 8}, "parameter_index": 0}',
    index: 0
  },
  placementConstraint: { type: 'None', gpus: [] }
}
[2026-05-12 12:54:10] INFO (LocalV3.local) Created trial VKyVO
[2026-05-12 12:54:12] INFO (LocalV3.local) Trial parameter: VKyVO {"parameter_id": 5, "parameter_source": "algorithm", "parameters": {"model_type": "TCN", "units": 256, "num_layers": 4, "dropout": 0.5, "activation": "relu", "lr": 4.3322916838728415e-05, "window_size": 13, "batch_size": 16, "epochs": 10, "kernel_size": 3, "attention_heads": 8}, "parameter_index": 0}
[2026-05-12 12:55:10] INFO (NNIManager) Trial job VKyVO status changed from RUNNING to SUCCEEDED
[2026-05-12 12:55:10] INFO (NNIManager) NNIManager received command from dispatcher: TR, {"parameter_id": 6, "parameter_source": "algorithm", "parameters": {"model_type": "TCN", "units": 128, "num_layers": 1, "dropout": 0, "activation": "elu", "lr": 7.354945786622952e-05, "window_size": 20, "batch_size": 32, "epochs": 15, "kernel_size": 2, "attention_heads": 8}, "parameter_index": 0}
[2026-05-12 12:55:11] INFO (NNIManager) submitTrialJob: form: {
  sequenceId: 6,
  hyperParameters: {
    value: '{"parameter_id": 6, "parameter_source": "algorithm", "parameters": {"model_type": "TCN", "units": 128, "num_layers": 1, "dropout": 0, "activation": "elu", "lr": 7.354945786622952e-05, "window_size": 20, "batch_size": 32, "epochs": 15, "kernel_size": 2, "attention_heads": 8}, "parameter_index": 0}',
    index: 0
  },
  placementConstraint: { type: 'None', gpus: [] }
}
[2026-05-12 12:55:11] INFO (LocalV3.local) Created trial BG7Td
[2026-05-12 12:55:13] INFO (LocalV3.local) Trial parameter: BG7Td {"parameter_id": 6, "parameter_source": "algorithm", "parameters": {"model_type": "TCN", "units": 128, "num_layers": 1, "dropout": 0, "activation": "elu", "lr": 7.354945786622952e-05, "window_size": 20, "batch_size": 32, "epochs": 15, "kernel_size": 2, "attention_heads": 8}, "parameter_index": 0}
[2026-05-12 12:55:19] INFO (NNIManager) Trial job BG7Td status changed from RUNNING to SUCCEEDED
[2026-05-12 12:55:19] INFO (NNIManager) NNIManager received command from dispatcher: TR, {"parameter_id": 7, "parameter_source": "algorithm", "parameters": {"model_type": "CNN", "units": 32, "num_layers": 4, "dropout": 0.5, "activation": "tanh", "lr": 0.0001769127330271974, "window_size": 8, "batch_size": 64, "epochs": 10, "kernel_size": 5, "attention_heads": 4}, "parameter_index": 0}
[2026-05-12 12:55:19] INFO (NNIManager) submitTrialJob: form: {
  sequenceId: 7,
  hyperParameters: {
    value: '{"parameter_id": 7, "parameter_source": "algorithm", "parameters": {"model_type": "CNN", "units": 32, "num_layers": 4, "dropout": 0.5, "activation": "tanh", "lr": 0.0001769127330271974, "window_size": 8, "batch_size": 64, "epochs": 10, "kernel_size": 5, "attention_heads": 4}, "parameter_index": 0}',
    index: 0
  },
  placementConstraint: { type: 'None', gpus: [] }
}
[2026-05-12 12:55:19] INFO (LocalV3.local) Created trial NFXas
[2026-05-12 12:55:21] INFO (LocalV3.local) Trial parameter: NFXas {"parameter_id": 7, "parameter_source": "algorithm", "parameters": {"model_type": "CNN", "units": 32, "num_layers": 4, "dropout": 0.5, "activation": "tanh", "lr": 0.0001769127330271974, "window_size": 8, "batch_size": 64, "epochs": 10, "kernel_size": 5, "attention_heads": 4}, "parameter_index": 0}
[2026-05-12 12:55:26] INFO (NNIManager) Trial job NFXas status changed from RUNNING to SUCCEEDED
[2026-05-12 12:55:26] INFO (NNIManager) NNIManager received command from dispatcher: TR, {"parameter_id": 8, "parameter_source": "algorithm", "parameters": {"model_type": "GRU", "units": 256, "num_layers": 4, "dropout": 0.5, "activation": "relu", "lr": 0.00025665313650816076, "window_size": 17, "batch_size": 16, "epochs": 10, "kernel_size": 3, "attention_heads": 8}, "parameter_index": 0}
[2026-05-12 12:55:26] INFO (NNIManager) submitTrialJob: form: {
  sequenceId: 8,
  hyperParameters: {
    value: '{"parameter_id": 8, "parameter_source": "algorithm", "parameters": {"model_type": "GRU", "units": 256, "num_layers": 4, "dropout": 0.5, "activation": "relu", "lr": 0.00025665313650816076, "window_size": 17, "batch_size": 16, "epochs": 10, "kernel_size": 3, "attention_heads": 8}, "parameter_index": 0}',
    index: 0
  },
  placementConstraint: { type: 'None', gpus: [] }
}
[2026-05-12 12:55:26] INFO (LocalV3.local) Created trial HOGqm
[2026-05-12 12:55:28] INFO (LocalV3.local) Trial parameter: HOGqm {"parameter_id": 8, "parameter_source": "algorithm", "parameters": {"model_type": "GRU", "units": 256, "num_layers": 4, "dropout": 0.5, "activation": "relu", "lr": 0.00025665313650816076, "window_size": 17, "batch_size": 16, "epochs": 10, "kernel_size": 3, "attention_heads": 8}, "parameter_index": 0}
[2026-05-12 12:56:10] INFO (NNIManager) Change NNIManager status from: RUNNING to: NO_MORE_TRIAL
[2026-05-12 12:56:12] INFO (ShutdownManager) Initiate shutdown: SIGTERM
[2026-05-12 12:56:12] INFO (RestServer) Stopping REST server.
[2026-05-12 12:56:12] INFO (NNIManager) Change NNIManager status from: NO_MORE_TRIAL to: STOPPING
[2026-05-12 12:56:12] INFO (NNIManager) Stopping experiment, cleaning up ...
[2026-05-12 12:56:15] INFO (LocalV3.local) All trials stopped
[2026-05-12 12:56:15] INFO (NNIManager) Change NNIManager status from: STOPPING to: STOPPED
[2026-05-12 12:56:15] INFO (NNIManager) Experiment stopped.
[2026-05-12 12:56:15] INFO (NNITensorboardManager) Forced stopping all tensorboard task.
[2026-05-12 12:56:15] INFO (NNITensorboardManager) All tensorboard task stopped.
[2026-05-12 12:56:15] INFO (NNITensorboardManager) Tensorboard manager stopped.
[2026-05-12 12:56:16] INFO (RestServer) REST server stopped.
[2026-05-12 12:56:16] INFO (ShutdownManager) Shutdown complete.
