[2026-05-12 15:29:37] INFO (main) Start NNI manager
[2026-05-12 15:29:37] INFO (RestServer) Starting REST server at port 8732, URL prefix: "/"
[2026-05-12 15:29:37] INFO (RestServer) REST server started.
[2026-05-12 15:29:37] INFO (NNIDataStore) Datastore initialization done
[2026-05-12 15:29:38] INFO (NNIManager) Starting experiment: lvw0gx41
[2026-05-12 15:29:38] INFO (NNIManager) Setup training service...
[2026-05-12 15:29:38] INFO (NNIManager) Setup tuner...
[2026-05-12 15:29:38] INFO (NNIManager) Change NNIManager status from: INITIALIZED to: RUNNING
[2026-05-12 15:29:39] INFO (NNIManager) Add event listeners
[2026-05-12 15:29:39] INFO (LocalV3.local) Start
[2026-05-12 15:29:39] INFO (NNIManager) NNIManager received command from dispatcher: ID, 
[2026-05-12 15:29:39] INFO (NNIManager) NNIManager received command from dispatcher: TR, {"parameter_id": 0, "parameter_source": "algorithm", "parameters": {"model_type": "GRU", "units": 16, "num_layers": 4, "dropout": 0.2, "activation": "relu", "lr": 0.00012121291655359968, "window_size": 24, "batch_size": 32, "epochs": 20, "kernel_size": 7, "attention_heads": 2}, "parameter_index": 0}
[2026-05-12 15:29:39] INFO (NNIManager) submitTrialJob: form: {
  sequenceId: 0,
  hyperParameters: {
    value: '{"parameter_id": 0, "parameter_source": "algorithm", "parameters": {"model_type": "GRU", "units": 16, "num_layers": 4, "dropout": 0.2, "activation": "relu", "lr": 0.00012121291655359968, "window_size": 24, "batch_size": 32, "epochs": 20, "kernel_size": 7, "attention_heads": 2}, "parameter_index": 0}',
    index: 0
  },
  placementConstraint: { type: 'None', gpus: [] }
}
[2026-05-12 15:29:40] INFO (LocalV3.local) Register directory trial_code = /home/meliani/Desktop/phd/fast-track
[2026-05-12 15:29:40] INFO (LocalV3.local) Created trial VcBOa
[2026-05-12 15:29:41] INFO (LocalV3.local) Trial parameter: VcBOa {"parameter_id": 0, "parameter_source": "algorithm", "parameters": {"model_type": "GRU", "units": 16, "num_layers": 4, "dropout": 0.2, "activation": "relu", "lr": 0.00012121291655359968, "window_size": 24, "batch_size": 32, "epochs": 20, "kernel_size": 7, "attention_heads": 2}, "parameter_index": 0}
[2026-05-12 15:30:28] INFO (NNIManager) Trial job VcBOa status changed from RUNNING to SUCCEEDED
[2026-05-12 15:30:28] INFO (NNIManager) NNIManager received command from dispatcher: TR, {"parameter_id": 1, "parameter_source": "algorithm", "parameters": {"model_type": "MLP", "units": 256, "num_layers": 2, "dropout": 0.1, "activation": "tanh", "lr": 0.0021335546380963563, "window_size": 5, "batch_size": 128, "epochs": 20, "kernel_size": 3, "attention_heads": 4}, "parameter_index": 0}
[2026-05-12 15:30:28] INFO (NNIManager) submitTrialJob: form: {
  sequenceId: 1,
  hyperParameters: {
    value: '{"parameter_id": 1, "parameter_source": "algorithm", "parameters": {"model_type": "MLP", "units": 256, "num_layers": 2, "dropout": 0.1, "activation": "tanh", "lr": 0.0021335546380963563, "window_size": 5, "batch_size": 128, "epochs": 20, "kernel_size": 3, "attention_heads": 4}, "parameter_index": 0}',
    index: 0
  },
  placementConstraint: { type: 'None', gpus: [] }
}
[2026-05-12 15:30:28] INFO (LocalV3.local) Created trial DdO0O
[2026-05-12 15:30:31] INFO (LocalV3.local) Trial parameter: DdO0O {"parameter_id": 1, "parameter_source": "algorithm", "parameters": {"model_type": "MLP", "units": 256, "num_layers": 2, "dropout": 0.1, "activation": "tanh", "lr": 0.0021335546380963563, "window_size": 5, "batch_size": 128, "epochs": 20, "kernel_size": 3, "attention_heads": 4}, "parameter_index": 0}
[2026-05-12 15:30:42] INFO (NNIManager) Trial job DdO0O status changed from RUNNING to SUCCEEDED
[2026-05-12 15:30:42] INFO (NNIManager) NNIManager received command from dispatcher: TR, {"parameter_id": 2, "parameter_source": "algorithm", "parameters": {"model_type": "GRU", "units": 256, "num_layers": 1, "dropout": 0.5, "activation": "relu", "lr": 0.0005434518561761895, "window_size": 25, "batch_size": 32, "epochs": 5, "kernel_size": 3, "attention_heads": 8}, "parameter_index": 0}
[2026-05-12 15:30:42] INFO (NNIManager) submitTrialJob: form: {
  sequenceId: 2,
  hyperParameters: {
    value: '{"parameter_id": 2, "parameter_source": "algorithm", "parameters": {"model_type": "GRU", "units": 256, "num_layers": 1, "dropout": 0.5, "activation": "relu", "lr": 0.0005434518561761895, "window_size": 25, "batch_size": 32, "epochs": 5, "kernel_size": 3, "attention_heads": 8}, "parameter_index": 0}',
    index: 0
  },
  placementConstraint: { type: 'None', gpus: [] }
}
[2026-05-12 15:30:42] INFO (LocalV3.local) Created trial J5PBG
[2026-05-12 15:30:46] INFO (LocalV3.local) Trial parameter: J5PBG {"parameter_id": 2, "parameter_source": "algorithm", "parameters": {"model_type": "GRU", "units": 256, "num_layers": 1, "dropout": 0.5, "activation": "relu", "lr": 0.0005434518561761895, "window_size": 25, "batch_size": 32, "epochs": 5, "kernel_size": 3, "attention_heads": 8}, "parameter_index": 0}
[2026-05-12 15:31:20] INFO (NNIManager) Trial job J5PBG status changed from RUNNING to SUCCEEDED
[2026-05-12 15:31:20] INFO (NNIManager) NNIManager received command from dispatcher: TR, {"parameter_id": 3, "parameter_source": "algorithm", "parameters": {"model_type": "LSTM", "units": 128, "num_layers": 2, "dropout": 0.3, "activation": "sigmoid", "lr": 8.775487044973222e-05, "window_size": 10, "batch_size": 128, "epochs": 20, "kernel_size": 7, "attention_heads": 8}, "parameter_index": 0}
[2026-05-12 15:31:20] INFO (NNIManager) submitTrialJob: form: {
  sequenceId: 3,
  hyperParameters: {
    value: '{"parameter_id": 3, "parameter_source": "algorithm", "parameters": {"model_type": "LSTM", "units": 128, "num_layers": 2, "dropout": 0.3, "activation": "sigmoid", "lr": 8.775487044973222e-05, "window_size": 10, "batch_size": 128, "epochs": 20, "kernel_size": 7, "attention_heads": 8}, "parameter_index": 0}',
    index: 0
  },
  placementConstraint: { type: 'None', gpus: [] }
}
[2026-05-12 15:31:20] INFO (LocalV3.local) Created trial phK9s
[2026-05-12 15:31:22] INFO (LocalV3.local) Trial parameter: phK9s {"parameter_id": 3, "parameter_source": "algorithm", "parameters": {"model_type": "LSTM", "units": 128, "num_layers": 2, "dropout": 0.3, "activation": "sigmoid", "lr": 8.775487044973222e-05, "window_size": 10, "batch_size": 128, "epochs": 20, "kernel_size": 7, "attention_heads": 8}, "parameter_index": 0}
[2026-05-12 15:31:51] INFO (NNIManager) Trial job phK9s status changed from RUNNING to SUCCEEDED
[2026-05-12 15:31:51] INFO (NNIManager) NNIManager received command from dispatcher: TR, {"parameter_id": 4, "parameter_source": "algorithm", "parameters": {"model_type": "MLP", "units": 256, "num_layers": 2, "dropout": 0.3, "activation": "elu", "lr": 0.002921485798914217, "window_size": 9, "batch_size": 64, "epochs": 20, "kernel_size": 7, "attention_heads": 4}, "parameter_index": 0}
[2026-05-12 15:31:51] INFO (NNIManager) submitTrialJob: form: {
  sequenceId: 4,
  hyperParameters: {
    value: '{"parameter_id": 4, "parameter_source": "algorithm", "parameters": {"model_type": "MLP", "units": 256, "num_layers": 2, "dropout": 0.3, "activation": "elu", "lr": 0.002921485798914217, "window_size": 9, "batch_size": 64, "epochs": 20, "kernel_size": 7, "attention_heads": 4}, "parameter_index": 0}',
    index: 0
  },
  placementConstraint: { type: 'None', gpus: [] }
}
[2026-05-12 15:31:51] INFO (LocalV3.local) Created trial K8tS2
[2026-05-12 15:31:54] INFO (LocalV3.local) Trial parameter: K8tS2 {"parameter_id": 4, "parameter_source": "algorithm", "parameters": {"model_type": "MLP", "units": 256, "num_layers": 2, "dropout": 0.3, "activation": "elu", "lr": 0.002921485798914217, "window_size": 9, "batch_size": 64, "epochs": 20, "kernel_size": 7, "attention_heads": 4}, "parameter_index": 0}
[2026-05-12 15:32:01] INFO (NNIManager) Trial job K8tS2 status changed from RUNNING to SUCCEEDED
[2026-05-12 15:32:01] INFO (NNIManager) NNIManager received command from dispatcher: TR, {"parameter_id": 5, "parameter_source": "algorithm", "parameters": {"model_type": "GRU", "units": 256, "num_layers": 2, "dropout": 0.1, "activation": "elu", "lr": 0.00011010305389832366, "window_size": 3, "batch_size": 64, "epochs": 20, "kernel_size": 2, "attention_heads": 2}, "parameter_index": 0}
[2026-05-12 15:32:01] INFO (NNIManager) submitTrialJob: form: {
  sequenceId: 5,
  hyperParameters: {
    value: '{"parameter_id": 5, "parameter_source": "algorithm", "parameters": {"model_type": "GRU", "units": 256, "num_layers": 2, "dropout": 0.1, "activation": "elu", "lr": 0.00011010305389832366, "window_size": 3, "batch_size": 64, "epochs": 20, "kernel_size": 2, "attention_heads": 2}, "parameter_index": 0}',
    index: 0
  },
  placementConstraint: { type: 'None', gpus: [] }
}
[2026-05-12 15:32:01] INFO (LocalV3.local) Created trial W50Oh
[2026-05-12 15:32:03] INFO (LocalV3.local) Trial parameter: W50Oh {"parameter_id": 5, "parameter_source": "algorithm", "parameters": {"model_type": "GRU", "units": 256, "num_layers": 2, "dropout": 0.1, "activation": "elu", "lr": 0.00011010305389832366, "window_size": 3, "batch_size": 64, "epochs": 20, "kernel_size": 2, "attention_heads": 2}, "parameter_index": 0}
[2026-05-12 15:32:37] INFO (NNIManager) Trial job W50Oh status changed from RUNNING to SUCCEEDED
[2026-05-12 15:32:37] INFO (NNIManager) NNIManager received command from dispatcher: TR, {"parameter_id": 6, "parameter_source": "algorithm", "parameters": {"model_type": "MLP", "units": 16, "num_layers": 2, "dropout": 0.2, "activation": "elu", "lr": 0.008551133381597794, "window_size": 22, "batch_size": 64, "epochs": 5, "kernel_size": 3, "attention_heads": 4}, "parameter_index": 0}
[2026-05-12 15:32:37] INFO (NNIManager) submitTrialJob: form: {
  sequenceId: 6,
  hyperParameters: {
    value: '{"parameter_id": 6, "parameter_source": "algorithm", "parameters": {"model_type": "MLP", "units": 16, "num_layers": 2, "dropout": 0.2, "activation": "elu", "lr": 0.008551133381597794, "window_size": 22, "batch_size": 64, "epochs": 5, "kernel_size": 3, "attention_heads": 4}, "parameter_index": 0}',
    index: 0
  },
  placementConstraint: { type: 'None', gpus: [] }
}
[2026-05-12 15:32:37] INFO (LocalV3.local) Created trial XNeMq
[2026-05-12 15:32:40] INFO (LocalV3.local) Trial parameter: XNeMq {"parameter_id": 6, "parameter_source": "algorithm", "parameters": {"model_type": "MLP", "units": 16, "num_layers": 2, "dropout": 0.2, "activation": "elu", "lr": 0.008551133381597794, "window_size": 22, "batch_size": 64, "epochs": 5, "kernel_size": 3, "attention_heads": 4}, "parameter_index": 0}
[2026-05-12 15:32:43] INFO (NNIManager) Trial job XNeMq status changed from RUNNING to SUCCEEDED
[2026-05-12 15:32:43] INFO (NNIManager) NNIManager received command from dispatcher: TR, {"parameter_id": 7, "parameter_source": "algorithm", "parameters": {"model_type": "CNN", "units": 32, "num_layers": 4, "dropout": 0.5, "activation": "relu", "lr": 0.000360165913306992, "window_size": 13, "batch_size": 16, "epochs": 20, "kernel_size": 5, "attention_heads": 4}, "parameter_index": 0}
[2026-05-12 15:32:44] INFO (NNIManager) submitTrialJob: form: {
  sequenceId: 7,
  hyperParameters: {
    value: '{"parameter_id": 7, "parameter_source": "algorithm", "parameters": {"model_type": "CNN", "units": 32, "num_layers": 4, "dropout": 0.5, "activation": "relu", "lr": 0.000360165913306992, "window_size": 13, "batch_size": 16, "epochs": 20, "kernel_size": 5, "attention_heads": 4}, "parameter_index": 0}',
    index: 0
  },
  placementConstraint: { type: 'None', gpus: [] }
}
[2026-05-12 15:32:44] INFO (LocalV3.local) Created trial p92ca
[2026-05-12 15:32:47] INFO (LocalV3.local) Trial parameter: p92ca {"parameter_id": 7, "parameter_source": "algorithm", "parameters": {"model_type": "CNN", "units": 32, "num_layers": 4, "dropout": 0.5, "activation": "relu", "lr": 0.000360165913306992, "window_size": 13, "batch_size": 16, "epochs": 20, "kernel_size": 5, "attention_heads": 4}, "parameter_index": 0}
[2026-05-12 15:33:07] INFO (NNIManager) Trial job p92ca status changed from RUNNING to SUCCEEDED
[2026-05-12 15:33:07] INFO (NNIManager) NNIManager received command from dispatcher: TR, {"parameter_id": 8, "parameter_source": "algorithm", "parameters": {"model_type": "GRU", "units": 64, "num_layers": 3, "dropout": 0, "activation": "sigmoid", "lr": 0.007089835273850466, "window_size": 27, "batch_size": 32, "epochs": 15, "kernel_size": 2, "attention_heads": 8}, "parameter_index": 0}
[2026-05-12 15:33:08] INFO (NNIManager) submitTrialJob: form: {
  sequenceId: 8,
  hyperParameters: {
    value: '{"parameter_id": 8, "parameter_source": "algorithm", "parameters": {"model_type": "GRU", "units": 64, "num_layers": 3, "dropout": 0, "activation": "sigmoid", "lr": 0.007089835273850466, "window_size": 27, "batch_size": 32, "epochs": 15, "kernel_size": 2, "attention_heads": 8}, "parameter_index": 0}',
    index: 0
  },
  placementConstraint: { type: 'None', gpus: [] }
}
[2026-05-12 15:33:08] INFO (LocalV3.local) Created trial lgEBG
[2026-05-12 15:33:10] INFO (LocalV3.local) Trial parameter: lgEBG {"parameter_id": 8, "parameter_source": "algorithm", "parameters": {"model_type": "GRU", "units": 64, "num_layers": 3, "dropout": 0, "activation": "sigmoid", "lr": 0.007089835273850466, "window_size": 27, "batch_size": 32, "epochs": 15, "kernel_size": 2, "attention_heads": 8}, "parameter_index": 0}
[2026-05-12 15:33:55] INFO (NNIManager) Trial job lgEBG status changed from RUNNING to SUCCEEDED
[2026-05-12 15:33:55] INFO (NNIManager) NNIManager received command from dispatcher: TR, {"parameter_id": 9, "parameter_source": "algorithm", "parameters": {"model_type": "MLP", "units": 64, "num_layers": 3, "dropout": 0.3, "activation": "tanh", "lr": 0.007426340532163516, "window_size": 6, "batch_size": 32, "epochs": 15, "kernel_size": 3, "attention_heads": 2}, "parameter_index": 0}
[2026-05-12 15:33:55] INFO (NNIManager) submitTrialJob: form: {
  sequenceId: 9,
  hyperParameters: {
    value: '{"parameter_id": 9, "parameter_source": "algorithm", "parameters": {"model_type": "MLP", "units": 64, "num_layers": 3, "dropout": 0.3, "activation": "tanh", "lr": 0.007426340532163516, "window_size": 6, "batch_size": 32, "epochs": 15, "kernel_size": 3, "attention_heads": 2}, "parameter_index": 0}',
    index: 0
  },
  placementConstraint: { type: 'None', gpus: [] }
}
[2026-05-12 15:33:55] INFO (LocalV3.local) Created trial elU52
[2026-05-12 15:33:57] INFO (LocalV3.local) Trial parameter: elU52 {"parameter_id": 9, "parameter_source": "algorithm", "parameters": {"model_type": "MLP", "units": 64, "num_layers": 3, "dropout": 0.3, "activation": "tanh", "lr": 0.007426340532163516, "window_size": 6, "batch_size": 32, "epochs": 15, "kernel_size": 3, "attention_heads": 2}, "parameter_index": 0}
[2026-05-12 15:34:02] INFO (NNIManager) Trial job elU52 status changed from RUNNING to SUCCEEDED
[2026-05-12 15:34:02] INFO (NNIManager) NNIManager received command from dispatcher: TR, {"parameter_id": 10, "parameter_source": "algorithm", "parameters": {"model_type": "TCN", "units": 32, "num_layers": 2, "dropout": 0.2, "activation": "elu", "lr": 3.27222581352822e-05, "window_size": 3, "batch_size": 16, "epochs": 15, "kernel_size": 7, "attention_heads": 2}, "parameter_index": 0}
[2026-05-12 15:34:03] INFO (NNIManager) submitTrialJob: form: {
  sequenceId: 10,
  hyperParameters: {
    value: '{"parameter_id": 10, "parameter_source": "algorithm", "parameters": {"model_type": "TCN", "units": 32, "num_layers": 2, "dropout": 0.2, "activation": "elu", "lr": 3.27222581352822e-05, "window_size": 3, "batch_size": 16, "epochs": 15, "kernel_size": 7, "attention_heads": 2}, "parameter_index": 0}',
    index: 0
  },
  placementConstraint: { type: 'None', gpus: [] }
}
[2026-05-12 15:34:03] INFO (LocalV3.local) Created trial eRq4c
[2026-05-12 15:34:04] INFO (LocalV3.local) Trial parameter: eRq4c {"parameter_id": 10, "parameter_source": "algorithm", "parameters": {"model_type": "TCN", "units": 32, "num_layers": 2, "dropout": 0.2, "activation": "elu", "lr": 3.27222581352822e-05, "window_size": 3, "batch_size": 16, "epochs": 15, "kernel_size": 7, "attention_heads": 2}, "parameter_index": 0}
[2026-05-12 15:34:13] INFO (NNIManager) Trial job eRq4c status changed from RUNNING to SUCCEEDED
[2026-05-12 15:34:13] INFO (NNIManager) NNIManager received command from dispatcher: TR, {"parameter_id": 11, "parameter_source": "algorithm", "parameters": {"model_type": "GRU", "units": 32, "num_layers": 2, "dropout": 0.5, "activation": "tanh", "lr": 0.0022193983985215157, "window_size": 30, "batch_size": 64, "epochs": 15, "kernel_size": 3, "attention_heads": 2}, "parameter_index": 0}
[2026-05-12 15:34:14] INFO (NNIManager) submitTrialJob: form: {
  sequenceId: 11,
  hyperParameters: {
    value: '{"parameter_id": 11, "parameter_source": "algorithm", "parameters": {"model_type": "GRU", "units": 32, "num_layers": 2, "dropout": 0.5, "activation": "tanh", "lr": 0.0022193983985215157, "window_size": 30, "batch_size": 64, "epochs": 15, "kernel_size": 3, "attention_heads": 2}, "parameter_index": 0}',
    index: 0
  },
  placementConstraint: { type: 'None', gpus: [] }
}
[2026-05-12 15:34:14] INFO (LocalV3.local) Created trial PHNdG
[2026-05-12 15:34:15] INFO (LocalV3.local) Trial parameter: PHNdG {"parameter_id": 11, "parameter_source": "algorithm", "parameters": {"model_type": "GRU", "units": 32, "num_layers": 2, "dropout": 0.5, "activation": "tanh", "lr": 0.0022193983985215157, "window_size": 30, "batch_size": 64, "epochs": 15, "kernel_size": 3, "attention_heads": 2}, "parameter_index": 0}
[2026-05-12 15:34:40] INFO (NNIManager) Change NNIManager status from: RUNNING to: NO_MORE_TRIAL
[2026-05-12 15:34:49] INFO (NNIManager) Trial job PHNdG status changed from RUNNING to SUCCEEDED
[2026-05-12 15:34:49] INFO (NNIManager) Change NNIManager status from: NO_MORE_TRIAL to: DONE
[2026-05-12 15:34:49] INFO (NNIManager) Experiment done.
[2026-05-12 15:34:50] INFO (ShutdownManager) Initiate shutdown: SIGTERM
[2026-05-12 15:34:50] INFO (RestServer) Stopping REST server.
[2026-05-12 15:34:50] INFO (NNIManager) Change NNIManager status from: DONE to: STOPPING
[2026-05-12 15:34:50] INFO (NNIManager) Stopping experiment, cleaning up ...
[2026-05-12 15:34:50] INFO (RestServer) REST server stopped.
[2026-05-12 15:34:52] INFO (LocalV3.local) All trials stopped
[2026-05-12 15:34:52] INFO (NNIManager) Change NNIManager status from: STOPPING to: STOPPED
[2026-05-12 15:34:52] INFO (NNIManager) Experiment stopped.
[2026-05-12 15:34:52] INFO (NNITensorboardManager) Forced stopping all tensorboard task.
[2026-05-12 15:34:52] INFO (NNITensorboardManager) All tensorboard task stopped.
[2026-05-12 15:34:52] INFO (NNITensorboardManager) Tensorboard manager stopped.
[2026-05-12 15:34:52] INFO (ShutdownManager) Shutdown complete.
