[2026-05-22 19:44:08] INFO (main) Start NNI manager
[2026-05-22 19:44:08] INFO (RestServer) Starting REST server at port 8307, URL prefix: "/"
[2026-05-22 19:44:08] INFO (RestServer) REST server started.
[2026-05-22 19:44:08] INFO (NNIDataStore) Datastore initialization done
[2026-05-22 19:44:09] INFO (NNIManager) Starting experiment: 2iyup47f
[2026-05-22 19:44:09] INFO (NNIManager) Setup training service...
[2026-05-22 19:44:09] INFO (NNIManager) Setup tuner...
[2026-05-22 19:44:09] INFO (NNIManager) Change NNIManager status from: INITIALIZED to: RUNNING
[2026-05-22 19:44:10] INFO (NNIManager) Add event listeners
[2026-05-22 19:44:10] INFO (LocalV3.local) Start
[2026-05-22 19:44:10] INFO (NNIManager) NNIManager received command from dispatcher: ID, 
[2026-05-22 19:44:10] INFO (NNIManager) NNIManager received command from dispatcher: TR, {"parameter_id": 0, "parameter_source": "algorithm", "parameters": {"model_type": "LSTM", "units": 64, "num_layers": 1, "dropout": 0.3, "activation": "elu", "lr": 0.009994310576745278, "window_size": 19, "batch_size": 64, "epochs": 10, "kernel_size": 7, "attention_heads": 4}, "parameter_index": 0}
[2026-05-22 19:44:11] INFO (NNIManager) submitTrialJob: form: {
  sequenceId: 0,
  hyperParameters: {
    value: '{"parameter_id": 0, "parameter_source": "algorithm", "parameters": {"model_type": "LSTM", "units": 64, "num_layers": 1, "dropout": 0.3, "activation": "elu", "lr": 0.009994310576745278, "window_size": 19, "batch_size": 64, "epochs": 10, "kernel_size": 7, "attention_heads": 4}, "parameter_index": 0}',
    index: 0
  },
  placementConstraint: { type: 'None', gpus: [] }
}
[2026-05-22 19:44:12] INFO (LocalV3.local) Register directory trial_code = /home/meliani/Desktop/phd/fast-track
[2026-05-22 19:44:12] INFO (LocalV3.local) Created trial OxODb
[2026-05-22 19:44:15] INFO (LocalV3.local) Trial parameter: OxODb {"parameter_id": 0, "parameter_source": "algorithm", "parameters": {"model_type": "LSTM", "units": 64, "num_layers": 1, "dropout": 0.3, "activation": "elu", "lr": 0.009994310576745278, "window_size": 19, "batch_size": 64, "epochs": 10, "kernel_size": 7, "attention_heads": 4}, "parameter_index": 0}
[2026-05-22 19:44:22] INFO (NNIManager) Trial job OxODb status changed from RUNNING to SUCCEEDED
[2026-05-22 19:44:22] INFO (NNIManager) NNIManager received command from dispatcher: TR, {"parameter_id": 1, "parameter_source": "algorithm", "parameters": {"model_type": "MLP", "units": 256, "num_layers": 1, "dropout": 0.5, "activation": "relu", "lr": 0.004056231236589585, "window_size": 24, "batch_size": 32, "epochs": 15, "kernel_size": 3, "attention_heads": 4}, "parameter_index": 0}
[2026-05-22 19:44:23] INFO (NNIManager) submitTrialJob: form: {
  sequenceId: 1,
  hyperParameters: {
    value: '{"parameter_id": 1, "parameter_source": "algorithm", "parameters": {"model_type": "MLP", "units": 256, "num_layers": 1, "dropout": 0.5, "activation": "relu", "lr": 0.004056231236589585, "window_size": 24, "batch_size": 32, "epochs": 15, "kernel_size": 3, "attention_heads": 4}, "parameter_index": 0}',
    index: 0
  },
  placementConstraint: { type: 'None', gpus: [] }
}
[2026-05-22 19:44:23] INFO (LocalV3.local) Created trial CWh2y
[2026-05-22 19:44:26] INFO (LocalV3.local) Trial parameter: CWh2y {"parameter_id": 1, "parameter_source": "algorithm", "parameters": {"model_type": "MLP", "units": 256, "num_layers": 1, "dropout": 0.5, "activation": "relu", "lr": 0.004056231236589585, "window_size": 24, "batch_size": 32, "epochs": 15, "kernel_size": 3, "attention_heads": 4}, "parameter_index": 0}
[2026-05-22 19:44:31] INFO (NNIManager) Trial job CWh2y status changed from RUNNING to SUCCEEDED
[2026-05-22 19:44:31] INFO (NNIManager) NNIManager received command from dispatcher: TR, {"parameter_id": 2, "parameter_source": "algorithm", "parameters": {"model_type": "CNN", "units": 32, "num_layers": 2, "dropout": 0.1, "activation": "relu", "lr": 0.002750749947548205, "window_size": 5, "batch_size": 128, "epochs": 15, "kernel_size": 2, "attention_heads": 2}, "parameter_index": 0}
[2026-05-22 19:44:31] INFO (NNIManager) submitTrialJob: form: {
  sequenceId: 2,
  hyperParameters: {
    value: '{"parameter_id": 2, "parameter_source": "algorithm", "parameters": {"model_type": "CNN", "units": 32, "num_layers": 2, "dropout": 0.1, "activation": "relu", "lr": 0.002750749947548205, "window_size": 5, "batch_size": 128, "epochs": 15, "kernel_size": 2, "attention_heads": 2}, "parameter_index": 0}',
    index: 0
  },
  placementConstraint: { type: 'None', gpus: [] }
}
[2026-05-22 19:44:31] INFO (LocalV3.local) Created trial S9kVc
[2026-05-22 19:44:52] INFO (LocalV3.local) Trial parameter: S9kVc {"parameter_id": 2, "parameter_source": "algorithm", "parameters": {"model_type": "CNN", "units": 32, "num_layers": 2, "dropout": 0.1, "activation": "relu", "lr": 0.002750749947548205, "window_size": 5, "batch_size": 128, "epochs": 15, "kernel_size": 2, "attention_heads": 2}, "parameter_index": 0}
[2026-05-22 19:45:22] INFO (NNIManager) Trial job S9kVc status changed from RUNNING to SUCCEEDED
[2026-05-22 19:45:22] INFO (NNIManager) NNIManager received command from dispatcher: TR, {"parameter_id": 3, "parameter_source": "algorithm", "parameters": {"model_type": "Transformer", "units": 16, "num_layers": 2, "dropout": 0, "activation": "elu", "lr": 0.003245500101742834, "window_size": 18, "batch_size": 64, "epochs": 10, "kernel_size": 3, "attention_heads": 2}, "parameter_index": 0}
[2026-05-22 19:45:22] INFO (NNIManager) submitTrialJob: form: {
  sequenceId: 3,
  hyperParameters: {
    value: '{"parameter_id": 3, "parameter_source": "algorithm", "parameters": {"model_type": "Transformer", "units": 16, "num_layers": 2, "dropout": 0, "activation": "elu", "lr": 0.003245500101742834, "window_size": 18, "batch_size": 64, "epochs": 10, "kernel_size": 3, "attention_heads": 2}, "parameter_index": 0}',
    index: 0
  },
  placementConstraint: { type: 'None', gpus: [] }
}
[2026-05-22 19:45:22] INFO (LocalV3.local) Created trial OznNs
[2026-05-22 19:45:35] INFO (LocalV3.local) Trial parameter: OznNs {"parameter_id": 3, "parameter_source": "algorithm", "parameters": {"model_type": "Transformer", "units": 16, "num_layers": 2, "dropout": 0, "activation": "elu", "lr": 0.003245500101742834, "window_size": 18, "batch_size": 64, "epochs": 10, "kernel_size": 3, "attention_heads": 2}, "parameter_index": 0}
[2026-05-22 19:45:42] INFO (NNIManager) Trial job OznNs status changed from RUNNING to SUCCEEDED
[2026-05-22 19:45:42] INFO (NNIManager) NNIManager received command from dispatcher: TR, {"parameter_id": 4, "parameter_source": "algorithm", "parameters": {"model_type": "TCN", "units": 32, "num_layers": 4, "dropout": 0.3, "activation": "elu", "lr": 0.004477878924430225, "window_size": 23, "batch_size": 128, "epochs": 5, "kernel_size": 7, "attention_heads": 4}, "parameter_index": 0}
[2026-05-22 19:45:42] INFO (NNIManager) submitTrialJob: form: {
  sequenceId: 4,
  hyperParameters: {
    value: '{"parameter_id": 4, "parameter_source": "algorithm", "parameters": {"model_type": "TCN", "units": 32, "num_layers": 4, "dropout": 0.3, "activation": "elu", "lr": 0.004477878924430225, "window_size": 23, "batch_size": 128, "epochs": 5, "kernel_size": 7, "attention_heads": 4}, "parameter_index": 0}',
    index: 0
  },
  placementConstraint: { type: 'None', gpus: [] }
}
[2026-05-22 19:45:42] INFO (LocalV3.local) Created trial KNXC2
[2026-05-22 19:45:46] INFO (LocalV3.local) Trial parameter: KNXC2 {"parameter_id": 4, "parameter_source": "algorithm", "parameters": {"model_type": "TCN", "units": 32, "num_layers": 4, "dropout": 0.3, "activation": "elu", "lr": 0.004477878924430225, "window_size": 23, "batch_size": 128, "epochs": 5, "kernel_size": 7, "attention_heads": 4}, "parameter_index": 0}
[2026-05-22 19:45:49] INFO (NNIManager) Trial job KNXC2 status changed from RUNNING to SUCCEEDED
[2026-05-22 19:45:49] INFO (NNIManager) NNIManager received command from dispatcher: TR, {"parameter_id": 5, "parameter_source": "algorithm", "parameters": {"model_type": "LSTM", "units": 64, "num_layers": 3, "dropout": 0, "activation": "tanh", "lr": 0.0001796754875441891, "window_size": 8, "batch_size": 32, "epochs": 15, "kernel_size": 2, "attention_heads": 2}, "parameter_index": 0}
[2026-05-22 19:45:50] INFO (NNIManager) submitTrialJob: form: {
  sequenceId: 5,
  hyperParameters: {
    value: '{"parameter_id": 5, "parameter_source": "algorithm", "parameters": {"model_type": "LSTM", "units": 64, "num_layers": 3, "dropout": 0, "activation": "tanh", "lr": 0.0001796754875441891, "window_size": 8, "batch_size": 32, "epochs": 15, "kernel_size": 2, "attention_heads": 2}, "parameter_index": 0}',
    index: 0
  },
  placementConstraint: { type: 'None', gpus: [] }
}
[2026-05-22 19:45:50] INFO (LocalV3.local) Created trial nSMTN
[2026-05-22 19:45:53] INFO (LocalV3.local) Trial parameter: nSMTN {"parameter_id": 5, "parameter_source": "algorithm", "parameters": {"model_type": "LSTM", "units": 64, "num_layers": 3, "dropout": 0, "activation": "tanh", "lr": 0.0001796754875441891, "window_size": 8, "batch_size": 32, "epochs": 15, "kernel_size": 2, "attention_heads": 2}, "parameter_index": 0}
[2026-05-22 19:46:05] INFO (NNIManager) Trial job nSMTN status changed from RUNNING to SUCCEEDED
[2026-05-22 19:46:05] INFO (NNIManager) NNIManager received command from dispatcher: TR, {"parameter_id": 6, "parameter_source": "algorithm", "parameters": {"model_type": "TCN", "units": 32, "num_layers": 2, "dropout": 0, "activation": "sigmoid", "lr": 5.605972374571051e-05, "window_size": 25, "batch_size": 128, "epochs": 15, "kernel_size": 2, "attention_heads": 8}, "parameter_index": 0}
[2026-05-22 19:46:06] INFO (NNIManager) submitTrialJob: form: {
  sequenceId: 6,
  hyperParameters: {
    value: '{"parameter_id": 6, "parameter_source": "algorithm", "parameters": {"model_type": "TCN", "units": 32, "num_layers": 2, "dropout": 0, "activation": "sigmoid", "lr": 5.605972374571051e-05, "window_size": 25, "batch_size": 128, "epochs": 15, "kernel_size": 2, "attention_heads": 8}, "parameter_index": 0}',
    index: 0
  },
  placementConstraint: { type: 'None', gpus: [] }
}
[2026-05-22 19:46:06] INFO (LocalV3.local) Created trial cyndD
[2026-05-22 19:46:10] INFO (LocalV3.local) Trial parameter: cyndD {"parameter_id": 6, "parameter_source": "algorithm", "parameters": {"model_type": "TCN", "units": 32, "num_layers": 2, "dropout": 0, "activation": "sigmoid", "lr": 5.605972374571051e-05, "window_size": 25, "batch_size": 128, "epochs": 15, "kernel_size": 2, "attention_heads": 8}, "parameter_index": 0}
[2026-05-22 19:46:14] INFO (NNIManager) Trial job cyndD status changed from RUNNING to SUCCEEDED
[2026-05-22 19:46:14] INFO (NNIManager) NNIManager received command from dispatcher: TR, {"parameter_id": 7, "parameter_source": "algorithm", "parameters": {"model_type": "GRU", "units": 128, "num_layers": 3, "dropout": 0.2, "activation": "elu", "lr": 5.824267778476631e-05, "window_size": 18, "batch_size": 128, "epochs": 10, "kernel_size": 2, "attention_heads": 8}, "parameter_index": 0}
[2026-05-22 19:46:15] INFO (NNIManager) submitTrialJob: form: {
  sequenceId: 7,
  hyperParameters: {
    value: '{"parameter_id": 7, "parameter_source": "algorithm", "parameters": {"model_type": "GRU", "units": 128, "num_layers": 3, "dropout": 0.2, "activation": "elu", "lr": 5.824267778476631e-05, "window_size": 18, "batch_size": 128, "epochs": 10, "kernel_size": 2, "attention_heads": 8}, "parameter_index": 0}',
    index: 0
  },
  placementConstraint: { type: 'None', gpus: [] }
}
[2026-05-22 19:46:15] INFO (LocalV3.local) Created trial a52HZ
[2026-05-22 19:46:18] INFO (LocalV3.local) Trial parameter: a52HZ {"parameter_id": 7, "parameter_source": "algorithm", "parameters": {"model_type": "GRU", "units": 128, "num_layers": 3, "dropout": 0.2, "activation": "elu", "lr": 5.824267778476631e-05, "window_size": 18, "batch_size": 128, "epochs": 10, "kernel_size": 2, "attention_heads": 8}, "parameter_index": 0}
[2026-05-22 19:46:45] INFO (NNIManager) Trial job a52HZ status changed from RUNNING to SUCCEEDED
[2026-05-22 19:46:45] INFO (NNIManager) NNIManager received command from dispatcher: TR, {"parameter_id": 8, "parameter_source": "algorithm", "parameters": {"model_type": "Transformer", "units": 64, "num_layers": 2, "dropout": 0.3, "activation": "tanh", "lr": 0.0014337469173629843, "window_size": 23, "batch_size": 16, "epochs": 10, "kernel_size": 2, "attention_heads": 4}, "parameter_index": 0}
[2026-05-22 19:46:45] INFO (NNIManager) submitTrialJob: form: {
  sequenceId: 8,
  hyperParameters: {
    value: '{"parameter_id": 8, "parameter_source": "algorithm", "parameters": {"model_type": "Transformer", "units": 64, "num_layers": 2, "dropout": 0.3, "activation": "tanh", "lr": 0.0014337469173629843, "window_size": 23, "batch_size": 16, "epochs": 10, "kernel_size": 2, "attention_heads": 4}, "parameter_index": 0}',
    index: 0
  },
  placementConstraint: { type: 'None', gpus: [] }
}
[2026-05-22 19:46:45] INFO (LocalV3.local) Created trial raWwL
[2026-05-22 19:47:06] INFO (LocalV3.local) Trial parameter: raWwL {"parameter_id": 8, "parameter_source": "algorithm", "parameters": {"model_type": "Transformer", "units": 64, "num_layers": 2, "dropout": 0.3, "activation": "tanh", "lr": 0.0014337469173629843, "window_size": 23, "batch_size": 16, "epochs": 10, "kernel_size": 2, "attention_heads": 4}, "parameter_index": 0}
[2026-05-22 19:47:30] INFO (NNIManager) Trial job raWwL status changed from RUNNING to SUCCEEDED
[2026-05-22 19:47:30] INFO (NNIManager) NNIManager received command from dispatcher: TR, {"parameter_id": 9, "parameter_source": "algorithm", "parameters": {"model_type": "TCN", "units": 64, "num_layers": 1, "dropout": 0.2, "activation": "elu", "lr": 0.0002502443977320624, "window_size": 2, "batch_size": 64, "epochs": 5, "kernel_size": 3, "attention_heads": 8}, "parameter_index": 0}
[2026-05-22 19:47:31] INFO (NNIManager) submitTrialJob: form: {
  sequenceId: 9,
  hyperParameters: {
    value: '{"parameter_id": 9, "parameter_source": "algorithm", "parameters": {"model_type": "TCN", "units": 64, "num_layers": 1, "dropout": 0.2, "activation": "elu", "lr": 0.0002502443977320624, "window_size": 2, "batch_size": 64, "epochs": 5, "kernel_size": 3, "attention_heads": 8}, "parameter_index": 0}',
    index: 0
  },
  placementConstraint: { type: 'None', gpus: [] }
}
[2026-05-22 19:47:31] INFO (LocalV3.local) Created trial OgO7O
[2026-05-22 19:47:33] INFO (LocalV3.local) Trial parameter: OgO7O {"parameter_id": 9, "parameter_source": "algorithm", "parameters": {"model_type": "TCN", "units": 64, "num_layers": 1, "dropout": 0.2, "activation": "elu", "lr": 0.0002502443977320624, "window_size": 2, "batch_size": 64, "epochs": 5, "kernel_size": 3, "attention_heads": 8}, "parameter_index": 0}
[2026-05-22 19:47:37] INFO (NNIManager) Trial job OgO7O status changed from RUNNING to SUCCEEDED
[2026-05-22 19:47:37] INFO (NNIManager) NNIManager received command from dispatcher: TR, {"parameter_id": 10, "parameter_source": "algorithm", "parameters": {"model_type": "Transformer", "units": 64, "num_layers": 4, "dropout": 0.3, "activation": "tanh", "lr": 0.0016732480740680937, "window_size": 19, "batch_size": 16, "epochs": 20, "kernel_size": 2, "attention_heads": 8}, "parameter_index": 0}
[2026-05-22 19:47:38] INFO (NNIManager) submitTrialJob: form: {
  sequenceId: 10,
  hyperParameters: {
    value: '{"parameter_id": 10, "parameter_source": "algorithm", "parameters": {"model_type": "Transformer", "units": 64, "num_layers": 4, "dropout": 0.3, "activation": "tanh", "lr": 0.0016732480740680937, "window_size": 19, "batch_size": 16, "epochs": 20, "kernel_size": 2, "attention_heads": 8}, "parameter_index": 0}',
    index: 0
  },
  placementConstraint: { type: 'None', gpus: [] }
}
[2026-05-22 19:47:38] INFO (LocalV3.local) Created trial RUZ4k
[2026-05-22 19:47:41] INFO (LocalV3.local) Trial parameter: RUZ4k {"parameter_id": 10, "parameter_source": "algorithm", "parameters": {"model_type": "Transformer", "units": 64, "num_layers": 4, "dropout": 0.3, "activation": "tanh", "lr": 0.0016732480740680937, "window_size": 19, "batch_size": 16, "epochs": 20, "kernel_size": 2, "attention_heads": 8}, "parameter_index": 0}
[2026-05-22 19:47:57] INFO (NNIManager) Trial job RUZ4k status changed from RUNNING to SUCCEEDED
[2026-05-22 19:47:57] INFO (NNIManager) NNIManager received command from dispatcher: TR, {"parameter_id": 11, "parameter_source": "algorithm", "parameters": {"model_type": "CNN", "units": 64, "num_layers": 2, "dropout": 0.2, "activation": "relu", "lr": 0.00010388662321290037, "window_size": 25, "batch_size": 16, "epochs": 10, "kernel_size": 3, "attention_heads": 2}, "parameter_index": 0}
[2026-05-22 19:47:58] INFO (NNIManager) submitTrialJob: form: {
  sequenceId: 11,
  hyperParameters: {
    value: '{"parameter_id": 11, "parameter_source": "algorithm", "parameters": {"model_type": "CNN", "units": 64, "num_layers": 2, "dropout": 0.2, "activation": "relu", "lr": 0.00010388662321290037, "window_size": 25, "batch_size": 16, "epochs": 10, "kernel_size": 3, "attention_heads": 2}, "parameter_index": 0}',
    index: 0
  },
  placementConstraint: { type: 'None', gpus: [] }
}
[2026-05-22 19:47:58] INFO (LocalV3.local) Created trial HjTFu
[2026-05-22 19:48:02] INFO (LocalV3.local) Trial parameter: HjTFu {"parameter_id": 11, "parameter_source": "algorithm", "parameters": {"model_type": "CNN", "units": 64, "num_layers": 2, "dropout": 0.2, "activation": "relu", "lr": 0.00010388662321290037, "window_size": 25, "batch_size": 16, "epochs": 10, "kernel_size": 3, "attention_heads": 2}, "parameter_index": 0}
[2026-05-22 19:48:06] INFO (NNIManager) Trial job HjTFu status changed from RUNNING to SUCCEEDED
[2026-05-22 19:48:06] INFO (NNIManager) NNIManager received command from dispatcher: TR, {"parameter_id": 12, "parameter_source": "algorithm", "parameters": {"model_type": "LSTM", "units": 16, "num_layers": 3, "dropout": 0.3, "activation": "elu", "lr": 0.0003918726705731177, "window_size": 5, "batch_size": 32, "epochs": 10, "kernel_size": 5, "attention_heads": 8}, "parameter_index": 0}
[2026-05-22 19:48:07] INFO (NNIManager) submitTrialJob: form: {
  sequenceId: 12,
  hyperParameters: {
    value: '{"parameter_id": 12, "parameter_source": "algorithm", "parameters": {"model_type": "LSTM", "units": 16, "num_layers": 3, "dropout": 0.3, "activation": "elu", "lr": 0.0003918726705731177, "window_size": 5, "batch_size": 32, "epochs": 10, "kernel_size": 5, "attention_heads": 8}, "parameter_index": 0}',
    index: 0
  },
  placementConstraint: { type: 'None', gpus: [] }
}
[2026-05-22 19:48:07] INFO (LocalV3.local) Created trial XZsz4
[2026-05-22 19:48:10] INFO (LocalV3.local) Trial parameter: XZsz4 {"parameter_id": 12, "parameter_source": "algorithm", "parameters": {"model_type": "LSTM", "units": 16, "num_layers": 3, "dropout": 0.3, "activation": "elu", "lr": 0.0003918726705731177, "window_size": 5, "batch_size": 32, "epochs": 10, "kernel_size": 5, "attention_heads": 8}, "parameter_index": 0}
[2026-05-22 19:49:00] INFO (NNIManager) Trial job XZsz4 status changed from RUNNING to SUCCEEDED
[2026-05-22 19:49:00] INFO (NNIManager) NNIManager received command from dispatcher: TR, {"parameter_id": 13, "parameter_source": "algorithm", "parameters": {"model_type": "MLP", "units": 256, "num_layers": 3, "dropout": 0.5, "activation": "relu", "lr": 3.3645187193768896e-05, "window_size": 15, "batch_size": 64, "epochs": 20, "kernel_size": 3, "attention_heads": 4}, "parameter_index": 0}
[2026-05-22 19:49:00] INFO (NNIManager) submitTrialJob: form: {
  sequenceId: 13,
  hyperParameters: {
    value: '{"parameter_id": 13, "parameter_source": "algorithm", "parameters": {"model_type": "MLP", "units": 256, "num_layers": 3, "dropout": 0.5, "activation": "relu", "lr": 3.3645187193768896e-05, "window_size": 15, "batch_size": 64, "epochs": 20, "kernel_size": 3, "attention_heads": 4}, "parameter_index": 0}',
    index: 0
  },
  placementConstraint: { type: 'None', gpus: [] }
}
[2026-05-22 19:49:00] INFO (LocalV3.local) Created trial pH63I
[2026-05-22 19:49:17] INFO (LocalV3.local) Trial parameter: pH63I {"parameter_id": 13, "parameter_source": "algorithm", "parameters": {"model_type": "MLP", "units": 256, "num_layers": 3, "dropout": 0.5, "activation": "relu", "lr": 3.3645187193768896e-05, "window_size": 15, "batch_size": 64, "epochs": 20, "kernel_size": 3, "attention_heads": 4}, "parameter_index": 0}
[2026-05-22 19:49:22] INFO (NNIManager) Trial job pH63I status changed from RUNNING to SUCCEEDED
[2026-05-22 19:49:22] INFO (NNIManager) NNIManager received command from dispatcher: TR, {"parameter_id": 14, "parameter_source": "algorithm", "parameters": {"model_type": "CNN", "units": 32, "num_layers": 4, "dropout": 0.1, "activation": "sigmoid", "lr": 5.706327675917621e-05, "window_size": 8, "batch_size": 128, "epochs": 20, "kernel_size": 2, "attention_heads": 8}, "parameter_index": 0}
[2026-05-22 19:49:23] INFO (NNIManager) submitTrialJob: form: {
  sequenceId: 14,
  hyperParameters: {
    value: '{"parameter_id": 14, "parameter_source": "algorithm", "parameters": {"model_type": "CNN", "units": 32, "num_layers": 4, "dropout": 0.1, "activation": "sigmoid", "lr": 5.706327675917621e-05, "window_size": 8, "batch_size": 128, "epochs": 20, "kernel_size": 2, "attention_heads": 8}, "parameter_index": 0}',
    index: 0
  },
  placementConstraint: { type: 'None', gpus: [] }
}
[2026-05-22 19:49:23] INFO (LocalV3.local) Created trial Aq5Zj
[2026-05-22 19:49:26] INFO (LocalV3.local) Trial parameter: Aq5Zj {"parameter_id": 14, "parameter_source": "algorithm", "parameters": {"model_type": "CNN", "units": 32, "num_layers": 4, "dropout": 0.1, "activation": "sigmoid", "lr": 5.706327675917621e-05, "window_size": 8, "batch_size": 128, "epochs": 20, "kernel_size": 2, "attention_heads": 8}, "parameter_index": 0}
[2026-05-22 19:49:33] INFO (NNIManager) Trial job Aq5Zj status changed from RUNNING to SUCCEEDED
[2026-05-22 19:49:33] INFO (NNIManager) NNIManager received command from dispatcher: TR, {"parameter_id": 15, "parameter_source": "algorithm", "parameters": {"model_type": "LSTM", "units": 32, "num_layers": 2, "dropout": 0.3, "activation": "sigmoid", "lr": 0.00723701619461461, "window_size": 3, "batch_size": 128, "epochs": 10, "kernel_size": 7, "attention_heads": 2}, "parameter_index": 0}
[2026-05-22 19:49:34] INFO (NNIManager) submitTrialJob: form: {
  sequenceId: 15,
  hyperParameters: {
    value: '{"parameter_id": 15, "parameter_source": "algorithm", "parameters": {"model_type": "LSTM", "units": 32, "num_layers": 2, "dropout": 0.3, "activation": "sigmoid", "lr": 0.00723701619461461, "window_size": 3, "batch_size": 128, "epochs": 10, "kernel_size": 7, "attention_heads": 2}, "parameter_index": 0}',
    index: 0
  },
  placementConstraint: { type: 'None', gpus: [] }
}
[2026-05-22 19:49:34] INFO (LocalV3.local) Created trial rfksB
[2026-05-22 19:49:38] INFO (LocalV3.local) Trial parameter: rfksB {"parameter_id": 15, "parameter_source": "algorithm", "parameters": {"model_type": "LSTM", "units": 32, "num_layers": 2, "dropout": 0.3, "activation": "sigmoid", "lr": 0.00723701619461461, "window_size": 3, "batch_size": 128, "epochs": 10, "kernel_size": 7, "attention_heads": 2}, "parameter_index": 0}
[2026-05-22 19:49:47] INFO (NNIManager) Trial job rfksB status changed from RUNNING to SUCCEEDED
[2026-05-22 19:49:47] INFO (NNIManager) NNIManager received command from dispatcher: TR, {"parameter_id": 16, "parameter_source": "algorithm", "parameters": {"model_type": "Transformer", "units": 32, "num_layers": 1, "dropout": 0.1, "activation": "sigmoid", "lr": 5.758068401138511e-05, "window_size": 12, "batch_size": 16, "epochs": 15, "kernel_size": 3, "attention_heads": 8}, "parameter_index": 0}
[2026-05-22 19:49:47] INFO (NNIManager) submitTrialJob: form: {
  sequenceId: 16,
  hyperParameters: {
    value: '{"parameter_id": 16, "parameter_source": "algorithm", "parameters": {"model_type": "Transformer", "units": 32, "num_layers": 1, "dropout": 0.1, "activation": "sigmoid", "lr": 5.758068401138511e-05, "window_size": 12, "batch_size": 16, "epochs": 15, "kernel_size": 3, "attention_heads": 8}, "parameter_index": 0}',
    index: 0
  },
  placementConstraint: { type: 'None', gpus: [] }
}
[2026-05-22 19:49:47] INFO (LocalV3.local) Created trial jBhmU
[2026-05-22 19:49:50] INFO (LocalV3.local) Trial parameter: jBhmU {"parameter_id": 16, "parameter_source": "algorithm", "parameters": {"model_type": "Transformer", "units": 32, "num_layers": 1, "dropout": 0.1, "activation": "sigmoid", "lr": 5.758068401138511e-05, "window_size": 12, "batch_size": 16, "epochs": 15, "kernel_size": 3, "attention_heads": 8}, "parameter_index": 0}
[2026-05-22 19:49:57] INFO (NNIManager) Trial job jBhmU status changed from RUNNING to SUCCEEDED
[2026-05-22 19:49:57] INFO (NNIManager) NNIManager received command from dispatcher: TR, {"parameter_id": 17, "parameter_source": "algorithm", "parameters": {"model_type": "RNN", "units": 32, "num_layers": 2, "dropout": 0.3, "activation": "tanh", "lr": 3.2092851253155276e-05, "window_size": 14, "batch_size": 32, "epochs": 15, "kernel_size": 3, "attention_heads": 4}, "parameter_index": 0}
[2026-05-22 19:49:58] INFO (NNIManager) submitTrialJob: form: {
  sequenceId: 17,
  hyperParameters: {
    value: '{"parameter_id": 17, "parameter_source": "algorithm", "parameters": {"model_type": "RNN", "units": 32, "num_layers": 2, "dropout": 0.3, "activation": "tanh", "lr": 3.2092851253155276e-05, "window_size": 14, "batch_size": 32, "epochs": 15, "kernel_size": 3, "attention_heads": 4}, "parameter_index": 0}',
    index: 0
  },
  placementConstraint: { type: 'None', gpus: [] }
}
[2026-05-22 19:49:58] INFO (LocalV3.local) Created trial ED1S3
[2026-05-22 19:50:01] INFO (LocalV3.local) Trial parameter: ED1S3 {"parameter_id": 17, "parameter_source": "algorithm", "parameters": {"model_type": "RNN", "units": 32, "num_layers": 2, "dropout": 0.3, "activation": "tanh", "lr": 3.2092851253155276e-05, "window_size": 14, "batch_size": 32, "epochs": 15, "kernel_size": 3, "attention_heads": 4}, "parameter_index": 0}
[2026-05-22 19:50:08] INFO (NNIManager) Trial job ED1S3 status changed from RUNNING to SUCCEEDED
[2026-05-22 19:50:08] INFO (NNIManager) NNIManager received command from dispatcher: TR, {"parameter_id": 18, "parameter_source": "algorithm", "parameters": {"model_type": "TCN", "units": 128, "num_layers": 1, "dropout": 0.2, "activation": "sigmoid", "lr": 0.00025656118995333365, "window_size": 16, "batch_size": 64, "epochs": 20, "kernel_size": 7, "attention_heads": 8}, "parameter_index": 0}
[2026-05-22 19:50:09] INFO (NNIManager) submitTrialJob: form: {
  sequenceId: 18,
  hyperParameters: {
    value: '{"parameter_id": 18, "parameter_source": "algorithm", "parameters": {"model_type": "TCN", "units": 128, "num_layers": 1, "dropout": 0.2, "activation": "sigmoid", "lr": 0.00025656118995333365, "window_size": 16, "batch_size": 64, "epochs": 20, "kernel_size": 7, "attention_heads": 8}, "parameter_index": 0}',
    index: 0
  },
  placementConstraint: { type: 'None', gpus: [] }
}
[2026-05-22 19:50:09] INFO (LocalV3.local) Created trial zFgWb
[2026-05-22 19:50:32] INFO (LocalV3.local) Trial parameter: zFgWb {"parameter_id": 18, "parameter_source": "algorithm", "parameters": {"model_type": "TCN", "units": 128, "num_layers": 1, "dropout": 0.2, "activation": "sigmoid", "lr": 0.00025656118995333365, "window_size": 16, "batch_size": 64, "epochs": 20, "kernel_size": 7, "attention_heads": 8}, "parameter_index": 0}
[2026-05-22 19:51:06] INFO (NNIManager) Trial job zFgWb status changed from RUNNING to SUCCEEDED
[2026-05-22 19:51:06] INFO (NNIManager) NNIManager received command from dispatcher: TR, {"parameter_id": 19, "parameter_source": "algorithm", "parameters": {"model_type": "RNN", "units": 64, "num_layers": 3, "dropout": 0, "activation": "elu", "lr": 0.0003055584656686917, "window_size": 25, "batch_size": 128, "epochs": 15, "kernel_size": 5, "attention_heads": 2}, "parameter_index": 0}
[2026-05-22 19:51:06] INFO (NNIManager) submitTrialJob: form: {
  sequenceId: 19,
  hyperParameters: {
    value: '{"parameter_id": 19, "parameter_source": "algorithm", "parameters": {"model_type": "RNN", "units": 64, "num_layers": 3, "dropout": 0, "activation": "elu", "lr": 0.0003055584656686917, "window_size": 25, "batch_size": 128, "epochs": 15, "kernel_size": 5, "attention_heads": 2}, "parameter_index": 0}',
    index: 0
  },
  placementConstraint: { type: 'None', gpus: [] }
}
[2026-05-22 19:51:06] INFO (LocalV3.local) Created trial Jadgg
[2026-05-22 19:51:16] INFO (LocalV3.local) Trial parameter: Jadgg {"parameter_id": 19, "parameter_source": "algorithm", "parameters": {"model_type": "RNN", "units": 64, "num_layers": 3, "dropout": 0, "activation": "elu", "lr": 0.0003055584656686917, "window_size": 25, "batch_size": 128, "epochs": 15, "kernel_size": 5, "attention_heads": 2}, "parameter_index": 0}
[2026-05-22 19:51:22] INFO (NNIManager) Trial job Jadgg status changed from RUNNING to SUCCEEDED
[2026-05-22 19:51:22] INFO (NNIManager) NNIManager received command from dispatcher: TR, {"parameter_id": 20, "parameter_source": "algorithm", "parameters": {"model_type": "CNN", "units": 32, "num_layers": 4, "dropout": 0.1, "activation": "relu", "lr": 1.62133844702912e-05, "window_size": 8, "batch_size": 128, "epochs": 20, "kernel_size": 2, "attention_heads": 2}, "parameter_index": 0}
[2026-05-22 19:51:23] INFO (NNIManager) submitTrialJob: form: {
  sequenceId: 20,
  hyperParameters: {
    value: '{"parameter_id": 20, "parameter_source": "algorithm", "parameters": {"model_type": "CNN", "units": 32, "num_layers": 4, "dropout": 0.1, "activation": "relu", "lr": 1.62133844702912e-05, "window_size": 8, "batch_size": 128, "epochs": 20, "kernel_size": 2, "attention_heads": 2}, "parameter_index": 0}',
    index: 0
  },
  placementConstraint: { type: 'None', gpus: [] }
}
[2026-05-22 19:51:23] INFO (LocalV3.local) Created trial CQf6p
[2026-05-22 19:51:26] INFO (LocalV3.local) Trial parameter: CQf6p {"parameter_id": 20, "parameter_source": "algorithm", "parameters": {"model_type": "CNN", "units": 32, "num_layers": 4, "dropout": 0.1, "activation": "relu", "lr": 1.62133844702912e-05, "window_size": 8, "batch_size": 128, "epochs": 20, "kernel_size": 2, "attention_heads": 2}, "parameter_index": 0}
[2026-05-22 19:51:32] INFO (NNIManager) Trial job CQf6p status changed from RUNNING to SUCCEEDED
[2026-05-22 19:51:32] INFO (NNIManager) NNIManager received command from dispatcher: TR, {"parameter_id": 21, "parameter_source": "algorithm", "parameters": {"model_type": "CNN", "units": 32, "num_layers": 4, "dropout": 0.1, "activation": "relu", "lr": 0.0007577024038804962, "window_size": 11, "batch_size": 128, "epochs": 20, "kernel_size": 2, "attention_heads": 2}, "parameter_index": 0}
[2026-05-22 19:51:33] INFO (NNIManager) submitTrialJob: form: {
  sequenceId: 21,
  hyperParameters: {
    value: '{"parameter_id": 21, "parameter_source": "algorithm", "parameters": {"model_type": "CNN", "units": 32, "num_layers": 4, "dropout": 0.1, "activation": "relu", "lr": 0.0007577024038804962, "window_size": 11, "batch_size": 128, "epochs": 20, "kernel_size": 2, "attention_heads": 2}, "parameter_index": 0}',
    index: 0
  },
  placementConstraint: { type: 'None', gpus: [] }
}
[2026-05-22 19:51:33] INFO (LocalV3.local) Created trial lbHd5
[2026-05-22 19:51:36] INFO (LocalV3.local) Trial parameter: lbHd5 {"parameter_id": 21, "parameter_source": "algorithm", "parameters": {"model_type": "CNN", "units": 32, "num_layers": 4, "dropout": 0.1, "activation": "relu", "lr": 0.0007577024038804962, "window_size": 11, "batch_size": 128, "epochs": 20, "kernel_size": 2, "attention_heads": 2}, "parameter_index": 0}
[2026-05-22 19:51:42] INFO (NNIManager) Trial job lbHd5 status changed from RUNNING to SUCCEEDED
[2026-05-22 19:51:42] INFO (NNIManager) NNIManager received command from dispatcher: TR, {"parameter_id": 22, "parameter_source": "algorithm", "parameters": {"model_type": "CNN", "units": 32, "num_layers": 4, "dropout": 0.1, "activation": "sigmoid", "lr": 0.0007290958886559493, "window_size": 13, "batch_size": 128, "epochs": 20, "kernel_size": 2, "attention_heads": 8}, "parameter_index": 0}
[2026-05-22 19:51:43] INFO (NNIManager) submitTrialJob: form: {
  sequenceId: 22,
  hyperParameters: {
    value: '{"parameter_id": 22, "parameter_source": "algorithm", "parameters": {"model_type": "CNN", "units": 32, "num_layers": 4, "dropout": 0.1, "activation": "sigmoid", "lr": 0.0007290958886559493, "window_size": 13, "batch_size": 128, "epochs": 20, "kernel_size": 2, "attention_heads": 8}, "parameter_index": 0}',
    index: 0
  },
  placementConstraint: { type: 'None', gpus: [] }
}
[2026-05-22 19:51:43] INFO (LocalV3.local) Created trial ivOFe
[2026-05-22 19:51:45] INFO (LocalV3.local) Trial parameter: ivOFe {"parameter_id": 22, "parameter_source": "algorithm", "parameters": {"model_type": "CNN", "units": 32, "num_layers": 4, "dropout": 0.1, "activation": "sigmoid", "lr": 0.0007290958886559493, "window_size": 13, "batch_size": 128, "epochs": 20, "kernel_size": 2, "attention_heads": 8}, "parameter_index": 0}
[2026-05-22 19:51:52] INFO (NNIManager) Trial job ivOFe status changed from RUNNING to SUCCEEDED
[2026-05-22 19:51:52] INFO (NNIManager) NNIManager received command from dispatcher: TR, {"parameter_id": 23, "parameter_source": "algorithm", "parameters": {"model_type": "CNN", "units": 32, "num_layers": 4, "dropout": 0.1, "activation": "sigmoid", "lr": 1.3255552760983362e-05, "window_size": 30, "batch_size": 128, "epochs": 5, "kernel_size": 2, "attention_heads": 2}, "parameter_index": 0}
[2026-05-22 19:51:53] INFO (NNIManager) submitTrialJob: form: {
  sequenceId: 23,
  hyperParameters: {
    value: '{"parameter_id": 23, "parameter_source": "algorithm", "parameters": {"model_type": "CNN", "units": 32, "num_layers": 4, "dropout": 0.1, "activation": "sigmoid", "lr": 1.3255552760983362e-05, "window_size": 30, "batch_size": 128, "epochs": 5, "kernel_size": 2, "attention_heads": 2}, "parameter_index": 0}',
    index: 0
  },
  placementConstraint: { type: 'None', gpus: [] }
}
[2026-05-22 19:51:53] INFO (LocalV3.local) Created trial CeSt5
[2026-05-22 19:51:56] INFO (LocalV3.local) Trial parameter: CeSt5 {"parameter_id": 23, "parameter_source": "algorithm", "parameters": {"model_type": "CNN", "units": 32, "num_layers": 4, "dropout": 0.1, "activation": "sigmoid", "lr": 1.3255552760983362e-05, "window_size": 30, "batch_size": 128, "epochs": 5, "kernel_size": 2, "attention_heads": 2}, "parameter_index": 0}
[2026-05-22 19:52:00] INFO (NNIManager) Trial job CeSt5 status changed from RUNNING to SUCCEEDED
[2026-05-22 19:52:00] INFO (NNIManager) NNIManager received command from dispatcher: TR, {"parameter_id": 24, "parameter_source": "algorithm", "parameters": {"model_type": "CNN", "units": 128, "num_layers": 2, "dropout": 0.1, "activation": "relu", "lr": 0.00011066125059354619, "window_size": 9, "batch_size": 128, "epochs": 15, "kernel_size": 5, "attention_heads": 2}, "parameter_index": 0}
[2026-05-22 19:52:01] INFO (NNIManager) submitTrialJob: form: {
  sequenceId: 24,
  hyperParameters: {
    value: '{"parameter_id": 24, "parameter_source": "algorithm", "parameters": {"model_type": "CNN", "units": 128, "num_layers": 2, "dropout": 0.1, "activation": "relu", "lr": 0.00011066125059354619, "window_size": 9, "batch_size": 128, "epochs": 15, "kernel_size": 5, "attention_heads": 2}, "parameter_index": 0}',
    index: 0
  },
  placementConstraint: { type: 'None', gpus: [] }
}
[2026-05-22 19:52:01] INFO (LocalV3.local) Created trial faPzm
[2026-05-22 19:52:01] INFO (NNIManager) Change NNIManager status from: RUNNING to: NO_MORE_TRIAL
[2026-05-22 19:52:06] INFO (ShutdownManager) Initiate shutdown: SIGTERM
[2026-05-22 19:52:06] INFO (RestServer) Stopping REST server.
[2026-05-22 19:52:06] INFO (NNIManager) Change NNIManager status from: NO_MORE_TRIAL to: STOPPING
[2026-05-22 19:52:06] INFO (NNIManager) Stopping experiment, cleaning up ...
[2026-05-22 19:52:06] INFO (RestServer) REST server stopped.
[2026-05-22 19:52:08] INFO (NNIManager) cancelTrialJob: faPzm
[2026-05-22 19:52:08] INFO (LocalV3.local) Stop trial faPzm
[2026-05-22 19:52:08] INFO (LocalV3.local) All trials stopped
[2026-05-22 19:52:08] INFO (NNIManager) Change NNIManager status from: STOPPING to: STOPPED
[2026-05-22 19:52:08] INFO (NNIManager) Experiment stopped.
[2026-05-22 19:52:08] INFO (NNITensorboardManager) Forced stopping all tensorboard task.
[2026-05-22 19:52:08] INFO (NNITensorboardManager) All tensorboard task stopped.
[2026-05-22 19:52:08] INFO (NNITensorboardManager) Tensorboard manager stopped.
[2026-05-22 19:52:08] INFO (ShutdownManager) Shutdown complete.
