[2026-05-12 18:30:13] INFO (main) Start NNI manager
[2026-05-12 18:30:13] INFO (RestServer) Starting REST server at port 8751, URL prefix: "/"
[2026-05-12 18:30:13] INFO (RestServer) REST server started.
[2026-05-12 18:30:13] INFO (NNIDataStore) Datastore initialization done
[2026-05-12 18:30:14] INFO (NNIManager) Starting experiment: b3v4q9js
[2026-05-12 18:30:14] INFO (NNIManager) Setup training service...
[2026-05-12 18:30:14] INFO (NNIManager) Setup tuner...
[2026-05-12 18:30:14] INFO (NNIManager) Change NNIManager status from: INITIALIZED to: RUNNING
[2026-05-12 18:30:15] INFO (NNIManager) Add event listeners
[2026-05-12 18:30:15] INFO (LocalV3.local) Start
[2026-05-12 18:30:15] INFO (NNIManager) NNIManager received command from dispatcher: ID, 
[2026-05-12 18:30:15] INFO (NNIManager) NNIManager received command from dispatcher: TR, {"parameter_id": 0, "parameter_source": "algorithm", "parameters": {"model_type": "TCN", "units": 32, "num_layers": 3, "dropout": 0.3, "activation": "elu", "lr": 2.3552473176432014e-05, "window_size": 25, "batch_size": 16, "epochs": 5, "kernel_size": 2, "attention_heads": 4}, "parameter_index": 0}
[2026-05-12 18:30:16] INFO (NNIManager) submitTrialJob: form: {
  sequenceId: 0,
  hyperParameters: {
    value: '{"parameter_id": 0, "parameter_source": "algorithm", "parameters": {"model_type": "TCN", "units": 32, "num_layers": 3, "dropout": 0.3, "activation": "elu", "lr": 2.3552473176432014e-05, "window_size": 25, "batch_size": 16, "epochs": 5, "kernel_size": 2, "attention_heads": 4}, "parameter_index": 0}',
    index: 0
  },
  placementConstraint: { type: 'None', gpus: [] }
}
[2026-05-12 18:30:16] INFO (LocalV3.local) Register directory trial_code = /home/meliani/Desktop/phd/fast-track
[2026-05-12 18:30:16] INFO (LocalV3.local) Created trial KM6CX
[2026-05-12 18:30:18] INFO (LocalV3.local) Trial parameter: KM6CX {"parameter_id": 0, "parameter_source": "algorithm", "parameters": {"model_type": "TCN", "units": 32, "num_layers": 3, "dropout": 0.3, "activation": "elu", "lr": 2.3552473176432014e-05, "window_size": 25, "batch_size": 16, "epochs": 5, "kernel_size": 2, "attention_heads": 4}, "parameter_index": 0}
[2026-05-12 18:30:24] INFO (NNIManager) Trial job KM6CX status changed from RUNNING to SUCCEEDED
[2026-05-12 18:30:25] INFO (NNIManager) NNIManager received command from dispatcher: TR, {"parameter_id": 1, "parameter_source": "algorithm", "parameters": {"model_type": "GRU", "units": 32, "num_layers": 2, "dropout": 0.2, "activation": "tanh", "lr": 0.0012751897291771504, "window_size": 30, "batch_size": 128, "epochs": 20, "kernel_size": 7, "attention_heads": 4}, "parameter_index": 0}
[2026-05-12 18:30:25] INFO (NNIManager) submitTrialJob: form: {
  sequenceId: 1,
  hyperParameters: {
    value: '{"parameter_id": 1, "parameter_source": "algorithm", "parameters": {"model_type": "GRU", "units": 32, "num_layers": 2, "dropout": 0.2, "activation": "tanh", "lr": 0.0012751897291771504, "window_size": 30, "batch_size": 128, "epochs": 20, "kernel_size": 7, "attention_heads": 4}, "parameter_index": 0}',
    index: 0
  },
  placementConstraint: { type: 'None', gpus: [] }
}
[2026-05-12 18:30:25] INFO (LocalV3.local) Created trial HhIHc
[2026-05-12 18:30:27] INFO (LocalV3.local) Trial parameter: HhIHc {"parameter_id": 1, "parameter_source": "algorithm", "parameters": {"model_type": "GRU", "units": 32, "num_layers": 2, "dropout": 0.2, "activation": "tanh", "lr": 0.0012751897291771504, "window_size": 30, "batch_size": 128, "epochs": 20, "kernel_size": 7, "attention_heads": 4}, "parameter_index": 0}
[2026-05-12 18:31:03] INFO (NNIManager) Trial job HhIHc status changed from RUNNING to SUCCEEDED
[2026-05-12 18:31:03] INFO (NNIManager) NNIManager received command from dispatcher: TR, {"parameter_id": 2, "parameter_source": "algorithm", "parameters": {"model_type": "TCN", "units": 64, "num_layers": 2, "dropout": 0.5, "activation": "elu", "lr": 0.0023694590250614325, "window_size": 18, "batch_size": 64, "epochs": 20, "kernel_size": 7, "attention_heads": 4}, "parameter_index": 0}
[2026-05-12 18:31:04] INFO (NNIManager) submitTrialJob: form: {
  sequenceId: 2,
  hyperParameters: {
    value: '{"parameter_id": 2, "parameter_source": "algorithm", "parameters": {"model_type": "TCN", "units": 64, "num_layers": 2, "dropout": 0.5, "activation": "elu", "lr": 0.0023694590250614325, "window_size": 18, "batch_size": 64, "epochs": 20, "kernel_size": 7, "attention_heads": 4}, "parameter_index": 0}',
    index: 0
  },
  placementConstraint: { type: 'None', gpus: [] }
}
[2026-05-12 18:31:04] INFO (LocalV3.local) Created trial aHwoO
[2026-05-12 18:31:06] INFO (LocalV3.local) Trial parameter: aHwoO {"parameter_id": 2, "parameter_source": "algorithm", "parameters": {"model_type": "TCN", "units": 64, "num_layers": 2, "dropout": 0.5, "activation": "elu", "lr": 0.0023694590250614325, "window_size": 18, "batch_size": 64, "epochs": 20, "kernel_size": 7, "attention_heads": 4}, "parameter_index": 0}
[2026-05-12 18:31:17] INFO (NNIManager) Trial job aHwoO status changed from RUNNING to SUCCEEDED
[2026-05-12 18:31:17] INFO (NNIManager) NNIManager received command from dispatcher: TR, {"parameter_id": 3, "parameter_source": "algorithm", "parameters": {"model_type": "CNN", "units": 64, "num_layers": 4, "dropout": 0.3, "activation": "elu", "lr": 1.9150363039829753e-05, "window_size": 10, "batch_size": 16, "epochs": 10, "kernel_size": 2, "attention_heads": 8}, "parameter_index": 0}
[2026-05-12 18:31:17] INFO (NNIManager) submitTrialJob: form: {
  sequenceId: 3,
  hyperParameters: {
    value: '{"parameter_id": 3, "parameter_source": "algorithm", "parameters": {"model_type": "CNN", "units": 64, "num_layers": 4, "dropout": 0.3, "activation": "elu", "lr": 1.9150363039829753e-05, "window_size": 10, "batch_size": 16, "epochs": 10, "kernel_size": 2, "attention_heads": 8}, "parameter_index": 0}',
    index: 0
  },
  placementConstraint: { type: 'None', gpus: [] }
}
[2026-05-12 18:31:17] INFO (LocalV3.local) Created trial AUwxa
[2026-05-12 18:31:19] INFO (LocalV3.local) Trial parameter: AUwxa {"parameter_id": 3, "parameter_source": "algorithm", "parameters": {"model_type": "CNN", "units": 64, "num_layers": 4, "dropout": 0.3, "activation": "elu", "lr": 1.9150363039829753e-05, "window_size": 10, "batch_size": 16, "epochs": 10, "kernel_size": 2, "attention_heads": 8}, "parameter_index": 0}
[2026-05-12 18:31:31] INFO (NNIManager) Trial job AUwxa status changed from RUNNING to SUCCEEDED
[2026-05-12 18:31:31] INFO (NNIManager) NNIManager received command from dispatcher: TR, {"parameter_id": 4, "parameter_source": "algorithm", "parameters": {"model_type": "MLP", "units": 32, "num_layers": 1, "dropout": 0, "activation": "relu", "lr": 0.00010115565448970327, "window_size": 30, "batch_size": 64, "epochs": 5, "kernel_size": 3, "attention_heads": 4}, "parameter_index": 0}
[2026-05-12 18:31:32] INFO (NNIManager) submitTrialJob: form: {
  sequenceId: 4,
  hyperParameters: {
    value: '{"parameter_id": 4, "parameter_source": "algorithm", "parameters": {"model_type": "MLP", "units": 32, "num_layers": 1, "dropout": 0, "activation": "relu", "lr": 0.00010115565448970327, "window_size": 30, "batch_size": 64, "epochs": 5, "kernel_size": 3, "attention_heads": 4}, "parameter_index": 0}',
    index: 0
  },
  placementConstraint: { type: 'None', gpus: [] }
}
[2026-05-12 18:31:32] INFO (LocalV3.local) Created trial xfidA
[2026-05-12 18:31:34] INFO (LocalV3.local) Trial parameter: xfidA {"parameter_id": 4, "parameter_source": "algorithm", "parameters": {"model_type": "MLP", "units": 32, "num_layers": 1, "dropout": 0, "activation": "relu", "lr": 0.00010115565448970327, "window_size": 30, "batch_size": 64, "epochs": 5, "kernel_size": 3, "attention_heads": 4}, "parameter_index": 0}
[2026-05-12 18:31:36] INFO (NNIManager) Trial job xfidA status changed from RUNNING to SUCCEEDED
[2026-05-12 18:31:36] INFO (NNIManager) NNIManager received command from dispatcher: TR, {"parameter_id": 5, "parameter_source": "algorithm", "parameters": {"model_type": "MLP", "units": 64, "num_layers": 2, "dropout": 0, "activation": "relu", "lr": 6.82184534239267e-05, "window_size": 7, "batch_size": 128, "epochs": 15, "kernel_size": 2, "attention_heads": 4}, "parameter_index": 0}
[2026-05-12 18:31:37] INFO (NNIManager) submitTrialJob: form: {
  sequenceId: 5,
  hyperParameters: {
    value: '{"parameter_id": 5, "parameter_source": "algorithm", "parameters": {"model_type": "MLP", "units": 64, "num_layers": 2, "dropout": 0, "activation": "relu", "lr": 6.82184534239267e-05, "window_size": 7, "batch_size": 128, "epochs": 15, "kernel_size": 2, "attention_heads": 4}, "parameter_index": 0}',
    index: 0
  },
  placementConstraint: { type: 'None', gpus: [] }
}
[2026-05-12 18:31:37] INFO (LocalV3.local) Created trial DbF0Z
[2026-05-12 18:31:39] INFO (LocalV3.local) Trial parameter: DbF0Z {"parameter_id": 5, "parameter_source": "algorithm", "parameters": {"model_type": "MLP", "units": 64, "num_layers": 2, "dropout": 0, "activation": "relu", "lr": 6.82184534239267e-05, "window_size": 7, "batch_size": 128, "epochs": 15, "kernel_size": 2, "attention_heads": 4}, "parameter_index": 0}
[2026-05-12 18:31:42] INFO (NNIManager) Trial job DbF0Z status changed from RUNNING to SUCCEEDED
[2026-05-12 18:31:42] INFO (NNIManager) NNIManager received command from dispatcher: TR, {"parameter_id": 6, "parameter_source": "algorithm", "parameters": {"model_type": "LSTM", "units": 16, "num_layers": 4, "dropout": 0.2, "activation": "tanh", "lr": 0.0028821302114811014, "window_size": 7, "batch_size": 128, "epochs": 5, "kernel_size": 7, "attention_heads": 2}, "parameter_index": 0}
[2026-05-12 18:31:43] INFO (NNIManager) submitTrialJob: form: {
  sequenceId: 6,
  hyperParameters: {
    value: '{"parameter_id": 6, "parameter_source": "algorithm", "parameters": {"model_type": "LSTM", "units": 16, "num_layers": 4, "dropout": 0.2, "activation": "tanh", "lr": 0.0028821302114811014, "window_size": 7, "batch_size": 128, "epochs": 5, "kernel_size": 7, "attention_heads": 2}, "parameter_index": 0}',
    index: 0
  },
  placementConstraint: { type: 'None', gpus: [] }
}
[2026-05-12 18:31:43] INFO (LocalV3.local) Created trial lwdCn
[2026-05-12 18:31:45] INFO (LocalV3.local) Trial parameter: lwdCn {"parameter_id": 6, "parameter_source": "algorithm", "parameters": {"model_type": "LSTM", "units": 16, "num_layers": 4, "dropout": 0.2, "activation": "tanh", "lr": 0.0028821302114811014, "window_size": 7, "batch_size": 128, "epochs": 5, "kernel_size": 7, "attention_heads": 2}, "parameter_index": 0}
[2026-05-12 18:31:54] INFO (NNIManager) Trial job lwdCn status changed from RUNNING to SUCCEEDED
[2026-05-12 18:31:54] INFO (NNIManager) NNIManager received command from dispatcher: TR, {"parameter_id": 7, "parameter_source": "algorithm", "parameters": {"model_type": "TCN", "units": 256, "num_layers": 1, "dropout": 0.5, "activation": "elu", "lr": 6.724235918643598e-05, "window_size": 18, "batch_size": 32, "epochs": 20, "kernel_size": 2, "attention_heads": 4}, "parameter_index": 0}
[2026-05-12 18:31:55] INFO (NNIManager) submitTrialJob: form: {
  sequenceId: 7,
  hyperParameters: {
    value: '{"parameter_id": 7, "parameter_source": "algorithm", "parameters": {"model_type": "TCN", "units": 256, "num_layers": 1, "dropout": 0.5, "activation": "elu", "lr": 6.724235918643598e-05, "window_size": 18, "batch_size": 32, "epochs": 20, "kernel_size": 2, "attention_heads": 4}, "parameter_index": 0}',
    index: 0
  },
  placementConstraint: { type: 'None', gpus: [] }
}
[2026-05-12 18:31:55] INFO (LocalV3.local) Created trial UAlrq
[2026-05-12 18:31:57] INFO (LocalV3.local) Trial parameter: UAlrq {"parameter_id": 7, "parameter_source": "algorithm", "parameters": {"model_type": "TCN", "units": 256, "num_layers": 1, "dropout": 0.5, "activation": "elu", "lr": 6.724235918643598e-05, "window_size": 18, "batch_size": 32, "epochs": 20, "kernel_size": 2, "attention_heads": 4}, "parameter_index": 0}
[2026-05-12 18:32:07] INFO (NNIManager) Trial job UAlrq status changed from RUNNING to SUCCEEDED
[2026-05-12 18:32:07] INFO (NNIManager) NNIManager received command from dispatcher: TR, {"parameter_id": 8, "parameter_source": "algorithm", "parameters": {"model_type": "Transformer", "units": 256, "num_layers": 2, "dropout": 0, "activation": "relu", "lr": 0.00097501166162636, "window_size": 26, "batch_size": 128, "epochs": 15, "kernel_size": 2, "attention_heads": 2}, "parameter_index": 0}
[2026-05-12 18:32:08] INFO (NNIManager) submitTrialJob: form: {
  sequenceId: 8,
  hyperParameters: {
    value: '{"parameter_id": 8, "parameter_source": "algorithm", "parameters": {"model_type": "Transformer", "units": 256, "num_layers": 2, "dropout": 0, "activation": "relu", "lr": 0.00097501166162636, "window_size": 26, "batch_size": 128, "epochs": 15, "kernel_size": 2, "attention_heads": 2}, "parameter_index": 0}',
    index: 0
  },
  placementConstraint: { type: 'None', gpus: [] }
}
[2026-05-12 18:32:08] INFO (LocalV3.local) Created trial Sm1hG
[2026-05-12 18:32:10] INFO (LocalV3.local) Trial parameter: Sm1hG {"parameter_id": 8, "parameter_source": "algorithm", "parameters": {"model_type": "Transformer", "units": 256, "num_layers": 2, "dropout": 0, "activation": "relu", "lr": 0.00097501166162636, "window_size": 26, "batch_size": 128, "epochs": 15, "kernel_size": 2, "attention_heads": 2}, "parameter_index": 0}
[2026-05-12 18:35:01] INFO (NNIManager) Trial job Sm1hG status changed from RUNNING to SUCCEEDED
[2026-05-12 18:35:01] INFO (NNIManager) NNIManager received command from dispatcher: TR, {"parameter_id": 9, "parameter_source": "algorithm", "parameters": {"model_type": "RNN", "units": 16, "num_layers": 3, "dropout": 0.3, "activation": "relu", "lr": 4.859229726121877e-05, "window_size": 17, "batch_size": 16, "epochs": 15, "kernel_size": 3, "attention_heads": 8}, "parameter_index": 0}
[2026-05-12 18:35:02] INFO (NNIManager) submitTrialJob: form: {
  sequenceId: 9,
  hyperParameters: {
    value: '{"parameter_id": 9, "parameter_source": "algorithm", "parameters": {"model_type": "RNN", "units": 16, "num_layers": 3, "dropout": 0.3, "activation": "relu", "lr": 4.859229726121877e-05, "window_size": 17, "batch_size": 16, "epochs": 15, "kernel_size": 3, "attention_heads": 8}, "parameter_index": 0}',
    index: 0
  },
  placementConstraint: { type: 'None', gpus: [] }
}
[2026-05-12 18:35:02] INFO (LocalV3.local) Created trial lnMdR
[2026-05-12 18:35:04] INFO (LocalV3.local) Trial parameter: lnMdR {"parameter_id": 9, "parameter_source": "algorithm", "parameters": {"model_type": "RNN", "units": 16, "num_layers": 3, "dropout": 0.3, "activation": "relu", "lr": 4.859229726121877e-05, "window_size": 17, "batch_size": 16, "epochs": 15, "kernel_size": 3, "attention_heads": 8}, "parameter_index": 0}
[2026-05-12 18:35:33] INFO (NNIManager) Trial job lnMdR status changed from RUNNING to SUCCEEDED
[2026-05-12 18:35:33] INFO (NNIManager) NNIManager received command from dispatcher: TR, {"parameter_id": 10, "parameter_source": "algorithm", "parameters": {"model_type": "LSTM", "units": 128, "num_layers": 4, "dropout": 0.1, "activation": "elu", "lr": 0.006210855044214626, "window_size": 30, "batch_size": 16, "epochs": 20, "kernel_size": 5, "attention_heads": 4}, "parameter_index": 0}
[2026-05-12 18:35:34] INFO (NNIManager) submitTrialJob: form: {
  sequenceId: 10,
  hyperParameters: {
    value: '{"parameter_id": 10, "parameter_source": "algorithm", "parameters": {"model_type": "LSTM", "units": 128, "num_layers": 4, "dropout": 0.1, "activation": "elu", "lr": 0.006210855044214626, "window_size": 30, "batch_size": 16, "epochs": 20, "kernel_size": 5, "attention_heads": 4}, "parameter_index": 0}',
    index: 0
  },
  placementConstraint: { type: 'None', gpus: [] }
}
[2026-05-12 18:35:34] INFO (LocalV3.local) Created trial BeRsr
[2026-05-12 18:35:36] INFO (LocalV3.local) Trial parameter: BeRsr {"parameter_id": 10, "parameter_source": "algorithm", "parameters": {"model_type": "LSTM", "units": 128, "num_layers": 4, "dropout": 0.1, "activation": "elu", "lr": 0.006210855044214626, "window_size": 30, "batch_size": 16, "epochs": 20, "kernel_size": 5, "attention_heads": 4}, "parameter_index": 0}
[2026-05-12 18:39:56] INFO (NNIManager) Trial job BeRsr status changed from RUNNING to SUCCEEDED
[2026-05-12 18:39:56] INFO (NNIManager) NNIManager received command from dispatcher: TR, {"parameter_id": 11, "parameter_source": "algorithm", "parameters": {"model_type": "TCN", "units": 256, "num_layers": 3, "dropout": 0, "activation": "elu", "lr": 0.00044487651358125535, "window_size": 15, "batch_size": 32, "epochs": 10, "kernel_size": 5, "attention_heads": 2}, "parameter_index": 0}
[2026-05-12 18:39:57] INFO (NNIManager) submitTrialJob: form: {
  sequenceId: 11,
  hyperParameters: {
    value: '{"parameter_id": 11, "parameter_source": "algorithm", "parameters": {"model_type": "TCN", "units": 256, "num_layers": 3, "dropout": 0, "activation": "elu", "lr": 0.00044487651358125535, "window_size": 15, "batch_size": 32, "epochs": 10, "kernel_size": 5, "attention_heads": 2}, "parameter_index": 0}',
    index: 0
  },
  placementConstraint: { type: 'None', gpus: [] }
}
[2026-05-12 18:39:57] INFO (LocalV3.local) Created trial caM4k
[2026-05-12 18:39:59] INFO (LocalV3.local) Trial parameter: caM4k {"parameter_id": 11, "parameter_source": "algorithm", "parameters": {"model_type": "TCN", "units": 256, "num_layers": 3, "dropout": 0, "activation": "elu", "lr": 0.00044487651358125535, "window_size": 15, "batch_size": 32, "epochs": 10, "kernel_size": 5, "attention_heads": 2}, "parameter_index": 0}
[2026-05-12 18:40:17] INFO (NNIManager) Change NNIManager status from: RUNNING to: NO_MORE_TRIAL
[2026-05-12 18:40:24] INFO (NNIManager) Trial job caM4k status changed from RUNNING to SUCCEEDED
[2026-05-12 18:40:24] INFO (NNIManager) Change NNIManager status from: NO_MORE_TRIAL to: DONE
[2026-05-12 18:40:24] INFO (NNIManager) Experiment done.
[2026-05-12 18:40:26] INFO (ShutdownManager) Initiate shutdown: SIGTERM
[2026-05-12 18:40:26] INFO (RestServer) Stopping REST server.
[2026-05-12 18:40:26] INFO (NNIManager) Change NNIManager status from: DONE to: STOPPING
[2026-05-12 18:40:26] INFO (NNIManager) Stopping experiment, cleaning up ...
[2026-05-12 18:40:26] INFO (RestServer) REST server stopped.
[2026-05-12 18:40:28] INFO (LocalV3.local) All trials stopped
[2026-05-12 18:40:28] INFO (NNIManager) Change NNIManager status from: STOPPING to: STOPPED
[2026-05-12 18:40:28] INFO (NNIManager) Experiment stopped.
[2026-05-12 18:40:28] INFO (NNITensorboardManager) Forced stopping all tensorboard task.
[2026-05-12 18:40:28] INFO (NNITensorboardManager) All tensorboard task stopped.
[2026-05-12 18:40:28] INFO (NNITensorboardManager) Tensorboard manager stopped.
[2026-05-12 18:40:28] INFO (ShutdownManager) Shutdown complete.
