[2026-05-12 20:23:12] INFO (main) Start NNI manager
[2026-05-12 20:23:12] INFO (RestServer) Starting REST server at port 8762, URL prefix: "/"
[2026-05-12 20:23:12] INFO (RestServer) REST server started.
[2026-05-12 20:23:13] INFO (NNIDataStore) Datastore initialization done
[2026-05-12 20:23:13] INFO (NNIManager) Starting experiment: fumpevbj
[2026-05-12 20:23:13] INFO (NNIManager) Setup training service...
[2026-05-12 20:23:13] INFO (NNIManager) Setup tuner...
[2026-05-12 20:23:13] INFO (NNIManager) Change NNIManager status from: INITIALIZED to: RUNNING
[2026-05-12 20:23:14] INFO (NNIManager) Add event listeners
[2026-05-12 20:23:14] INFO (LocalV3.local) Start
[2026-05-12 20:23:14] INFO (NNIManager) NNIManager received command from dispatcher: ID, 
[2026-05-12 20:23:14] INFO (NNIManager) NNIManager received command from dispatcher: TR, {"parameter_id": 0, "parameter_source": "algorithm", "parameters": {"model_type": "Transformer", "units": 64, "num_layers": 4, "dropout": 0.2, "activation": "elu", "lr": 1.0396547539627074e-05, "window_size": 13, "batch_size": 32, "epochs": 20, "kernel_size": 5, "attention_heads": 4}, "parameter_index": 0}
[2026-05-12 20:23:15] INFO (NNIManager) submitTrialJob: form: {
  sequenceId: 0,
  hyperParameters: {
    value: '{"parameter_id": 0, "parameter_source": "algorithm", "parameters": {"model_type": "Transformer", "units": 64, "num_layers": 4, "dropout": 0.2, "activation": "elu", "lr": 1.0396547539627074e-05, "window_size": 13, "batch_size": 32, "epochs": 20, "kernel_size": 5, "attention_heads": 4}, "parameter_index": 0}',
    index: 0
  },
  placementConstraint: { type: 'None', gpus: [] }
}
[2026-05-12 20:23:15] INFO (LocalV3.local) Register directory trial_code = /home/meliani/Desktop/phd/fast-track
[2026-05-12 20:23:15] INFO (LocalV3.local) Created trial Tu2OC
[2026-05-12 20:23:17] INFO (LocalV3.local) Trial parameter: Tu2OC {"parameter_id": 0, "parameter_source": "algorithm", "parameters": {"model_type": "Transformer", "units": 64, "num_layers": 4, "dropout": 0.2, "activation": "elu", "lr": 1.0396547539627074e-05, "window_size": 13, "batch_size": 32, "epochs": 20, "kernel_size": 5, "attention_heads": 4}, "parameter_index": 0}
[2026-05-12 20:24:32] INFO (NNIManager) Trial job Tu2OC status changed from RUNNING to SUCCEEDED
[2026-05-12 20:24:32] INFO (NNIManager) NNIManager received command from dispatcher: TR, {"parameter_id": 1, "parameter_source": "algorithm", "parameters": {"model_type": "TCN", "units": 32, "num_layers": 3, "dropout": 0, "activation": "sigmoid", "lr": 0.00034677907873849865, "window_size": 28, "batch_size": 32, "epochs": 15, "kernel_size": 2, "attention_heads": 4}, "parameter_index": 0}
[2026-05-12 20:24:33] INFO (NNIManager) submitTrialJob: form: {
  sequenceId: 1,
  hyperParameters: {
    value: '{"parameter_id": 1, "parameter_source": "algorithm", "parameters": {"model_type": "TCN", "units": 32, "num_layers": 3, "dropout": 0, "activation": "sigmoid", "lr": 0.00034677907873849865, "window_size": 28, "batch_size": 32, "epochs": 15, "kernel_size": 2, "attention_heads": 4}, "parameter_index": 0}',
    index: 0
  },
  placementConstraint: { type: 'None', gpus: [] }
}
[2026-05-12 20:24:33] INFO (LocalV3.local) Created trial vUMfb
[2026-05-12 20:24:35] INFO (LocalV3.local) Trial parameter: vUMfb {"parameter_id": 1, "parameter_source": "algorithm", "parameters": {"model_type": "TCN", "units": 32, "num_layers": 3, "dropout": 0, "activation": "sigmoid", "lr": 0.00034677907873849865, "window_size": 28, "batch_size": 32, "epochs": 15, "kernel_size": 2, "attention_heads": 4}, "parameter_index": 0}
[2026-05-12 20:24:43] INFO (NNIManager) Trial job vUMfb status changed from RUNNING to SUCCEEDED
[2026-05-12 20:24:43] INFO (NNIManager) NNIManager received command from dispatcher: TR, {"parameter_id": 2, "parameter_source": "algorithm", "parameters": {"model_type": "TCN", "units": 128, "num_layers": 3, "dropout": 0.3, "activation": "sigmoid", "lr": 0.0001965933589492362, "window_size": 28, "batch_size": 32, "epochs": 10, "kernel_size": 7, "attention_heads": 8}, "parameter_index": 0}
[2026-05-12 20:24:44] INFO (NNIManager) submitTrialJob: form: {
  sequenceId: 2,
  hyperParameters: {
    value: '{"parameter_id": 2, "parameter_source": "algorithm", "parameters": {"model_type": "TCN", "units": 128, "num_layers": 3, "dropout": 0.3, "activation": "sigmoid", "lr": 0.0001965933589492362, "window_size": 28, "batch_size": 32, "epochs": 10, "kernel_size": 7, "attention_heads": 8}, "parameter_index": 0}',
    index: 0
  },
  placementConstraint: { type: 'None', gpus: [] }
}
[2026-05-12 20:24:44] INFO (LocalV3.local) Created trial giQpS
[2026-05-12 20:24:45] INFO (LocalV3.local) Trial parameter: giQpS {"parameter_id": 2, "parameter_source": "algorithm", "parameters": {"model_type": "TCN", "units": 128, "num_layers": 3, "dropout": 0.3, "activation": "sigmoid", "lr": 0.0001965933589492362, "window_size": 28, "batch_size": 32, "epochs": 10, "kernel_size": 7, "attention_heads": 8}, "parameter_index": 0}
[2026-05-12 20:25:03] INFO (NNIManager) Trial job giQpS status changed from RUNNING to SUCCEEDED
[2026-05-12 20:25:03] INFO (NNIManager) NNIManager received command from dispatcher: TR, {"parameter_id": 3, "parameter_source": "algorithm", "parameters": {"model_type": "TCN", "units": 32, "num_layers": 3, "dropout": 0.1, "activation": "sigmoid", "lr": 3.5542790175403055e-05, "window_size": 28, "batch_size": 128, "epochs": 10, "kernel_size": 3, "attention_heads": 2}, "parameter_index": 0}
[2026-05-12 20:25:03] INFO (NNIManager) submitTrialJob: form: {
  sequenceId: 3,
  hyperParameters: {
    value: '{"parameter_id": 3, "parameter_source": "algorithm", "parameters": {"model_type": "TCN", "units": 32, "num_layers": 3, "dropout": 0.1, "activation": "sigmoid", "lr": 3.5542790175403055e-05, "window_size": 28, "batch_size": 128, "epochs": 10, "kernel_size": 3, "attention_heads": 2}, "parameter_index": 0}',
    index: 0
  },
  placementConstraint: { type: 'None', gpus: [] }
}
[2026-05-12 20:25:03] INFO (LocalV3.local) Created trial GE28j
[2026-05-12 20:25:05] INFO (LocalV3.local) Trial parameter: GE28j {"parameter_id": 3, "parameter_source": "algorithm", "parameters": {"model_type": "TCN", "units": 32, "num_layers": 3, "dropout": 0.1, "activation": "sigmoid", "lr": 3.5542790175403055e-05, "window_size": 28, "batch_size": 128, "epochs": 10, "kernel_size": 3, "attention_heads": 2}, "parameter_index": 0}
[2026-05-12 20:25:10] INFO (NNIManager) Trial job GE28j status changed from RUNNING to SUCCEEDED
[2026-05-12 20:25:10] INFO (NNIManager) NNIManager received command from dispatcher: TR, {"parameter_id": 4, "parameter_source": "algorithm", "parameters": {"model_type": "CNN", "units": 32, "num_layers": 3, "dropout": 0.3, "activation": "relu", "lr": 4.100939920560525e-05, "window_size": 26, "batch_size": 128, "epochs": 20, "kernel_size": 7, "attention_heads": 4}, "parameter_index": 0}
[2026-05-12 20:25:10] INFO (NNIManager) submitTrialJob: form: {
  sequenceId: 4,
  hyperParameters: {
    value: '{"parameter_id": 4, "parameter_source": "algorithm", "parameters": {"model_type": "CNN", "units": 32, "num_layers": 3, "dropout": 0.3, "activation": "relu", "lr": 4.100939920560525e-05, "window_size": 26, "batch_size": 128, "epochs": 20, "kernel_size": 7, "attention_heads": 4}, "parameter_index": 0}',
    index: 0
  },
  placementConstraint: { type: 'None', gpus: [] }
}
[2026-05-12 20:25:10] INFO (LocalV3.local) Created trial ePDlX
[2026-05-12 20:25:12] INFO (LocalV3.local) Trial parameter: ePDlX {"parameter_id": 4, "parameter_source": "algorithm", "parameters": {"model_type": "CNN", "units": 32, "num_layers": 3, "dropout": 0.3, "activation": "relu", "lr": 4.100939920560525e-05, "window_size": 26, "batch_size": 128, "epochs": 20, "kernel_size": 7, "attention_heads": 4}, "parameter_index": 0}
[2026-05-12 20:25:19] INFO (NNIManager) Trial job ePDlX status changed from RUNNING to SUCCEEDED
[2026-05-12 20:25:19] INFO (NNIManager) NNIManager received command from dispatcher: TR, {"parameter_id": 5, "parameter_source": "algorithm", "parameters": {"model_type": "TCN", "units": 128, "num_layers": 3, "dropout": 0.2, "activation": "sigmoid", "lr": 0.0006818699798280243, "window_size": 28, "batch_size": 64, "epochs": 5, "kernel_size": 7, "attention_heads": 8}, "parameter_index": 0}
[2026-05-12 20:25:20] INFO (NNIManager) submitTrialJob: form: {
  sequenceId: 5,
  hyperParameters: {
    value: '{"parameter_id": 5, "parameter_source": "algorithm", "parameters": {"model_type": "TCN", "units": 128, "num_layers": 3, "dropout": 0.2, "activation": "sigmoid", "lr": 0.0006818699798280243, "window_size": 28, "batch_size": 64, "epochs": 5, "kernel_size": 7, "attention_heads": 8}, "parameter_index": 0}',
    index: 0
  },
  placementConstraint: { type: 'None', gpus: [] }
}
[2026-05-12 20:25:20] INFO (LocalV3.local) Created trial vYAh5
[2026-05-12 20:25:21] INFO (LocalV3.local) Trial parameter: vYAh5 {"parameter_id": 5, "parameter_source": "algorithm", "parameters": {"model_type": "TCN", "units": 128, "num_layers": 3, "dropout": 0.2, "activation": "sigmoid", "lr": 0.0006818699798280243, "window_size": 28, "batch_size": 64, "epochs": 5, "kernel_size": 7, "attention_heads": 8}, "parameter_index": 0}
[2026-05-12 20:25:30] INFO (NNIManager) Trial job vYAh5 status changed from RUNNING to SUCCEEDED
[2026-05-12 20:25:30] INFO (NNIManager) NNIManager received command from dispatcher: TR, {"parameter_id": 6, "parameter_source": "algorithm", "parameters": {"model_type": "Transformer", "units": 16, "num_layers": 3, "dropout": 0.1, "activation": "elu", "lr": 8.176148788076536e-05, "window_size": 28, "batch_size": 64, "epochs": 5, "kernel_size": 3, "attention_heads": 4}, "parameter_index": 0}
[2026-05-12 20:25:31] INFO (NNIManager) submitTrialJob: form: {
  sequenceId: 6,
  hyperParameters: {
    value: '{"parameter_id": 6, "parameter_source": "algorithm", "parameters": {"model_type": "Transformer", "units": 16, "num_layers": 3, "dropout": 0.1, "activation": "elu", "lr": 8.176148788076536e-05, "window_size": 28, "batch_size": 64, "epochs": 5, "kernel_size": 3, "attention_heads": 4}, "parameter_index": 0}',
    index: 0
  },
  placementConstraint: { type: 'None', gpus: [] }
}
[2026-05-12 20:25:31] INFO (LocalV3.local) Created trial goDKa
[2026-05-12 20:25:33] INFO (LocalV3.local) Trial parameter: goDKa {"parameter_id": 6, "parameter_source": "algorithm", "parameters": {"model_type": "Transformer", "units": 16, "num_layers": 3, "dropout": 0.1, "activation": "elu", "lr": 8.176148788076536e-05, "window_size": 28, "batch_size": 64, "epochs": 5, "kernel_size": 3, "attention_heads": 4}, "parameter_index": 0}
[2026-05-12 20:25:43] INFO (NNIManager) Trial job goDKa status changed from RUNNING to SUCCEEDED
[2026-05-12 20:25:43] INFO (NNIManager) NNIManager received command from dispatcher: TR, {"parameter_id": 7, "parameter_source": "algorithm", "parameters": {"model_type": "Transformer", "units": 16, "num_layers": 3, "dropout": 0.2, "activation": "sigmoid", "lr": 1.343888672080416e-05, "window_size": 15, "batch_size": 64, "epochs": 5, "kernel_size": 3, "attention_heads": 2}, "parameter_index": 0}
[2026-05-12 20:25:44] INFO (NNIManager) submitTrialJob: form: {
  sequenceId: 7,
  hyperParameters: {
    value: '{"parameter_id": 7, "parameter_source": "algorithm", "parameters": {"model_type": "Transformer", "units": 16, "num_layers": 3, "dropout": 0.2, "activation": "sigmoid", "lr": 1.343888672080416e-05, "window_size": 15, "batch_size": 64, "epochs": 5, "kernel_size": 3, "attention_heads": 2}, "parameter_index": 0}',
    index: 0
  },
  placementConstraint: { type: 'None', gpus: [] }
}
[2026-05-12 20:25:44] INFO (LocalV3.local) Created trial axpsC
[2026-05-12 20:25:46] INFO (LocalV3.local) Trial parameter: axpsC {"parameter_id": 7, "parameter_source": "algorithm", "parameters": {"model_type": "Transformer", "units": 16, "num_layers": 3, "dropout": 0.2, "activation": "sigmoid", "lr": 1.343888672080416e-05, "window_size": 15, "batch_size": 64, "epochs": 5, "kernel_size": 3, "attention_heads": 2}, "parameter_index": 0}
[2026-05-12 20:25:57] INFO (NNIManager) Trial job axpsC status changed from RUNNING to SUCCEEDED
[2026-05-12 20:25:57] INFO (NNIManager) NNIManager received command from dispatcher: TR, {"parameter_id": 8, "parameter_source": "algorithm", "parameters": {"model_type": "Transformer", "units": 64, "num_layers": 4, "dropout": 0.2, "activation": "elu", "lr": 2.5819060930513935e-05, "window_size": 13, "batch_size": 32, "epochs": 20, "kernel_size": 2, "attention_heads": 4}, "parameter_index": 0}
[2026-05-12 20:25:58] INFO (NNIManager) submitTrialJob: form: {
  sequenceId: 8,
  hyperParameters: {
    value: '{"parameter_id": 8, "parameter_source": "algorithm", "parameters": {"model_type": "Transformer", "units": 64, "num_layers": 4, "dropout": 0.2, "activation": "elu", "lr": 2.5819060930513935e-05, "window_size": 13, "batch_size": 32, "epochs": 20, "kernel_size": 2, "attention_heads": 4}, "parameter_index": 0}',
    index: 0
  },
  placementConstraint: { type: 'None', gpus: [] }
}
[2026-05-12 20:25:58] INFO (LocalV3.local) Created trial TaElh
[2026-05-12 20:26:00] INFO (LocalV3.local) Trial parameter: TaElh {"parameter_id": 8, "parameter_source": "algorithm", "parameters": {"model_type": "Transformer", "units": 64, "num_layers": 4, "dropout": 0.2, "activation": "elu", "lr": 2.5819060930513935e-05, "window_size": 13, "batch_size": 32, "epochs": 20, "kernel_size": 2, "attention_heads": 4}, "parameter_index": 0}
[2026-05-12 20:27:11] INFO (NNIManager) Trial job TaElh status changed from RUNNING to SUCCEEDED
[2026-05-12 20:27:11] INFO (NNIManager) NNIManager received command from dispatcher: TR, {"parameter_id": 9, "parameter_source": "algorithm", "parameters": {"model_type": "TCN", "units": 16, "num_layers": 3, "dropout": 0.1, "activation": "elu", "lr": 0.00012016105478244959, "window_size": 28, "batch_size": 64, "epochs": 10, "kernel_size": 3, "attention_heads": 4}, "parameter_index": 0}
[2026-05-12 20:27:12] INFO (NNIManager) submitTrialJob: form: {
  sequenceId: 9,
  hyperParameters: {
    value: '{"parameter_id": 9, "parameter_source": "algorithm", "parameters": {"model_type": "TCN", "units": 16, "num_layers": 3, "dropout": 0.1, "activation": "elu", "lr": 0.00012016105478244959, "window_size": 28, "batch_size": 64, "epochs": 10, "kernel_size": 3, "attention_heads": 4}, "parameter_index": 0}',
    index: 0
  },
  placementConstraint: { type: 'None', gpus: [] }
}
[2026-05-12 20:27:12] INFO (LocalV3.local) Created trial dpGFJ
[2026-05-12 20:27:14] INFO (LocalV3.local) Trial parameter: dpGFJ {"parameter_id": 9, "parameter_source": "algorithm", "parameters": {"model_type": "TCN", "units": 16, "num_layers": 3, "dropout": 0.1, "activation": "elu", "lr": 0.00012016105478244959, "window_size": 28, "batch_size": 64, "epochs": 10, "kernel_size": 3, "attention_heads": 4}, "parameter_index": 0}
[2026-05-12 20:27:18] INFO (NNIManager) Trial job dpGFJ status changed from RUNNING to SUCCEEDED
[2026-05-12 20:27:18] INFO (NNIManager) NNIManager received command from dispatcher: TR, {"parameter_id": 10, "parameter_source": "algorithm", "parameters": {"model_type": "Transformer", "units": 32, "num_layers": 3, "dropout": 0, "activation": "elu", "lr": 0.00012847365561860076, "window_size": 26, "batch_size": 64, "epochs": 20, "kernel_size": 7, "attention_heads": 4}, "parameter_index": 0}
[2026-05-12 20:27:19] INFO (NNIManager) submitTrialJob: form: {
  sequenceId: 10,
  hyperParameters: {
    value: '{"parameter_id": 10, "parameter_source": "algorithm", "parameters": {"model_type": "Transformer", "units": 32, "num_layers": 3, "dropout": 0, "activation": "elu", "lr": 0.00012847365561860076, "window_size": 26, "batch_size": 64, "epochs": 20, "kernel_size": 7, "attention_heads": 4}, "parameter_index": 0}',
    index: 0
  },
  placementConstraint: { type: 'None', gpus: [] }
}
[2026-05-12 20:27:19] INFO (LocalV3.local) Created trial PYHZB
[2026-05-12 20:27:21] INFO (LocalV3.local) Trial parameter: PYHZB {"parameter_id": 10, "parameter_source": "algorithm", "parameters": {"model_type": "Transformer", "units": 32, "num_layers": 3, "dropout": 0, "activation": "elu", "lr": 0.00012847365561860076, "window_size": 26, "batch_size": 64, "epochs": 20, "kernel_size": 7, "attention_heads": 4}, "parameter_index": 0}
[2026-05-12 20:28:01] INFO (NNIManager) Trial job PYHZB status changed from RUNNING to SUCCEEDED
[2026-05-12 20:28:01] INFO (NNIManager) NNIManager received command from dispatcher: TR, {"parameter_id": 11, "parameter_source": "algorithm", "parameters": {"model_type": "CNN", "units": 64, "num_layers": 4, "dropout": 0.2, "activation": "elu", "lr": 2.9401936768218282e-05, "window_size": 27, "batch_size": 32, "epochs": 15, "kernel_size": 5, "attention_heads": 8}, "parameter_index": 0}
[2026-05-12 20:28:02] INFO (NNIManager) submitTrialJob: form: {
  sequenceId: 11,
  hyperParameters: {
    value: '{"parameter_id": 11, "parameter_source": "algorithm", "parameters": {"model_type": "CNN", "units": 64, "num_layers": 4, "dropout": 0.2, "activation": "elu", "lr": 2.9401936768218282e-05, "window_size": 27, "batch_size": 32, "epochs": 15, "kernel_size": 5, "attention_heads": 8}, "parameter_index": 0}',
    index: 0
  },
  placementConstraint: { type: 'None', gpus: [] }
}
[2026-05-12 20:28:02] INFO (LocalV3.local) Created trial Fq3lp
[2026-05-12 20:28:04] INFO (LocalV3.local) Trial parameter: Fq3lp {"parameter_id": 11, "parameter_source": "algorithm", "parameters": {"model_type": "CNN", "units": 64, "num_layers": 4, "dropout": 0.2, "activation": "elu", "lr": 2.9401936768218282e-05, "window_size": 27, "batch_size": 32, "epochs": 15, "kernel_size": 5, "attention_heads": 8}, "parameter_index": 0}
[2026-05-12 20:28:17] INFO (NNIManager) Trial job Fq3lp status changed from RUNNING to SUCCEEDED
[2026-05-12 20:28:17] INFO (NNIManager) NNIManager received command from dispatcher: TR, {"parameter_id": 12, "parameter_source": "algorithm", "parameters": {"model_type": "CNN", "units": 64, "num_layers": 4, "dropout": 0.2, "activation": "elu", "lr": 1.3262431021357948e-05, "window_size": 4, "batch_size": 16, "epochs": 15, "kernel_size": 3, "attention_heads": 8}, "parameter_index": 0}
[2026-05-12 20:28:18] INFO (NNIManager) submitTrialJob: form: {
  sequenceId: 12,
  hyperParameters: {
    value: '{"parameter_id": 12, "parameter_source": "algorithm", "parameters": {"model_type": "CNN", "units": 64, "num_layers": 4, "dropout": 0.2, "activation": "elu", "lr": 1.3262431021357948e-05, "window_size": 4, "batch_size": 16, "epochs": 15, "kernel_size": 3, "attention_heads": 8}, "parameter_index": 0}',
    index: 0
  },
  placementConstraint: { type: 'None', gpus: [] }
}
[2026-05-12 20:28:18] INFO (LocalV3.local) Created trial hfcYp
[2026-05-12 20:28:20] INFO (LocalV3.local) Trial parameter: hfcYp {"parameter_id": 12, "parameter_source": "algorithm", "parameters": {"model_type": "CNN", "units": 64, "num_layers": 4, "dropout": 0.2, "activation": "elu", "lr": 1.3262431021357948e-05, "window_size": 4, "batch_size": 16, "epochs": 15, "kernel_size": 3, "attention_heads": 8}, "parameter_index": 0}
[2026-05-12 20:28:33] INFO (NNIManager) Trial job hfcYp status changed from RUNNING to SUCCEEDED
[2026-05-12 20:28:33] INFO (NNIManager) NNIManager received command from dispatcher: TR, {"parameter_id": 13, "parameter_source": "algorithm", "parameters": {"model_type": "TCN", "units": 64, "num_layers": 4, "dropout": 0, "activation": "elu", "lr": 1.2522939493314125e-05, "window_size": 25, "batch_size": 32, "epochs": 15, "kernel_size": 3, "attention_heads": 4}, "parameter_index": 0}
[2026-05-12 20:28:34] INFO (NNIManager) submitTrialJob: form: {
  sequenceId: 13,
  hyperParameters: {
    value: '{"parameter_id": 13, "parameter_source": "algorithm", "parameters": {"model_type": "TCN", "units": 64, "num_layers": 4, "dropout": 0, "activation": "elu", "lr": 1.2522939493314125e-05, "window_size": 25, "batch_size": 32, "epochs": 15, "kernel_size": 3, "attention_heads": 4}, "parameter_index": 0}',
    index: 0
  },
  placementConstraint: { type: 'None', gpus: [] }
}
[2026-05-12 20:28:34] INFO (LocalV3.local) Created trial zhitw
[2026-05-12 20:28:36] INFO (LocalV3.local) Trial parameter: zhitw {"parameter_id": 13, "parameter_source": "algorithm", "parameters": {"model_type": "TCN", "units": 64, "num_layers": 4, "dropout": 0, "activation": "elu", "lr": 1.2522939493314125e-05, "window_size": 25, "batch_size": 32, "epochs": 15, "kernel_size": 3, "attention_heads": 4}, "parameter_index": 0}
[2026-05-12 20:28:48] INFO (NNIManager) Trial job zhitw status changed from RUNNING to SUCCEEDED
[2026-05-12 20:28:48] INFO (NNIManager) NNIManager received command from dispatcher: TR, {"parameter_id": 14, "parameter_source": "algorithm", "parameters": {"model_type": "CNN", "units": 16, "num_layers": 3, "dropout": 0.2, "activation": "elu", "lr": 0.00011936552819986313, "window_size": 15, "batch_size": 64, "epochs": 10, "kernel_size": 3, "attention_heads": 4}, "parameter_index": 0}
[2026-05-12 20:28:49] INFO (NNIManager) submitTrialJob: form: {
  sequenceId: 14,
  hyperParameters: {
    value: '{"parameter_id": 14, "parameter_source": "algorithm", "parameters": {"model_type": "CNN", "units": 16, "num_layers": 3, "dropout": 0.2, "activation": "elu", "lr": 0.00011936552819986313, "window_size": 15, "batch_size": 64, "epochs": 10, "kernel_size": 3, "attention_heads": 4}, "parameter_index": 0}',
    index: 0
  },
  placementConstraint: { type: 'None', gpus: [] }
}
[2026-05-12 20:28:49] INFO (LocalV3.local) Created trial q3maL
[2026-05-12 20:28:50] INFO (LocalV3.local) Trial parameter: q3maL {"parameter_id": 14, "parameter_source": "algorithm", "parameters": {"model_type": "CNN", "units": 16, "num_layers": 3, "dropout": 0.2, "activation": "elu", "lr": 0.00011936552819986313, "window_size": 15, "batch_size": 64, "epochs": 10, "kernel_size": 3, "attention_heads": 4}, "parameter_index": 0}
[2026-05-12 20:28:55] INFO (NNIManager) Trial job q3maL status changed from RUNNING to SUCCEEDED
[2026-05-12 20:28:55] INFO (NNIManager) NNIManager received command from dispatcher: TR, {"parameter_id": 15, "parameter_source": "algorithm", "parameters": {"model_type": "CNN", "units": 256, "num_layers": 2, "dropout": 0.2, "activation": "elu", "lr": 1.8387655677434986e-05, "window_size": 4, "batch_size": 16, "epochs": 15, "kernel_size": 3, "attention_heads": 4}, "parameter_index": 0}
[2026-05-12 20:28:56] INFO (NNIManager) submitTrialJob: form: {
  sequenceId: 15,
  hyperParameters: {
    value: '{"parameter_id": 15, "parameter_source": "algorithm", "parameters": {"model_type": "CNN", "units": 256, "num_layers": 2, "dropout": 0.2, "activation": "elu", "lr": 1.8387655677434986e-05, "window_size": 4, "batch_size": 16, "epochs": 15, "kernel_size": 3, "attention_heads": 4}, "parameter_index": 0}',
    index: 0
  },
  placementConstraint: { type: 'None', gpus: [] }
}
[2026-05-12 20:28:56] INFO (LocalV3.local) Created trial Cihh1
[2026-05-12 20:28:57] INFO (LocalV3.local) Trial parameter: Cihh1 {"parameter_id": 15, "parameter_source": "algorithm", "parameters": {"model_type": "CNN", "units": 256, "num_layers": 2, "dropout": 0.2, "activation": "elu", "lr": 1.8387655677434986e-05, "window_size": 4, "batch_size": 16, "epochs": 15, "kernel_size": 3, "attention_heads": 4}, "parameter_index": 0}
[2026-05-12 20:29:18] INFO (NNIManager) Trial job Cihh1 status changed from RUNNING to SUCCEEDED
[2026-05-12 20:29:18] INFO (NNIManager) NNIManager received command from dispatcher: TR, {"parameter_id": 16, "parameter_source": "algorithm", "parameters": {"model_type": "CNN", "units": 64, "num_layers": 3, "dropout": 0.2, "activation": "elu", "lr": 1.0614673733622826e-05, "window_size": 4, "batch_size": 16, "epochs": 15, "kernel_size": 3, "attention_heads": 8}, "parameter_index": 0}
[2026-05-12 20:29:18] INFO (NNIManager) submitTrialJob: form: {
  sequenceId: 16,
  hyperParameters: {
    value: '{"parameter_id": 16, "parameter_source": "algorithm", "parameters": {"model_type": "CNN", "units": 64, "num_layers": 3, "dropout": 0.2, "activation": "elu", "lr": 1.0614673733622826e-05, "window_size": 4, "batch_size": 16, "epochs": 15, "kernel_size": 3, "attention_heads": 8}, "parameter_index": 0}',
    index: 0
  },
  placementConstraint: { type: 'None', gpus: [] }
}
[2026-05-12 20:29:18] INFO (LocalV3.local) Created trial YNqgH
[2026-05-12 20:29:20] INFO (LocalV3.local) Trial parameter: YNqgH {"parameter_id": 16, "parameter_source": "algorithm", "parameters": {"model_type": "CNN", "units": 64, "num_layers": 3, "dropout": 0.2, "activation": "elu", "lr": 1.0614673733622826e-05, "window_size": 4, "batch_size": 16, "epochs": 15, "kernel_size": 3, "attention_heads": 8}, "parameter_index": 0}
[2026-05-12 20:29:32] INFO (NNIManager) Trial job YNqgH status changed from RUNNING to SUCCEEDED
[2026-05-12 20:29:32] INFO (NNIManager) NNIManager received command from dispatcher: TR, {"parameter_id": 17, "parameter_source": "algorithm", "parameters": {"model_type": "CNN", "units": 64, "num_layers": 4, "dropout": 0.2, "activation": "relu", "lr": 8.666205262746156e-05, "window_size": 21, "batch_size": 16, "epochs": 15, "kernel_size": 3, "attention_heads": 8}, "parameter_index": 0}
[2026-05-12 20:29:33] INFO (NNIManager) submitTrialJob: form: {
  sequenceId: 17,
  hyperParameters: {
    value: '{"parameter_id": 17, "parameter_source": "algorithm", "parameters": {"model_type": "CNN", "units": 64, "num_layers": 4, "dropout": 0.2, "activation": "relu", "lr": 8.666205262746156e-05, "window_size": 21, "batch_size": 16, "epochs": 15, "kernel_size": 3, "attention_heads": 8}, "parameter_index": 0}',
    index: 0
  },
  placementConstraint: { type: 'None', gpus: [] }
}
[2026-05-12 20:29:33] INFO (LocalV3.local) Created trial i22hl
[2026-05-12 20:29:34] INFO (LocalV3.local) Trial parameter: i22hl {"parameter_id": 17, "parameter_source": "algorithm", "parameters": {"model_type": "CNN", "units": 64, "num_layers": 4, "dropout": 0.2, "activation": "relu", "lr": 8.666205262746156e-05, "window_size": 21, "batch_size": 16, "epochs": 15, "kernel_size": 3, "attention_heads": 8}, "parameter_index": 0}
[2026-05-12 20:29:51] INFO (NNIManager) Trial job i22hl status changed from RUNNING to SUCCEEDED
[2026-05-12 20:29:51] INFO (NNIManager) NNIManager received command from dispatcher: TR, {"parameter_id": 18, "parameter_source": "algorithm", "parameters": {"model_type": "CNN", "units": 64, "num_layers": 1, "dropout": 0.2, "activation": "tanh", "lr": 3.9269303409915464e-05, "window_size": 21, "batch_size": 16, "epochs": 15, "kernel_size": 3, "attention_heads": 8}, "parameter_index": 0}
[2026-05-12 20:29:51] INFO (NNIManager) submitTrialJob: form: {
  sequenceId: 18,
  hyperParameters: {
    value: '{"parameter_id": 18, "parameter_source": "algorithm", "parameters": {"model_type": "CNN", "units": 64, "num_layers": 1, "dropout": 0.2, "activation": "tanh", "lr": 3.9269303409915464e-05, "window_size": 21, "batch_size": 16, "epochs": 15, "kernel_size": 3, "attention_heads": 8}, "parameter_index": 0}',
    index: 0
  },
  placementConstraint: { type: 'None', gpus: [] }
}
[2026-05-12 20:29:51] INFO (LocalV3.local) Created trial Ed6jY
[2026-05-12 20:29:53] INFO (LocalV3.local) Trial parameter: Ed6jY {"parameter_id": 18, "parameter_source": "algorithm", "parameters": {"model_type": "CNN", "units": 64, "num_layers": 1, "dropout": 0.2, "activation": "tanh", "lr": 3.9269303409915464e-05, "window_size": 21, "batch_size": 16, "epochs": 15, "kernel_size": 3, "attention_heads": 8}, "parameter_index": 0}
[2026-05-12 20:30:02] INFO (NNIManager) Trial job Ed6jY status changed from RUNNING to SUCCEEDED
[2026-05-12 20:30:02] INFO (NNIManager) NNIManager received command from dispatcher: TR, {"parameter_id": 19, "parameter_source": "algorithm", "parameters": {"model_type": "Transformer", "units": 64, "num_layers": 4, "dropout": 0.2, "activation": "sigmoid", "lr": 1.539774392213368e-05, "window_size": 22, "batch_size": 128, "epochs": 15, "kernel_size": 5, "attention_heads": 8}, "parameter_index": 0}
[2026-05-12 20:30:03] INFO (NNIManager) submitTrialJob: form: {
  sequenceId: 19,
  hyperParameters: {
    value: '{"parameter_id": 19, "parameter_source": "algorithm", "parameters": {"model_type": "Transformer", "units": 64, "num_layers": 4, "dropout": 0.2, "activation": "sigmoid", "lr": 1.539774392213368e-05, "window_size": 22, "batch_size": 128, "epochs": 15, "kernel_size": 5, "attention_heads": 8}, "parameter_index": 0}',
    index: 0
  },
  placementConstraint: { type: 'None', gpus: [] }
}
[2026-05-12 20:30:03] INFO (LocalV3.local) Created trial cYRdH
[2026-05-12 20:30:05] INFO (LocalV3.local) Trial parameter: cYRdH {"parameter_id": 19, "parameter_source": "algorithm", "parameters": {"model_type": "Transformer", "units": 64, "num_layers": 4, "dropout": 0.2, "activation": "sigmoid", "lr": 1.539774392213368e-05, "window_size": 22, "batch_size": 128, "epochs": 15, "kernel_size": 5, "attention_heads": 8}, "parameter_index": 0}
[2026-05-12 20:31:23] INFO (NNIManager) Trial job cYRdH status changed from RUNNING to SUCCEEDED
[2026-05-12 20:31:23] INFO (NNIManager) NNIManager received command from dispatcher: TR, {"parameter_id": 20, "parameter_source": "algorithm", "parameters": {"model_type": "CNN", "units": 64, "num_layers": 4, "dropout": 0.2, "activation": "relu", "lr": 3.135869634442811e-05, "window_size": 21, "batch_size": 64, "epochs": 15, "kernel_size": 3, "attention_heads": 8}, "parameter_index": 0}
[2026-05-12 20:31:24] INFO (NNIManager) submitTrialJob: form: {
  sequenceId: 20,
  hyperParameters: {
    value: '{"parameter_id": 20, "parameter_source": "algorithm", "parameters": {"model_type": "CNN", "units": 64, "num_layers": 4, "dropout": 0.2, "activation": "relu", "lr": 3.135869634442811e-05, "window_size": 21, "batch_size": 64, "epochs": 15, "kernel_size": 3, "attention_heads": 8}, "parameter_index": 0}',
    index: 0
  },
  placementConstraint: { type: 'None', gpus: [] }
}
[2026-05-12 20:31:24] INFO (LocalV3.local) Created trial CSzy1
[2026-05-12 20:31:26] INFO (LocalV3.local) Trial parameter: CSzy1 {"parameter_id": 20, "parameter_source": "algorithm", "parameters": {"model_type": "CNN", "units": 64, "num_layers": 4, "dropout": 0.2, "activation": "relu", "lr": 3.135869634442811e-05, "window_size": 21, "batch_size": 64, "epochs": 15, "kernel_size": 3, "attention_heads": 8}, "parameter_index": 0}
[2026-05-12 20:31:34] INFO (NNIManager) Trial job CSzy1 status changed from RUNNING to SUCCEEDED
[2026-05-12 20:31:34] INFO (NNIManager) NNIManager received command from dispatcher: TR, {"parameter_id": 21, "parameter_source": "algorithm", "parameters": {"model_type": "CNN", "units": 64, "num_layers": 4, "dropout": 0.2, "activation": "sigmoid", "lr": 8.431496301151041e-05, "window_size": 21, "batch_size": 16, "epochs": 15, "kernel_size": 3, "attention_heads": 8}, "parameter_index": 0}
[2026-05-12 20:31:35] INFO (NNIManager) submitTrialJob: form: {
  sequenceId: 21,
  hyperParameters: {
    value: '{"parameter_id": 21, "parameter_source": "algorithm", "parameters": {"model_type": "CNN", "units": 64, "num_layers": 4, "dropout": 0.2, "activation": "sigmoid", "lr": 8.431496301151041e-05, "window_size": 21, "batch_size": 16, "epochs": 15, "kernel_size": 3, "attention_heads": 8}, "parameter_index": 0}',
    index: 0
  },
  placementConstraint: { type: 'None', gpus: [] }
}
[2026-05-12 20:31:35] INFO (LocalV3.local) Created trial lbTVc
[2026-05-12 20:31:37] INFO (LocalV3.local) Trial parameter: lbTVc {"parameter_id": 21, "parameter_source": "algorithm", "parameters": {"model_type": "CNN", "units": 64, "num_layers": 4, "dropout": 0.2, "activation": "sigmoid", "lr": 8.431496301151041e-05, "window_size": 21, "batch_size": 16, "epochs": 15, "kernel_size": 3, "attention_heads": 8}, "parameter_index": 0}
[2026-05-12 20:31:54] INFO (NNIManager) Trial job lbTVc status changed from RUNNING to SUCCEEDED
[2026-05-12 20:31:54] INFO (NNIManager) NNIManager received command from dispatcher: TR, {"parameter_id": 22, "parameter_source": "algorithm", "parameters": {"model_type": "MLP", "units": 64, "num_layers": 4, "dropout": 0.2, "activation": "elu", "lr": 1.2492044016981939e-05, "window_size": 17, "batch_size": 16, "epochs": 15, "kernel_size": 3, "attention_heads": 8}, "parameter_index": 0}
[2026-05-12 20:31:55] INFO (NNIManager) submitTrialJob: form: {
  sequenceId: 22,
  hyperParameters: {
    value: '{"parameter_id": 22, "parameter_source": "algorithm", "parameters": {"model_type": "MLP", "units": 64, "num_layers": 4, "dropout": 0.2, "activation": "elu", "lr": 1.2492044016981939e-05, "window_size": 17, "batch_size": 16, "epochs": 15, "kernel_size": 3, "attention_heads": 8}, "parameter_index": 0}',
    index: 0
  },
  placementConstraint: { type: 'None', gpus: [] }
}
[2026-05-12 20:31:55] INFO (LocalV3.local) Created trial BOFir
[2026-05-12 20:31:57] INFO (LocalV3.local) Trial parameter: BOFir {"parameter_id": 22, "parameter_source": "algorithm", "parameters": {"model_type": "MLP", "units": 64, "num_layers": 4, "dropout": 0.2, "activation": "elu", "lr": 1.2492044016981939e-05, "window_size": 17, "batch_size": 16, "epochs": 15, "kernel_size": 3, "attention_heads": 8}, "parameter_index": 0}
[2026-05-12 20:32:04] INFO (NNIManager) Trial job BOFir status changed from RUNNING to SUCCEEDED
[2026-05-12 20:32:04] INFO (NNIManager) NNIManager received command from dispatcher: TR, {"parameter_id": 23, "parameter_source": "algorithm", "parameters": {"model_type": "CNN", "units": 64, "num_layers": 4, "dropout": 0.3, "activation": "elu", "lr": 5.922131732845769e-05, "window_size": 27, "batch_size": 32, "epochs": 15, "kernel_size": 5, "attention_heads": 2}, "parameter_index": 0}
[2026-05-12 20:32:05] INFO (NNIManager) submitTrialJob: form: {
  sequenceId: 23,
  hyperParameters: {
    value: '{"parameter_id": 23, "parameter_source": "algorithm", "parameters": {"model_type": "CNN", "units": 64, "num_layers": 4, "dropout": 0.3, "activation": "elu", "lr": 5.922131732845769e-05, "window_size": 27, "batch_size": 32, "epochs": 15, "kernel_size": 5, "attention_heads": 2}, "parameter_index": 0}',
    index: 0
  },
  placementConstraint: { type: 'None', gpus: [] }
}
[2026-05-12 20:32:05] INFO (LocalV3.local) Created trial pVuw4
[2026-05-12 20:32:07] INFO (LocalV3.local) Trial parameter: pVuw4 {"parameter_id": 23, "parameter_source": "algorithm", "parameters": {"model_type": "CNN", "units": 64, "num_layers": 4, "dropout": 0.3, "activation": "elu", "lr": 5.922131732845769e-05, "window_size": 27, "batch_size": 32, "epochs": 15, "kernel_size": 5, "attention_heads": 2}, "parameter_index": 0}
[2026-05-12 20:32:20] INFO (NNIManager) Trial job pVuw4 status changed from RUNNING to SUCCEEDED
[2026-05-12 20:32:20] INFO (NNIManager) NNIManager received command from dispatcher: TR, {"parameter_id": 24, "parameter_source": "algorithm", "parameters": {"model_type": "RNN", "units": 64, "num_layers": 4, "dropout": 0.2, "activation": "elu", "lr": 1.1057651864565101e-05, "window_size": 4, "batch_size": 128, "epochs": 15, "kernel_size": 3, "attention_heads": 8}, "parameter_index": 0}
[2026-05-12 20:32:21] INFO (NNIManager) submitTrialJob: form: {
  sequenceId: 24,
  hyperParameters: {
    value: '{"parameter_id": 24, "parameter_source": "algorithm", "parameters": {"model_type": "RNN", "units": 64, "num_layers": 4, "dropout": 0.2, "activation": "elu", "lr": 1.1057651864565101e-05, "window_size": 4, "batch_size": 128, "epochs": 15, "kernel_size": 3, "attention_heads": 8}, "parameter_index": 0}',
    index: 0
  },
  placementConstraint: { type: 'None', gpus: [] }
}
[2026-05-12 20:32:21] INFO (LocalV3.local) Created trial HvVYx
[2026-05-12 20:32:23] INFO (LocalV3.local) Trial parameter: HvVYx {"parameter_id": 24, "parameter_source": "algorithm", "parameters": {"model_type": "RNN", "units": 64, "num_layers": 4, "dropout": 0.2, "activation": "elu", "lr": 1.1057651864565101e-05, "window_size": 4, "batch_size": 128, "epochs": 15, "kernel_size": 3, "attention_heads": 8}, "parameter_index": 0}
[2026-05-12 20:32:31] INFO (NNIManager) Trial job HvVYx status changed from RUNNING to SUCCEEDED
[2026-05-12 20:32:31] INFO (NNIManager) NNIManager received command from dispatcher: TR, {"parameter_id": 25, "parameter_source": "algorithm", "parameters": {"model_type": "Transformer", "units": 256, "num_layers": 4, "dropout": 0.3, "activation": "relu", "lr": 0.0001272790686547869, "window_size": 21, "batch_size": 16, "epochs": 15, "kernel_size": 3, "attention_heads": 8}, "parameter_index": 0}
[2026-05-12 20:32:31] INFO (NNIManager) submitTrialJob: form: {
  sequenceId: 25,
  hyperParameters: {
    value: '{"parameter_id": 25, "parameter_source": "algorithm", "parameters": {"model_type": "Transformer", "units": 256, "num_layers": 4, "dropout": 0.3, "activation": "relu", "lr": 0.0001272790686547869, "window_size": 21, "batch_size": 16, "epochs": 15, "kernel_size": 3, "attention_heads": 8}, "parameter_index": 0}',
    index: 0
  },
  placementConstraint: { type: 'None', gpus: [] }
}
[2026-05-12 20:32:31] INFO (LocalV3.local) Created trial QVdqM
[2026-05-12 20:32:33] INFO (LocalV3.local) Trial parameter: QVdqM {"parameter_id": 25, "parameter_source": "algorithm", "parameters": {"model_type": "Transformer", "units": 256, "num_layers": 4, "dropout": 0.3, "activation": "relu", "lr": 0.0001272790686547869, "window_size": 21, "batch_size": 16, "epochs": 15, "kernel_size": 3, "attention_heads": 8}, "parameter_index": 0}
[2026-05-12 20:33:16] INFO (NNIManager) Change NNIManager status from: RUNNING to: NO_MORE_TRIAL
[2026-05-12 20:33:20] INFO (ShutdownManager) Initiate shutdown: SIGTERM
[2026-05-12 20:33:20] INFO (RestServer) Stopping REST server.
[2026-05-12 20:33:20] INFO (NNIManager) Change NNIManager status from: NO_MORE_TRIAL to: STOPPING
[2026-05-12 20:33:20] INFO (NNIManager) Stopping experiment, cleaning up ...
[2026-05-12 20:33:20] INFO (RestServer) REST server stopped.
[2026-05-12 20:33:24] INFO (NNIManager) cancelTrialJob: QVdqM
[2026-05-12 20:33:24] INFO (LocalV3.local) Stop trial QVdqM
[2026-05-12 20:33:25] INFO (LocalV3.local) All trials stopped
[2026-05-12 20:33:25] INFO (NNIManager) Change NNIManager status from: STOPPING to: STOPPED
[2026-05-12 20:33:25] INFO (NNIManager) Experiment stopped.
[2026-05-12 20:33:25] INFO (NNITensorboardManager) Forced stopping all tensorboard task.
[2026-05-12 20:33:25] INFO (NNITensorboardManager) All tensorboard task stopped.
[2026-05-12 20:33:25] INFO (NNITensorboardManager) Tensorboard manager stopped.
[2026-05-12 20:33:25] INFO (ShutdownManager) Shutdown complete.
