[2026-05-22 20:18:53] INFO (main) Start NNI manager
[2026-05-22 20:18:53] INFO (RestServer) Starting REST server at port 8511, URL prefix: "/"
[2026-05-22 20:18:53] INFO (RestServer) REST server started.
[2026-05-22 20:18:53] INFO (NNIDataStore) Datastore initialization done
[2026-05-22 20:18:57] INFO (NNIManager) Starting experiment: 2gth1jpc
[2026-05-22 20:18:57] INFO (NNIManager) Setup training service...
[2026-05-22 20:18:57] INFO (NNIManager) Setup tuner...
[2026-05-22 20:18:57] INFO (NNIManager) Change NNIManager status from: INITIALIZED to: RUNNING
[2026-05-22 20:18:57] ERROR (experiments_manager) Error: File has been locked.
    at withLockNoWait (/home/meliani/.local/lib/python3.10/site-packages/nni_node/extensions/experiments_manager/utils.js:45:15)
    at ExperimentsManager.setExperimentInfo (/home/meliani/.local/lib/python3.10/site-packages/nni_node/extensions/experiments_manager/manager.js:75:40)
    at NNIManager.setStatus (/home/meliani/.local/lib/python3.10/site-packages/nni_node/core/nnimanager.js:809:64)
    at NNIManager.startExperiment (/home/meliani/.local/lib/python3.10/site-packages/nni_node/core/nnimanager.js:213:14)
[2026-05-22 20:18:57] ERROR (experiments_manager) Error: File has been locked.
    at withLockNoWait (/home/meliani/.local/lib/python3.10/site-packages/nni_node/extensions/experiments_manager/utils.js:45:15)
    at ExperimentsManager.setExperimentInfo (/home/meliani/.local/lib/python3.10/site-packages/nni_node/extensions/experiments_manager/manager.js:75:40)
    at Timeout.<anonymous> (/home/meliani/.local/lib/python3.10/site-packages/nni_node/extensions/experiments_manager/manager.js:91:70)
    at listOnTimeout (node:internal/timers:569:17)
    at process.processTimers (node:internal/timers:512:7)
[2026-05-22 20:18:57] ERROR (experiments_manager) Error: File has been locked.
    at withLockNoWait (/home/meliani/.local/lib/python3.10/site-packages/nni_node/extensions/experiments_manager/utils.js:45:15)
    at ExperimentsManager.setExperimentInfo (/home/meliani/.local/lib/python3.10/site-packages/nni_node/extensions/experiments_manager/manager.js:75:40)
    at Timeout.<anonymous> (/home/meliani/.local/lib/python3.10/site-packages/nni_node/extensions/experiments_manager/manager.js:91:70)
    at listOnTimeout (node:internal/timers:569:17)
    at process.processTimers (node:internal/timers:512:7)
[2026-05-22 20:18:58] ERROR (experiments_manager) Error: File has been locked.
    at withLockNoWait (/home/meliani/.local/lib/python3.10/site-packages/nni_node/extensions/experiments_manager/utils.js:45:15)
    at ExperimentsManager.setExperimentInfo (/home/meliani/.local/lib/python3.10/site-packages/nni_node/extensions/experiments_manager/manager.js:75:40)
    at Timeout.<anonymous> (/home/meliani/.local/lib/python3.10/site-packages/nni_node/extensions/experiments_manager/manager.js:91:70)
    at listOnTimeout (node:internal/timers:569:17)
    at process.processTimers (node:internal/timers:512:7)
[2026-05-22 20:18:58] ERROR (experiments_manager) Error: File has been locked.
    at withLockNoWait (/home/meliani/.local/lib/python3.10/site-packages/nni_node/extensions/experiments_manager/utils.js:45:15)
    at ExperimentsManager.setExperimentInfo (/home/meliani/.local/lib/python3.10/site-packages/nni_node/extensions/experiments_manager/manager.js:75:40)
    at Timeout.<anonymous> (/home/meliani/.local/lib/python3.10/site-packages/nni_node/extensions/experiments_manager/manager.js:91:70)
    at listOnTimeout (node:internal/timers:569:17)
    at process.processTimers (node:internal/timers:512:7)
[2026-05-22 20:18:58] ERROR (experiments_manager) Error: File has been locked.
    at withLockNoWait (/home/meliani/.local/lib/python3.10/site-packages/nni_node/extensions/experiments_manager/utils.js:45:15)
    at ExperimentsManager.setExperimentInfo (/home/meliani/.local/lib/python3.10/site-packages/nni_node/extensions/experiments_manager/manager.js:75:40)
    at Timeout.<anonymous> (/home/meliani/.local/lib/python3.10/site-packages/nni_node/extensions/experiments_manager/manager.js:91:70)
    at listOnTimeout (node:internal/timers:569:17)
    at process.processTimers (node:internal/timers:512:7)
[2026-05-22 20:18:58] ERROR (experiments_manager) Error: File has been locked.
    at withLockNoWait (/home/meliani/.local/lib/python3.10/site-packages/nni_node/extensions/experiments_manager/utils.js:45:15)
    at ExperimentsManager.setExperimentInfo (/home/meliani/.local/lib/python3.10/site-packages/nni_node/extensions/experiments_manager/manager.js:75:40)
    at Timeout.<anonymous> (/home/meliani/.local/lib/python3.10/site-packages/nni_node/extensions/experiments_manager/manager.js:91:70)
    at listOnTimeout (node:internal/timers:569:17)
    at process.processTimers (node:internal/timers:512:7)
[2026-05-22 20:18:58] ERROR (experiments_manager) Error: File has been locked.
    at withLockNoWait (/home/meliani/.local/lib/python3.10/site-packages/nni_node/extensions/experiments_manager/utils.js:45:15)
    at ExperimentsManager.setExperimentInfo (/home/meliani/.local/lib/python3.10/site-packages/nni_node/extensions/experiments_manager/manager.js:75:40)
    at Timeout.<anonymous> (/home/meliani/.local/lib/python3.10/site-packages/nni_node/extensions/experiments_manager/manager.js:91:70)
    at listOnTimeout (node:internal/timers:569:17)
    at process.processTimers (node:internal/timers:512:7)
[2026-05-22 20:18:58] ERROR (experiments_manager) Error: File has been locked.
    at withLockNoWait (/home/meliani/.local/lib/python3.10/site-packages/nni_node/extensions/experiments_manager/utils.js:45:15)
    at ExperimentsManager.setExperimentInfo (/home/meliani/.local/lib/python3.10/site-packages/nni_node/extensions/experiments_manager/manager.js:75:40)
    at Timeout.<anonymous> (/home/meliani/.local/lib/python3.10/site-packages/nni_node/extensions/experiments_manager/manager.js:91:70)
    at listOnTimeout (node:internal/timers:569:17)
    at process.processTimers (node:internal/timers:512:7)
[2026-05-22 20:18:58] ERROR (experiments_manager) Error: File has been locked.
    at withLockNoWait (/home/meliani/.local/lib/python3.10/site-packages/nni_node/extensions/experiments_manager/utils.js:45:15)
    at ExperimentsManager.setExperimentInfo (/home/meliani/.local/lib/python3.10/site-packages/nni_node/extensions/experiments_manager/manager.js:75:40)
    at Timeout.<anonymous> (/home/meliani/.local/lib/python3.10/site-packages/nni_node/extensions/experiments_manager/manager.js:91:70)
    at listOnTimeout (node:internal/timers:569:17)
    at process.processTimers (node:internal/timers:512:7)
[2026-05-22 20:18:58] ERROR (experiments_manager) Error: File has been locked.
    at withLockNoWait (/home/meliani/.local/lib/python3.10/site-packages/nni_node/extensions/experiments_manager/utils.js:45:15)
    at ExperimentsManager.setExperimentInfo (/home/meliani/.local/lib/python3.10/site-packages/nni_node/extensions/experiments_manager/manager.js:75:40)
    at Timeout.<anonymous> (/home/meliani/.local/lib/python3.10/site-packages/nni_node/extensions/experiments_manager/manager.js:91:70)
    at listOnTimeout (node:internal/timers:569:17)
    at process.processTimers (node:internal/timers:512:7)
[2026-05-22 20:18:58] ERROR (experiments_manager) Error: File has been locked.
    at withLockNoWait (/home/meliani/.local/lib/python3.10/site-packages/nni_node/extensions/experiments_manager/utils.js:45:15)
    at ExperimentsManager.setExperimentInfo (/home/meliani/.local/lib/python3.10/site-packages/nni_node/extensions/experiments_manager/manager.js:75:40)
    at Timeout.<anonymous> (/home/meliani/.local/lib/python3.10/site-packages/nni_node/extensions/experiments_manager/manager.js:91:70)
    at listOnTimeout (node:internal/timers:569:17)
    at process.processTimers (node:internal/timers:512:7)
[2026-05-22 20:18:59] ERROR (experiments_manager) Error: File has been locked.
    at withLockNoWait (/home/meliani/.local/lib/python3.10/site-packages/nni_node/extensions/experiments_manager/utils.js:45:15)
    at ExperimentsManager.setExperimentInfo (/home/meliani/.local/lib/python3.10/site-packages/nni_node/extensions/experiments_manager/manager.js:75:40)
    at Timeout.<anonymous> (/home/meliani/.local/lib/python3.10/site-packages/nni_node/extensions/experiments_manager/manager.js:91:70)
    at listOnTimeout (node:internal/timers:569:17)
    at process.processTimers (node:internal/timers:512:7)
[2026-05-22 20:18:59] ERROR (experiments_manager) Error: File has been locked.
    at withLockNoWait (/home/meliani/.local/lib/python3.10/site-packages/nni_node/extensions/experiments_manager/utils.js:45:15)
    at ExperimentsManager.setExperimentInfo (/home/meliani/.local/lib/python3.10/site-packages/nni_node/extensions/experiments_manager/manager.js:75:40)
    at Timeout.<anonymous> (/home/meliani/.local/lib/python3.10/site-packages/nni_node/extensions/experiments_manager/manager.js:91:70)
    at listOnTimeout (node:internal/timers:569:17)
    at process.processTimers (node:internal/timers:512:7)
[2026-05-22 20:18:59] ERROR (experiments_manager) Error: File has been locked.
    at withLockNoWait (/home/meliani/.local/lib/python3.10/site-packages/nni_node/extensions/experiments_manager/utils.js:45:15)
    at ExperimentsManager.setExperimentInfo (/home/meliani/.local/lib/python3.10/site-packages/nni_node/extensions/experiments_manager/manager.js:75:40)
    at Timeout.<anonymous> (/home/meliani/.local/lib/python3.10/site-packages/nni_node/extensions/experiments_manager/manager.js:91:70)
    at listOnTimeout (node:internal/timers:569:17)
    at process.processTimers (node:internal/timers:512:7)
[2026-05-22 20:18:59] ERROR (experiments_manager) Error: File has been locked.
    at withLockNoWait (/home/meliani/.local/lib/python3.10/site-packages/nni_node/extensions/experiments_manager/utils.js:45:15)
    at ExperimentsManager.setExperimentInfo (/home/meliani/.local/lib/python3.10/site-packages/nni_node/extensions/experiments_manager/manager.js:75:40)
    at Timeout.<anonymous> (/home/meliani/.local/lib/python3.10/site-packages/nni_node/extensions/experiments_manager/manager.js:91:70)
    at listOnTimeout (node:internal/timers:569:17)
    at process.processTimers (node:internal/timers:512:7)
[2026-05-22 20:18:59] ERROR (experiments_manager) Error: File has been locked.
    at withLockNoWait (/home/meliani/.local/lib/python3.10/site-packages/nni_node/extensions/experiments_manager/utils.js:45:15)
    at ExperimentsManager.setExperimentInfo (/home/meliani/.local/lib/python3.10/site-packages/nni_node/extensions/experiments_manager/manager.js:75:40)
    at Timeout.<anonymous> (/home/meliani/.local/lib/python3.10/site-packages/nni_node/extensions/experiments_manager/manager.js:91:70)
    at listOnTimeout (node:internal/timers:569:17)
    at process.processTimers (node:internal/timers:512:7)
[2026-05-22 20:18:59] ERROR (experiments_manager) Error: File has been locked.
    at withLockNoWait (/home/meliani/.local/lib/python3.10/site-packages/nni_node/extensions/experiments_manager/utils.js:45:15)
    at ExperimentsManager.setExperimentInfo (/home/meliani/.local/lib/python3.10/site-packages/nni_node/extensions/experiments_manager/manager.js:75:40)
    at Timeout.<anonymous> (/home/meliani/.local/lib/python3.10/site-packages/nni_node/extensions/experiments_manager/manager.js:91:70)
    at listOnTimeout (node:internal/timers:569:17)
    at process.processTimers (node:internal/timers:512:7)
[2026-05-22 20:18:59] ERROR (experiments_manager) Error: File has been locked.
    at withLockNoWait (/home/meliani/.local/lib/python3.10/site-packages/nni_node/extensions/experiments_manager/utils.js:45:15)
    at ExperimentsManager.setExperimentInfo (/home/meliani/.local/lib/python3.10/site-packages/nni_node/extensions/experiments_manager/manager.js:75:40)
    at Timeout.<anonymous> (/home/meliani/.local/lib/python3.10/site-packages/nni_node/extensions/experiments_manager/manager.js:91:70)
    at listOnTimeout (node:internal/timers:569:17)
    at process.processTimers (node:internal/timers:512:7)
[2026-05-22 20:18:59] ERROR (experiments_manager) Error: File has been locked.
    at withLockNoWait (/home/meliani/.local/lib/python3.10/site-packages/nni_node/extensions/experiments_manager/utils.js:45:15)
    at ExperimentsManager.setExperimentInfo (/home/meliani/.local/lib/python3.10/site-packages/nni_node/extensions/experiments_manager/manager.js:75:40)
    at Timeout.<anonymous> (/home/meliani/.local/lib/python3.10/site-packages/nni_node/extensions/experiments_manager/manager.js:91:70)
    at listOnTimeout (node:internal/timers:569:17)
    at process.processTimers (node:internal/timers:512:7)
[2026-05-22 20:18:59] ERROR (experiments_manager) Error: File has been locked.
    at withLockNoWait (/home/meliani/.local/lib/python3.10/site-packages/nni_node/extensions/experiments_manager/utils.js:45:15)
    at ExperimentsManager.setExperimentInfo (/home/meliani/.local/lib/python3.10/site-packages/nni_node/extensions/experiments_manager/manager.js:75:40)
    at Timeout.<anonymous> (/home/meliani/.local/lib/python3.10/site-packages/nni_node/extensions/experiments_manager/manager.js:91:70)
    at listOnTimeout (node:internal/timers:569:17)
    at process.processTimers (node:internal/timers:512:7)
[2026-05-22 20:19:00] ERROR (experiments_manager) Error: File has been locked.
    at withLockNoWait (/home/meliani/.local/lib/python3.10/site-packages/nni_node/extensions/experiments_manager/utils.js:45:15)
    at ExperimentsManager.setExperimentInfo (/home/meliani/.local/lib/python3.10/site-packages/nni_node/extensions/experiments_manager/manager.js:75:40)
    at Timeout.<anonymous> (/home/meliani/.local/lib/python3.10/site-packages/nni_node/extensions/experiments_manager/manager.js:91:70)
    at listOnTimeout (node:internal/timers:569:17)
    at process.processTimers (node:internal/timers:512:7)
[2026-05-22 20:19:00] ERROR (experiments_manager) Error: File has been locked.
    at withLockNoWait (/home/meliani/.local/lib/python3.10/site-packages/nni_node/extensions/experiments_manager/utils.js:45:15)
    at ExperimentsManager.setExperimentInfo (/home/meliani/.local/lib/python3.10/site-packages/nni_node/extensions/experiments_manager/manager.js:75:40)
    at Timeout.<anonymous> (/home/meliani/.local/lib/python3.10/site-packages/nni_node/extensions/experiments_manager/manager.js:91:70)
    at listOnTimeout (node:internal/timers:569:17)
    at process.processTimers (node:internal/timers:512:7)
[2026-05-22 20:19:00] ERROR (experiments_manager) Error: File has been locked.
    at withLockNoWait (/home/meliani/.local/lib/python3.10/site-packages/nni_node/extensions/experiments_manager/utils.js:45:15)
    at ExperimentsManager.setExperimentInfo (/home/meliani/.local/lib/python3.10/site-packages/nni_node/extensions/experiments_manager/manager.js:75:40)
    at Timeout.<anonymous> (/home/meliani/.local/lib/python3.10/site-packages/nni_node/extensions/experiments_manager/manager.js:91:70)
    at listOnTimeout (node:internal/timers:569:17)
    at process.processTimers (node:internal/timers:512:7)
[2026-05-22 20:19:00] ERROR (experiments_manager) Error: File has been locked.
    at withLockNoWait (/home/meliani/.local/lib/python3.10/site-packages/nni_node/extensions/experiments_manager/utils.js:45:15)
    at ExperimentsManager.setExperimentInfo (/home/meliani/.local/lib/python3.10/site-packages/nni_node/extensions/experiments_manager/manager.js:75:40)
    at Timeout.<anonymous> (/home/meliani/.local/lib/python3.10/site-packages/nni_node/extensions/experiments_manager/manager.js:91:70)
    at listOnTimeout (node:internal/timers:569:17)
    at process.processTimers (node:internal/timers:512:7)
[2026-05-22 20:19:00] ERROR (experiments_manager) Error: File has been locked.
    at withLockNoWait (/home/meliani/.local/lib/python3.10/site-packages/nni_node/extensions/experiments_manager/utils.js:45:15)
    at ExperimentsManager.setExperimentInfo (/home/meliani/.local/lib/python3.10/site-packages/nni_node/extensions/experiments_manager/manager.js:75:40)
    at Timeout.<anonymous> (/home/meliani/.local/lib/python3.10/site-packages/nni_node/extensions/experiments_manager/manager.js:91:70)
    at listOnTimeout (node:internal/timers:569:17)
    at process.processTimers (node:internal/timers:512:7)
[2026-05-22 20:19:00] ERROR (experiments_manager) Error: File has been locked.
    at withLockNoWait (/home/meliani/.local/lib/python3.10/site-packages/nni_node/extensions/experiments_manager/utils.js:45:15)
    at ExperimentsManager.setExperimentInfo (/home/meliani/.local/lib/python3.10/site-packages/nni_node/extensions/experiments_manager/manager.js:75:40)
    at Timeout.<anonymous> (/home/meliani/.local/lib/python3.10/site-packages/nni_node/extensions/experiments_manager/manager.js:91:70)
    at listOnTimeout (node:internal/timers:569:17)
    at process.processTimers (node:internal/timers:512:7)
[2026-05-22 20:19:00] ERROR (experiments_manager) Error: File has been locked.
    at withLockNoWait (/home/meliani/.local/lib/python3.10/site-packages/nni_node/extensions/experiments_manager/utils.js:45:15)
    at ExperimentsManager.setExperimentInfo (/home/meliani/.local/lib/python3.10/site-packages/nni_node/extensions/experiments_manager/manager.js:75:40)
    at Timeout.<anonymous> (/home/meliani/.local/lib/python3.10/site-packages/nni_node/extensions/experiments_manager/manager.js:91:70)
    at listOnTimeout (node:internal/timers:569:17)
    at process.processTimers (node:internal/timers:512:7)
[2026-05-22 20:19:00] ERROR (experiments_manager) Error: File has been locked.
    at withLockNoWait (/home/meliani/.local/lib/python3.10/site-packages/nni_node/extensions/experiments_manager/utils.js:45:15)
    at ExperimentsManager.setExperimentInfo (/home/meliani/.local/lib/python3.10/site-packages/nni_node/extensions/experiments_manager/manager.js:75:40)
    at Timeout.<anonymous> (/home/meliani/.local/lib/python3.10/site-packages/nni_node/extensions/experiments_manager/manager.js:91:70)
    at listOnTimeout (node:internal/timers:569:17)
    at process.processTimers (node:internal/timers:512:7)
[2026-05-22 20:19:00] ERROR (experiments_manager) Error: File has been locked.
    at withLockNoWait (/home/meliani/.local/lib/python3.10/site-packages/nni_node/extensions/experiments_manager/utils.js:45:15)
    at ExperimentsManager.setExperimentInfo (/home/meliani/.local/lib/python3.10/site-packages/nni_node/extensions/experiments_manager/manager.js:75:40)
    at Timeout.<anonymous> (/home/meliani/.local/lib/python3.10/site-packages/nni_node/extensions/experiments_manager/manager.js:91:70)
    at listOnTimeout (node:internal/timers:569:17)
    at process.processTimers (node:internal/timers:512:7)
[2026-05-22 20:19:01] ERROR (experiments_manager) Error: File has been locked.
    at withLockNoWait (/home/meliani/.local/lib/python3.10/site-packages/nni_node/extensions/experiments_manager/utils.js:45:15)
    at ExperimentsManager.setExperimentInfo (/home/meliani/.local/lib/python3.10/site-packages/nni_node/extensions/experiments_manager/manager.js:75:40)
    at Timeout.<anonymous> (/home/meliani/.local/lib/python3.10/site-packages/nni_node/extensions/experiments_manager/manager.js:91:70)
    at listOnTimeout (node:internal/timers:569:17)
    at process.processTimers (node:internal/timers:512:7)
[2026-05-22 20:19:01] ERROR (experiments_manager) Error: File has been locked.
    at withLockNoWait (/home/meliani/.local/lib/python3.10/site-packages/nni_node/extensions/experiments_manager/utils.js:45:15)
    at ExperimentsManager.setExperimentInfo (/home/meliani/.local/lib/python3.10/site-packages/nni_node/extensions/experiments_manager/manager.js:75:40)
    at Timeout.<anonymous> (/home/meliani/.local/lib/python3.10/site-packages/nni_node/extensions/experiments_manager/manager.js:91:70)
    at listOnTimeout (node:internal/timers:569:17)
    at process.processTimers (node:internal/timers:512:7)
[2026-05-22 20:19:01] ERROR (experiments_manager) Error: File has been locked.
    at withLockNoWait (/home/meliani/.local/lib/python3.10/site-packages/nni_node/extensions/experiments_manager/utils.js:45:15)
    at ExperimentsManager.setExperimentInfo (/home/meliani/.local/lib/python3.10/site-packages/nni_node/extensions/experiments_manager/manager.js:75:40)
    at Timeout.<anonymous> (/home/meliani/.local/lib/python3.10/site-packages/nni_node/extensions/experiments_manager/manager.js:91:70)
    at listOnTimeout (node:internal/timers:569:17)
    at process.processTimers (node:internal/timers:512:7)
[2026-05-22 20:19:01] ERROR (experiments_manager) Error: File has been locked.
    at withLockNoWait (/home/meliani/.local/lib/python3.10/site-packages/nni_node/extensions/experiments_manager/utils.js:45:15)
    at ExperimentsManager.setExperimentInfo (/home/meliani/.local/lib/python3.10/site-packages/nni_node/extensions/experiments_manager/manager.js:75:40)
    at Timeout.<anonymous> (/home/meliani/.local/lib/python3.10/site-packages/nni_node/extensions/experiments_manager/manager.js:91:70)
    at listOnTimeout (node:internal/timers:569:17)
    at process.processTimers (node:internal/timers:512:7)
[2026-05-22 20:19:01] ERROR (experiments_manager) Error: File has been locked.
    at withLockNoWait (/home/meliani/.local/lib/python3.10/site-packages/nni_node/extensions/experiments_manager/utils.js:45:15)
    at ExperimentsManager.setExperimentInfo (/home/meliani/.local/lib/python3.10/site-packages/nni_node/extensions/experiments_manager/manager.js:75:40)
    at Timeout.<anonymous> (/home/meliani/.local/lib/python3.10/site-packages/nni_node/extensions/experiments_manager/manager.js:91:70)
    at listOnTimeout (node:internal/timers:569:17)
    at process.processTimers (node:internal/timers:512:7)
[2026-05-22 20:19:01] ERROR (experiments_manager) Error: File has been locked.
    at withLockNoWait (/home/meliani/.local/lib/python3.10/site-packages/nni_node/extensions/experiments_manager/utils.js:45:15)
    at ExperimentsManager.setExperimentInfo (/home/meliani/.local/lib/python3.10/site-packages/nni_node/extensions/experiments_manager/manager.js:75:40)
    at Timeout.<anonymous> (/home/meliani/.local/lib/python3.10/site-packages/nni_node/extensions/experiments_manager/manager.js:91:70)
    at listOnTimeout (node:internal/timers:569:17)
    at process.processTimers (node:internal/timers:512:7)
[2026-05-22 20:19:01] ERROR (experiments_manager) Error: File has been locked.
    at withLockNoWait (/home/meliani/.local/lib/python3.10/site-packages/nni_node/extensions/experiments_manager/utils.js:45:15)
    at ExperimentsManager.setExperimentInfo (/home/meliani/.local/lib/python3.10/site-packages/nni_node/extensions/experiments_manager/manager.js:75:40)
    at Timeout.<anonymous> (/home/meliani/.local/lib/python3.10/site-packages/nni_node/extensions/experiments_manager/manager.js:91:70)
    at listOnTimeout (node:internal/timers:569:17)
    at process.processTimers (node:internal/timers:512:7)
[2026-05-22 20:19:01] ERROR (experiments_manager) Error: File has been locked.
    at withLockNoWait (/home/meliani/.local/lib/python3.10/site-packages/nni_node/extensions/experiments_manager/utils.js:45:15)
    at ExperimentsManager.setExperimentInfo (/home/meliani/.local/lib/python3.10/site-packages/nni_node/extensions/experiments_manager/manager.js:75:40)
    at Timeout.<anonymous> (/home/meliani/.local/lib/python3.10/site-packages/nni_node/extensions/experiments_manager/manager.js:91:70)
    at listOnTimeout (node:internal/timers:569:17)
    at process.processTimers (node:internal/timers:512:7)
[2026-05-22 20:19:01] ERROR (experiments_manager) Error: File has been locked.
    at withLockNoWait (/home/meliani/.local/lib/python3.10/site-packages/nni_node/extensions/experiments_manager/utils.js:45:15)
    at ExperimentsManager.setExperimentInfo (/home/meliani/.local/lib/python3.10/site-packages/nni_node/extensions/experiments_manager/manager.js:75:40)
    at Timeout.<anonymous> (/home/meliani/.local/lib/python3.10/site-packages/nni_node/extensions/experiments_manager/manager.js:91:70)
    at listOnTimeout (node:internal/timers:569:17)
    at process.processTimers (node:internal/timers:512:7)
[2026-05-22 20:19:01] ERROR (experiments_manager) Error: File has been locked.
    at withLockNoWait (/home/meliani/.local/lib/python3.10/site-packages/nni_node/extensions/experiments_manager/utils.js:45:15)
    at ExperimentsManager.setExperimentInfo (/home/meliani/.local/lib/python3.10/site-packages/nni_node/extensions/experiments_manager/manager.js:75:40)
    at Timeout.<anonymous> (/home/meliani/.local/lib/python3.10/site-packages/nni_node/extensions/experiments_manager/manager.js:91:70)
    at listOnTimeout (node:internal/timers:569:17)
    at process.processTimers (node:internal/timers:512:7)
[2026-05-22 20:19:02] ERROR (experiments_manager) Error: File has been locked.
    at withLockNoWait (/home/meliani/.local/lib/python3.10/site-packages/nni_node/extensions/experiments_manager/utils.js:45:15)
    at ExperimentsManager.setExperimentInfo (/home/meliani/.local/lib/python3.10/site-packages/nni_node/extensions/experiments_manager/manager.js:75:40)
    at Timeout.<anonymous> (/home/meliani/.local/lib/python3.10/site-packages/nni_node/extensions/experiments_manager/manager.js:91:70)
    at listOnTimeout (node:internal/timers:569:17)
    at process.processTimers (node:internal/timers:512:7)
[2026-05-22 20:19:02] ERROR (experiments_manager) Error: File has been locked.
    at withLockNoWait (/home/meliani/.local/lib/python3.10/site-packages/nni_node/extensions/experiments_manager/utils.js:45:15)
    at ExperimentsManager.setExperimentInfo (/home/meliani/.local/lib/python3.10/site-packages/nni_node/extensions/experiments_manager/manager.js:75:40)
    at Timeout.<anonymous> (/home/meliani/.local/lib/python3.10/site-packages/nni_node/extensions/experiments_manager/manager.js:91:70)
    at listOnTimeout (node:internal/timers:569:17)
    at process.processTimers (node:internal/timers:512:7)
[2026-05-22 20:19:04] INFO (NNIManager) Add event listeners
[2026-05-22 20:19:04] INFO (LocalV3.local) Start
[2026-05-22 20:19:04] INFO (NNIManager) NNIManager received command from dispatcher: ID, 
[2026-05-22 20:19:04] INFO (NNIManager) NNIManager received command from dispatcher: TR, {"parameter_id": 0, "parameter_source": "algorithm", "parameters": {"model_type": "LSTM", "units": 16, "num_layers": 1, "dropout": 0, "activation": "relu", "lr": 0.00031622776601683783, "window_size": 2, "batch_size": 16, "epochs": 5, "kernel_size": 2, "attention_heads": 2}, "parameter_index": 0}
[2026-05-22 20:19:04] INFO (NNIManager) submitTrialJob: form: {
  sequenceId: 0,
  hyperParameters: {
    value: '{"parameter_id": 0, "parameter_source": "algorithm", "parameters": {"model_type": "LSTM", "units": 16, "num_layers": 1, "dropout": 0, "activation": "relu", "lr": 0.00031622776601683783, "window_size": 2, "batch_size": 16, "epochs": 5, "kernel_size": 2, "attention_heads": 2}, "parameter_index": 0}',
    index: 0
  },
  placementConstraint: { type: 'None', gpus: [] }
}
[2026-05-22 20:19:05] INFO (LocalV3.local) Register directory trial_code = /home/meliani/Desktop/phd/fast-track
[2026-05-22 20:19:05] INFO (LocalV3.local) Created trial nhGjo
[2026-05-22 20:19:08] INFO (LocalV3.local) Trial parameter: nhGjo {"parameter_id": 0, "parameter_source": "algorithm", "parameters": {"model_type": "LSTM", "units": 16, "num_layers": 1, "dropout": 0, "activation": "relu", "lr": 0.00031622776601683783, "window_size": 2, "batch_size": 16, "epochs": 5, "kernel_size": 2, "attention_heads": 2}, "parameter_index": 0}
[2026-05-22 20:19:13] INFO (NNIManager) Trial job nhGjo status changed from RUNNING to SUCCEEDED
[2026-05-22 20:19:13] INFO (NNIManager) NNIManager received command from dispatcher: TR, {"parameter_id": 1, "parameter_source": "algorithm", "parameters": {"model_type": "LSTM", "units": 16, "num_layers": 1, "dropout": 0, "activation": "relu", "lr": 0.00031622776601683783, "window_size": 2, "batch_size": 16, "epochs": 5, "kernel_size": 2, "attention_heads": 4}, "parameter_index": 0}
[2026-05-22 20:19:13] INFO (NNIManager) submitTrialJob: form: {
  sequenceId: 1,
  hyperParameters: {
    value: '{"parameter_id": 1, "parameter_source": "algorithm", "parameters": {"model_type": "LSTM", "units": 16, "num_layers": 1, "dropout": 0, "activation": "relu", "lr": 0.00031622776601683783, "window_size": 2, "batch_size": 16, "epochs": 5, "kernel_size": 2, "attention_heads": 4}, "parameter_index": 0}',
    index: 0
  },
  placementConstraint: { type: 'None', gpus: [] }
}
[2026-05-22 20:19:13] INFO (LocalV3.local) Created trial EyXhu
[2026-05-22 20:19:15] INFO (LocalV3.local) Trial parameter: EyXhu {"parameter_id": 1, "parameter_source": "algorithm", "parameters": {"model_type": "LSTM", "units": 16, "num_layers": 1, "dropout": 0, "activation": "relu", "lr": 0.00031622776601683783, "window_size": 2, "batch_size": 16, "epochs": 5, "kernel_size": 2, "attention_heads": 4}, "parameter_index": 0}
[2026-05-22 20:19:21] INFO (NNIManager) Trial job EyXhu status changed from RUNNING to SUCCEEDED
[2026-05-22 20:19:21] INFO (NNIManager) NNIManager received command from dispatcher: TR, {"parameter_id": 2, "parameter_source": "algorithm", "parameters": {"model_type": "LSTM", "units": 16, "num_layers": 1, "dropout": 0, "activation": "relu", "lr": 0.00031622776601683783, "window_size": 2, "batch_size": 16, "epochs": 5, "kernel_size": 2, "attention_heads": 8}, "parameter_index": 0}
[2026-05-22 20:19:22] INFO (NNIManager) submitTrialJob: form: {
  sequenceId: 2,
  hyperParameters: {
    value: '{"parameter_id": 2, "parameter_source": "algorithm", "parameters": {"model_type": "LSTM", "units": 16, "num_layers": 1, "dropout": 0, "activation": "relu", "lr": 0.00031622776601683783, "window_size": 2, "batch_size": 16, "epochs": 5, "kernel_size": 2, "attention_heads": 8}, "parameter_index": 0}',
    index: 0
  },
  placementConstraint: { type: 'None', gpus: [] }
}
[2026-05-22 20:19:22] INFO (LocalV3.local) Created trial JEPwZ
[2026-05-22 20:19:25] INFO (LocalV3.local) Trial parameter: JEPwZ {"parameter_id": 2, "parameter_source": "algorithm", "parameters": {"model_type": "LSTM", "units": 16, "num_layers": 1, "dropout": 0, "activation": "relu", "lr": 0.00031622776601683783, "window_size": 2, "batch_size": 16, "epochs": 5, "kernel_size": 2, "attention_heads": 8}, "parameter_index": 0}
[2026-05-22 20:19:30] INFO (NNIManager) Trial job JEPwZ status changed from RUNNING to SUCCEEDED
[2026-05-22 20:19:30] INFO (NNIManager) NNIManager received command from dispatcher: TR, {"parameter_id": 3, "parameter_source": "algorithm", "parameters": {"model_type": "LSTM", "units": 16, "num_layers": 1, "dropout": 0, "activation": "relu", "lr": 0.00031622776601683783, "window_size": 2, "batch_size": 16, "epochs": 5, "kernel_size": 3, "attention_heads": 2}, "parameter_index": 0}
[2026-05-22 20:19:31] INFO (NNIManager) submitTrialJob: form: {
  sequenceId: 3,
  hyperParameters: {
    value: '{"parameter_id": 3, "parameter_source": "algorithm", "parameters": {"model_type": "LSTM", "units": 16, "num_layers": 1, "dropout": 0, "activation": "relu", "lr": 0.00031622776601683783, "window_size": 2, "batch_size": 16, "epochs": 5, "kernel_size": 3, "attention_heads": 2}, "parameter_index": 0}',
    index: 0
  },
  placementConstraint: { type: 'None', gpus: [] }
}
[2026-05-22 20:19:31] INFO (LocalV3.local) Created trial oLaNE
[2026-05-22 20:19:34] INFO (LocalV3.local) Trial parameter: oLaNE {"parameter_id": 3, "parameter_source": "algorithm", "parameters": {"model_type": "LSTM", "units": 16, "num_layers": 1, "dropout": 0, "activation": "relu", "lr": 0.00031622776601683783, "window_size": 2, "batch_size": 16, "epochs": 5, "kernel_size": 3, "attention_heads": 2}, "parameter_index": 0}
[2026-05-22 20:19:39] INFO (NNIManager) Trial job oLaNE status changed from RUNNING to SUCCEEDED
[2026-05-22 20:19:39] INFO (NNIManager) NNIManager received command from dispatcher: TR, {"parameter_id": 4, "parameter_source": "algorithm", "parameters": {"model_type": "LSTM", "units": 16, "num_layers": 1, "dropout": 0, "activation": "relu", "lr": 0.00031622776601683783, "window_size": 2, "batch_size": 16, "epochs": 5, "kernel_size": 3, "attention_heads": 4}, "parameter_index": 0}
[2026-05-22 20:19:39] INFO (NNIManager) submitTrialJob: form: {
  sequenceId: 4,
  hyperParameters: {
    value: '{"parameter_id": 4, "parameter_source": "algorithm", "parameters": {"model_type": "LSTM", "units": 16, "num_layers": 1, "dropout": 0, "activation": "relu", "lr": 0.00031622776601683783, "window_size": 2, "batch_size": 16, "epochs": 5, "kernel_size": 3, "attention_heads": 4}, "parameter_index": 0}',
    index: 0
  },
  placementConstraint: { type: 'None', gpus: [] }
}
[2026-05-22 20:19:39] INFO (LocalV3.local) Created trial ykbTr
[2026-05-22 20:19:42] INFO (LocalV3.local) Trial parameter: ykbTr {"parameter_id": 4, "parameter_source": "algorithm", "parameters": {"model_type": "LSTM", "units": 16, "num_layers": 1, "dropout": 0, "activation": "relu", "lr": 0.00031622776601683783, "window_size": 2, "batch_size": 16, "epochs": 5, "kernel_size": 3, "attention_heads": 4}, "parameter_index": 0}
[2026-05-22 20:19:48] INFO (NNIManager) Trial job ykbTr status changed from RUNNING to SUCCEEDED
[2026-05-22 20:19:48] INFO (NNIManager) NNIManager received command from dispatcher: TR, {"parameter_id": 5, "parameter_source": "algorithm", "parameters": {"model_type": "LSTM", "units": 16, "num_layers": 1, "dropout": 0, "activation": "relu", "lr": 0.00031622776601683783, "window_size": 2, "batch_size": 16, "epochs": 5, "kernel_size": 3, "attention_heads": 8}, "parameter_index": 0}
[2026-05-22 20:19:49] INFO (NNIManager) submitTrialJob: form: {
  sequenceId: 5,
  hyperParameters: {
    value: '{"parameter_id": 5, "parameter_source": "algorithm", "parameters": {"model_type": "LSTM", "units": 16, "num_layers": 1, "dropout": 0, "activation": "relu", "lr": 0.00031622776601683783, "window_size": 2, "batch_size": 16, "epochs": 5, "kernel_size": 3, "attention_heads": 8}, "parameter_index": 0}',
    index: 0
  },
  placementConstraint: { type: 'None', gpus: [] }
}
[2026-05-22 20:19:49] INFO (LocalV3.local) Created trial lAfxl
[2026-05-22 20:20:10] INFO (LocalV3.local) Trial parameter: lAfxl {"parameter_id": 5, "parameter_source": "algorithm", "parameters": {"model_type": "LSTM", "units": 16, "num_layers": 1, "dropout": 0, "activation": "relu", "lr": 0.00031622776601683783, "window_size": 2, "batch_size": 16, "epochs": 5, "kernel_size": 3, "attention_heads": 8}, "parameter_index": 0}
[2026-05-22 20:20:40] INFO (NNIManager) Trial job lAfxl status changed from RUNNING to SUCCEEDED
[2026-05-22 20:20:40] INFO (NNIManager) NNIManager received command from dispatcher: TR, {"parameter_id": 6, "parameter_source": "algorithm", "parameters": {"model_type": "LSTM", "units": 16, "num_layers": 1, "dropout": 0, "activation": "relu", "lr": 0.00031622776601683783, "window_size": 2, "batch_size": 16, "epochs": 5, "kernel_size": 5, "attention_heads": 2}, "parameter_index": 0}
[2026-05-22 20:20:41] INFO (NNIManager) submitTrialJob: form: {
  sequenceId: 6,
  hyperParameters: {
    value: '{"parameter_id": 6, "parameter_source": "algorithm", "parameters": {"model_type": "LSTM", "units": 16, "num_layers": 1, "dropout": 0, "activation": "relu", "lr": 0.00031622776601683783, "window_size": 2, "batch_size": 16, "epochs": 5, "kernel_size": 5, "attention_heads": 2}, "parameter_index": 0}',
    index: 0
  },
  placementConstraint: { type: 'None', gpus: [] }
}
[2026-05-22 20:20:41] INFO (LocalV3.local) Created trial VCL11
[2026-05-22 20:20:59] INFO (LocalV3.local) Trial parameter: VCL11 {"parameter_id": 6, "parameter_source": "algorithm", "parameters": {"model_type": "LSTM", "units": 16, "num_layers": 1, "dropout": 0, "activation": "relu", "lr": 0.00031622776601683783, "window_size": 2, "batch_size": 16, "epochs": 5, "kernel_size": 5, "attention_heads": 2}, "parameter_index": 0}
[2026-05-22 20:21:28] INFO (NNIManager) Trial job VCL11 status changed from RUNNING to SUCCEEDED
[2026-05-22 20:21:28] INFO (NNIManager) NNIManager received command from dispatcher: TR, {"parameter_id": 7, "parameter_source": "algorithm", "parameters": {"model_type": "LSTM", "units": 16, "num_layers": 1, "dropout": 0, "activation": "relu", "lr": 0.00031622776601683783, "window_size": 2, "batch_size": 16, "epochs": 5, "kernel_size": 5, "attention_heads": 4}, "parameter_index": 0}
[2026-05-22 20:21:28] INFO (NNIManager) submitTrialJob: form: {
  sequenceId: 7,
  hyperParameters: {
    value: '{"parameter_id": 7, "parameter_source": "algorithm", "parameters": {"model_type": "LSTM", "units": 16, "num_layers": 1, "dropout": 0, "activation": "relu", "lr": 0.00031622776601683783, "window_size": 2, "batch_size": 16, "epochs": 5, "kernel_size": 5, "attention_heads": 4}, "parameter_index": 0}',
    index: 0
  },
  placementConstraint: { type: 'None', gpus: [] }
}
[2026-05-22 20:21:28] INFO (LocalV3.local) Created trial WFYCP
[2026-05-22 20:21:31] INFO (LocalV3.local) Trial parameter: WFYCP {"parameter_id": 7, "parameter_source": "algorithm", "parameters": {"model_type": "LSTM", "units": 16, "num_layers": 1, "dropout": 0, "activation": "relu", "lr": 0.00031622776601683783, "window_size": 2, "batch_size": 16, "epochs": 5, "kernel_size": 5, "attention_heads": 4}, "parameter_index": 0}
[2026-05-22 20:21:35] INFO (NNIManager) Trial job WFYCP status changed from RUNNING to SUCCEEDED
[2026-05-22 20:21:35] INFO (NNIManager) NNIManager received command from dispatcher: TR, {"parameter_id": 8, "parameter_source": "algorithm", "parameters": {"model_type": "LSTM", "units": 16, "num_layers": 1, "dropout": 0, "activation": "relu", "lr": 0.00031622776601683783, "window_size": 2, "batch_size": 16, "epochs": 5, "kernel_size": 5, "attention_heads": 8}, "parameter_index": 0}
[2026-05-22 20:21:36] INFO (NNIManager) submitTrialJob: form: {
  sequenceId: 8,
  hyperParameters: {
    value: '{"parameter_id": 8, "parameter_source": "algorithm", "parameters": {"model_type": "LSTM", "units": 16, "num_layers": 1, "dropout": 0, "activation": "relu", "lr": 0.00031622776601683783, "window_size": 2, "batch_size": 16, "epochs": 5, "kernel_size": 5, "attention_heads": 8}, "parameter_index": 0}',
    index: 0
  },
  placementConstraint: { type: 'None', gpus: [] }
}
[2026-05-22 20:21:36] INFO (LocalV3.local) Created trial Xf99A
[2026-05-22 20:21:39] INFO (LocalV3.local) Trial parameter: Xf99A {"parameter_id": 8, "parameter_source": "algorithm", "parameters": {"model_type": "LSTM", "units": 16, "num_layers": 1, "dropout": 0, "activation": "relu", "lr": 0.00031622776601683783, "window_size": 2, "batch_size": 16, "epochs": 5, "kernel_size": 5, "attention_heads": 8}, "parameter_index": 0}
[2026-05-22 20:21:44] INFO (NNIManager) Trial job Xf99A status changed from RUNNING to SUCCEEDED
[2026-05-22 20:21:44] INFO (NNIManager) NNIManager received command from dispatcher: TR, {"parameter_id": 9, "parameter_source": "algorithm", "parameters": {"model_type": "LSTM", "units": 16, "num_layers": 1, "dropout": 0, "activation": "relu", "lr": 0.00031622776601683783, "window_size": 2, "batch_size": 16, "epochs": 5, "kernel_size": 7, "attention_heads": 2}, "parameter_index": 0}
[2026-05-22 20:21:45] INFO (NNIManager) submitTrialJob: form: {
  sequenceId: 9,
  hyperParameters: {
    value: '{"parameter_id": 9, "parameter_source": "algorithm", "parameters": {"model_type": "LSTM", "units": 16, "num_layers": 1, "dropout": 0, "activation": "relu", "lr": 0.00031622776601683783, "window_size": 2, "batch_size": 16, "epochs": 5, "kernel_size": 7, "attention_heads": 2}, "parameter_index": 0}',
    index: 0
  },
  placementConstraint: { type: 'None', gpus: [] }
}
[2026-05-22 20:21:45] INFO (LocalV3.local) Created trial xlQQg
[2026-05-22 20:21:48] INFO (LocalV3.local) Trial parameter: xlQQg {"parameter_id": 9, "parameter_source": "algorithm", "parameters": {"model_type": "LSTM", "units": 16, "num_layers": 1, "dropout": 0, "activation": "relu", "lr": 0.00031622776601683783, "window_size": 2, "batch_size": 16, "epochs": 5, "kernel_size": 7, "attention_heads": 2}, "parameter_index": 0}
[2026-05-22 20:21:54] INFO (NNIManager) Trial job xlQQg status changed from RUNNING to SUCCEEDED
[2026-05-22 20:21:54] INFO (NNIManager) NNIManager received command from dispatcher: TR, {"parameter_id": 10, "parameter_source": "algorithm", "parameters": {"model_type": "LSTM", "units": 16, "num_layers": 1, "dropout": 0, "activation": "relu", "lr": 0.00031622776601683783, "window_size": 2, "batch_size": 16, "epochs": 5, "kernel_size": 7, "attention_heads": 4}, "parameter_index": 0}
[2026-05-22 20:21:54] INFO (NNIManager) submitTrialJob: form: {
  sequenceId: 10,
  hyperParameters: {
    value: '{"parameter_id": 10, "parameter_source": "algorithm", "parameters": {"model_type": "LSTM", "units": 16, "num_layers": 1, "dropout": 0, "activation": "relu", "lr": 0.00031622776601683783, "window_size": 2, "batch_size": 16, "epochs": 5, "kernel_size": 7, "attention_heads": 4}, "parameter_index": 0}',
    index: 0
  },
  placementConstraint: { type: 'None', gpus: [] }
}
[2026-05-22 20:21:54] INFO (LocalV3.local) Created trial Hw3Oi
[2026-05-22 20:21:57] INFO (LocalV3.local) Trial parameter: Hw3Oi {"parameter_id": 10, "parameter_source": "algorithm", "parameters": {"model_type": "LSTM", "units": 16, "num_layers": 1, "dropout": 0, "activation": "relu", "lr": 0.00031622776601683783, "window_size": 2, "batch_size": 16, "epochs": 5, "kernel_size": 7, "attention_heads": 4}, "parameter_index": 0}
[2026-05-22 20:22:02] INFO (NNIManager) Trial job Hw3Oi status changed from RUNNING to SUCCEEDED
[2026-05-22 20:22:02] INFO (NNIManager) NNIManager received command from dispatcher: TR, {"parameter_id": 11, "parameter_source": "algorithm", "parameters": {"model_type": "LSTM", "units": 16, "num_layers": 1, "dropout": 0, "activation": "relu", "lr": 0.00031622776601683783, "window_size": 2, "batch_size": 16, "epochs": 5, "kernel_size": 7, "attention_heads": 8}, "parameter_index": 0}
[2026-05-22 20:22:02] INFO (NNIManager) submitTrialJob: form: {
  sequenceId: 11,
  hyperParameters: {
    value: '{"parameter_id": 11, "parameter_source": "algorithm", "parameters": {"model_type": "LSTM", "units": 16, "num_layers": 1, "dropout": 0, "activation": "relu", "lr": 0.00031622776601683783, "window_size": 2, "batch_size": 16, "epochs": 5, "kernel_size": 7, "attention_heads": 8}, "parameter_index": 0}',
    index: 0
  },
  placementConstraint: { type: 'None', gpus: [] }
}
[2026-05-22 20:22:02] INFO (LocalV3.local) Created trial HUs4e
[2026-05-22 20:22:05] INFO (LocalV3.local) Trial parameter: HUs4e {"parameter_id": 11, "parameter_source": "algorithm", "parameters": {"model_type": "LSTM", "units": 16, "num_layers": 1, "dropout": 0, "activation": "relu", "lr": 0.00031622776601683783, "window_size": 2, "batch_size": 16, "epochs": 5, "kernel_size": 7, "attention_heads": 8}, "parameter_index": 0}
[2026-05-22 20:22:10] INFO (NNIManager) Trial job HUs4e status changed from RUNNING to SUCCEEDED
[2026-05-22 20:22:10] INFO (NNIManager) NNIManager received command from dispatcher: TR, {"parameter_id": 12, "parameter_source": "algorithm", "parameters": {"model_type": "LSTM", "units": 16, "num_layers": 1, "dropout": 0, "activation": "relu", "lr": 0.00031622776601683783, "window_size": 2, "batch_size": 16, "epochs": 10, "kernel_size": 2, "attention_heads": 2}, "parameter_index": 0}
[2026-05-22 20:22:10] INFO (NNIManager) submitTrialJob: form: {
  sequenceId: 12,
  hyperParameters: {
    value: '{"parameter_id": 12, "parameter_source": "algorithm", "parameters": {"model_type": "LSTM", "units": 16, "num_layers": 1, "dropout": 0, "activation": "relu", "lr": 0.00031622776601683783, "window_size": 2, "batch_size": 16, "epochs": 10, "kernel_size": 2, "attention_heads": 2}, "parameter_index": 0}',
    index: 0
  },
  placementConstraint: { type: 'None', gpus: [] }
}
[2026-05-22 20:22:10] INFO (LocalV3.local) Created trial AtEM1
[2026-05-22 20:22:22] INFO (LocalV3.local) Trial parameter: AtEM1 {"parameter_id": 12, "parameter_source": "algorithm", "parameters": {"model_type": "LSTM", "units": 16, "num_layers": 1, "dropout": 0, "activation": "relu", "lr": 0.00031622776601683783, "window_size": 2, "batch_size": 16, "epochs": 10, "kernel_size": 2, "attention_heads": 2}, "parameter_index": 0}
[2026-05-22 20:23:01] INFO (NNIManager) Trial job AtEM1 status changed from RUNNING to SUCCEEDED
[2026-05-22 20:23:01] INFO (NNIManager) NNIManager received command from dispatcher: TR, {"parameter_id": 13, "parameter_source": "algorithm", "parameters": {"model_type": "LSTM", "units": 16, "num_layers": 1, "dropout": 0, "activation": "relu", "lr": 0.00031622776601683783, "window_size": 2, "batch_size": 16, "epochs": 10, "kernel_size": 2, "attention_heads": 4}, "parameter_index": 0}
[2026-05-22 20:23:02] INFO (NNIManager) submitTrialJob: form: {
  sequenceId: 13,
  hyperParameters: {
    value: '{"parameter_id": 13, "parameter_source": "algorithm", "parameters": {"model_type": "LSTM", "units": 16, "num_layers": 1, "dropout": 0, "activation": "relu", "lr": 0.00031622776601683783, "window_size": 2, "batch_size": 16, "epochs": 10, "kernel_size": 2, "attention_heads": 4}, "parameter_index": 0}',
    index: 0
  },
  placementConstraint: { type: 'None', gpus: [] }
}
[2026-05-22 20:23:02] INFO (LocalV3.local) Created trial WOE3D
[2026-05-22 20:23:19] INFO (LocalV3.local) Trial parameter: WOE3D {"parameter_id": 13, "parameter_source": "algorithm", "parameters": {"model_type": "LSTM", "units": 16, "num_layers": 1, "dropout": 0, "activation": "relu", "lr": 0.00031622776601683783, "window_size": 2, "batch_size": 16, "epochs": 10, "kernel_size": 2, "attention_heads": 4}, "parameter_index": 0}
[2026-05-22 20:23:27] INFO (NNIManager) Trial job WOE3D status changed from RUNNING to SUCCEEDED
[2026-05-22 20:23:27] INFO (NNIManager) NNIManager received command from dispatcher: TR, {"parameter_id": 14, "parameter_source": "algorithm", "parameters": {"model_type": "LSTM", "units": 16, "num_layers": 1, "dropout": 0, "activation": "relu", "lr": 0.00031622776601683783, "window_size": 2, "batch_size": 16, "epochs": 10, "kernel_size": 2, "attention_heads": 8}, "parameter_index": 0}
[2026-05-22 20:23:28] INFO (NNIManager) submitTrialJob: form: {
  sequenceId: 14,
  hyperParameters: {
    value: '{"parameter_id": 14, "parameter_source": "algorithm", "parameters": {"model_type": "LSTM", "units": 16, "num_layers": 1, "dropout": 0, "activation": "relu", "lr": 0.00031622776601683783, "window_size": 2, "batch_size": 16, "epochs": 10, "kernel_size": 2, "attention_heads": 8}, "parameter_index": 0}',
    index: 0
  },
  placementConstraint: { type: 'None', gpus: [] }
}
[2026-05-22 20:23:28] INFO (LocalV3.local) Created trial Ffy3l
[2026-05-22 20:23:30] INFO (LocalV3.local) Trial parameter: Ffy3l {"parameter_id": 14, "parameter_source": "algorithm", "parameters": {"model_type": "LSTM", "units": 16, "num_layers": 1, "dropout": 0, "activation": "relu", "lr": 0.00031622776601683783, "window_size": 2, "batch_size": 16, "epochs": 10, "kernel_size": 2, "attention_heads": 8}, "parameter_index": 0}
[2026-05-22 20:23:35] INFO (NNIManager) Trial job Ffy3l status changed from RUNNING to SUCCEEDED
[2026-05-22 20:23:35] INFO (NNIManager) NNIManager received command from dispatcher: TR, {"parameter_id": 15, "parameter_source": "algorithm", "parameters": {"model_type": "LSTM", "units": 16, "num_layers": 1, "dropout": 0, "activation": "relu", "lr": 0.00031622776601683783, "window_size": 2, "batch_size": 16, "epochs": 10, "kernel_size": 3, "attention_heads": 2}, "parameter_index": 0}
[2026-05-22 20:23:36] INFO (NNIManager) submitTrialJob: form: {
  sequenceId: 15,
  hyperParameters: {
    value: '{"parameter_id": 15, "parameter_source": "algorithm", "parameters": {"model_type": "LSTM", "units": 16, "num_layers": 1, "dropout": 0, "activation": "relu", "lr": 0.00031622776601683783, "window_size": 2, "batch_size": 16, "epochs": 10, "kernel_size": 3, "attention_heads": 2}, "parameter_index": 0}',
    index: 0
  },
  placementConstraint: { type: 'None', gpus: [] }
}
[2026-05-22 20:23:36] INFO (LocalV3.local) Created trial UyZHL
[2026-05-22 20:23:38] INFO (LocalV3.local) Trial parameter: UyZHL {"parameter_id": 15, "parameter_source": "algorithm", "parameters": {"model_type": "LSTM", "units": 16, "num_layers": 1, "dropout": 0, "activation": "relu", "lr": 0.00031622776601683783, "window_size": 2, "batch_size": 16, "epochs": 10, "kernel_size": 3, "attention_heads": 2}, "parameter_index": 0}
[2026-05-22 20:23:43] INFO (NNIManager) Trial job UyZHL status changed from RUNNING to SUCCEEDED
[2026-05-22 20:23:43] INFO (NNIManager) NNIManager received command from dispatcher: TR, {"parameter_id": 16, "parameter_source": "algorithm", "parameters": {"model_type": "LSTM", "units": 16, "num_layers": 1, "dropout": 0, "activation": "relu", "lr": 0.00031622776601683783, "window_size": 2, "batch_size": 16, "epochs": 10, "kernel_size": 3, "attention_heads": 4}, "parameter_index": 0}
[2026-05-22 20:23:44] INFO (NNIManager) submitTrialJob: form: {
  sequenceId: 16,
  hyperParameters: {
    value: '{"parameter_id": 16, "parameter_source": "algorithm", "parameters": {"model_type": "LSTM", "units": 16, "num_layers": 1, "dropout": 0, "activation": "relu", "lr": 0.00031622776601683783, "window_size": 2, "batch_size": 16, "epochs": 10, "kernel_size": 3, "attention_heads": 4}, "parameter_index": 0}',
    index: 0
  },
  placementConstraint: { type: 'None', gpus: [] }
}
[2026-05-22 20:23:44] INFO (LocalV3.local) Created trial EKL9q
[2026-05-22 20:23:46] INFO (LocalV3.local) Trial parameter: EKL9q {"parameter_id": 16, "parameter_source": "algorithm", "parameters": {"model_type": "LSTM", "units": 16, "num_layers": 1, "dropout": 0, "activation": "relu", "lr": 0.00031622776601683783, "window_size": 2, "batch_size": 16, "epochs": 10, "kernel_size": 3, "attention_heads": 4}, "parameter_index": 0}
[2026-05-22 20:23:52] INFO (NNIManager) Trial job EKL9q status changed from RUNNING to SUCCEEDED
[2026-05-22 20:23:52] INFO (NNIManager) NNIManager received command from dispatcher: TR, {"parameter_id": 17, "parameter_source": "algorithm", "parameters": {"model_type": "LSTM", "units": 16, "num_layers": 1, "dropout": 0, "activation": "relu", "lr": 0.00031622776601683783, "window_size": 2, "batch_size": 16, "epochs": 10, "kernel_size": 3, "attention_heads": 8}, "parameter_index": 0}
[2026-05-22 20:23:52] INFO (NNIManager) submitTrialJob: form: {
  sequenceId: 17,
  hyperParameters: {
    value: '{"parameter_id": 17, "parameter_source": "algorithm", "parameters": {"model_type": "LSTM", "units": 16, "num_layers": 1, "dropout": 0, "activation": "relu", "lr": 0.00031622776601683783, "window_size": 2, "batch_size": 16, "epochs": 10, "kernel_size": 3, "attention_heads": 8}, "parameter_index": 0}',
    index: 0
  },
  placementConstraint: { type: 'None', gpus: [] }
}
[2026-05-22 20:23:52] INFO (LocalV3.local) Created trial xL5ec
[2026-05-22 20:23:57] INFO (LocalV3.local) Trial parameter: xL5ec {"parameter_id": 17, "parameter_source": "algorithm", "parameters": {"model_type": "LSTM", "units": 16, "num_layers": 1, "dropout": 0, "activation": "relu", "lr": 0.00031622776601683783, "window_size": 2, "batch_size": 16, "epochs": 10, "kernel_size": 3, "attention_heads": 8}, "parameter_index": 0}
[2026-05-22 20:24:07] INFO (NNIManager) Trial job xL5ec status changed from RUNNING to SUCCEEDED
[2026-05-22 20:24:07] INFO (NNIManager) NNIManager received command from dispatcher: TR, {"parameter_id": 18, "parameter_source": "algorithm", "parameters": {"model_type": "LSTM", "units": 16, "num_layers": 1, "dropout": 0, "activation": "relu", "lr": 0.00031622776601683783, "window_size": 2, "batch_size": 16, "epochs": 10, "kernel_size": 5, "attention_heads": 2}, "parameter_index": 0}
[2026-05-22 20:24:07] INFO (NNIManager) submitTrialJob: form: {
  sequenceId: 18,
  hyperParameters: {
    value: '{"parameter_id": 18, "parameter_source": "algorithm", "parameters": {"model_type": "LSTM", "units": 16, "num_layers": 1, "dropout": 0, "activation": "relu", "lr": 0.00031622776601683783, "window_size": 2, "batch_size": 16, "epochs": 10, "kernel_size": 5, "attention_heads": 2}, "parameter_index": 0}',
    index: 0
  },
  placementConstraint: { type: 'None', gpus: [] }
}
[2026-05-22 20:24:07] INFO (LocalV3.local) Created trial IBs03
[2026-05-22 20:24:13] INFO (LocalV3.local) Trial parameter: IBs03 {"parameter_id": 18, "parameter_source": "algorithm", "parameters": {"model_type": "LSTM", "units": 16, "num_layers": 1, "dropout": 0, "activation": "relu", "lr": 0.00031622776601683783, "window_size": 2, "batch_size": 16, "epochs": 10, "kernel_size": 5, "attention_heads": 2}, "parameter_index": 0}
[2026-05-22 20:24:25] INFO (NNIManager) Trial job IBs03 status changed from RUNNING to SUCCEEDED
[2026-05-22 20:24:25] INFO (NNIManager) NNIManager received command from dispatcher: TR, {"parameter_id": 19, "parameter_source": "algorithm", "parameters": {"model_type": "LSTM", "units": 16, "num_layers": 1, "dropout": 0, "activation": "relu", "lr": 0.00031622776601683783, "window_size": 2, "batch_size": 16, "epochs": 10, "kernel_size": 5, "attention_heads": 4}, "parameter_index": 0}
[2026-05-22 20:24:26] INFO (NNIManager) submitTrialJob: form: {
  sequenceId: 19,
  hyperParameters: {
    value: '{"parameter_id": 19, "parameter_source": "algorithm", "parameters": {"model_type": "LSTM", "units": 16, "num_layers": 1, "dropout": 0, "activation": "relu", "lr": 0.00031622776601683783, "window_size": 2, "batch_size": 16, "epochs": 10, "kernel_size": 5, "attention_heads": 4}, "parameter_index": 0}',
    index: 0
  },
  placementConstraint: { type: 'None', gpus: [] }
}
[2026-05-22 20:24:26] INFO (LocalV3.local) Created trial odU65
[2026-05-22 20:24:31] INFO (LocalV3.local) Trial parameter: odU65 {"parameter_id": 19, "parameter_source": "algorithm", "parameters": {"model_type": "LSTM", "units": 16, "num_layers": 1, "dropout": 0, "activation": "relu", "lr": 0.00031622776601683783, "window_size": 2, "batch_size": 16, "epochs": 10, "kernel_size": 5, "attention_heads": 4}, "parameter_index": 0}
[2026-05-22 20:24:40] INFO (NNIManager) Trial job odU65 status changed from RUNNING to SUCCEEDED
[2026-05-22 20:24:40] INFO (NNIManager) NNIManager received command from dispatcher: TR, {"parameter_id": 20, "parameter_source": "algorithm", "parameters": {"model_type": "LSTM", "units": 16, "num_layers": 1, "dropout": 0, "activation": "relu", "lr": 0.00031622776601683783, "window_size": 2, "batch_size": 16, "epochs": 10, "kernel_size": 5, "attention_heads": 8}, "parameter_index": 0}
[2026-05-22 20:24:41] INFO (NNIManager) submitTrialJob: form: {
  sequenceId: 20,
  hyperParameters: {
    value: '{"parameter_id": 20, "parameter_source": "algorithm", "parameters": {"model_type": "LSTM", "units": 16, "num_layers": 1, "dropout": 0, "activation": "relu", "lr": 0.00031622776601683783, "window_size": 2, "batch_size": 16, "epochs": 10, "kernel_size": 5, "attention_heads": 8}, "parameter_index": 0}',
    index: 0
  },
  placementConstraint: { type: 'None', gpus: [] }
}
[2026-05-22 20:24:41] INFO (LocalV3.local) Created trial jsC2Q
[2026-05-22 20:24:46] INFO (LocalV3.local) Trial parameter: jsC2Q {"parameter_id": 20, "parameter_source": "algorithm", "parameters": {"model_type": "LSTM", "units": 16, "num_layers": 1, "dropout": 0, "activation": "relu", "lr": 0.00031622776601683783, "window_size": 2, "batch_size": 16, "epochs": 10, "kernel_size": 5, "attention_heads": 8}, "parameter_index": 0}
[2026-05-22 20:24:55] INFO (NNIManager) Trial job jsC2Q status changed from RUNNING to SUCCEEDED
[2026-05-22 20:24:55] INFO (NNIManager) NNIManager received command from dispatcher: TR, {"parameter_id": 21, "parameter_source": "algorithm", "parameters": {"model_type": "LSTM", "units": 16, "num_layers": 1, "dropout": 0, "activation": "relu", "lr": 0.00031622776601683783, "window_size": 2, "batch_size": 16, "epochs": 10, "kernel_size": 7, "attention_heads": 2}, "parameter_index": 0}
[2026-05-22 20:24:56] INFO (NNIManager) submitTrialJob: form: {
  sequenceId: 21,
  hyperParameters: {
    value: '{"parameter_id": 21, "parameter_source": "algorithm", "parameters": {"model_type": "LSTM", "units": 16, "num_layers": 1, "dropout": 0, "activation": "relu", "lr": 0.00031622776601683783, "window_size": 2, "batch_size": 16, "epochs": 10, "kernel_size": 7, "attention_heads": 2}, "parameter_index": 0}',
    index: 0
  },
  placementConstraint: { type: 'None', gpus: [] }
}
[2026-05-22 20:24:56] INFO (LocalV3.local) Created trial aUOva
[2026-05-22 20:25:01] INFO (LocalV3.local) Trial parameter: aUOva {"parameter_id": 21, "parameter_source": "algorithm", "parameters": {"model_type": "LSTM", "units": 16, "num_layers": 1, "dropout": 0, "activation": "relu", "lr": 0.00031622776601683783, "window_size": 2, "batch_size": 16, "epochs": 10, "kernel_size": 7, "attention_heads": 2}, "parameter_index": 0}
[2026-05-22 20:25:09] INFO (NNIManager) Trial job aUOva status changed from RUNNING to SUCCEEDED
[2026-05-22 20:25:09] INFO (NNIManager) NNIManager received command from dispatcher: TR, {"parameter_id": 22, "parameter_source": "algorithm", "parameters": {"model_type": "LSTM", "units": 16, "num_layers": 1, "dropout": 0, "activation": "relu", "lr": 0.00031622776601683783, "window_size": 2, "batch_size": 16, "epochs": 10, "kernel_size": 7, "attention_heads": 4}, "parameter_index": 0}
[2026-05-22 20:25:10] INFO (NNIManager) submitTrialJob: form: {
  sequenceId: 22,
  hyperParameters: {
    value: '{"parameter_id": 22, "parameter_source": "algorithm", "parameters": {"model_type": "LSTM", "units": 16, "num_layers": 1, "dropout": 0, "activation": "relu", "lr": 0.00031622776601683783, "window_size": 2, "batch_size": 16, "epochs": 10, "kernel_size": 7, "attention_heads": 4}, "parameter_index": 0}',
    index: 0
  },
  placementConstraint: { type: 'None', gpus: [] }
}
[2026-05-22 20:25:10] INFO (LocalV3.local) Created trial saNCh
[2026-05-22 20:25:14] INFO (LocalV3.local) Trial parameter: saNCh {"parameter_id": 22, "parameter_source": "algorithm", "parameters": {"model_type": "LSTM", "units": 16, "num_layers": 1, "dropout": 0, "activation": "relu", "lr": 0.00031622776601683783, "window_size": 2, "batch_size": 16, "epochs": 10, "kernel_size": 7, "attention_heads": 4}, "parameter_index": 0}
[2026-05-22 20:25:23] INFO (NNIManager) Trial job saNCh status changed from RUNNING to SUCCEEDED
[2026-05-22 20:25:23] INFO (NNIManager) NNIManager received command from dispatcher: TR, {"parameter_id": 23, "parameter_source": "algorithm", "parameters": {"model_type": "LSTM", "units": 16, "num_layers": 1, "dropout": 0, "activation": "relu", "lr": 0.00031622776601683783, "window_size": 2, "batch_size": 16, "epochs": 10, "kernel_size": 7, "attention_heads": 8}, "parameter_index": 0}
[2026-05-22 20:25:23] INFO (NNIManager) submitTrialJob: form: {
  sequenceId: 23,
  hyperParameters: {
    value: '{"parameter_id": 23, "parameter_source": "algorithm", "parameters": {"model_type": "LSTM", "units": 16, "num_layers": 1, "dropout": 0, "activation": "relu", "lr": 0.00031622776601683783, "window_size": 2, "batch_size": 16, "epochs": 10, "kernel_size": 7, "attention_heads": 8}, "parameter_index": 0}',
    index: 0
  },
  placementConstraint: { type: 'None', gpus: [] }
}
[2026-05-22 20:25:23] INFO (LocalV3.local) Created trial pkrVU
[2026-05-22 20:25:28] INFO (LocalV3.local) Trial parameter: pkrVU {"parameter_id": 23, "parameter_source": "algorithm", "parameters": {"model_type": "LSTM", "units": 16, "num_layers": 1, "dropout": 0, "activation": "relu", "lr": 0.00031622776601683783, "window_size": 2, "batch_size": 16, "epochs": 10, "kernel_size": 7, "attention_heads": 8}, "parameter_index": 0}
[2026-05-22 20:25:37] INFO (NNIManager) Trial job pkrVU status changed from RUNNING to SUCCEEDED
[2026-05-22 20:25:37] INFO (NNIManager) NNIManager received command from dispatcher: TR, {"parameter_id": 24, "parameter_source": "algorithm", "parameters": {"model_type": "LSTM", "units": 16, "num_layers": 1, "dropout": 0, "activation": "relu", "lr": 0.00031622776601683783, "window_size": 2, "batch_size": 16, "epochs": 15, "kernel_size": 2, "attention_heads": 2}, "parameter_index": 0}
[2026-05-22 20:25:38] INFO (NNIManager) submitTrialJob: form: {
  sequenceId: 24,
  hyperParameters: {
    value: '{"parameter_id": 24, "parameter_source": "algorithm", "parameters": {"model_type": "LSTM", "units": 16, "num_layers": 1, "dropout": 0, "activation": "relu", "lr": 0.00031622776601683783, "window_size": 2, "batch_size": 16, "epochs": 15, "kernel_size": 2, "attention_heads": 2}, "parameter_index": 0}',
    index: 0
  },
  placementConstraint: { type: 'None', gpus: [] }
}
[2026-05-22 20:25:38] INFO (LocalV3.local) Created trial xzdrK
[2026-05-22 20:25:38] INFO (NNIManager) Change NNIManager status from: RUNNING to: NO_MORE_TRIAL
[2026-05-22 20:25:38] ERROR (experiments_manager) Error: File has been locked.
    at withLockNoWait (/home/meliani/.local/lib/python3.10/site-packages/nni_node/extensions/experiments_manager/utils.js:45:15)
    at ExperimentsManager.setExperimentInfo (/home/meliani/.local/lib/python3.10/site-packages/nni_node/extensions/experiments_manager/manager.js:75:40)
    at NNIManager.setStatus (/home/meliani/.local/lib/python3.10/site-packages/nni_node/core/nnimanager.js:809:64)
    at NNIManager.manageTrials (/home/meliani/.local/lib/python3.10/site-packages/nni_node/core/nnimanager.js:600:26)
    at async Promise.all (index 3)
    at async NNIManager.run (/home/meliani/.local/lib/python3.10/site-packages/nni_node/core/nnimanager.js:653:9)
[2026-05-22 20:25:38] ERROR (experiments_manager) Error: File has been locked.
    at withLockNoWait (/home/meliani/.local/lib/python3.10/site-packages/nni_node/extensions/experiments_manager/utils.js:45:15)
    at ExperimentsManager.setExperimentInfo (/home/meliani/.local/lib/python3.10/site-packages/nni_node/extensions/experiments_manager/manager.js:75:40)
    at Timeout.<anonymous> (/home/meliani/.local/lib/python3.10/site-packages/nni_node/extensions/experiments_manager/manager.js:91:70)
    at listOnTimeout (node:internal/timers:569:17)
    at process.processTimers (node:internal/timers:512:7)
[2026-05-22 20:25:38] ERROR (experiments_manager) Error: File has been locked.
    at withLockNoWait (/home/meliani/.local/lib/python3.10/site-packages/nni_node/extensions/experiments_manager/utils.js:45:15)
    at ExperimentsManager.setExperimentInfo (/home/meliani/.local/lib/python3.10/site-packages/nni_node/extensions/experiments_manager/manager.js:75:40)
    at Timeout.<anonymous> (/home/meliani/.local/lib/python3.10/site-packages/nni_node/extensions/experiments_manager/manager.js:91:70)
    at listOnTimeout (node:internal/timers:569:17)
    at process.processTimers (node:internal/timers:512:7)
[2026-05-22 20:25:42] INFO (LocalV3.local) Trial parameter: xzdrK {"parameter_id": 24, "parameter_source": "algorithm", "parameters": {"model_type": "LSTM", "units": 16, "num_layers": 1, "dropout": 0, "activation": "relu", "lr": 0.00031622776601683783, "window_size": 2, "batch_size": 16, "epochs": 15, "kernel_size": 2, "attention_heads": 2}, "parameter_index": 0}
[2026-05-22 20:25:45] INFO (ShutdownManager) Initiate shutdown: SIGTERM
[2026-05-22 20:25:45] INFO (RestServer) Stopping REST server.
[2026-05-22 20:25:45] INFO (NNIManager) Change NNIManager status from: NO_MORE_TRIAL to: STOPPING
[2026-05-22 20:25:45] INFO (NNIManager) Stopping experiment, cleaning up ...
[2026-05-22 20:25:45] INFO (RestServer) REST server stopped.
[2026-05-22 20:25:47] INFO (NNIManager) cancelTrialJob: xzdrK
[2026-05-22 20:25:47] INFO (LocalV3.local) Stop trial xzdrK
[2026-05-22 20:25:47] INFO (LocalV3.local) All trials stopped
[2026-05-22 20:25:47] INFO (NNIManager) Change NNIManager status from: STOPPING to: STOPPED
[2026-05-22 20:25:47] INFO (NNIManager) Experiment stopped.
[2026-05-22 20:25:47] INFO (NNITensorboardManager) Forced stopping all tensorboard task.
[2026-05-22 20:25:47] INFO (NNITensorboardManager) All tensorboard task stopped.
[2026-05-22 20:25:47] INFO (NNITensorboardManager) Tensorboard manager stopped.
[2026-05-22 20:25:47] INFO (ShutdownManager) Shutdown complete.
