[2026-05-22 20:36:04] INFO (main) Start NNI manager
[2026-05-22 20:36:04] INFO (RestServer) Starting REST server at port 8714, URL prefix: "/"
[2026-05-22 20:36:04] INFO (RestServer) REST server started.
[2026-05-22 20:36:04] INFO (NNIDataStore) Datastore initialization done
[2026-05-22 20:36:05] INFO (NNIManager) Starting experiment: kesyv3jn
[2026-05-22 20:36:05] INFO (NNIManager) Setup training service...
[2026-05-22 20:36:05] INFO (NNIManager) Setup tuner...
[2026-05-22 20:36:05] INFO (NNIManager) Change NNIManager status from: INITIALIZED to: RUNNING
[2026-05-22 20:36:07] INFO (NNIManager) Add event listeners
[2026-05-22 20:36:07] INFO (LocalV3.local) Start
[2026-05-22 20:36:07] INFO (NNIManager) NNIManager received command from dispatcher: ID, 
[2026-05-22 20:36:07] INFO (NNIManager) NNIManager received command from dispatcher: TR, {"parameter_id": 0, "parameter_source": "algorithm", "parameters": {"model_type": "TCN", "units": 256, "num_layers": 3, "dropout": 0.2, "activation": "tanh", "lr": 3.730411753387881e-05, "window_size": 19, "batch_size": 32, "epochs": 20, "kernel_size": 2, "attention_heads": 8}, "parameter_index": 0}
[2026-05-22 20:36:07] INFO (NNIManager) submitTrialJob: form: {
  sequenceId: 0,
  hyperParameters: {
    value: '{"parameter_id": 0, "parameter_source": "algorithm", "parameters": {"model_type": "TCN", "units": 256, "num_layers": 3, "dropout": 0.2, "activation": "tanh", "lr": 3.730411753387881e-05, "window_size": 19, "batch_size": 32, "epochs": 20, "kernel_size": 2, "attention_heads": 8}, "parameter_index": 0}',
    index: 0
  },
  placementConstraint: { type: 'None', gpus: [] }
}
[2026-05-22 20:36:07] INFO (LocalV3.local) Register directory trial_code = /home/meliani/Desktop/phd/fast-track
[2026-05-22 20:36:07] INFO (LocalV3.local) Created trial xjdi9
[2026-05-22 20:36:10] INFO (LocalV3.local) Trial parameter: xjdi9 {"parameter_id": 0, "parameter_source": "algorithm", "parameters": {"model_type": "TCN", "units": 256, "num_layers": 3, "dropout": 0.2, "activation": "tanh", "lr": 3.730411753387881e-05, "window_size": 19, "batch_size": 32, "epochs": 20, "kernel_size": 2, "attention_heads": 8}, "parameter_index": 0}
[2026-05-22 20:36:17] INFO (NNIManager) Trial job xjdi9 status changed from RUNNING to SUCCEEDED
[2026-05-22 20:36:17] INFO (NNIManager) NNIManager received command from dispatcher: TR, {"parameter_id": 1, "parameter_source": "algorithm", "parameters": {"model_type": "Transformer", "units": 32, "num_layers": 2, "dropout": 0.3, "activation": "tanh", "lr": 0.0004248102377120411, "window_size": 6, "batch_size": 64, "epochs": 10, "kernel_size": 7, "attention_heads": 8}, "parameter_index": 0}
[2026-05-22 20:36:17] INFO (NNIManager) submitTrialJob: form: {
  sequenceId: 1,
  hyperParameters: {
    value: '{"parameter_id": 1, "parameter_source": "algorithm", "parameters": {"model_type": "Transformer", "units": 32, "num_layers": 2, "dropout": 0.3, "activation": "tanh", "lr": 0.0004248102377120411, "window_size": 6, "batch_size": 64, "epochs": 10, "kernel_size": 7, "attention_heads": 8}, "parameter_index": 0}',
    index: 0
  },
  placementConstraint: { type: 'None', gpus: [] }
}
[2026-05-22 20:36:17] INFO (LocalV3.local) Created trial MZMDA
[2026-05-22 20:36:21] INFO (LocalV3.local) Trial parameter: MZMDA {"parameter_id": 1, "parameter_source": "algorithm", "parameters": {"model_type": "Transformer", "units": 32, "num_layers": 2, "dropout": 0.3, "activation": "tanh", "lr": 0.0004248102377120411, "window_size": 6, "batch_size": 64, "epochs": 10, "kernel_size": 7, "attention_heads": 8}, "parameter_index": 0}
[2026-05-22 20:36:28] INFO (NNIManager) Trial job MZMDA status changed from RUNNING to SUCCEEDED
[2026-05-22 20:36:29] INFO (NNIManager) NNIManager received command from dispatcher: TR, {"parameter_id": 2, "parameter_source": "algorithm", "parameters": {"model_type": "LSTM", "units": 256, "num_layers": 2, "dropout": 0.3, "activation": "elu", "lr": 0.0001405016483881124, "window_size": 8, "batch_size": 16, "epochs": 15, "kernel_size": 2, "attention_heads": 8}, "parameter_index": 0}
[2026-05-22 20:36:29] INFO (NNIManager) submitTrialJob: form: {
  sequenceId: 2,
  hyperParameters: {
    value: '{"parameter_id": 2, "parameter_source": "algorithm", "parameters": {"model_type": "LSTM", "units": 256, "num_layers": 2, "dropout": 0.3, "activation": "elu", "lr": 0.0001405016483881124, "window_size": 8, "batch_size": 16, "epochs": 15, "kernel_size": 2, "attention_heads": 8}, "parameter_index": 0}',
    index: 0
  },
  placementConstraint: { type: 'None', gpus: [] }
}
[2026-05-22 20:36:29] INFO (LocalV3.local) Created trial tb3AA
[2026-05-22 20:36:32] INFO (LocalV3.local) Trial parameter: tb3AA {"parameter_id": 2, "parameter_source": "algorithm", "parameters": {"model_type": "LSTM", "units": 256, "num_layers": 2, "dropout": 0.3, "activation": "elu", "lr": 0.0001405016483881124, "window_size": 8, "batch_size": 16, "epochs": 15, "kernel_size": 2, "attention_heads": 8}, "parameter_index": 0}
[2026-05-22 20:36:44] INFO (NNIManager) Trial job tb3AA status changed from RUNNING to SUCCEEDED
[2026-05-22 20:36:44] INFO (NNIManager) NNIManager received command from dispatcher: TR, {"parameter_id": 3, "parameter_source": "algorithm", "parameters": {"model_type": "LSTM", "units": 64, "num_layers": 4, "dropout": 0.3, "activation": "sigmoid", "lr": 0.0010887476776397665, "window_size": 29, "batch_size": 16, "epochs": 20, "kernel_size": 5, "attention_heads": 8}, "parameter_index": 0}
[2026-05-22 20:36:44] INFO (NNIManager) submitTrialJob: form: {
  sequenceId: 3,
  hyperParameters: {
    value: '{"parameter_id": 3, "parameter_source": "algorithm", "parameters": {"model_type": "LSTM", "units": 64, "num_layers": 4, "dropout": 0.3, "activation": "sigmoid", "lr": 0.0010887476776397665, "window_size": 29, "batch_size": 16, "epochs": 20, "kernel_size": 5, "attention_heads": 8}, "parameter_index": 0}',
    index: 0
  },
  placementConstraint: { type: 'None', gpus: [] }
}
[2026-05-22 20:36:44] INFO (LocalV3.local) Created trial aLXeZ
[2026-05-22 20:36:47] INFO (LocalV3.local) Trial parameter: aLXeZ {"parameter_id": 3, "parameter_source": "algorithm", "parameters": {"model_type": "LSTM", "units": 64, "num_layers": 4, "dropout": 0.3, "activation": "sigmoid", "lr": 0.0010887476776397665, "window_size": 29, "batch_size": 16, "epochs": 20, "kernel_size": 5, "attention_heads": 8}, "parameter_index": 0}
[2026-05-22 20:37:16] INFO (NNIManager) Trial job aLXeZ status changed from RUNNING to SUCCEEDED
[2026-05-22 20:37:16] INFO (NNIManager) NNIManager received command from dispatcher: TR, {"parameter_id": 4, "parameter_source": "algorithm", "parameters": {"model_type": "Transformer", "units": 16, "num_layers": 3, "dropout": 0.1, "activation": "tanh", "lr": 1.9035913072850025e-05, "window_size": 6, "batch_size": 64, "epochs": 5, "kernel_size": 5, "attention_heads": 4}, "parameter_index": 0}
[2026-05-22 20:37:17] INFO (NNIManager) submitTrialJob: form: {
  sequenceId: 4,
  hyperParameters: {
    value: '{"parameter_id": 4, "parameter_source": "algorithm", "parameters": {"model_type": "Transformer", "units": 16, "num_layers": 3, "dropout": 0.1, "activation": "tanh", "lr": 1.9035913072850025e-05, "window_size": 6, "batch_size": 64, "epochs": 5, "kernel_size": 5, "attention_heads": 4}, "parameter_index": 0}',
    index: 0
  },
  placementConstraint: { type: 'None', gpus: [] }
}
[2026-05-22 20:37:17] INFO (LocalV3.local) Created trial JrzoP
[2026-05-22 20:37:21] INFO (LocalV3.local) Trial parameter: JrzoP {"parameter_id": 4, "parameter_source": "algorithm", "parameters": {"model_type": "Transformer", "units": 16, "num_layers": 3, "dropout": 0.1, "activation": "tanh", "lr": 1.9035913072850025e-05, "window_size": 6, "batch_size": 64, "epochs": 5, "kernel_size": 5, "attention_heads": 4}, "parameter_index": 0}
[2026-05-22 20:37:30] INFO (NNIManager) Trial job JrzoP status changed from RUNNING to SUCCEEDED
[2026-05-22 20:37:30] INFO (NNIManager) NNIManager received command from dispatcher: TR, {"parameter_id": 5, "parameter_source": "algorithm", "parameters": {"model_type": "CNN", "units": 128, "num_layers": 4, "dropout": 0.5, "activation": "relu", "lr": 0.001084574756649761, "window_size": 28, "batch_size": 64, "epochs": 15, "kernel_size": 3, "attention_heads": 2}, "parameter_index": 0}
[2026-05-22 20:37:31] INFO (NNIManager) submitTrialJob: form: {
  sequenceId: 5,
  hyperParameters: {
    value: '{"parameter_id": 5, "parameter_source": "algorithm", "parameters": {"model_type": "CNN", "units": 128, "num_layers": 4, "dropout": 0.5, "activation": "relu", "lr": 0.001084574756649761, "window_size": 28, "batch_size": 64, "epochs": 15, "kernel_size": 3, "attention_heads": 2}, "parameter_index": 0}',
    index: 0
  },
  placementConstraint: { type: 'None', gpus: [] }
}
[2026-05-22 20:37:31] INFO (LocalV3.local) Created trial EYuGE
[2026-05-22 20:37:33] INFO (LocalV3.local) Trial parameter: EYuGE {"parameter_id": 5, "parameter_source": "algorithm", "parameters": {"model_type": "CNN", "units": 128, "num_layers": 4, "dropout": 0.5, "activation": "relu", "lr": 0.001084574756649761, "window_size": 28, "batch_size": 64, "epochs": 15, "kernel_size": 3, "attention_heads": 2}, "parameter_index": 0}
[2026-05-22 20:37:39] INFO (NNIManager) Trial job EYuGE status changed from RUNNING to SUCCEEDED
[2026-05-22 20:37:39] INFO (NNIManager) NNIManager received command from dispatcher: TR, {"parameter_id": 6, "parameter_source": "algorithm", "parameters": {"model_type": "Transformer", "units": 256, "num_layers": 4, "dropout": 0.5, "activation": "sigmoid", "lr": 0.0006361438717730357, "window_size": 27, "batch_size": 128, "epochs": 20, "kernel_size": 3, "attention_heads": 8}, "parameter_index": 0}
[2026-05-22 20:37:40] INFO (NNIManager) submitTrialJob: form: {
  sequenceId: 6,
  hyperParameters: {
    value: '{"parameter_id": 6, "parameter_source": "algorithm", "parameters": {"model_type": "Transformer", "units": 256, "num_layers": 4, "dropout": 0.5, "activation": "sigmoid", "lr": 0.0006361438717730357, "window_size": 27, "batch_size": 128, "epochs": 20, "kernel_size": 3, "attention_heads": 8}, "parameter_index": 0}',
    index: 0
  },
  placementConstraint: { type: 'None', gpus: [] }
}
[2026-05-22 20:37:40] INFO (LocalV3.local) Created trial W8eOO
[2026-05-22 20:37:42] INFO (LocalV3.local) Trial parameter: W8eOO {"parameter_id": 6, "parameter_source": "algorithm", "parameters": {"model_type": "Transformer", "units": 256, "num_layers": 4, "dropout": 0.5, "activation": "sigmoid", "lr": 0.0006361438717730357, "window_size": 27, "batch_size": 128, "epochs": 20, "kernel_size": 3, "attention_heads": 8}, "parameter_index": 0}
[2026-05-22 20:38:25] INFO (NNIManager) Trial job W8eOO status changed from RUNNING to SUCCEEDED
[2026-05-22 20:38:25] INFO (NNIManager) NNIManager received command from dispatcher: TR, {"parameter_id": 7, "parameter_source": "algorithm", "parameters": {"model_type": "LSTM", "units": 128, "num_layers": 3, "dropout": 0.5, "activation": "elu", "lr": 0.005439936533093688, "window_size": 29, "batch_size": 16, "epochs": 5, "kernel_size": 5, "attention_heads": 2}, "parameter_index": 0}
[2026-05-22 20:38:25] INFO (NNIManager) submitTrialJob: form: {
  sequenceId: 7,
  hyperParameters: {
    value: '{"parameter_id": 7, "parameter_source": "algorithm", "parameters": {"model_type": "LSTM", "units": 128, "num_layers": 3, "dropout": 0.5, "activation": "elu", "lr": 0.005439936533093688, "window_size": 29, "batch_size": 16, "epochs": 5, "kernel_size": 5, "attention_heads": 2}, "parameter_index": 0}',
    index: 0
  },
  placementConstraint: { type: 'None', gpus: [] }
}
[2026-05-22 20:38:25] INFO (LocalV3.local) Created trial Wm8r7
[2026-05-22 20:38:28] INFO (LocalV3.local) Trial parameter: Wm8r7 {"parameter_id": 7, "parameter_source": "algorithm", "parameters": {"model_type": "LSTM", "units": 128, "num_layers": 3, "dropout": 0.5, "activation": "elu", "lr": 0.005439936533093688, "window_size": 29, "batch_size": 16, "epochs": 5, "kernel_size": 5, "attention_heads": 2}, "parameter_index": 0}
[2026-05-22 20:38:47] INFO (NNIManager) Trial job Wm8r7 status changed from RUNNING to SUCCEEDED
[2026-05-22 20:38:47] INFO (NNIManager) NNIManager received command from dispatcher: TR, {"parameter_id": 8, "parameter_source": "algorithm", "parameters": {"model_type": "LSTM", "units": 16, "num_layers": 4, "dropout": 0.3, "activation": "relu", "lr": 0.0005022747796428331, "window_size": 4, "batch_size": 16, "epochs": 20, "kernel_size": 2, "attention_heads": 8}, "parameter_index": 0}
[2026-05-22 20:38:48] INFO (NNIManager) submitTrialJob: form: {
  sequenceId: 8,
  hyperParameters: {
    value: '{"parameter_id": 8, "parameter_source": "algorithm", "parameters": {"model_type": "LSTM", "units": 16, "num_layers": 4, "dropout": 0.3, "activation": "relu", "lr": 0.0005022747796428331, "window_size": 4, "batch_size": 16, "epochs": 20, "kernel_size": 2, "attention_heads": 8}, "parameter_index": 0}',
    index: 0
  },
  placementConstraint: { type: 'None', gpus: [] }
}
[2026-05-22 20:38:48] INFO (LocalV3.local) Created trial B61sF
[2026-05-22 20:38:53] INFO (LocalV3.local) Trial parameter: B61sF {"parameter_id": 8, "parameter_source": "algorithm", "parameters": {"model_type": "LSTM", "units": 16, "num_layers": 4, "dropout": 0.3, "activation": "relu", "lr": 0.0005022747796428331, "window_size": 4, "batch_size": 16, "epochs": 20, "kernel_size": 2, "attention_heads": 8}, "parameter_index": 0}
[2026-05-22 20:39:17] INFO (NNIManager) Trial job B61sF status changed from RUNNING to SUCCEEDED
[2026-05-22 20:39:17] INFO (NNIManager) NNIManager received command from dispatcher: TR, {"parameter_id": 9, "parameter_source": "algorithm", "parameters": {"model_type": "CNN", "units": 256, "num_layers": 3, "dropout": 0.3, "activation": "tanh", "lr": 0.0011673729550782154, "window_size": 6, "batch_size": 64, "epochs": 15, "kernel_size": 7, "attention_heads": 2}, "parameter_index": 0}
[2026-05-22 20:39:17] INFO (NNIManager) submitTrialJob: form: {
  sequenceId: 9,
  hyperParameters: {
    value: '{"parameter_id": 9, "parameter_source": "algorithm", "parameters": {"model_type": "CNN", "units": 256, "num_layers": 3, "dropout": 0.3, "activation": "tanh", "lr": 0.0011673729550782154, "window_size": 6, "batch_size": 64, "epochs": 15, "kernel_size": 7, "attention_heads": 2}, "parameter_index": 0}',
    index: 0
  },
  placementConstraint: { type: 'None', gpus: [] }
}
[2026-05-22 20:39:17] INFO (LocalV3.local) Created trial XyBLc
[2026-05-22 20:39:20] INFO (LocalV3.local) Trial parameter: XyBLc {"parameter_id": 9, "parameter_source": "algorithm", "parameters": {"model_type": "CNN", "units": 256, "num_layers": 3, "dropout": 0.3, "activation": "tanh", "lr": 0.0011673729550782154, "window_size": 6, "batch_size": 64, "epochs": 15, "kernel_size": 7, "attention_heads": 2}, "parameter_index": 0}
[2026-05-22 20:39:25] INFO (NNIManager) Trial job XyBLc status changed from RUNNING to SUCCEEDED
[2026-05-22 20:39:25] INFO (NNIManager) NNIManager received command from dispatcher: TR, {"parameter_id": 10, "parameter_source": "algorithm", "parameters": {"model_type": "TCN", "units": 128, "num_layers": 2, "dropout": 0.1, "activation": "sigmoid", "lr": 0.0005274935064567549, "window_size": 13, "batch_size": 64, "epochs": 15, "kernel_size": 2, "attention_heads": 2}, "parameter_index": 0}
[2026-05-22 20:39:25] INFO (NNIManager) submitTrialJob: form: {
  sequenceId: 10,
  hyperParameters: {
    value: '{"parameter_id": 10, "parameter_source": "algorithm", "parameters": {"model_type": "TCN", "units": 128, "num_layers": 2, "dropout": 0.1, "activation": "sigmoid", "lr": 0.0005274935064567549, "window_size": 13, "batch_size": 64, "epochs": 15, "kernel_size": 2, "attention_heads": 2}, "parameter_index": 0}',
    index: 0
  },
  placementConstraint: { type: 'None', gpus: [] }
}
[2026-05-22 20:39:25] INFO (LocalV3.local) Created trial S2Kj5
[2026-05-22 20:39:29] INFO (LocalV3.local) Trial parameter: S2Kj5 {"parameter_id": 10, "parameter_source": "algorithm", "parameters": {"model_type": "TCN", "units": 128, "num_layers": 2, "dropout": 0.1, "activation": "sigmoid", "lr": 0.0005274935064567549, "window_size": 13, "batch_size": 64, "epochs": 15, "kernel_size": 2, "attention_heads": 2}, "parameter_index": 0}
[2026-05-22 20:39:33] INFO (NNIManager) Trial job S2Kj5 status changed from RUNNING to SUCCEEDED
[2026-05-22 20:39:33] INFO (NNIManager) NNIManager received command from dispatcher: TR, {"parameter_id": 11, "parameter_source": "algorithm", "parameters": {"model_type": "GRU", "units": 16, "num_layers": 3, "dropout": 0.3, "activation": "tanh", "lr": 0.0003333068695394285, "window_size": 10, "batch_size": 32, "epochs": 15, "kernel_size": 5, "attention_heads": 2}, "parameter_index": 0}
[2026-05-22 20:39:34] INFO (NNIManager) submitTrialJob: form: {
  sequenceId: 11,
  hyperParameters: {
    value: '{"parameter_id": 11, "parameter_source": "algorithm", "parameters": {"model_type": "GRU", "units": 16, "num_layers": 3, "dropout": 0.3, "activation": "tanh", "lr": 0.0003333068695394285, "window_size": 10, "batch_size": 32, "epochs": 15, "kernel_size": 5, "attention_heads": 2}, "parameter_index": 0}',
    index: 0
  },
  placementConstraint: { type: 'None', gpus: [] }
}
[2026-05-22 20:39:34] INFO (LocalV3.local) Created trial NMBwJ
[2026-05-22 20:39:37] INFO (LocalV3.local) Trial parameter: NMBwJ {"parameter_id": 11, "parameter_source": "algorithm", "parameters": {"model_type": "GRU", "units": 16, "num_layers": 3, "dropout": 0.3, "activation": "tanh", "lr": 0.0003333068695394285, "window_size": 10, "batch_size": 32, "epochs": 15, "kernel_size": 5, "attention_heads": 2}, "parameter_index": 0}
[2026-05-22 20:39:48] INFO (NNIManager) Trial job NMBwJ status changed from RUNNING to SUCCEEDED
[2026-05-22 20:39:48] INFO (NNIManager) NNIManager received command from dispatcher: TR, {"parameter_id": 12, "parameter_source": "algorithm", "parameters": {"model_type": "CNN", "units": 256, "num_layers": 1, "dropout": 0.1, "activation": "tanh", "lr": 0.00012332281124235645, "window_size": 10, "batch_size": 128, "epochs": 15, "kernel_size": 2, "attention_heads": 4}, "parameter_index": 0}
[2026-05-22 20:39:48] INFO (NNIManager) submitTrialJob: form: {
  sequenceId: 12,
  hyperParameters: {
    value: '{"parameter_id": 12, "parameter_source": "algorithm", "parameters": {"model_type": "CNN", "units": 256, "num_layers": 1, "dropout": 0.1, "activation": "tanh", "lr": 0.00012332281124235645, "window_size": 10, "batch_size": 128, "epochs": 15, "kernel_size": 2, "attention_heads": 4}, "parameter_index": 0}',
    index: 0
  },
  placementConstraint: { type: 'None', gpus: [] }
}
[2026-05-22 20:39:48] INFO (LocalV3.local) Created trial JvXMC
[2026-05-22 20:39:51] INFO (LocalV3.local) Trial parameter: JvXMC {"parameter_id": 12, "parameter_source": "algorithm", "parameters": {"model_type": "CNN", "units": 256, "num_layers": 1, "dropout": 0.1, "activation": "tanh", "lr": 0.00012332281124235645, "window_size": 10, "batch_size": 128, "epochs": 15, "kernel_size": 2, "attention_heads": 4}, "parameter_index": 0}
[2026-05-22 20:39:55] INFO (NNIManager) Trial job JvXMC status changed from RUNNING to SUCCEEDED
[2026-05-22 20:39:55] INFO (NNIManager) NNIManager received command from dispatcher: TR, {"parameter_id": 13, "parameter_source": "algorithm", "parameters": {"model_type": "LSTM", "units": 32, "num_layers": 3, "dropout": 0.3, "activation": "elu", "lr": 9.218089892938904e-05, "window_size": 10, "batch_size": 64, "epochs": 10, "kernel_size": 3, "attention_heads": 8}, "parameter_index": 0}
[2026-05-22 20:39:56] INFO (NNIManager) submitTrialJob: form: {
  sequenceId: 13,
  hyperParameters: {
    value: '{"parameter_id": 13, "parameter_source": "algorithm", "parameters": {"model_type": "LSTM", "units": 32, "num_layers": 3, "dropout": 0.3, "activation": "elu", "lr": 9.218089892938904e-05, "window_size": 10, "batch_size": 64, "epochs": 10, "kernel_size": 3, "attention_heads": 8}, "parameter_index": 0}',
    index: 0
  },
  placementConstraint: { type: 'None', gpus: [] }
}
[2026-05-22 20:39:56] INFO (LocalV3.local) Created trial F8AdB
[2026-05-22 20:39:59] INFO (LocalV3.local) Trial parameter: F8AdB {"parameter_id": 13, "parameter_source": "algorithm", "parameters": {"model_type": "LSTM", "units": 32, "num_layers": 3, "dropout": 0.3, "activation": "elu", "lr": 9.218089892938904e-05, "window_size": 10, "batch_size": 64, "epochs": 10, "kernel_size": 3, "attention_heads": 8}, "parameter_index": 0}
[2026-05-22 20:40:08] INFO (NNIManager) Trial job F8AdB status changed from RUNNING to SUCCEEDED
[2026-05-22 20:40:09] INFO (NNIManager) NNIManager received command from dispatcher: TR, {"parameter_id": 14, "parameter_source": "algorithm", "parameters": {"model_type": "GRU", "units": 256, "num_layers": 4, "dropout": 0.2, "activation": "elu", "lr": 0.0001791903362600682, "window_size": 6, "batch_size": 128, "epochs": 20, "kernel_size": 5, "attention_heads": 2}, "parameter_index": 0}
[2026-05-22 20:40:09] INFO (NNIManager) submitTrialJob: form: {
  sequenceId: 14,
  hyperParameters: {
    value: '{"parameter_id": 14, "parameter_source": "algorithm", "parameters": {"model_type": "GRU", "units": 256, "num_layers": 4, "dropout": 0.2, "activation": "elu", "lr": 0.0001791903362600682, "window_size": 6, "batch_size": 128, "epochs": 20, "kernel_size": 5, "attention_heads": 2}, "parameter_index": 0}',
    index: 0
  },
  placementConstraint: { type: 'None', gpus: [] }
}
[2026-05-22 20:40:09] INFO (LocalV3.local) Created trial f5vgd
[2026-05-22 20:40:12] INFO (LocalV3.local) Trial parameter: f5vgd {"parameter_id": 14, "parameter_source": "algorithm", "parameters": {"model_type": "GRU", "units": 256, "num_layers": 4, "dropout": 0.2, "activation": "elu", "lr": 0.0001791903362600682, "window_size": 6, "batch_size": 128, "epochs": 20, "kernel_size": 5, "attention_heads": 2}, "parameter_index": 0}
[2026-05-22 20:40:36] INFO (NNIManager) Trial job f5vgd status changed from RUNNING to SUCCEEDED
[2026-05-22 20:40:36] INFO (NNIManager) NNIManager received command from dispatcher: TR, {"parameter_id": 15, "parameter_source": "algorithm", "parameters": {"model_type": "Transformer", "units": 64, "num_layers": 1, "dropout": 0.2, "activation": "elu", "lr": 0.0001972830499329127, "window_size": 6, "batch_size": 32, "epochs": 20, "kernel_size": 3, "attention_heads": 8}, "parameter_index": 0}
[2026-05-22 20:40:36] INFO (NNIManager) submitTrialJob: form: {
  sequenceId: 15,
  hyperParameters: {
    value: '{"parameter_id": 15, "parameter_source": "algorithm", "parameters": {"model_type": "Transformer", "units": 64, "num_layers": 1, "dropout": 0.2, "activation": "elu", "lr": 0.0001972830499329127, "window_size": 6, "batch_size": 32, "epochs": 20, "kernel_size": 3, "attention_heads": 8}, "parameter_index": 0}',
    index: 0
  },
  placementConstraint: { type: 'None', gpus: [] }
}
[2026-05-22 20:40:36] INFO (LocalV3.local) Created trial M7DeB
[2026-05-22 20:40:41] INFO (LocalV3.local) Trial parameter: M7DeB {"parameter_id": 15, "parameter_source": "algorithm", "parameters": {"model_type": "Transformer", "units": 64, "num_layers": 1, "dropout": 0.2, "activation": "elu", "lr": 0.0001972830499329127, "window_size": 6, "batch_size": 32, "epochs": 20, "kernel_size": 3, "attention_heads": 8}, "parameter_index": 0}
[2026-05-22 20:40:52] INFO (NNIManager) Trial job M7DeB status changed from RUNNING to SUCCEEDED
[2026-05-22 20:40:52] INFO (NNIManager) NNIManager received command from dispatcher: TR, {"parameter_id": 16, "parameter_source": "algorithm", "parameters": {"model_type": "GRU", "units": 64, "num_layers": 1, "dropout": 0, "activation": "elu", "lr": 0.00012574797019271558, "window_size": 5, "batch_size": 16, "epochs": 10, "kernel_size": 3, "attention_heads": 2}, "parameter_index": 0}
[2026-05-22 20:40:53] INFO (NNIManager) submitTrialJob: form: {
  sequenceId: 16,
  hyperParameters: {
    value: '{"parameter_id": 16, "parameter_source": "algorithm", "parameters": {"model_type": "GRU", "units": 64, "num_layers": 1, "dropout": 0, "activation": "elu", "lr": 0.00012574797019271558, "window_size": 5, "batch_size": 16, "epochs": 10, "kernel_size": 3, "attention_heads": 2}, "parameter_index": 0}',
    index: 0
  },
  placementConstraint: { type: 'None', gpus: [] }
}
[2026-05-22 20:40:53] INFO (LocalV3.local) Created trial pNhGY
[2026-05-22 20:40:57] INFO (LocalV3.local) Trial parameter: pNhGY {"parameter_id": 16, "parameter_source": "algorithm", "parameters": {"model_type": "GRU", "units": 64, "num_layers": 1, "dropout": 0, "activation": "elu", "lr": 0.00012574797019271558, "window_size": 5, "batch_size": 16, "epochs": 10, "kernel_size": 3, "attention_heads": 2}, "parameter_index": 0}
[2026-05-22 20:41:03] INFO (NNIManager) Trial job pNhGY status changed from RUNNING to SUCCEEDED
[2026-05-22 20:41:03] INFO (NNIManager) NNIManager received command from dispatcher: TR, {"parameter_id": 17, "parameter_source": "algorithm", "parameters": {"model_type": "MLP", "units": 64, "num_layers": 1, "dropout": 0, "activation": "relu", "lr": 0.0004716365005144019, "window_size": 21, "batch_size": 32, "epochs": 20, "kernel_size": 3, "attention_heads": 4}, "parameter_index": 0}
[2026-05-22 20:41:04] INFO (NNIManager) submitTrialJob: form: {
  sequenceId: 17,
  hyperParameters: {
    value: '{"parameter_id": 17, "parameter_source": "algorithm", "parameters": {"model_type": "MLP", "units": 64, "num_layers": 1, "dropout": 0, "activation": "relu", "lr": 0.0004716365005144019, "window_size": 21, "batch_size": 32, "epochs": 20, "kernel_size": 3, "attention_heads": 4}, "parameter_index": 0}',
    index: 0
  },
  placementConstraint: { type: 'None', gpus: [] }
}
[2026-05-22 20:41:04] INFO (LocalV3.local) Created trial Z0iBR
[2026-05-22 20:41:06] INFO (LocalV3.local) Trial parameter: Z0iBR {"parameter_id": 17, "parameter_source": "algorithm", "parameters": {"model_type": "MLP", "units": 64, "num_layers": 1, "dropout": 0, "activation": "relu", "lr": 0.0004716365005144019, "window_size": 21, "batch_size": 32, "epochs": 20, "kernel_size": 3, "attention_heads": 4}, "parameter_index": 0}
[2026-05-22 20:41:11] INFO (NNIManager) Trial job Z0iBR status changed from RUNNING to SUCCEEDED
[2026-05-22 20:41:11] INFO (NNIManager) NNIManager received command from dispatcher: TR, {"parameter_id": 18, "parameter_source": "algorithm", "parameters": {"model_type": "TCN", "units": 256, "num_layers": 1, "dropout": 0.5, "activation": "sigmoid", "lr": 0.007580454043351045, "window_size": 26, "batch_size": 32, "epochs": 15, "kernel_size": 2, "attention_heads": 4}, "parameter_index": 0}
[2026-05-22 20:41:12] INFO (NNIManager) submitTrialJob: form: {
  sequenceId: 18,
  hyperParameters: {
    value: '{"parameter_id": 18, "parameter_source": "algorithm", "parameters": {"model_type": "TCN", "units": 256, "num_layers": 1, "dropout": 0.5, "activation": "sigmoid", "lr": 0.007580454043351045, "window_size": 26, "batch_size": 32, "epochs": 15, "kernel_size": 2, "attention_heads": 4}, "parameter_index": 0}',
    index: 0
  },
  placementConstraint: { type: 'None', gpus: [] }
}
[2026-05-22 20:41:12] INFO (LocalV3.local) Created trial NeUZ6
[2026-05-22 20:41:15] INFO (LocalV3.local) Trial parameter: NeUZ6 {"parameter_id": 18, "parameter_source": "algorithm", "parameters": {"model_type": "TCN", "units": 256, "num_layers": 1, "dropout": 0.5, "activation": "sigmoid", "lr": 0.007580454043351045, "window_size": 26, "batch_size": 32, "epochs": 15, "kernel_size": 2, "attention_heads": 4}, "parameter_index": 0}
[2026-05-22 20:41:20] INFO (NNIManager) Trial job NeUZ6 status changed from RUNNING to SUCCEEDED
[2026-05-22 20:41:20] INFO (NNIManager) NNIManager received command from dispatcher: TR, {"parameter_id": 19, "parameter_source": "algorithm", "parameters": {"model_type": "LSTM", "units": 256, "num_layers": 3, "dropout": 0, "activation": "sigmoid", "lr": 4.797391217503964e-05, "window_size": 6, "batch_size": 32, "epochs": 15, "kernel_size": 5, "attention_heads": 8}, "parameter_index": 0}
[2026-05-22 20:41:21] INFO (NNIManager) submitTrialJob: form: {
  sequenceId: 19,
  hyperParameters: {
    value: '{"parameter_id": 19, "parameter_source": "algorithm", "parameters": {"model_type": "LSTM", "units": 256, "num_layers": 3, "dropout": 0, "activation": "sigmoid", "lr": 4.797391217503964e-05, "window_size": 6, "batch_size": 32, "epochs": 15, "kernel_size": 5, "attention_heads": 8}, "parameter_index": 0}',
    index: 0
  },
  placementConstraint: { type: 'None', gpus: [] }
}
[2026-05-22 20:41:21] INFO (LocalV3.local) Created trial HAarn
[2026-05-22 20:41:24] INFO (LocalV3.local) Trial parameter: HAarn {"parameter_id": 19, "parameter_source": "algorithm", "parameters": {"model_type": "LSTM", "units": 256, "num_layers": 3, "dropout": 0, "activation": "sigmoid", "lr": 4.797391217503964e-05, "window_size": 6, "batch_size": 32, "epochs": 15, "kernel_size": 5, "attention_heads": 8}, "parameter_index": 0}
[2026-05-22 20:41:40] INFO (NNIManager) Trial job HAarn status changed from RUNNING to SUCCEEDED
[2026-05-22 20:41:40] INFO (NNIManager) NNIManager received command from dispatcher: TR, {"parameter_id": 20, "parameter_source": "algorithm", "parameters": {"model_type": "LSTM", "units": 32, "num_layers": 4, "dropout": 0, "activation": "sigmoid", "lr": 2.568533329758607e-05, "window_size": 5, "batch_size": 16, "epochs": 20, "kernel_size": 5, "attention_heads": 2}, "parameter_index": 0}
[2026-05-22 20:41:41] INFO (NNIManager) submitTrialJob: form: {
  sequenceId: 20,
  hyperParameters: {
    value: '{"parameter_id": 20, "parameter_source": "algorithm", "parameters": {"model_type": "LSTM", "units": 32, "num_layers": 4, "dropout": 0, "activation": "sigmoid", "lr": 2.568533329758607e-05, "window_size": 5, "batch_size": 16, "epochs": 20, "kernel_size": 5, "attention_heads": 2}, "parameter_index": 0}',
    index: 0
  },
  placementConstraint: { type: 'None', gpus: [] }
}
[2026-05-22 20:41:41] INFO (LocalV3.local) Created trial sutrr
[2026-05-22 20:41:43] INFO (LocalV3.local) Trial parameter: sutrr {"parameter_id": 20, "parameter_source": "algorithm", "parameters": {"model_type": "LSTM", "units": 32, "num_layers": 4, "dropout": 0, "activation": "sigmoid", "lr": 2.568533329758607e-05, "window_size": 5, "batch_size": 16, "epochs": 20, "kernel_size": 5, "attention_heads": 2}, "parameter_index": 0}
[2026-05-22 20:41:57] INFO (NNIManager) Trial job sutrr status changed from RUNNING to SUCCEEDED
[2026-05-22 20:41:57] INFO (NNIManager) NNIManager received command from dispatcher: TR, {"parameter_id": 21, "parameter_source": "algorithm", "parameters": {"model_type": "TCN", "units": 16, "num_layers": 2, "dropout": 0, "activation": "sigmoid", "lr": 0.0015115515337381469, "window_size": 16, "batch_size": 64, "epochs": 15, "kernel_size": 2, "attention_heads": 4}, "parameter_index": 0}
[2026-05-22 20:41:57] INFO (NNIManager) submitTrialJob: form: {
  sequenceId: 21,
  hyperParameters: {
    value: '{"parameter_id": 21, "parameter_source": "algorithm", "parameters": {"model_type": "TCN", "units": 16, "num_layers": 2, "dropout": 0, "activation": "sigmoid", "lr": 0.0015115515337381469, "window_size": 16, "batch_size": 64, "epochs": 15, "kernel_size": 2, "attention_heads": 4}, "parameter_index": 0}',
    index: 0
  },
  placementConstraint: { type: 'None', gpus: [] }
}
[2026-05-22 20:41:57] INFO (LocalV3.local) Created trial Mj5zk
[2026-05-22 20:42:00] INFO (LocalV3.local) Trial parameter: Mj5zk {"parameter_id": 21, "parameter_source": "algorithm", "parameters": {"model_type": "TCN", "units": 16, "num_layers": 2, "dropout": 0, "activation": "sigmoid", "lr": 0.0015115515337381469, "window_size": 16, "batch_size": 64, "epochs": 15, "kernel_size": 2, "attention_heads": 4}, "parameter_index": 0}
[2026-05-22 20:42:07] INFO (NNIManager) Trial job Mj5zk status changed from RUNNING to SUCCEEDED
[2026-05-22 20:42:07] INFO (NNIManager) NNIManager received command from dispatcher: TR, {"parameter_id": 22, "parameter_source": "algorithm", "parameters": {"model_type": "CNN", "units": 256, "num_layers": 4, "dropout": 0.3, "activation": "relu", "lr": 0.00026603373119290174, "window_size": 2, "batch_size": 16, "epochs": 10, "kernel_size": 3, "attention_heads": 4}, "parameter_index": 0}
[2026-05-22 20:42:08] INFO (NNIManager) submitTrialJob: form: {
  sequenceId: 22,
  hyperParameters: {
    value: '{"parameter_id": 22, "parameter_source": "algorithm", "parameters": {"model_type": "CNN", "units": 256, "num_layers": 4, "dropout": 0.3, "activation": "relu", "lr": 0.00026603373119290174, "window_size": 2, "batch_size": 16, "epochs": 10, "kernel_size": 3, "attention_heads": 4}, "parameter_index": 0}',
    index: 0
  },
  placementConstraint: { type: 'None', gpus: [] }
}
[2026-05-22 20:42:08] INFO (LocalV3.local) Created trial ICW6j
[2026-05-22 20:42:12] INFO (LocalV3.local) Trial parameter: ICW6j {"parameter_id": 22, "parameter_source": "algorithm", "parameters": {"model_type": "CNN", "units": 256, "num_layers": 4, "dropout": 0.3, "activation": "relu", "lr": 0.00026603373119290174, "window_size": 2, "batch_size": 16, "epochs": 10, "kernel_size": 3, "attention_heads": 4}, "parameter_index": 0}
[2026-05-22 20:42:19] INFO (NNIManager) Trial job ICW6j status changed from RUNNING to SUCCEEDED
[2026-05-22 20:42:19] INFO (NNIManager) NNIManager received command from dispatcher: TR, {"parameter_id": 23, "parameter_source": "algorithm", "parameters": {"model_type": "GRU", "units": 128, "num_layers": 3, "dropout": 0.2, "activation": "sigmoid", "lr": 2.6500021140350914e-05, "window_size": 25, "batch_size": 128, "epochs": 10, "kernel_size": 3, "attention_heads": 2}, "parameter_index": 0}
[2026-05-22 20:42:20] INFO (NNIManager) submitTrialJob: form: {
  sequenceId: 23,
  hyperParameters: {
    value: '{"parameter_id": 23, "parameter_source": "algorithm", "parameters": {"model_type": "GRU", "units": 128, "num_layers": 3, "dropout": 0.2, "activation": "sigmoid", "lr": 2.6500021140350914e-05, "window_size": 25, "batch_size": 128, "epochs": 10, "kernel_size": 3, "attention_heads": 2}, "parameter_index": 0}',
    index: 0
  },
  placementConstraint: { type: 'None', gpus: [] }
}
[2026-05-22 20:42:20] INFO (LocalV3.local) Created trial C4hKi
[2026-05-22 20:42:25] INFO (LocalV3.local) Trial parameter: C4hKi {"parameter_id": 23, "parameter_source": "algorithm", "parameters": {"model_type": "GRU", "units": 128, "num_layers": 3, "dropout": 0.2, "activation": "sigmoid", "lr": 2.6500021140350914e-05, "window_size": 25, "batch_size": 128, "epochs": 10, "kernel_size": 3, "attention_heads": 2}, "parameter_index": 0}
[2026-05-22 20:42:43] INFO (NNIManager) Trial job C4hKi status changed from RUNNING to SUCCEEDED
[2026-05-22 20:42:43] INFO (NNIManager) NNIManager received command from dispatcher: TR, {"parameter_id": 24, "parameter_source": "algorithm", "parameters": {"model_type": "MLP", "units": 32, "num_layers": 2, "dropout": 0, "activation": "sigmoid", "lr": 6.351158744932513e-05, "window_size": 4, "batch_size": 16, "epochs": 10, "kernel_size": 5, "attention_heads": 4}, "parameter_index": 0}
[2026-05-22 20:42:44] INFO (NNIManager) submitTrialJob: form: {
  sequenceId: 24,
  hyperParameters: {
    value: '{"parameter_id": 24, "parameter_source": "algorithm", "parameters": {"model_type": "MLP", "units": 32, "num_layers": 2, "dropout": 0, "activation": "sigmoid", "lr": 6.351158744932513e-05, "window_size": 4, "batch_size": 16, "epochs": 10, "kernel_size": 5, "attention_heads": 4}, "parameter_index": 0}',
    index: 0
  },
  placementConstraint: { type: 'None', gpus: [] }
}
[2026-05-22 20:42:44] INFO (LocalV3.local) Created trial Bp5Ct
[2026-05-22 20:42:44] INFO (NNIManager) Change NNIManager status from: RUNNING to: NO_MORE_TRIAL
[2026-05-22 20:42:47] INFO (LocalV3.local) Trial parameter: Bp5Ct {"parameter_id": 24, "parameter_source": "algorithm", "parameters": {"model_type": "MLP", "units": 32, "num_layers": 2, "dropout": 0, "activation": "sigmoid", "lr": 6.351158744932513e-05, "window_size": 4, "batch_size": 16, "epochs": 10, "kernel_size": 5, "attention_heads": 4}, "parameter_index": 0}
[2026-05-22 20:42:49] INFO (ShutdownManager) Initiate shutdown: SIGTERM
[2026-05-22 20:42:49] INFO (RestServer) Stopping REST server.
[2026-05-22 20:42:49] INFO (NNIManager) Change NNIManager status from: NO_MORE_TRIAL to: STOPPING
[2026-05-22 20:42:49] INFO (NNIManager) Stopping experiment, cleaning up ...
[2026-05-22 20:42:49] INFO (RestServer) REST server stopped.
[2026-05-22 20:42:53] INFO (LocalV3.local) All trials stopped
[2026-05-22 20:42:53] INFO (NNIManager) Change NNIManager status from: STOPPING to: STOPPED
[2026-05-22 20:42:53] INFO (NNIManager) Experiment stopped.
[2026-05-22 20:42:53] INFO (NNITensorboardManager) Forced stopping all tensorboard task.
[2026-05-22 20:42:53] INFO (NNITensorboardManager) All tensorboard task stopped.
[2026-05-22 20:42:53] INFO (NNITensorboardManager) Tensorboard manager stopped.
[2026-05-22 20:42:53] INFO (ShutdownManager) Shutdown complete.
