2026-05-22 21:02:55.749512: I tensorflow/core/util/port.cc:113] oneDNN custom operations are on. You may see slightly different numerical results due to floating-point round-off errors from different computation orders. To turn them off, set the environment variable `TF_ENABLE_ONEDNN_OPTS=0`.
2026-05-22 21:02:55.802695: E external/local_xla/xla/stream_executor/cuda/cuda_dnn.cc:9261] Unable to register cuDNN factory: Attempting to register factory for plugin cuDNN when one has already been registered
2026-05-22 21:02:55.802739: E external/local_xla/xla/stream_executor/cuda/cuda_fft.cc:607] Unable to register cuFFT factory: Attempting to register factory for plugin cuFFT when one has already been registered
2026-05-22 21:02:55.803686: E external/local_xla/xla/stream_executor/cuda/cuda_blas.cc:1515] Unable to register cuBLAS factory: Attempting to register factory for plugin cuBLAS when one has already been registered
2026-05-22 21:02:55.810942: I tensorflow/core/platform/cpu_feature_guard.cc:182] This TensorFlow binary is optimized to use available CPU instructions in performance-critical operations.
To enable the following instructions: AVX2 AVX_VNNI FMA, in other operations, rebuild TensorFlow with the appropriate compiler flags.
2026-05-22 21:02:56.538072: W tensorflow/compiler/tf2tensorrt/utils/py_utils.cc:38] TF-TRT Warning: Could not find TensorRT
Traceback (most recent call last):
  File "/home/meliani/Desktop/phd/fast-track/trial.py", line 184, in <module>
    main()
  File "/home/meliani/Desktop/phd/fast-track/trial.py", line 149, in main
    history = model.fit(X_train, y_train, validation_data=(X_val, y_val),
  File "/home/meliani/.local/lib/python3.10/site-packages/keras/src/utils/traceback_utils.py", line 65, in error_handler
    return fn(*args, **kwargs)
  File "/home/meliani/.local/lib/python3.10/site-packages/keras/src/engine/training.py", line 1807, in fit
    tmp_logs = self.train_function(iterator)
  File "/home/meliani/.local/lib/python3.10/site-packages/tensorflow/python/util/traceback_utils.py", line 150, in error_handler
    return fn(*args, **kwargs)
  File "/home/meliani/.local/lib/python3.10/site-packages/tensorflow/python/eager/polymorphic_function/polymorphic_function.py", line 832, in __call__
    result = self._call(*args, **kwds)
  File "/home/meliani/.local/lib/python3.10/site-packages/tensorflow/python/eager/polymorphic_function/polymorphic_function.py", line 905, in _call
    return tracing_compilation.call_function(
  File "/home/meliani/.local/lib/python3.10/site-packages/tensorflow/python/eager/polymorphic_function/tracing_compilation.py", line 132, in call_function
    function = trace_function(
  File "/home/meliani/.local/lib/python3.10/site-packages/tensorflow/python/eager/polymorphic_function/tracing_compilation.py", line 178, in trace_function
    concrete_function = _maybe_define_function(
  File "/home/meliani/.local/lib/python3.10/site-packages/tensorflow/python/eager/polymorphic_function/tracing_compilation.py", line 283, in _maybe_define_function
    concrete_function = _create_concrete_function(
  File "/home/meliani/.local/lib/python3.10/site-packages/tensorflow/python/eager/polymorphic_function/tracing_compilation.py", line 310, in _create_concrete_function
    traced_func_graph = func_graph_module.func_graph_from_py_func(
  File "/home/meliani/.local/lib/python3.10/site-packages/tensorflow/python/framework/func_graph.py", line 1059, in func_graph_from_py_func
    func_outputs = python_func(*func_args, **func_kwargs)
  File "/home/meliani/.local/lib/python3.10/site-packages/tensorflow/python/eager/polymorphic_function/polymorphic_function.py", line 598, in wrapped_fn
    out = weak_wrapped_fn().__wrapped__(*args, **kwds)
  File "/home/meliani/.local/lib/python3.10/site-packages/tensorflow/python/eager/polymorphic_function/autograph_util.py", line 41, in autograph_handler
    return api.converted_call(
  File "/home/meliani/.local/lib/python3.10/site-packages/tensorflow/python/autograph/impl/api.py", line 439, in converted_call
    result = converted_f(*effective_args, **kwargs)
  File "/tmp/__autograph_generated_file1jn2119v.py", line 15, in tf__train_function
    retval_ = ag__.converted_call(ag__.ld(step_function), (ag__.ld(self), ag__.ld(iterator)), None, fscope)
  File "/home/meliani/.local/lib/python3.10/site-packages/tensorflow/python/autograph/impl/api.py", line 331, in converted_call
    return _call_unconverted(f, args, kwargs, options, False)
  File "/home/meliani/.local/lib/python3.10/site-packages/tensorflow/python/autograph/impl/api.py", line 460, in _call_unconverted
    return f(*args)
  File "/home/meliani/.local/lib/python3.10/site-packages/keras/src/engine/training.py", line 1384, in step_function
    outputs = model.distribute_strategy.run(run_step, args=(data,))
  File "/home/meliani/.local/lib/python3.10/site-packages/tensorflow/python/distribute/distribute_lib.py", line 1681, in run
    return self._extended.call_for_each_replica(fn, args=args, kwargs=kwargs)
  File "/home/meliani/.local/lib/python3.10/site-packages/tensorflow/python/distribute/distribute_lib.py", line 3271, in call_for_each_replica
    return self._call_for_each_replica(fn, args, kwargs)
  File "/home/meliani/.local/lib/python3.10/site-packages/tensorflow/python/distribute/distribute_lib.py", line 4069, in _call_for_each_replica
    return fn(*args, **kwargs)
  File "/home/meliani/.local/lib/python3.10/site-packages/tensorflow/python/autograph/impl/api.py", line 690, in wrapper
    return converted_call(f, args, kwargs, options=options)
  File "/home/meliani/.local/lib/python3.10/site-packages/tensorflow/python/autograph/impl/api.py", line 377, in converted_call
    return _call_unconverted(f, args, kwargs, options)
  File "/home/meliani/.local/lib/python3.10/site-packages/tensorflow/python/autograph/impl/api.py", line 459, in _call_unconverted
    return f(*args, **kwargs)
  File "/home/meliani/.local/lib/python3.10/site-packages/keras/src/engine/training.py", line 1373, in run_step
    outputs = model.train_step(data)
  File "/home/meliani/.local/lib/python3.10/site-packages/keras/src/engine/training.py", line 1154, in train_step
    self.optimizer.minimize(loss, self.trainable_variables, tape=tape)
  File "/home/meliani/.local/lib/python3.10/site-packages/keras/src/optimizers/optimizer.py", line 543, in minimize
    grads_and_vars = self.compute_gradients(loss, var_list, tape)
  File "/home/meliani/.local/lib/python3.10/site-packages/keras/src/optimizers/optimizer.py", line 276, in compute_gradients
    grads = tape.gradient(loss, var_list)
  File "/home/meliani/.local/lib/python3.10/site-packages/tensorflow/python/eager/backprop.py", line 1066, in gradient
    flat_grad = imperative_grad.imperative_grad(
  File "/home/meliani/.local/lib/python3.10/site-packages/tensorflow/python/eager/imperative_grad.py", line 67, in imperative_grad
    return pywrap_tfe.TFE_Py_TapeGradient(
  File "/home/meliani/.local/lib/python3.10/site-packages/tensorflow/python/eager/backprop.py", line 148, in _gradient_function
    return grad_fn(mock_op, *out_grads)
  File "/home/meliani/.local/lib/python3.10/site-packages/tensorflow/python/ops/math_grad.py", line 1436, in _MulGrad
    return _ReduceGradientArgs(x, y, gx, gy)
  File "/home/meliani/.local/lib/python3.10/site-packages/tensorflow/python/ops/math_grad.py", line 142, in _ReduceGradientArgs
    bx, by = SmartBroadcastGradientArgs(x, y)
  File "/home/meliani/.local/lib/python3.10/site-packages/tensorflow/python/ops/math_grad.py", line 76, in SmartBroadcastGradientArgs
    y_shape = array_ops.shape(y)
  File "/home/meliani/.local/lib/python3.10/site-packages/tensorflow/python/util/traceback_utils.py", line 150, in error_handler
    return fn(*args, **kwargs)
  File "/home/meliani/.local/lib/python3.10/site-packages/tensorflow/python/util/dispatch.py", line 1260, in op_dispatch_handler
    return dispatch_target(*args, **kwargs)
  File "/home/meliani/.local/lib/python3.10/site-packages/tensorflow/python/ops/array_ops.py", line 688, in shape
    return shape_internal(input, name, optimize=True, out_type=out_type)
  File "/home/meliani/.local/lib/python3.10/site-packages/tensorflow/python/ops/array_ops.py", line 726, in shape_internal
    return constant(input_shape.as_list(), out_type, name=name)
  File "/home/meliani/.local/lib/python3.10/site-packages/tensorflow/python/framework/constant_op.py", line 271, in constant
    return _constant_impl(value, dtype, shape, name, verify_shape=False,
  File "/home/meliani/.local/lib/python3.10/site-packages/tensorflow/python/framework/constant_op.py", line 286, in _constant_impl
    const_tensor = ops._create_graph_constant(  # pylint: disable=protected-access
  File "/home/meliani/.local/lib/python3.10/site-packages/tensorflow/python/framework/ops.py", line 263, in _create_graph_constant
    tensor_util.make_tensor_proto(
  File "/home/meliani/.local/lib/python3.10/site-packages/tensorflow/python/framework/tensor_util.py", line 585, in make_tensor_proto
    tensor_shape=tensor_shape.as_shape(shape).as_proto())
  File "/home/meliani/.local/lib/python3.10/site-packages/tensorflow/python/framework/tensor_shape.py", line 1549, in as_shape
    return TensorShape(shape)
  File "/home/meliani/.local/lib/python3.10/site-packages/tensorflow/python/framework/tensor_shape.py", line 830, in __init__
    self._dims = tuple(as_dimension(d).value for d in dims)
  File "/home/meliani/.local/lib/python3.10/site-packages/tensorflow/python/framework/tensor_shape.py", line 830, in <genexpr>
    self._dims = tuple(as_dimension(d).value for d in dims)
  File "/home/meliani/.local/lib/python3.10/site-packages/tensorflow/python/framework/tensor_shape.py", line 728, in as_dimension
    def as_dimension(value):
KeyboardInterrupt
