[2026-05-18 19:02:20] INFO (main) Start NNI manager
[2026-05-18 19:02:20] INFO (RestServer) Starting REST server at port 8110, URL prefix: "/"
[2026-05-18 19:02:20] INFO (RestServer) REST server started.
[2026-05-18 19:02:20] INFO (NNIDataStore) Datastore initialization done
[2026-05-18 19:02:21] INFO (NNIManager) Starting experiment: gxr03epv
[2026-05-18 19:02:21] INFO (NNIManager) Setup training service...
[2026-05-18 19:02:21] INFO (NNIManager) Setup tuner...
[2026-05-18 19:02:21] INFO (NNIManager) Change NNIManager status from: INITIALIZED to: RUNNING
[2026-05-18 19:02:21] INFO (NNIManager) Add event listeners
[2026-05-18 19:02:21] INFO (LocalV3.local) Start
[2026-05-18 19:02:21] INFO (NNIManager) NNIManager received command from dispatcher: ID, 
[2026-05-18 19:02:21] INFO (NNIManager) NNIManager received command from dispatcher: TR, {"parameter_id": 0, "parameter_source": "algorithm", "parameters": {"model_type": "LSTM", "units": 16, "num_layers": 1, "dropout": 0, "activation": "relu", "lr": 0.00031622776601683783, "window_size": 2, "batch_size": 16, "epochs": 5, "kernel_size": 2, "attention_heads": 2}, "parameter_index": 0}
[2026-05-18 19:02:22] INFO (NNIManager) submitTrialJob: form: {
  sequenceId: 0,
  hyperParameters: {
    value: '{"parameter_id": 0, "parameter_source": "algorithm", "parameters": {"model_type": "LSTM", "units": 16, "num_layers": 1, "dropout": 0, "activation": "relu", "lr": 0.00031622776601683783, "window_size": 2, "batch_size": 16, "epochs": 5, "kernel_size": 2, "attention_heads": 2}, "parameter_index": 0}',
    index: 0
  },
  placementConstraint: { type: 'None', gpus: [] }
}
[2026-05-18 19:02:23] INFO (LocalV3.local) Register directory trial_code = /home/meliani/Desktop/phd/fast-track
[2026-05-18 19:02:23] INFO (LocalV3.local) Created trial d1lNs
[2026-05-18 19:02:25] INFO (LocalV3.local) Trial parameter: d1lNs {"parameter_id": 0, "parameter_source": "algorithm", "parameters": {"model_type": "LSTM", "units": 16, "num_layers": 1, "dropout": 0, "activation": "relu", "lr": 0.00031622776601683783, "window_size": 2, "batch_size": 16, "epochs": 5, "kernel_size": 2, "attention_heads": 2}, "parameter_index": 0}
[2026-05-18 19:02:32] INFO (NNIManager) Trial job d1lNs status changed from RUNNING to SUCCEEDED
[2026-05-18 19:02:32] INFO (NNIManager) NNIManager received command from dispatcher: TR, {"parameter_id": 1, "parameter_source": "algorithm", "parameters": {"model_type": "LSTM", "units": 16, "num_layers": 1, "dropout": 0, "activation": "relu", "lr": 0.00031622776601683783, "window_size": 2, "batch_size": 16, "epochs": 5, "kernel_size": 2, "attention_heads": 4}, "parameter_index": 0}
[2026-05-18 19:02:32] INFO (NNIManager) submitTrialJob: form: {
  sequenceId: 1,
  hyperParameters: {
    value: '{"parameter_id": 1, "parameter_source": "algorithm", "parameters": {"model_type": "LSTM", "units": 16, "num_layers": 1, "dropout": 0, "activation": "relu", "lr": 0.00031622776601683783, "window_size": 2, "batch_size": 16, "epochs": 5, "kernel_size": 2, "attention_heads": 4}, "parameter_index": 0}',
    index: 0
  },
  placementConstraint: { type: 'None', gpus: [] }
}
[2026-05-18 19:02:32] INFO (LocalV3.local) Created trial zBlxs
[2026-05-18 19:02:36] INFO (LocalV3.local) Trial parameter: zBlxs {"parameter_id": 1, "parameter_source": "algorithm", "parameters": {"model_type": "LSTM", "units": 16, "num_layers": 1, "dropout": 0, "activation": "relu", "lr": 0.00031622776601683783, "window_size": 2, "batch_size": 16, "epochs": 5, "kernel_size": 2, "attention_heads": 4}, "parameter_index": 0}
[2026-05-18 19:02:43] INFO (NNIManager) Trial job zBlxs status changed from RUNNING to SUCCEEDED
[2026-05-18 19:02:43] INFO (NNIManager) NNIManager received command from dispatcher: TR, {"parameter_id": 2, "parameter_source": "algorithm", "parameters": {"model_type": "LSTM", "units": 16, "num_layers": 1, "dropout": 0, "activation": "relu", "lr": 0.00031622776601683783, "window_size": 2, "batch_size": 16, "epochs": 5, "kernel_size": 2, "attention_heads": 8}, "parameter_index": 0}
[2026-05-18 19:02:43] INFO (NNIManager) submitTrialJob: form: {
  sequenceId: 2,
  hyperParameters: {
    value: '{"parameter_id": 2, "parameter_source": "algorithm", "parameters": {"model_type": "LSTM", "units": 16, "num_layers": 1, "dropout": 0, "activation": "relu", "lr": 0.00031622776601683783, "window_size": 2, "batch_size": 16, "epochs": 5, "kernel_size": 2, "attention_heads": 8}, "parameter_index": 0}',
    index: 0
  },
  placementConstraint: { type: 'None', gpus: [] }
}
[2026-05-18 19:02:43] INFO (LocalV3.local) Created trial OxxSY
[2026-05-18 19:02:45] INFO (LocalV3.local) Trial parameter: OxxSY {"parameter_id": 2, "parameter_source": "algorithm", "parameters": {"model_type": "LSTM", "units": 16, "num_layers": 1, "dropout": 0, "activation": "relu", "lr": 0.00031622776601683783, "window_size": 2, "batch_size": 16, "epochs": 5, "kernel_size": 2, "attention_heads": 8}, "parameter_index": 0}
[2026-05-18 19:02:53] INFO (NNIManager) Trial job OxxSY status changed from RUNNING to SUCCEEDED
[2026-05-18 19:02:53] INFO (NNIManager) NNIManager received command from dispatcher: TR, {"parameter_id": 3, "parameter_source": "algorithm", "parameters": {"model_type": "LSTM", "units": 16, "num_layers": 1, "dropout": 0, "activation": "relu", "lr": 0.00031622776601683783, "window_size": 2, "batch_size": 16, "epochs": 5, "kernel_size": 3, "attention_heads": 2}, "parameter_index": 0}
[2026-05-18 19:02:53] INFO (NNIManager) submitTrialJob: form: {
  sequenceId: 3,
  hyperParameters: {
    value: '{"parameter_id": 3, "parameter_source": "algorithm", "parameters": {"model_type": "LSTM", "units": 16, "num_layers": 1, "dropout": 0, "activation": "relu", "lr": 0.00031622776601683783, "window_size": 2, "batch_size": 16, "epochs": 5, "kernel_size": 3, "attention_heads": 2}, "parameter_index": 0}',
    index: 0
  },
  placementConstraint: { type: 'None', gpus: [] }
}
[2026-05-18 19:02:53] INFO (LocalV3.local) Created trial GlwGH
[2026-05-18 19:02:56] INFO (LocalV3.local) Trial parameter: GlwGH {"parameter_id": 3, "parameter_source": "algorithm", "parameters": {"model_type": "LSTM", "units": 16, "num_layers": 1, "dropout": 0, "activation": "relu", "lr": 0.00031622776601683783, "window_size": 2, "batch_size": 16, "epochs": 5, "kernel_size": 3, "attention_heads": 2}, "parameter_index": 0}
[2026-05-18 19:03:03] INFO (NNIManager) Trial job GlwGH status changed from RUNNING to SUCCEEDED
[2026-05-18 19:03:03] INFO (NNIManager) NNIManager received command from dispatcher: TR, {"parameter_id": 4, "parameter_source": "algorithm", "parameters": {"model_type": "LSTM", "units": 16, "num_layers": 1, "dropout": 0, "activation": "relu", "lr": 0.00031622776601683783, "window_size": 2, "batch_size": 16, "epochs": 5, "kernel_size": 3, "attention_heads": 4}, "parameter_index": 0}
[2026-05-18 19:03:03] INFO (NNIManager) submitTrialJob: form: {
  sequenceId: 4,
  hyperParameters: {
    value: '{"parameter_id": 4, "parameter_source": "algorithm", "parameters": {"model_type": "LSTM", "units": 16, "num_layers": 1, "dropout": 0, "activation": "relu", "lr": 0.00031622776601683783, "window_size": 2, "batch_size": 16, "epochs": 5, "kernel_size": 3, "attention_heads": 4}, "parameter_index": 0}',
    index: 0
  },
  placementConstraint: { type: 'None', gpus: [] }
}
[2026-05-18 19:03:03] INFO (LocalV3.local) Created trial HnGGw
[2026-05-18 19:03:04] INFO (NNIManager) Change NNIManager status from: RUNNING to: NO_MORE_TRIAL
[2026-05-18 19:03:05] INFO (LocalV3.local) Trial parameter: HnGGw {"parameter_id": 4, "parameter_source": "algorithm", "parameters": {"model_type": "LSTM", "units": 16, "num_layers": 1, "dropout": 0, "activation": "relu", "lr": 0.00031622776601683783, "window_size": 2, "batch_size": 16, "epochs": 5, "kernel_size": 3, "attention_heads": 4}, "parameter_index": 0}
[2026-05-18 19:03:09] INFO (ShutdownManager) Initiate shutdown: SIGTERM
[2026-05-18 19:03:09] INFO (RestServer) Stopping REST server.
[2026-05-18 19:03:09] INFO (NNIManager) Change NNIManager status from: NO_MORE_TRIAL to: STOPPING
[2026-05-18 19:03:09] INFO (NNIManager) Stopping experiment, cleaning up ...
[2026-05-18 19:03:09] INFO (RestServer) REST server stopped.
[2026-05-18 19:03:12] INFO (LocalV3.local) All trials stopped
[2026-05-18 19:03:12] INFO (NNIManager) Change NNIManager status from: STOPPING to: STOPPED
[2026-05-18 19:03:12] INFO (NNIManager) Experiment stopped.
[2026-05-18 19:03:12] INFO (NNITensorboardManager) Forced stopping all tensorboard task.
[2026-05-18 19:03:12] INFO (NNITensorboardManager) All tensorboard task stopped.
[2026-05-18 19:03:12] INFO (NNITensorboardManager) Tensorboard manager stopped.
[2026-05-18 19:03:12] INFO (ShutdownManager) Shutdown complete.
