[2026-05-18 20:02:54] INFO (main) Start NNI manager
[2026-05-18 20:02:54] INFO (RestServer) Starting REST server at port 8137, URL prefix: "/"
[2026-05-18 20:02:54] INFO (RestServer) REST server started.
[2026-05-18 20:02:54] INFO (NNIDataStore) Datastore initialization done
[2026-05-18 20:02:54] INFO (NNIManager) Starting experiment: wljzkgp1
[2026-05-18 20:02:54] INFO (NNIManager) Setup training service...
[2026-05-18 20:02:54] INFO (NNIManager) Setup tuner...
[2026-05-18 20:02:54] INFO (NNIManager) Change NNIManager status from: INITIALIZED to: RUNNING
[2026-05-18 20:02:56] INFO (NNIManager) Add event listeners
[2026-05-18 20:02:56] INFO (LocalV3.local) Start
[2026-05-18 20:02:56] INFO (NNIManager) NNIManager received command from dispatcher: ID, 
[2026-05-18 20:02:56] INFO (NNIManager) NNIManager received command from dispatcher: TR, {"parameter_id": 0, "parameter_source": "algorithm", "parameters": {"model_type": "RNN", "units": 256, "num_layers": 3, "dropout": 0.5, "activation": "elu", "lr": 0.0001275528076860015, "window_size": 5, "batch_size": 64, "epochs": 5, "kernel_size": 7, "attention_heads": 2}, "parameter_index": 0}
[2026-05-18 20:02:56] INFO (NNIManager) submitTrialJob: form: {
  sequenceId: 0,
  hyperParameters: {
    value: '{"parameter_id": 0, "parameter_source": "algorithm", "parameters": {"model_type": "RNN", "units": 256, "num_layers": 3, "dropout": 0.5, "activation": "elu", "lr": 0.0001275528076860015, "window_size": 5, "batch_size": 64, "epochs": 5, "kernel_size": 7, "attention_heads": 2}, "parameter_index": 0}',
    index: 0
  },
  placementConstraint: { type: 'None', gpus: [] }
}
[2026-05-18 20:02:57] INFO (LocalV3.local) Register directory trial_code = /home/meliani/Desktop/phd/fast-track
[2026-05-18 20:02:57] INFO (LocalV3.local) Created trial I7HD2
[2026-05-18 20:03:00] INFO (LocalV3.local) Trial parameter: I7HD2 {"parameter_id": 0, "parameter_source": "algorithm", "parameters": {"model_type": "RNN", "units": 256, "num_layers": 3, "dropout": 0.5, "activation": "elu", "lr": 0.0001275528076860015, "window_size": 5, "batch_size": 64, "epochs": 5, "kernel_size": 7, "attention_heads": 2}, "parameter_index": 0}
[2026-05-18 20:03:08] INFO (NNIManager) Trial job I7HD2 status changed from RUNNING to SUCCEEDED
[2026-05-18 20:03:08] INFO (NNIManager) NNIManager received command from dispatcher: TR, {"parameter_id": 1, "parameter_source": "algorithm", "parameters": {"model_type": "MLP", "units": 256, "num_layers": 4, "dropout": 0.3, "activation": "relu", "lr": 0.0010925467649847845, "window_size": 25, "batch_size": 32, "epochs": 15, "kernel_size": 7, "attention_heads": 8}, "parameter_index": 0}
[2026-05-18 20:03:09] INFO (NNIManager) submitTrialJob: form: {
  sequenceId: 1,
  hyperParameters: {
    value: '{"parameter_id": 1, "parameter_source": "algorithm", "parameters": {"model_type": "MLP", "units": 256, "num_layers": 4, "dropout": 0.3, "activation": "relu", "lr": 0.0010925467649847845, "window_size": 25, "batch_size": 32, "epochs": 15, "kernel_size": 7, "attention_heads": 8}, "parameter_index": 0}',
    index: 0
  },
  placementConstraint: { type: 'None', gpus: [] }
}
[2026-05-18 20:03:09] INFO (LocalV3.local) Created trial q1BeV
[2026-05-18 20:03:11] INFO (LocalV3.local) Trial parameter: q1BeV {"parameter_id": 1, "parameter_source": "algorithm", "parameters": {"model_type": "MLP", "units": 256, "num_layers": 4, "dropout": 0.3, "activation": "relu", "lr": 0.0010925467649847845, "window_size": 25, "batch_size": 32, "epochs": 15, "kernel_size": 7, "attention_heads": 8}, "parameter_index": 0}
[2026-05-18 20:03:20] INFO (NNIManager) Trial job q1BeV status changed from RUNNING to SUCCEEDED
[2026-05-18 20:03:20] INFO (NNIManager) NNIManager received command from dispatcher: TR, {"parameter_id": 2, "parameter_source": "algorithm", "parameters": {"model_type": "MLP", "units": 256, "num_layers": 1, "dropout": 0.3, "activation": "elu", "lr": 2.8295095165588e-05, "window_size": 24, "batch_size": 64, "epochs": 20, "kernel_size": 2, "attention_heads": 4}, "parameter_index": 0}
[2026-05-18 20:03:21] INFO (NNIManager) submitTrialJob: form: {
  sequenceId: 2,
  hyperParameters: {
    value: '{"parameter_id": 2, "parameter_source": "algorithm", "parameters": {"model_type": "MLP", "units": 256, "num_layers": 1, "dropout": 0.3, "activation": "elu", "lr": 2.8295095165588e-05, "window_size": 24, "batch_size": 64, "epochs": 20, "kernel_size": 2, "attention_heads": 4}, "parameter_index": 0}',
    index: 0
  },
  placementConstraint: { type: 'None', gpus: [] }
}
[2026-05-18 20:03:21] INFO (LocalV3.local) Created trial xyK90
[2026-05-18 20:03:23] INFO (LocalV3.local) Trial parameter: xyK90 {"parameter_id": 2, "parameter_source": "algorithm", "parameters": {"model_type": "MLP", "units": 256, "num_layers": 1, "dropout": 0.3, "activation": "elu", "lr": 2.8295095165588e-05, "window_size": 24, "batch_size": 64, "epochs": 20, "kernel_size": 2, "attention_heads": 4}, "parameter_index": 0}
[2026-05-18 20:03:29] INFO (NNIManager) Trial job xyK90 status changed from RUNNING to SUCCEEDED
[2026-05-18 20:03:29] INFO (NNIManager) NNIManager received command from dispatcher: TR, {"parameter_id": 3, "parameter_source": "algorithm", "parameters": {"model_type": "Transformer", "units": 64, "num_layers": 1, "dropout": 0, "activation": "tanh", "lr": 0.0029797547916512244, "window_size": 25, "batch_size": 16, "epochs": 10, "kernel_size": 7, "attention_heads": 4}, "parameter_index": 0}
[2026-05-18 20:03:29] INFO (NNIManager) submitTrialJob: form: {
  sequenceId: 3,
  hyperParameters: {
    value: '{"parameter_id": 3, "parameter_source": "algorithm", "parameters": {"model_type": "Transformer", "units": 64, "num_layers": 1, "dropout": 0, "activation": "tanh", "lr": 0.0029797547916512244, "window_size": 25, "batch_size": 16, "epochs": 10, "kernel_size": 7, "attention_heads": 4}, "parameter_index": 0}',
    index: 0
  },
  placementConstraint: { type: 'None', gpus: [] }
}
[2026-05-18 20:03:29] INFO (LocalV3.local) Created trial pbcgH
[2026-05-18 20:03:31] INFO (LocalV3.local) Trial parameter: pbcgH {"parameter_id": 3, "parameter_source": "algorithm", "parameters": {"model_type": "Transformer", "units": 64, "num_layers": 1, "dropout": 0, "activation": "tanh", "lr": 0.0029797547916512244, "window_size": 25, "batch_size": 16, "epochs": 10, "kernel_size": 7, "attention_heads": 4}, "parameter_index": 0}
[2026-05-18 20:03:53] INFO (NNIManager) Trial job pbcgH status changed from RUNNING to SUCCEEDED
[2026-05-18 20:03:53] INFO (NNIManager) NNIManager received command from dispatcher: TR, {"parameter_id": 4, "parameter_source": "algorithm", "parameters": {"model_type": "MLP", "units": 32, "num_layers": 3, "dropout": 0.1, "activation": "relu", "lr": 0.00027103648193823346, "window_size": 27, "batch_size": 32, "epochs": 5, "kernel_size": 2, "attention_heads": 4}, "parameter_index": 0}
[2026-05-18 20:03:54] INFO (NNIManager) submitTrialJob: form: {
  sequenceId: 4,
  hyperParameters: {
    value: '{"parameter_id": 4, "parameter_source": "algorithm", "parameters": {"model_type": "MLP", "units": 32, "num_layers": 3, "dropout": 0.1, "activation": "relu", "lr": 0.00027103648193823346, "window_size": 27, "batch_size": 32, "epochs": 5, "kernel_size": 2, "attention_heads": 4}, "parameter_index": 0}',
    index: 0
  },
  placementConstraint: { type: 'None', gpus: [] }
}
[2026-05-18 20:03:54] INFO (LocalV3.local) Created trial fxxsM
[2026-05-18 20:03:56] INFO (LocalV3.local) Trial parameter: fxxsM {"parameter_id": 4, "parameter_source": "algorithm", "parameters": {"model_type": "MLP", "units": 32, "num_layers": 3, "dropout": 0.1, "activation": "relu", "lr": 0.00027103648193823346, "window_size": 27, "batch_size": 32, "epochs": 5, "kernel_size": 2, "attention_heads": 4}, "parameter_index": 0}
[2026-05-18 20:03:59] INFO (NNIManager) Trial job fxxsM status changed from RUNNING to SUCCEEDED
[2026-05-18 20:03:59] INFO (NNIManager) NNIManager received command from dispatcher: TR, {"parameter_id": 5, "parameter_source": "algorithm", "parameters": {"model_type": "LSTM", "units": 32, "num_layers": 2, "dropout": 0.5, "activation": "relu", "lr": 1.517125758335772e-05, "window_size": 16, "batch_size": 16, "epochs": 15, "kernel_size": 2, "attention_heads": 2}, "parameter_index": 0}
[2026-05-18 20:04:00] INFO (NNIManager) submitTrialJob: form: {
  sequenceId: 5,
  hyperParameters: {
    value: '{"parameter_id": 5, "parameter_source": "algorithm", "parameters": {"model_type": "LSTM", "units": 32, "num_layers": 2, "dropout": 0.5, "activation": "relu", "lr": 1.517125758335772e-05, "window_size": 16, "batch_size": 16, "epochs": 15, "kernel_size": 2, "attention_heads": 2}, "parameter_index": 0}',
    index: 0
  },
  placementConstraint: { type: 'None', gpus: [] }
}
[2026-05-18 20:04:00] INFO (LocalV3.local) Created trial d1hoC
[2026-05-18 20:04:02] INFO (LocalV3.local) Trial parameter: d1hoC {"parameter_id": 5, "parameter_source": "algorithm", "parameters": {"model_type": "LSTM", "units": 32, "num_layers": 2, "dropout": 0.5, "activation": "relu", "lr": 1.517125758335772e-05, "window_size": 16, "batch_size": 16, "epochs": 15, "kernel_size": 2, "attention_heads": 2}, "parameter_index": 0}
[2026-05-18 20:04:54] INFO (NNIManager) Trial job d1hoC status changed from RUNNING to SUCCEEDED
[2026-05-18 20:04:54] INFO (NNIManager) NNIManager received command from dispatcher: TR, {"parameter_id": 6, "parameter_source": "algorithm", "parameters": {"model_type": "CNN", "units": 32, "num_layers": 2, "dropout": 0.5, "activation": "tanh", "lr": 1.9441742305561998e-05, "window_size": 26, "batch_size": 16, "epochs": 5, "kernel_size": 3, "attention_heads": 8}, "parameter_index": 0}
[2026-05-18 20:04:55] INFO (NNIManager) submitTrialJob: form: {
  sequenceId: 6,
  hyperParameters: {
    value: '{"parameter_id": 6, "parameter_source": "algorithm", "parameters": {"model_type": "CNN", "units": 32, "num_layers": 2, "dropout": 0.5, "activation": "tanh", "lr": 1.9441742305561998e-05, "window_size": 26, "batch_size": 16, "epochs": 5, "kernel_size": 3, "attention_heads": 8}, "parameter_index": 0}',
    index: 0
  },
  placementConstraint: { type: 'None', gpus: [] }
}
[2026-05-18 20:04:55] INFO (LocalV3.local) Created trial oew3Y
[2026-05-18 20:04:57] INFO (LocalV3.local) Trial parameter: oew3Y {"parameter_id": 6, "parameter_source": "algorithm", "parameters": {"model_type": "CNN", "units": 32, "num_layers": 2, "dropout": 0.5, "activation": "tanh", "lr": 1.9441742305561998e-05, "window_size": 26, "batch_size": 16, "epochs": 5, "kernel_size": 3, "attention_heads": 8}, "parameter_index": 0}
[2026-05-18 20:05:03] INFO (NNIManager) Trial job oew3Y status changed from RUNNING to SUCCEEDED
[2026-05-18 20:05:03] INFO (NNIManager) NNIManager received command from dispatcher: TR, {"parameter_id": 7, "parameter_source": "algorithm", "parameters": {"model_type": "CNN", "units": 16, "num_layers": 4, "dropout": 0.1, "activation": "relu", "lr": 0.00038408698932532626, "window_size": 11, "batch_size": 64, "epochs": 10, "kernel_size": 2, "attention_heads": 4}, "parameter_index": 0}
[2026-05-18 20:05:03] INFO (NNIManager) submitTrialJob: form: {
  sequenceId: 7,
  hyperParameters: {
    value: '{"parameter_id": 7, "parameter_source": "algorithm", "parameters": {"model_type": "CNN", "units": 16, "num_layers": 4, "dropout": 0.1, "activation": "relu", "lr": 0.00038408698932532626, "window_size": 11, "batch_size": 64, "epochs": 10, "kernel_size": 2, "attention_heads": 4}, "parameter_index": 0}',
    index: 0
  },
  placementConstraint: { type: 'None', gpus: [] }
}
[2026-05-18 20:05:03] INFO (LocalV3.local) Created trial vo60l
[2026-05-18 20:05:05] INFO (LocalV3.local) Trial parameter: vo60l {"parameter_id": 7, "parameter_source": "algorithm", "parameters": {"model_type": "CNN", "units": 16, "num_layers": 4, "dropout": 0.1, "activation": "relu", "lr": 0.00038408698932532626, "window_size": 11, "batch_size": 64, "epochs": 10, "kernel_size": 2, "attention_heads": 4}, "parameter_index": 0}
[2026-05-18 20:05:10] INFO (NNIManager) Trial job vo60l status changed from RUNNING to SUCCEEDED
[2026-05-18 20:05:10] INFO (NNIManager) NNIManager received command from dispatcher: TR, {"parameter_id": 8, "parameter_source": "algorithm", "parameters": {"model_type": "Transformer", "units": 32, "num_layers": 1, "dropout": 0.5, "activation": "relu", "lr": 2.7061529762595337e-05, "window_size": 22, "batch_size": 64, "epochs": 5, "kernel_size": 2, "attention_heads": 2}, "parameter_index": 0}
[2026-05-18 20:05:10] INFO (NNIManager) submitTrialJob: form: {
  sequenceId: 8,
  hyperParameters: {
    value: '{"parameter_id": 8, "parameter_source": "algorithm", "parameters": {"model_type": "Transformer", "units": 32, "num_layers": 1, "dropout": 0.5, "activation": "relu", "lr": 2.7061529762595337e-05, "window_size": 22, "batch_size": 64, "epochs": 5, "kernel_size": 2, "attention_heads": 2}, "parameter_index": 0}',
    index: 0
  },
  placementConstraint: { type: 'None', gpus: [] }
}
[2026-05-18 20:05:10] INFO (LocalV3.local) Created trial x9D0T
[2026-05-18 20:05:12] INFO (LocalV3.local) Trial parameter: x9D0T {"parameter_id": 8, "parameter_source": "algorithm", "parameters": {"model_type": "Transformer", "units": 32, "num_layers": 1, "dropout": 0.5, "activation": "relu", "lr": 2.7061529762595337e-05, "window_size": 22, "batch_size": 64, "epochs": 5, "kernel_size": 2, "attention_heads": 2}, "parameter_index": 0}
[2026-05-18 20:05:19] INFO (NNIManager) Trial job x9D0T status changed from RUNNING to SUCCEEDED
[2026-05-18 20:05:19] INFO (NNIManager) NNIManager received command from dispatcher: TR, {"parameter_id": 9, "parameter_source": "algorithm", "parameters": {"model_type": "CNN", "units": 64, "num_layers": 4, "dropout": 0.3, "activation": "tanh", "lr": 0.004924125817484753, "window_size": 29, "batch_size": 16, "epochs": 15, "kernel_size": 2, "attention_heads": 2}, "parameter_index": 0}
[2026-05-18 20:05:19] INFO (NNIManager) submitTrialJob: form: {
  sequenceId: 9,
  hyperParameters: {
    value: '{"parameter_id": 9, "parameter_source": "algorithm", "parameters": {"model_type": "CNN", "units": 64, "num_layers": 4, "dropout": 0.3, "activation": "tanh", "lr": 0.004924125817484753, "window_size": 29, "batch_size": 16, "epochs": 15, "kernel_size": 2, "attention_heads": 2}, "parameter_index": 0}',
    index: 0
  },
  placementConstraint: { type: 'None', gpus: [] }
}
[2026-05-18 20:05:19] INFO (LocalV3.local) Created trial lUav8
[2026-05-18 20:05:20] INFO (NNIManager) Change NNIManager status from: RUNNING to: NO_MORE_TRIAL
[2026-05-18 20:05:21] INFO (LocalV3.local) Trial parameter: lUav8 {"parameter_id": 9, "parameter_source": "algorithm", "parameters": {"model_type": "CNN", "units": 64, "num_layers": 4, "dropout": 0.3, "activation": "tanh", "lr": 0.004924125817484753, "window_size": 29, "batch_size": 16, "epochs": 15, "kernel_size": 2, "attention_heads": 2}, "parameter_index": 0}
[2026-05-18 20:05:24] INFO (ShutdownManager) Initiate shutdown: SIGTERM
[2026-05-18 20:05:24] INFO (RestServer) Stopping REST server.
[2026-05-18 20:05:24] INFO (NNIManager) Change NNIManager status from: NO_MORE_TRIAL to: STOPPING
[2026-05-18 20:05:24] INFO (NNIManager) Stopping experiment, cleaning up ...
[2026-05-18 20:05:24] INFO (RestServer) REST server stopped.
[2026-05-18 20:05:25] INFO (LocalV3.local) All trials stopped
[2026-05-18 20:05:25] INFO (NNIManager) Change NNIManager status from: STOPPING to: STOPPED
[2026-05-18 20:05:25] INFO (NNIManager) Experiment stopped.
[2026-05-18 20:05:25] INFO (NNITensorboardManager) Forced stopping all tensorboard task.
[2026-05-18 20:05:25] INFO (NNITensorboardManager) All tensorboard task stopped.
[2026-05-18 20:05:25] INFO (NNITensorboardManager) Tensorboard manager stopped.
[2026-05-18 20:05:25] INFO (ShutdownManager) Shutdown complete.
