[2026-05-19 04:00:07] INFO (main) Start NNI manager
[2026-05-19 04:00:07] INFO (RestServer) Starting REST server at port 8208, URL prefix: "/"
[2026-05-19 04:00:07] INFO (RestServer) REST server started.
[2026-05-19 04:00:07] INFO (NNIDataStore) Datastore initialization done
[2026-05-19 04:00:08] INFO (NNIManager) Starting experiment: szqm8t0n
[2026-05-19 04:00:08] INFO (NNIManager) Setup training service...
[2026-05-19 04:00:08] INFO (NNIManager) Setup tuner...
[2026-05-19 04:00:08] INFO (NNIManager) Change NNIManager status from: INITIALIZED to: RUNNING
[2026-05-19 04:00:09] INFO (NNIManager) Add event listeners
[2026-05-19 04:00:09] INFO (LocalV3.local) Start
[2026-05-19 04:00:09] INFO (NNIManager) NNIManager received command from dispatcher: ID, 
[2026-05-19 04:00:09] INFO (NNIManager) NNIManager received command from dispatcher: TR, {"parameter_id": 0, "parameter_source": "algorithm", "parameters": {"model_type": "RNN", "units": 256, "num_layers": 1, "dropout": 0.2, "activation": "sigmoid", "lr": 1.2425307391211313e-05, "window_size": 8, "batch_size": 32, "epochs": 20, "kernel_size": 7, "attention_heads": 2}, "parameter_index": 0}
[2026-05-19 04:00:10] INFO (NNIManager) submitTrialJob: form: {
  sequenceId: 0,
  hyperParameters: {
    value: '{"parameter_id": 0, "parameter_source": "algorithm", "parameters": {"model_type": "RNN", "units": 256, "num_layers": 1, "dropout": 0.2, "activation": "sigmoid", "lr": 1.2425307391211313e-05, "window_size": 8, "batch_size": 32, "epochs": 20, "kernel_size": 7, "attention_heads": 2}, "parameter_index": 0}',
    index: 0
  },
  placementConstraint: { type: 'None', gpus: [] }
}
[2026-05-19 04:00:10] INFO (LocalV3.local) Register directory trial_code = /home/meliani/Desktop/phd/fast-track
[2026-05-19 04:00:10] INFO (LocalV3.local) Created trial Jg7mC
[2026-05-19 04:00:13] INFO (LocalV3.local) Trial parameter: Jg7mC {"parameter_id": 0, "parameter_source": "algorithm", "parameters": {"model_type": "RNN", "units": 256, "num_layers": 1, "dropout": 0.2, "activation": "sigmoid", "lr": 1.2425307391211313e-05, "window_size": 8, "batch_size": 32, "epochs": 20, "kernel_size": 7, "attention_heads": 2}, "parameter_index": 0}
[2026-05-19 04:00:36] INFO (NNIManager) Trial job Jg7mC status changed from RUNNING to SUCCEEDED
[2026-05-19 04:00:36] INFO (NNIManager) NNIManager received command from dispatcher: TR, {"parameter_id": 1, "parameter_source": "algorithm", "parameters": {"model_type": "LSTM", "units": 64, "num_layers": 3, "dropout": 0.3, "activation": "elu", "lr": 0.0007629829435458541, "window_size": 9, "batch_size": 16, "epochs": 5, "kernel_size": 2, "attention_heads": 4}, "parameter_index": 0}
[2026-05-19 04:00:36] INFO (NNIManager) submitTrialJob: form: {
  sequenceId: 1,
  hyperParameters: {
    value: '{"parameter_id": 1, "parameter_source": "algorithm", "parameters": {"model_type": "LSTM", "units": 64, "num_layers": 3, "dropout": 0.3, "activation": "elu", "lr": 0.0007629829435458541, "window_size": 9, "batch_size": 16, "epochs": 5, "kernel_size": 2, "attention_heads": 4}, "parameter_index": 0}',
    index: 0
  },
  placementConstraint: { type: 'None', gpus: [] }
}
[2026-05-19 04:00:36] INFO (LocalV3.local) Created trial mOuuR
[2026-05-19 04:00:39] INFO (LocalV3.local) Trial parameter: mOuuR {"parameter_id": 1, "parameter_source": "algorithm", "parameters": {"model_type": "LSTM", "units": 64, "num_layers": 3, "dropout": 0.3, "activation": "elu", "lr": 0.0007629829435458541, "window_size": 9, "batch_size": 16, "epochs": 5, "kernel_size": 2, "attention_heads": 4}, "parameter_index": 0}
[2026-05-19 04:01:07] INFO (NNIManager) Trial job mOuuR status changed from RUNNING to SUCCEEDED
[2026-05-19 04:01:07] INFO (NNIManager) NNIManager received command from dispatcher: TR, {"parameter_id": 2, "parameter_source": "algorithm", "parameters": {"model_type": "MLP", "units": 64, "num_layers": 2, "dropout": 0.1, "activation": "tanh", "lr": 0.002079566567684215, "window_size": 13, "batch_size": 128, "epochs": 20, "kernel_size": 2, "attention_heads": 8}, "parameter_index": 0}
[2026-05-19 04:01:08] INFO (NNIManager) submitTrialJob: form: {
  sequenceId: 2,
  hyperParameters: {
    value: '{"parameter_id": 2, "parameter_source": "algorithm", "parameters": {"model_type": "MLP", "units": 64, "num_layers": 2, "dropout": 0.1, "activation": "tanh", "lr": 0.002079566567684215, "window_size": 13, "batch_size": 128, "epochs": 20, "kernel_size": 2, "attention_heads": 8}, "parameter_index": 0}',
    index: 0
  },
  placementConstraint: { type: 'None', gpus: [] }
}
[2026-05-19 04:01:08] INFO (LocalV3.local) Created trial Q5ARe
[2026-05-19 04:01:11] INFO (LocalV3.local) Trial parameter: Q5ARe {"parameter_id": 2, "parameter_source": "algorithm", "parameters": {"model_type": "MLP", "units": 64, "num_layers": 2, "dropout": 0.1, "activation": "tanh", "lr": 0.002079566567684215, "window_size": 13, "batch_size": 128, "epochs": 20, "kernel_size": 2, "attention_heads": 8}, "parameter_index": 0}
[2026-05-19 04:01:18] INFO (NNIManager) Trial job Q5ARe status changed from RUNNING to SUCCEEDED
[2026-05-19 04:01:18] INFO (NNIManager) NNIManager received command from dispatcher: TR, {"parameter_id": 3, "parameter_source": "algorithm", "parameters": {"model_type": "GRU", "units": 16, "num_layers": 1, "dropout": 0, "activation": "tanh", "lr": 9.032809700235974e-05, "window_size": 24, "batch_size": 16, "epochs": 15, "kernel_size": 7, "attention_heads": 4}, "parameter_index": 0}
[2026-05-19 04:01:19] INFO (NNIManager) submitTrialJob: form: {
  sequenceId: 3,
  hyperParameters: {
    value: '{"parameter_id": 3, "parameter_source": "algorithm", "parameters": {"model_type": "GRU", "units": 16, "num_layers": 1, "dropout": 0, "activation": "tanh", "lr": 9.032809700235974e-05, "window_size": 24, "batch_size": 16, "epochs": 15, "kernel_size": 7, "attention_heads": 4}, "parameter_index": 0}',
    index: 0
  },
  placementConstraint: { type: 'None', gpus: [] }
}
[2026-05-19 04:01:19] INFO (LocalV3.local) Created trial o2bSq
[2026-05-19 04:01:22] INFO (LocalV3.local) Trial parameter: o2bSq {"parameter_id": 3, "parameter_source": "algorithm", "parameters": {"model_type": "GRU", "units": 16, "num_layers": 1, "dropout": 0, "activation": "tanh", "lr": 9.032809700235974e-05, "window_size": 24, "batch_size": 16, "epochs": 15, "kernel_size": 7, "attention_heads": 4}, "parameter_index": 0}
[2026-05-19 04:01:56] INFO (NNIManager) Trial job o2bSq status changed from RUNNING to SUCCEEDED
[2026-05-19 04:01:57] INFO (NNIManager) NNIManager received command from dispatcher: TR, {"parameter_id": 4, "parameter_source": "algorithm", "parameters": {"model_type": "CNN", "units": 16, "num_layers": 2, "dropout": 0.3, "activation": "tanh", "lr": 0.009009917359625705, "window_size": 16, "batch_size": 16, "epochs": 20, "kernel_size": 3, "attention_heads": 4}, "parameter_index": 0}
[2026-05-19 04:01:57] INFO (NNIManager) submitTrialJob: form: {
  sequenceId: 4,
  hyperParameters: {
    value: '{"parameter_id": 4, "parameter_source": "algorithm", "parameters": {"model_type": "CNN", "units": 16, "num_layers": 2, "dropout": 0.3, "activation": "tanh", "lr": 0.009009917359625705, "window_size": 16, "batch_size": 16, "epochs": 20, "kernel_size": 3, "attention_heads": 4}, "parameter_index": 0}',
    index: 0
  },
  placementConstraint: { type: 'None', gpus: [] }
}
[2026-05-19 04:01:57] INFO (LocalV3.local) Created trial jooyo
[2026-05-19 04:02:00] INFO (LocalV3.local) Trial parameter: jooyo {"parameter_id": 4, "parameter_source": "algorithm", "parameters": {"model_type": "CNN", "units": 16, "num_layers": 2, "dropout": 0.3, "activation": "tanh", "lr": 0.009009917359625705, "window_size": 16, "batch_size": 16, "epochs": 20, "kernel_size": 3, "attention_heads": 4}, "parameter_index": 0}
[2026-05-19 04:02:24] INFO (NNIManager) Trial job jooyo status changed from RUNNING to SUCCEEDED
[2026-05-19 04:02:24] INFO (NNIManager) NNIManager received command from dispatcher: TR, {"parameter_id": 5, "parameter_source": "algorithm", "parameters": {"model_type": "GRU", "units": 64, "num_layers": 1, "dropout": 0, "activation": "elu", "lr": 0.0011963505258064631, "window_size": 22, "batch_size": 64, "epochs": 15, "kernel_size": 5, "attention_heads": 4}, "parameter_index": 0}
[2026-05-19 04:02:24] INFO (NNIManager) submitTrialJob: form: {
  sequenceId: 5,
  hyperParameters: {
    value: '{"parameter_id": 5, "parameter_source": "algorithm", "parameters": {"model_type": "GRU", "units": 64, "num_layers": 1, "dropout": 0, "activation": "elu", "lr": 0.0011963505258064631, "window_size": 22, "batch_size": 64, "epochs": 15, "kernel_size": 5, "attention_heads": 4}, "parameter_index": 0}',
    index: 0
  },
  placementConstraint: { type: 'None', gpus: [] }
}
[2026-05-19 04:02:24] INFO (LocalV3.local) Created trial nROrD
[2026-05-19 04:02:27] INFO (LocalV3.local) Trial parameter: nROrD {"parameter_id": 5, "parameter_source": "algorithm", "parameters": {"model_type": "GRU", "units": 64, "num_layers": 1, "dropout": 0, "activation": "elu", "lr": 0.0011963505258064631, "window_size": 22, "batch_size": 64, "epochs": 15, "kernel_size": 5, "attention_heads": 4}, "parameter_index": 0}
[2026-05-19 04:02:45] INFO (NNIManager) Trial job nROrD status changed from RUNNING to SUCCEEDED
[2026-05-19 04:02:45] INFO (NNIManager) NNIManager received command from dispatcher: TR, {"parameter_id": 6, "parameter_source": "algorithm", "parameters": {"model_type": "RNN", "units": 256, "num_layers": 1, "dropout": 0.1, "activation": "elu", "lr": 0.0025761587298394287, "window_size": 4, "batch_size": 32, "epochs": 10, "kernel_size": 5, "attention_heads": 8}, "parameter_index": 0}
[2026-05-19 04:02:45] INFO (NNIManager) submitTrialJob: form: {
  sequenceId: 6,
  hyperParameters: {
    value: '{"parameter_id": 6, "parameter_source": "algorithm", "parameters": {"model_type": "RNN", "units": 256, "num_layers": 1, "dropout": 0.1, "activation": "elu", "lr": 0.0025761587298394287, "window_size": 4, "batch_size": 32, "epochs": 10, "kernel_size": 5, "attention_heads": 8}, "parameter_index": 0}',
    index: 0
  },
  placementConstraint: { type: 'None', gpus: [] }
}
[2026-05-19 04:02:45] INFO (LocalV3.local) Created trial tGVhn
[2026-05-19 04:02:47] INFO (LocalV3.local) Trial parameter: tGVhn {"parameter_id": 6, "parameter_source": "algorithm", "parameters": {"model_type": "RNN", "units": 256, "num_layers": 1, "dropout": 0.1, "activation": "elu", "lr": 0.0025761587298394287, "window_size": 4, "batch_size": 32, "epochs": 10, "kernel_size": 5, "attention_heads": 8}, "parameter_index": 0}
[2026-05-19 04:02:54] INFO (NNIManager) Trial job tGVhn status changed from RUNNING to SUCCEEDED
[2026-05-19 04:02:54] INFO (NNIManager) NNIManager received command from dispatcher: TR, {"parameter_id": 7, "parameter_source": "algorithm", "parameters": {"model_type": "Transformer", "units": 128, "num_layers": 3, "dropout": 0.5, "activation": "relu", "lr": 0.009229690422735037, "window_size": 6, "batch_size": 16, "epochs": 20, "kernel_size": 7, "attention_heads": 2}, "parameter_index": 0}
[2026-05-19 04:02:54] INFO (NNIManager) submitTrialJob: form: {
  sequenceId: 7,
  hyperParameters: {
    value: '{"parameter_id": 7, "parameter_source": "algorithm", "parameters": {"model_type": "Transformer", "units": 128, "num_layers": 3, "dropout": 0.5, "activation": "relu", "lr": 0.009229690422735037, "window_size": 6, "batch_size": 16, "epochs": 20, "kernel_size": 7, "attention_heads": 2}, "parameter_index": 0}',
    index: 0
  },
  placementConstraint: { type: 'None', gpus: [] }
}
[2026-05-19 04:02:54] INFO (LocalV3.local) Created trial mjuA0
[2026-05-19 04:02:56] INFO (LocalV3.local) Trial parameter: mjuA0 {"parameter_id": 7, "parameter_source": "algorithm", "parameters": {"model_type": "Transformer", "units": 128, "num_layers": 3, "dropout": 0.5, "activation": "relu", "lr": 0.009229690422735037, "window_size": 6, "batch_size": 16, "epochs": 20, "kernel_size": 7, "attention_heads": 2}, "parameter_index": 0}
[2026-05-19 04:04:10] INFO (NNIManager) Trial job mjuA0 status changed from RUNNING to SUCCEEDED
[2026-05-19 04:04:10] INFO (NNIManager) NNIManager received command from dispatcher: TR, {"parameter_id": 8, "parameter_source": "algorithm", "parameters": {"model_type": "GRU", "units": 128, "num_layers": 4, "dropout": 0, "activation": "elu", "lr": 0.002298152084747433, "window_size": 29, "batch_size": 16, "epochs": 5, "kernel_size": 7, "attention_heads": 2}, "parameter_index": 0}
[2026-05-19 04:04:10] INFO (NNIManager) submitTrialJob: form: {
  sequenceId: 8,
  hyperParameters: {
    value: '{"parameter_id": 8, "parameter_source": "algorithm", "parameters": {"model_type": "GRU", "units": 128, "num_layers": 4, "dropout": 0, "activation": "elu", "lr": 0.002298152084747433, "window_size": 29, "batch_size": 16, "epochs": 5, "kernel_size": 7, "attention_heads": 2}, "parameter_index": 0}',
    index: 0
  },
  placementConstraint: { type: 'None', gpus: [] }
}
[2026-05-19 04:04:10] INFO (LocalV3.local) Created trial xRSPC
[2026-05-19 04:04:12] INFO (LocalV3.local) Trial parameter: xRSPC {"parameter_id": 8, "parameter_source": "algorithm", "parameters": {"model_type": "GRU", "units": 128, "num_layers": 4, "dropout": 0, "activation": "elu", "lr": 0.002298152084747433, "window_size": 29, "batch_size": 16, "epochs": 5, "kernel_size": 7, "attention_heads": 2}, "parameter_index": 0}
[2026-05-19 04:05:21] INFO (NNIManager) Trial job xRSPC status changed from RUNNING to SUCCEEDED
[2026-05-19 04:05:21] INFO (NNIManager) NNIManager received command from dispatcher: TR, {"parameter_id": 9, "parameter_source": "algorithm", "parameters": {"model_type": "RNN", "units": 64, "num_layers": 2, "dropout": 0.2, "activation": "relu", "lr": 1.621763779359463e-05, "window_size": 5, "batch_size": 128, "epochs": 10, "kernel_size": 2, "attention_heads": 2}, "parameter_index": 0}
[2026-05-19 04:05:22] INFO (NNIManager) submitTrialJob: form: {
  sequenceId: 9,
  hyperParameters: {
    value: '{"parameter_id": 9, "parameter_source": "algorithm", "parameters": {"model_type": "RNN", "units": 64, "num_layers": 2, "dropout": 0.2, "activation": "relu", "lr": 1.621763779359463e-05, "window_size": 5, "batch_size": 128, "epochs": 10, "kernel_size": 2, "attention_heads": 2}, "parameter_index": 0}',
    index: 0
  },
  placementConstraint: { type: 'None', gpus: [] }
}
[2026-05-19 04:05:22] INFO (LocalV3.local) Created trial MfVNd
[2026-05-19 04:05:24] INFO (LocalV3.local) Trial parameter: MfVNd {"parameter_id": 9, "parameter_source": "algorithm", "parameters": {"model_type": "RNN", "units": 64, "num_layers": 2, "dropout": 0.2, "activation": "relu", "lr": 1.621763779359463e-05, "window_size": 5, "batch_size": 128, "epochs": 10, "kernel_size": 2, "attention_heads": 2}, "parameter_index": 0}
[2026-05-19 04:05:30] INFO (NNIManager) Trial job MfVNd status changed from RUNNING to SUCCEEDED
[2026-05-19 04:05:30] INFO (NNIManager) NNIManager received command from dispatcher: TR, {"parameter_id": 10, "parameter_source": "algorithm", "parameters": {"model_type": "TCN", "units": 128, "num_layers": 2, "dropout": 0.1, "activation": "tanh", "lr": 0.0037313569986334554, "window_size": 27, "batch_size": 32, "epochs": 5, "kernel_size": 7, "attention_heads": 2}, "parameter_index": 0}
[2026-05-19 04:05:30] INFO (NNIManager) submitTrialJob: form: {
  sequenceId: 10,
  hyperParameters: {
    value: '{"parameter_id": 10, "parameter_source": "algorithm", "parameters": {"model_type": "TCN", "units": 128, "num_layers": 2, "dropout": 0.1, "activation": "tanh", "lr": 0.0037313569986334554, "window_size": 27, "batch_size": 32, "epochs": 5, "kernel_size": 7, "attention_heads": 2}, "parameter_index": 0}',
    index: 0
  },
  placementConstraint: { type: 'None', gpus: [] }
}
[2026-05-19 04:05:30] INFO (LocalV3.local) Created trial uNTeU
[2026-05-19 04:05:33] INFO (LocalV3.local) Trial parameter: uNTeU {"parameter_id": 10, "parameter_source": "algorithm", "parameters": {"model_type": "TCN", "units": 128, "num_layers": 2, "dropout": 0.1, "activation": "tanh", "lr": 0.0037313569986334554, "window_size": 27, "batch_size": 32, "epochs": 5, "kernel_size": 7, "attention_heads": 2}, "parameter_index": 0}
[2026-05-19 04:05:42] INFO (NNIManager) Trial job uNTeU status changed from RUNNING to SUCCEEDED
[2026-05-19 04:05:42] INFO (NNIManager) NNIManager received command from dispatcher: TR, {"parameter_id": 11, "parameter_source": "algorithm", "parameters": {"model_type": "CNN", "units": 64, "num_layers": 4, "dropout": 0.2, "activation": "relu", "lr": 0.0035496182054757406, "window_size": 2, "batch_size": 16, "epochs": 20, "kernel_size": 5, "attention_heads": 8}, "parameter_index": 0}
[2026-05-19 04:05:42] INFO (NNIManager) submitTrialJob: form: {
  sequenceId: 11,
  hyperParameters: {
    value: '{"parameter_id": 11, "parameter_source": "algorithm", "parameters": {"model_type": "CNN", "units": 64, "num_layers": 4, "dropout": 0.2, "activation": "relu", "lr": 0.0035496182054757406, "window_size": 2, "batch_size": 16, "epochs": 20, "kernel_size": 5, "attention_heads": 8}, "parameter_index": 0}',
    index: 0
  },
  placementConstraint: { type: 'None', gpus: [] }
}
[2026-05-19 04:05:42] INFO (LocalV3.local) Created trial CtiPe
[2026-05-19 04:05:45] INFO (LocalV3.local) Trial parameter: CtiPe {"parameter_id": 11, "parameter_source": "algorithm", "parameters": {"model_type": "CNN", "units": 64, "num_layers": 4, "dropout": 0.2, "activation": "relu", "lr": 0.0035496182054757406, "window_size": 2, "batch_size": 16, "epochs": 20, "kernel_size": 5, "attention_heads": 8}, "parameter_index": 0}
[2026-05-19 04:06:04] INFO (NNIManager) Trial job CtiPe status changed from RUNNING to SUCCEEDED
[2026-05-19 04:06:04] INFO (NNIManager) NNIManager received command from dispatcher: TR, {"parameter_id": 12, "parameter_source": "algorithm", "parameters": {"model_type": "TCN", "units": 128, "num_layers": 3, "dropout": 0.5, "activation": "relu", "lr": 0.00015438404485318836, "window_size": 16, "batch_size": 128, "epochs": 20, "kernel_size": 2, "attention_heads": 2}, "parameter_index": 0}
[2026-05-19 04:06:04] INFO (NNIManager) submitTrialJob: form: {
  sequenceId: 12,
  hyperParameters: {
    value: '{"parameter_id": 12, "parameter_source": "algorithm", "parameters": {"model_type": "TCN", "units": 128, "num_layers": 3, "dropout": 0.5, "activation": "relu", "lr": 0.00015438404485318836, "window_size": 16, "batch_size": 128, "epochs": 20, "kernel_size": 2, "attention_heads": 2}, "parameter_index": 0}',
    index: 0
  },
  placementConstraint: { type: 'None', gpus: [] }
}
[2026-05-19 04:06:04] INFO (LocalV3.local) Created trial JQBLD
[2026-05-19 04:06:07] INFO (LocalV3.local) Trial parameter: JQBLD {"parameter_id": 12, "parameter_source": "algorithm", "parameters": {"model_type": "TCN", "units": 128, "num_layers": 3, "dropout": 0.5, "activation": "relu", "lr": 0.00015438404485318836, "window_size": 16, "batch_size": 128, "epochs": 20, "kernel_size": 2, "attention_heads": 2}, "parameter_index": 0}
[2026-05-19 04:06:20] INFO (NNIManager) Trial job JQBLD status changed from RUNNING to SUCCEEDED
[2026-05-19 04:06:20] INFO (NNIManager) NNIManager received command from dispatcher: TR, {"parameter_id": 13, "parameter_source": "algorithm", "parameters": {"model_type": "MLP", "units": 256, "num_layers": 2, "dropout": 0.1, "activation": "relu", "lr": 0.00017931509846600644, "window_size": 5, "batch_size": 32, "epochs": 15, "kernel_size": 7, "attention_heads": 4}, "parameter_index": 0}
[2026-05-19 04:06:21] INFO (NNIManager) submitTrialJob: form: {
  sequenceId: 13,
  hyperParameters: {
    value: '{"parameter_id": 13, "parameter_source": "algorithm", "parameters": {"model_type": "MLP", "units": 256, "num_layers": 2, "dropout": 0.1, "activation": "relu", "lr": 0.00017931509846600644, "window_size": 5, "batch_size": 32, "epochs": 15, "kernel_size": 7, "attention_heads": 4}, "parameter_index": 0}',
    index: 0
  },
  placementConstraint: { type: 'None', gpus: [] }
}
[2026-05-19 04:06:21] INFO (LocalV3.local) Created trial HGNzU
[2026-05-19 04:06:23] INFO (LocalV3.local) Trial parameter: HGNzU {"parameter_id": 13, "parameter_source": "algorithm", "parameters": {"model_type": "MLP", "units": 256, "num_layers": 2, "dropout": 0.1, "activation": "relu", "lr": 0.00017931509846600644, "window_size": 5, "batch_size": 32, "epochs": 15, "kernel_size": 7, "attention_heads": 4}, "parameter_index": 0}
[2026-05-19 04:06:32] INFO (NNIManager) Trial job HGNzU status changed from RUNNING to SUCCEEDED
[2026-05-19 04:06:32] INFO (NNIManager) NNIManager received command from dispatcher: TR, {"parameter_id": 14, "parameter_source": "algorithm", "parameters": {"model_type": "MLP", "units": 64, "num_layers": 4, "dropout": 0, "activation": "tanh", "lr": 1.0126744579894822e-05, "window_size": 3, "batch_size": 32, "epochs": 10, "kernel_size": 2, "attention_heads": 2}, "parameter_index": 0}
[2026-05-19 04:06:32] INFO (NNIManager) submitTrialJob: form: {
  sequenceId: 14,
  hyperParameters: {
    value: '{"parameter_id": 14, "parameter_source": "algorithm", "parameters": {"model_type": "MLP", "units": 64, "num_layers": 4, "dropout": 0, "activation": "tanh", "lr": 1.0126744579894822e-05, "window_size": 3, "batch_size": 32, "epochs": 10, "kernel_size": 2, "attention_heads": 2}, "parameter_index": 0}',
    index: 0
  },
  placementConstraint: { type: 'None', gpus: [] }
}
[2026-05-19 04:06:32] INFO (LocalV3.local) Created trial eOPgq
[2026-05-19 04:06:34] INFO (LocalV3.local) Trial parameter: eOPgq {"parameter_id": 14, "parameter_source": "algorithm", "parameters": {"model_type": "MLP", "units": 64, "num_layers": 4, "dropout": 0, "activation": "tanh", "lr": 1.0126744579894822e-05, "window_size": 3, "batch_size": 32, "epochs": 10, "kernel_size": 2, "attention_heads": 2}, "parameter_index": 0}
[2026-05-19 04:06:40] INFO (NNIManager) Trial job eOPgq status changed from RUNNING to SUCCEEDED
[2026-05-19 04:06:40] INFO (NNIManager) NNIManager received command from dispatcher: TR, {"parameter_id": 15, "parameter_source": "algorithm", "parameters": {"model_type": "RNN", "units": 64, "num_layers": 1, "dropout": 0.5, "activation": "elu", "lr": 4.3778613745313035e-05, "window_size": 16, "batch_size": 32, "epochs": 10, "kernel_size": 5, "attention_heads": 8}, "parameter_index": 0}
[2026-05-19 04:06:41] INFO (NNIManager) submitTrialJob: form: {
  sequenceId: 15,
  hyperParameters: {
    value: '{"parameter_id": 15, "parameter_source": "algorithm", "parameters": {"model_type": "RNN", "units": 64, "num_layers": 1, "dropout": 0.5, "activation": "elu", "lr": 4.3778613745313035e-05, "window_size": 16, "batch_size": 32, "epochs": 10, "kernel_size": 5, "attention_heads": 8}, "parameter_index": 0}',
    index: 0
  },
  placementConstraint: { type: 'None', gpus: [] }
}
[2026-05-19 04:06:41] INFO (LocalV3.local) Created trial LtpkD
[2026-05-19 04:06:43] INFO (LocalV3.local) Trial parameter: LtpkD {"parameter_id": 15, "parameter_source": "algorithm", "parameters": {"model_type": "RNN", "units": 64, "num_layers": 1, "dropout": 0.5, "activation": "elu", "lr": 4.3778613745313035e-05, "window_size": 16, "batch_size": 32, "epochs": 10, "kernel_size": 5, "attention_heads": 8}, "parameter_index": 0}
[2026-05-19 04:06:51] INFO (NNIManager) Trial job LtpkD status changed from RUNNING to SUCCEEDED
[2026-05-19 04:06:51] INFO (NNIManager) NNIManager received command from dispatcher: TR, {"parameter_id": 16, "parameter_source": "algorithm", "parameters": {"model_type": "Transformer", "units": 32, "num_layers": 3, "dropout": 0.2, "activation": "relu", "lr": 0.006505180255439515, "window_size": 22, "batch_size": 32, "epochs": 15, "kernel_size": 3, "attention_heads": 2}, "parameter_index": 0}
[2026-05-19 04:06:52] INFO (NNIManager) submitTrialJob: form: {
  sequenceId: 16,
  hyperParameters: {
    value: '{"parameter_id": 16, "parameter_source": "algorithm", "parameters": {"model_type": "Transformer", "units": 32, "num_layers": 3, "dropout": 0.2, "activation": "relu", "lr": 0.006505180255439515, "window_size": 22, "batch_size": 32, "epochs": 15, "kernel_size": 3, "attention_heads": 2}, "parameter_index": 0}',
    index: 0
  },
  placementConstraint: { type: 'None', gpus: [] }
}
[2026-05-19 04:06:52] INFO (LocalV3.local) Created trial tgM67
[2026-05-19 04:06:54] INFO (LocalV3.local) Trial parameter: tgM67 {"parameter_id": 16, "parameter_source": "algorithm", "parameters": {"model_type": "Transformer", "units": 32, "num_layers": 3, "dropout": 0.2, "activation": "relu", "lr": 0.006505180255439515, "window_size": 22, "batch_size": 32, "epochs": 15, "kernel_size": 3, "attention_heads": 2}, "parameter_index": 0}
[2026-05-19 04:07:31] INFO (NNIManager) Trial job tgM67 status changed from RUNNING to SUCCEEDED
[2026-05-19 04:07:31] INFO (NNIManager) NNIManager received command from dispatcher: TR, {"parameter_id": 17, "parameter_source": "algorithm", "parameters": {"model_type": "LSTM", "units": 256, "num_layers": 3, "dropout": 0.2, "activation": "sigmoid", "lr": 0.00029117923585147927, "window_size": 22, "batch_size": 64, "epochs": 10, "kernel_size": 5, "attention_heads": 2}, "parameter_index": 0}
[2026-05-19 04:07:31] INFO (NNIManager) submitTrialJob: form: {
  sequenceId: 17,
  hyperParameters: {
    value: '{"parameter_id": 17, "parameter_source": "algorithm", "parameters": {"model_type": "LSTM", "units": 256, "num_layers": 3, "dropout": 0.2, "activation": "sigmoid", "lr": 0.00029117923585147927, "window_size": 22, "batch_size": 64, "epochs": 10, "kernel_size": 5, "attention_heads": 2}, "parameter_index": 0}',
    index: 0
  },
  placementConstraint: { type: 'None', gpus: [] }
}
[2026-05-19 04:07:31] INFO (LocalV3.local) Created trial HST1D
[2026-05-19 04:07:33] INFO (LocalV3.local) Trial parameter: HST1D {"parameter_id": 17, "parameter_source": "algorithm", "parameters": {"model_type": "LSTM", "units": 256, "num_layers": 3, "dropout": 0.2, "activation": "sigmoid", "lr": 0.00029117923585147927, "window_size": 22, "batch_size": 64, "epochs": 10, "kernel_size": 5, "attention_heads": 2}, "parameter_index": 0}
[2026-05-19 04:09:06] INFO (NNIManager) Trial job HST1D status changed from RUNNING to SUCCEEDED
[2026-05-19 04:09:06] INFO (NNIManager) NNIManager received command from dispatcher: TR, {"parameter_id": 18, "parameter_source": "algorithm", "parameters": {"model_type": "LSTM", "units": 32, "num_layers": 2, "dropout": 0, "activation": "elu", "lr": 0.0016173490113525256, "window_size": 19, "batch_size": 32, "epochs": 15, "kernel_size": 7, "attention_heads": 2}, "parameter_index": 0}
[2026-05-19 04:09:06] INFO (NNIManager) submitTrialJob: form: {
  sequenceId: 18,
  hyperParameters: {
    value: '{"parameter_id": 18, "parameter_source": "algorithm", "parameters": {"model_type": "LSTM", "units": 32, "num_layers": 2, "dropout": 0, "activation": "elu", "lr": 0.0016173490113525256, "window_size": 19, "batch_size": 32, "epochs": 15, "kernel_size": 7, "attention_heads": 2}, "parameter_index": 0}',
    index: 0
  },
  placementConstraint: { type: 'None', gpus: [] }
}
[2026-05-19 04:09:06] INFO (LocalV3.local) Created trial a9j7f
[2026-05-19 04:09:09] INFO (LocalV3.local) Trial parameter: a9j7f {"parameter_id": 18, "parameter_source": "algorithm", "parameters": {"model_type": "LSTM", "units": 32, "num_layers": 2, "dropout": 0, "activation": "elu", "lr": 0.0016173490113525256, "window_size": 19, "batch_size": 32, "epochs": 15, "kernel_size": 7, "attention_heads": 2}, "parameter_index": 0}
[2026-05-19 04:09:39] INFO (NNIManager) Trial job a9j7f status changed from RUNNING to SUCCEEDED
[2026-05-19 04:09:39] INFO (NNIManager) NNIManager received command from dispatcher: TR, {"parameter_id": 19, "parameter_source": "algorithm", "parameters": {"model_type": "TCN", "units": 64, "num_layers": 3, "dropout": 0.1, "activation": "elu", "lr": 0.001625280797550395, "window_size": 5, "batch_size": 128, "epochs": 5, "kernel_size": 7, "attention_heads": 4}, "parameter_index": 0}
[2026-05-19 04:09:39] INFO (NNIManager) submitTrialJob: form: {
  sequenceId: 19,
  hyperParameters: {
    value: '{"parameter_id": 19, "parameter_source": "algorithm", "parameters": {"model_type": "TCN", "units": 64, "num_layers": 3, "dropout": 0.1, "activation": "elu", "lr": 0.001625280797550395, "window_size": 5, "batch_size": 128, "epochs": 5, "kernel_size": 7, "attention_heads": 4}, "parameter_index": 0}',
    index: 0
  },
  placementConstraint: { type: 'None', gpus: [] }
}
[2026-05-19 04:09:39] INFO (LocalV3.local) Created trial GNHQB
[2026-05-19 04:09:42] INFO (LocalV3.local) Trial parameter: GNHQB {"parameter_id": 19, "parameter_source": "algorithm", "parameters": {"model_type": "TCN", "units": 64, "num_layers": 3, "dropout": 0.1, "activation": "elu", "lr": 0.001625280797550395, "window_size": 5, "batch_size": 128, "epochs": 5, "kernel_size": 7, "attention_heads": 4}, "parameter_index": 0}
[2026-05-19 04:09:46] INFO (NNIManager) Trial job GNHQB status changed from RUNNING to SUCCEEDED
[2026-05-19 04:09:46] INFO (NNIManager) NNIManager received command from dispatcher: TR, {"parameter_id": 20, "parameter_source": "algorithm", "parameters": {"model_type": "GRU", "units": 16, "num_layers": 3, "dropout": 0.5, "activation": "sigmoid", "lr": 0.003393839230285219, "window_size": 10, "batch_size": 64, "epochs": 5, "kernel_size": 5, "attention_heads": 2}, "parameter_index": 0}
[2026-05-19 04:09:47] INFO (NNIManager) submitTrialJob: form: {
  sequenceId: 20,
  hyperParameters: {
    value: '{"parameter_id": 20, "parameter_source": "algorithm", "parameters": {"model_type": "GRU", "units": 16, "num_layers": 3, "dropout": 0.5, "activation": "sigmoid", "lr": 0.003393839230285219, "window_size": 10, "batch_size": 64, "epochs": 5, "kernel_size": 5, "attention_heads": 2}, "parameter_index": 0}',
    index: 0
  },
  placementConstraint: { type: 'None', gpus: [] }
}
[2026-05-19 04:09:47] INFO (LocalV3.local) Created trial NAkNS
[2026-05-19 04:09:49] INFO (LocalV3.local) Trial parameter: NAkNS {"parameter_id": 20, "parameter_source": "algorithm", "parameters": {"model_type": "GRU", "units": 16, "num_layers": 3, "dropout": 0.5, "activation": "sigmoid", "lr": 0.003393839230285219, "window_size": 10, "batch_size": 64, "epochs": 5, "kernel_size": 5, "attention_heads": 2}, "parameter_index": 0}
[2026-05-19 04:10:01] INFO (NNIManager) Trial job NAkNS status changed from RUNNING to SUCCEEDED
[2026-05-19 04:10:01] INFO (NNIManager) NNIManager received command from dispatcher: TR, {"parameter_id": 21, "parameter_source": "algorithm", "parameters": {"model_type": "LSTM", "units": 16, "num_layers": 3, "dropout": 0.3, "activation": "tanh", "lr": 1.9734100493018205e-05, "window_size": 22, "batch_size": 32, "epochs": 10, "kernel_size": 2, "attention_heads": 2}, "parameter_index": 0}
[2026-05-19 04:10:01] INFO (NNIManager) submitTrialJob: form: {
  sequenceId: 21,
  hyperParameters: {
    value: '{"parameter_id": 21, "parameter_source": "algorithm", "parameters": {"model_type": "LSTM", "units": 16, "num_layers": 3, "dropout": 0.3, "activation": "tanh", "lr": 1.9734100493018205e-05, "window_size": 22, "batch_size": 32, "epochs": 10, "kernel_size": 2, "attention_heads": 2}, "parameter_index": 0}',
    index: 0
  },
  placementConstraint: { type: 'None', gpus: [] }
}
[2026-05-19 04:10:01] INFO (LocalV3.local) Created trial BNdW6
[2026-05-19 04:10:04] INFO (LocalV3.local) Trial parameter: BNdW6 {"parameter_id": 21, "parameter_source": "algorithm", "parameters": {"model_type": "LSTM", "units": 16, "num_layers": 3, "dropout": 0.3, "activation": "tanh", "lr": 1.9734100493018205e-05, "window_size": 22, "batch_size": 32, "epochs": 10, "kernel_size": 2, "attention_heads": 2}, "parameter_index": 0}
[2026-05-19 04:10:36] INFO (NNIManager) Trial job BNdW6 status changed from RUNNING to SUCCEEDED
[2026-05-19 04:10:36] INFO (NNIManager) NNIManager received command from dispatcher: TR, {"parameter_id": 22, "parameter_source": "algorithm", "parameters": {"model_type": "CNN", "units": 32, "num_layers": 2, "dropout": 0.3, "activation": "relu", "lr": 0.0009443604850419996, "window_size": 8, "batch_size": 64, "epochs": 10, "kernel_size": 7, "attention_heads": 2}, "parameter_index": 0}
[2026-05-19 04:10:36] INFO (NNIManager) submitTrialJob: form: {
  sequenceId: 22,
  hyperParameters: {
    value: '{"parameter_id": 22, "parameter_source": "algorithm", "parameters": {"model_type": "CNN", "units": 32, "num_layers": 2, "dropout": 0.3, "activation": "relu", "lr": 0.0009443604850419996, "window_size": 8, "batch_size": 64, "epochs": 10, "kernel_size": 7, "attention_heads": 2}, "parameter_index": 0}',
    index: 0
  },
  placementConstraint: { type: 'None', gpus: [] }
}
[2026-05-19 04:10:36] INFO (LocalV3.local) Created trial FL9Lr
[2026-05-19 04:10:39] INFO (LocalV3.local) Trial parameter: FL9Lr {"parameter_id": 22, "parameter_source": "algorithm", "parameters": {"model_type": "CNN", "units": 32, "num_layers": 2, "dropout": 0.3, "activation": "relu", "lr": 0.0009443604850419996, "window_size": 8, "batch_size": 64, "epochs": 10, "kernel_size": 7, "attention_heads": 2}, "parameter_index": 0}
[2026-05-19 04:10:44] INFO (NNIManager) Trial job FL9Lr status changed from RUNNING to SUCCEEDED
[2026-05-19 04:10:44] INFO (NNIManager) NNIManager received command from dispatcher: TR, {"parameter_id": 23, "parameter_source": "algorithm", "parameters": {"model_type": "CNN", "units": 256, "num_layers": 2, "dropout": 0.1, "activation": "tanh", "lr": 0.00012387709154923441, "window_size": 18, "batch_size": 32, "epochs": 15, "kernel_size": 7, "attention_heads": 2}, "parameter_index": 0}
[2026-05-19 04:10:45] INFO (NNIManager) submitTrialJob: form: {
  sequenceId: 23,
  hyperParameters: {
    value: '{"parameter_id": 23, "parameter_source": "algorithm", "parameters": {"model_type": "CNN", "units": 256, "num_layers": 2, "dropout": 0.1, "activation": "tanh", "lr": 0.00012387709154923441, "window_size": 18, "batch_size": 32, "epochs": 15, "kernel_size": 7, "attention_heads": 2}, "parameter_index": 0}',
    index: 0
  },
  placementConstraint: { type: 'None', gpus: [] }
}
[2026-05-19 04:10:45] INFO (LocalV3.local) Created trial qKwTA
[2026-05-19 04:10:47] INFO (LocalV3.local) Trial parameter: qKwTA {"parameter_id": 23, "parameter_source": "algorithm", "parameters": {"model_type": "CNN", "units": 256, "num_layers": 2, "dropout": 0.1, "activation": "tanh", "lr": 0.00012387709154923441, "window_size": 18, "batch_size": 32, "epochs": 15, "kernel_size": 7, "attention_heads": 2}, "parameter_index": 0}
[2026-05-19 04:11:12] INFO (NNIManager) Trial job qKwTA status changed from RUNNING to SUCCEEDED
[2026-05-19 04:11:12] INFO (NNIManager) NNIManager received command from dispatcher: TR, {"parameter_id": 24, "parameter_source": "algorithm", "parameters": {"model_type": "MLP", "units": 64, "num_layers": 1, "dropout": 0.5, "activation": "tanh", "lr": 0.00043055548075490453, "window_size": 20, "batch_size": 32, "epochs": 10, "kernel_size": 5, "attention_heads": 2}, "parameter_index": 0}
[2026-05-19 04:11:13] INFO (NNIManager) submitTrialJob: form: {
  sequenceId: 24,
  hyperParameters: {
    value: '{"parameter_id": 24, "parameter_source": "algorithm", "parameters": {"model_type": "MLP", "units": 64, "num_layers": 1, "dropout": 0.5, "activation": "tanh", "lr": 0.00043055548075490453, "window_size": 20, "batch_size": 32, "epochs": 10, "kernel_size": 5, "attention_heads": 2}, "parameter_index": 0}',
    index: 0
  },
  placementConstraint: { type: 'None', gpus: [] }
}
[2026-05-19 04:11:13] INFO (LocalV3.local) Created trial lQC5r
[2026-05-19 04:11:14] INFO (LocalV3.local) Trial parameter: lQC5r {"parameter_id": 24, "parameter_source": "algorithm", "parameters": {"model_type": "MLP", "units": 64, "num_layers": 1, "dropout": 0.5, "activation": "tanh", "lr": 0.00043055548075490453, "window_size": 20, "batch_size": 32, "epochs": 10, "kernel_size": 5, "attention_heads": 2}, "parameter_index": 0}
[2026-05-19 04:11:19] INFO (NNIManager) Trial job lQC5r status changed from RUNNING to SUCCEEDED
[2026-05-19 04:11:19] INFO (NNIManager) NNIManager received command from dispatcher: TR, {"parameter_id": 25, "parameter_source": "algorithm", "parameters": {"model_type": "RNN", "units": 32, "num_layers": 4, "dropout": 0.3, "activation": "tanh", "lr": 2.1066652770032924e-05, "window_size": 9, "batch_size": 16, "epochs": 10, "kernel_size": 2, "attention_heads": 2}, "parameter_index": 0}
[2026-05-19 04:11:19] INFO (NNIManager) submitTrialJob: form: {
  sequenceId: 25,
  hyperParameters: {
    value: '{"parameter_id": 25, "parameter_source": "algorithm", "parameters": {"model_type": "RNN", "units": 32, "num_layers": 4, "dropout": 0.3, "activation": "tanh", "lr": 2.1066652770032924e-05, "window_size": 9, "batch_size": 16, "epochs": 10, "kernel_size": 2, "attention_heads": 2}, "parameter_index": 0}',
    index: 0
  },
  placementConstraint: { type: 'None', gpus: [] }
}
[2026-05-19 04:11:19] INFO (LocalV3.local) Created trial u9uax
[2026-05-19 04:11:21] INFO (LocalV3.local) Trial parameter: u9uax {"parameter_id": 25, "parameter_source": "algorithm", "parameters": {"model_type": "RNN", "units": 32, "num_layers": 4, "dropout": 0.3, "activation": "tanh", "lr": 2.1066652770032924e-05, "window_size": 9, "batch_size": 16, "epochs": 10, "kernel_size": 2, "attention_heads": 2}, "parameter_index": 0}
[2026-05-19 04:11:42] INFO (NNIManager) Trial job u9uax status changed from RUNNING to SUCCEEDED
[2026-05-19 04:11:42] INFO (NNIManager) NNIManager received command from dispatcher: TR, {"parameter_id": 26, "parameter_source": "algorithm", "parameters": {"model_type": "GRU", "units": 64, "num_layers": 4, "dropout": 0, "activation": "relu", "lr": 3.642195594038061e-05, "window_size": 19, "batch_size": 16, "epochs": 5, "kernel_size": 5, "attention_heads": 8}, "parameter_index": 0}
[2026-05-19 04:11:43] INFO (NNIManager) submitTrialJob: form: {
  sequenceId: 26,
  hyperParameters: {
    value: '{"parameter_id": 26, "parameter_source": "algorithm", "parameters": {"model_type": "GRU", "units": 64, "num_layers": 4, "dropout": 0, "activation": "relu", "lr": 3.642195594038061e-05, "window_size": 19, "batch_size": 16, "epochs": 5, "kernel_size": 5, "attention_heads": 8}, "parameter_index": 0}',
    index: 0
  },
  placementConstraint: { type: 'None', gpus: [] }
}
[2026-05-19 04:11:43] INFO (LocalV3.local) Created trial zJSFC
[2026-05-19 04:11:44] INFO (LocalV3.local) Trial parameter: zJSFC {"parameter_id": 26, "parameter_source": "algorithm", "parameters": {"model_type": "GRU", "units": 64, "num_layers": 4, "dropout": 0, "activation": "relu", "lr": 3.642195594038061e-05, "window_size": 19, "batch_size": 16, "epochs": 5, "kernel_size": 5, "attention_heads": 8}, "parameter_index": 0}
[2026-05-19 04:12:18] INFO (NNIManager) Trial job zJSFC status changed from RUNNING to SUCCEEDED
[2026-05-19 04:12:18] INFO (NNIManager) NNIManager received command from dispatcher: TR, {"parameter_id": 27, "parameter_source": "algorithm", "parameters": {"model_type": "MLP", "units": 128, "num_layers": 1, "dropout": 0.3, "activation": "tanh", "lr": 7.371684024703239e-05, "window_size": 15, "batch_size": 64, "epochs": 20, "kernel_size": 3, "attention_heads": 4}, "parameter_index": 0}
[2026-05-19 04:12:19] INFO (NNIManager) submitTrialJob: form: {
  sequenceId: 27,
  hyperParameters: {
    value: '{"parameter_id": 27, "parameter_source": "algorithm", "parameters": {"model_type": "MLP", "units": 128, "num_layers": 1, "dropout": 0.3, "activation": "tanh", "lr": 7.371684024703239e-05, "window_size": 15, "batch_size": 64, "epochs": 20, "kernel_size": 3, "attention_heads": 4}, "parameter_index": 0}',
    index: 0
  },
  placementConstraint: { type: 'None', gpus: [] }
}
[2026-05-19 04:12:19] INFO (LocalV3.local) Created trial j41Ic
[2026-05-19 04:12:21] INFO (LocalV3.local) Trial parameter: j41Ic {"parameter_id": 27, "parameter_source": "algorithm", "parameters": {"model_type": "MLP", "units": 128, "num_layers": 1, "dropout": 0.3, "activation": "tanh", "lr": 7.371684024703239e-05, "window_size": 15, "batch_size": 64, "epochs": 20, "kernel_size": 3, "attention_heads": 4}, "parameter_index": 0}
[2026-05-19 04:12:25] INFO (NNIManager) Trial job j41Ic status changed from RUNNING to SUCCEEDED
[2026-05-19 04:12:25] INFO (NNIManager) NNIManager received command from dispatcher: TR, {"parameter_id": 28, "parameter_source": "algorithm", "parameters": {"model_type": "GRU", "units": 16, "num_layers": 1, "dropout": 0.1, "activation": "relu", "lr": 0.0018012688003589308, "window_size": 14, "batch_size": 32, "epochs": 15, "kernel_size": 3, "attention_heads": 2}, "parameter_index": 0}
[2026-05-19 04:12:26] INFO (NNIManager) submitTrialJob: form: {
  sequenceId: 28,
  hyperParameters: {
    value: '{"parameter_id": 28, "parameter_source": "algorithm", "parameters": {"model_type": "GRU", "units": 16, "num_layers": 1, "dropout": 0.1, "activation": "relu", "lr": 0.0018012688003589308, "window_size": 14, "batch_size": 32, "epochs": 15, "kernel_size": 3, "attention_heads": 2}, "parameter_index": 0}',
    index: 0
  },
  placementConstraint: { type: 'None', gpus: [] }
}
[2026-05-19 04:12:26] INFO (LocalV3.local) Created trial h5vH3
[2026-05-19 04:12:28] INFO (LocalV3.local) Trial parameter: h5vH3 {"parameter_id": 28, "parameter_source": "algorithm", "parameters": {"model_type": "GRU", "units": 16, "num_layers": 1, "dropout": 0.1, "activation": "relu", "lr": 0.0018012688003589308, "window_size": 14, "batch_size": 32, "epochs": 15, "kernel_size": 3, "attention_heads": 2}, "parameter_index": 0}
[2026-05-19 04:12:41] INFO (NNIManager) Trial job h5vH3 status changed from RUNNING to SUCCEEDED
[2026-05-19 04:12:41] INFO (NNIManager) NNIManager received command from dispatcher: TR, {"parameter_id": 29, "parameter_source": "algorithm", "parameters": {"model_type": "Transformer", "units": 64, "num_layers": 2, "dropout": 0.1, "activation": "sigmoid", "lr": 3.8895106749177056e-05, "window_size": 12, "batch_size": 64, "epochs": 10, "kernel_size": 3, "attention_heads": 8}, "parameter_index": 0}
[2026-05-19 04:12:41] INFO (NNIManager) submitTrialJob: form: {
  sequenceId: 29,
  hyperParameters: {
    value: '{"parameter_id": 29, "parameter_source": "algorithm", "parameters": {"model_type": "Transformer", "units": 64, "num_layers": 2, "dropout": 0.1, "activation": "sigmoid", "lr": 3.8895106749177056e-05, "window_size": 12, "batch_size": 64, "epochs": 10, "kernel_size": 3, "attention_heads": 8}, "parameter_index": 0}',
    index: 0
  },
  placementConstraint: { type: 'None', gpus: [] }
}
[2026-05-19 04:12:41] INFO (LocalV3.local) Created trial Ij56s
[2026-05-19 04:12:43] INFO (LocalV3.local) Trial parameter: Ij56s {"parameter_id": 29, "parameter_source": "algorithm", "parameters": {"model_type": "Transformer", "units": 64, "num_layers": 2, "dropout": 0.1, "activation": "sigmoid", "lr": 3.8895106749177056e-05, "window_size": 12, "batch_size": 64, "epochs": 10, "kernel_size": 3, "attention_heads": 8}, "parameter_index": 0}
[2026-05-19 04:13:03] INFO (NNIManager) Trial job Ij56s status changed from RUNNING to SUCCEEDED
[2026-05-19 04:13:03] INFO (NNIManager) NNIManager received command from dispatcher: TR, {"parameter_id": 30, "parameter_source": "algorithm", "parameters": {"model_type": "TCN", "units": 16, "num_layers": 4, "dropout": 0.1, "activation": "elu", "lr": 0.00017816393073303647, "window_size": 4, "batch_size": 64, "epochs": 10, "kernel_size": 3, "attention_heads": 2}, "parameter_index": 0}
[2026-05-19 04:13:03] INFO (NNIManager) submitTrialJob: form: {
  sequenceId: 30,
  hyperParameters: {
    value: '{"parameter_id": 30, "parameter_source": "algorithm", "parameters": {"model_type": "TCN", "units": 16, "num_layers": 4, "dropout": 0.1, "activation": "elu", "lr": 0.00017816393073303647, "window_size": 4, "batch_size": 64, "epochs": 10, "kernel_size": 3, "attention_heads": 2}, "parameter_index": 0}',
    index: 0
  },
  placementConstraint: { type: 'None', gpus: [] }
}
[2026-05-19 04:13:03] INFO (LocalV3.local) Created trial cIShx
[2026-05-19 04:13:06] INFO (LocalV3.local) Trial parameter: cIShx {"parameter_id": 30, "parameter_source": "algorithm", "parameters": {"model_type": "TCN", "units": 16, "num_layers": 4, "dropout": 0.1, "activation": "elu", "lr": 0.00017816393073303647, "window_size": 4, "batch_size": 64, "epochs": 10, "kernel_size": 3, "attention_heads": 2}, "parameter_index": 0}
[2026-05-19 04:13:11] INFO (NNIManager) Trial job cIShx status changed from RUNNING to SUCCEEDED
[2026-05-19 04:13:11] INFO (NNIManager) NNIManager received command from dispatcher: TR, {"parameter_id": 31, "parameter_source": "algorithm", "parameters": {"model_type": "LSTM", "units": 128, "num_layers": 1, "dropout": 0.3, "activation": "tanh", "lr": 1.6146863651904293e-05, "window_size": 21, "batch_size": 32, "epochs": 10, "kernel_size": 2, "attention_heads": 4}, "parameter_index": 0}
[2026-05-19 04:13:12] INFO (NNIManager) submitTrialJob: form: {
  sequenceId: 31,
  hyperParameters: {
    value: '{"parameter_id": 31, "parameter_source": "algorithm", "parameters": {"model_type": "LSTM", "units": 128, "num_layers": 1, "dropout": 0.3, "activation": "tanh", "lr": 1.6146863651904293e-05, "window_size": 21, "batch_size": 32, "epochs": 10, "kernel_size": 2, "attention_heads": 4}, "parameter_index": 0}',
    index: 0
  },
  placementConstraint: { type: 'None', gpus: [] }
}
[2026-05-19 04:13:12] INFO (LocalV3.local) Created trial qejn6
[2026-05-19 04:13:15] INFO (LocalV3.local) Trial parameter: qejn6 {"parameter_id": 31, "parameter_source": "algorithm", "parameters": {"model_type": "LSTM", "units": 128, "num_layers": 1, "dropout": 0.3, "activation": "tanh", "lr": 1.6146863651904293e-05, "window_size": 21, "batch_size": 32, "epochs": 10, "kernel_size": 2, "attention_heads": 4}, "parameter_index": 0}
[2026-05-19 04:13:39] INFO (NNIManager) Trial job qejn6 status changed from RUNNING to SUCCEEDED
[2026-05-19 04:13:39] INFO (NNIManager) NNIManager received command from dispatcher: TR, {"parameter_id": 32, "parameter_source": "algorithm", "parameters": {"model_type": "GRU", "units": 256, "num_layers": 3, "dropout": 0.2, "activation": "tanh", "lr": 0.0037583055344870483, "window_size": 20, "batch_size": 16, "epochs": 20, "kernel_size": 3, "attention_heads": 2}, "parameter_index": 0}
[2026-05-19 04:13:40] INFO (NNIManager) submitTrialJob: form: {
  sequenceId: 32,
  hyperParameters: {
    value: '{"parameter_id": 32, "parameter_source": "algorithm", "parameters": {"model_type": "GRU", "units": 256, "num_layers": 3, "dropout": 0.2, "activation": "tanh", "lr": 0.0037583055344870483, "window_size": 20, "batch_size": 16, "epochs": 20, "kernel_size": 3, "attention_heads": 2}, "parameter_index": 0}',
    index: 0
  },
  placementConstraint: { type: 'None', gpus: [] }
}
[2026-05-19 04:13:40] INFO (LocalV3.local) Created trial MM9Pm
[2026-05-19 04:13:42] INFO (LocalV3.local) Trial parameter: MM9Pm {"parameter_id": 32, "parameter_source": "algorithm", "parameters": {"model_type": "GRU", "units": 256, "num_layers": 3, "dropout": 0.2, "activation": "tanh", "lr": 0.0037583055344870483, "window_size": 20, "batch_size": 16, "epochs": 20, "kernel_size": 3, "attention_heads": 2}, "parameter_index": 0}
[2026-05-19 04:18:37] INFO (NNIManager) Trial job MM9Pm status changed from RUNNING to SUCCEEDED
[2026-05-19 04:18:37] INFO (NNIManager) NNIManager received command from dispatcher: TR, {"parameter_id": 33, "parameter_source": "algorithm", "parameters": {"model_type": "LSTM", "units": 64, "num_layers": 4, "dropout": 0.3, "activation": "elu", "lr": 4.703901685750941e-05, "window_size": 28, "batch_size": 32, "epochs": 20, "kernel_size": 3, "attention_heads": 4}, "parameter_index": 0}
[2026-05-19 04:18:38] INFO (NNIManager) submitTrialJob: form: {
  sequenceId: 33,
  hyperParameters: {
    value: '{"parameter_id": 33, "parameter_source": "algorithm", "parameters": {"model_type": "LSTM", "units": 64, "num_layers": 4, "dropout": 0.3, "activation": "elu", "lr": 4.703901685750941e-05, "window_size": 28, "batch_size": 32, "epochs": 20, "kernel_size": 3, "attention_heads": 4}, "parameter_index": 0}',
    index: 0
  },
  placementConstraint: { type: 'None', gpus: [] }
}
[2026-05-19 04:18:38] INFO (LocalV3.local) Created trial ebol4
[2026-05-19 04:18:40] INFO (LocalV3.local) Trial parameter: ebol4 {"parameter_id": 33, "parameter_source": "algorithm", "parameters": {"model_type": "LSTM", "units": 64, "num_layers": 4, "dropout": 0.3, "activation": "elu", "lr": 4.703901685750941e-05, "window_size": 28, "batch_size": 32, "epochs": 20, "kernel_size": 3, "attention_heads": 4}, "parameter_index": 0}
[2026-05-19 04:20:16] INFO (NNIManager) Trial job ebol4 status changed from RUNNING to SUCCEEDED
[2026-05-19 04:20:16] INFO (NNIManager) NNIManager received command from dispatcher: TR, {"parameter_id": 34, "parameter_source": "algorithm", "parameters": {"model_type": "LSTM", "units": 256, "num_layers": 4, "dropout": 0.3, "activation": "sigmoid", "lr": 0.006209311545940009, "window_size": 13, "batch_size": 128, "epochs": 15, "kernel_size": 3, "attention_heads": 4}, "parameter_index": 0}
[2026-05-19 04:20:16] INFO (NNIManager) submitTrialJob: form: {
  sequenceId: 34,
  hyperParameters: {
    value: '{"parameter_id": 34, "parameter_source": "algorithm", "parameters": {"model_type": "LSTM", "units": 256, "num_layers": 4, "dropout": 0.3, "activation": "sigmoid", "lr": 0.006209311545940009, "window_size": 13, "batch_size": 128, "epochs": 15, "kernel_size": 3, "attention_heads": 4}, "parameter_index": 0}',
    index: 0
  },
  placementConstraint: { type: 'None', gpus: [] }
}
[2026-05-19 04:20:16] INFO (LocalV3.local) Created trial i1vdm
[2026-05-19 04:20:18] INFO (LocalV3.local) Trial parameter: i1vdm {"parameter_id": 34, "parameter_source": "algorithm", "parameters": {"model_type": "LSTM", "units": 256, "num_layers": 4, "dropout": 0.3, "activation": "sigmoid", "lr": 0.006209311545940009, "window_size": 13, "batch_size": 128, "epochs": 15, "kernel_size": 3, "attention_heads": 4}, "parameter_index": 0}
[2026-05-19 04:21:44] INFO (NNIManager) Trial job i1vdm status changed from RUNNING to SUCCEEDED
[2026-05-19 04:21:44] INFO (NNIManager) NNIManager received command from dispatcher: TR, {"parameter_id": 35, "parameter_source": "algorithm", "parameters": {"model_type": "GRU", "units": 32, "num_layers": 4, "dropout": 0.3, "activation": "elu", "lr": 0.0009169962750341593, "window_size": 25, "batch_size": 16, "epochs": 5, "kernel_size": 3, "attention_heads": 8}, "parameter_index": 0}
[2026-05-19 04:21:44] INFO (NNIManager) submitTrialJob: form: {
  sequenceId: 35,
  hyperParameters: {
    value: '{"parameter_id": 35, "parameter_source": "algorithm", "parameters": {"model_type": "GRU", "units": 32, "num_layers": 4, "dropout": 0.3, "activation": "elu", "lr": 0.0009169962750341593, "window_size": 25, "batch_size": 16, "epochs": 5, "kernel_size": 3, "attention_heads": 8}, "parameter_index": 0}',
    index: 0
  },
  placementConstraint: { type: 'None', gpus: [] }
}
[2026-05-19 04:21:44] INFO (LocalV3.local) Created trial oXzoX
[2026-05-19 04:21:47] INFO (LocalV3.local) Trial parameter: oXzoX {"parameter_id": 35, "parameter_source": "algorithm", "parameters": {"model_type": "GRU", "units": 32, "num_layers": 4, "dropout": 0.3, "activation": "elu", "lr": 0.0009169962750341593, "window_size": 25, "batch_size": 16, "epochs": 5, "kernel_size": 3, "attention_heads": 8}, "parameter_index": 0}
[2026-05-19 04:22:33] INFO (NNIManager) Trial job oXzoX status changed from RUNNING to SUCCEEDED
[2026-05-19 04:22:33] INFO (NNIManager) NNIManager received command from dispatcher: TR, {"parameter_id": 36, "parameter_source": "algorithm", "parameters": {"model_type": "LSTM", "units": 64, "num_layers": 4, "dropout": 0.2, "activation": "tanh", "lr": 0.008805235525308376, "window_size": 25, "batch_size": 16, "epochs": 10, "kernel_size": 7, "attention_heads": 8}, "parameter_index": 0}
[2026-05-19 04:22:33] INFO (NNIManager) submitTrialJob: form: {
  sequenceId: 36,
  hyperParameters: {
    value: '{"parameter_id": 36, "parameter_source": "algorithm", "parameters": {"model_type": "LSTM", "units": 64, "num_layers": 4, "dropout": 0.2, "activation": "tanh", "lr": 0.008805235525308376, "window_size": 25, "batch_size": 16, "epochs": 10, "kernel_size": 7, "attention_heads": 8}, "parameter_index": 0}',
    index: 0
  },
  placementConstraint: { type: 'None', gpus: [] }
}
[2026-05-19 04:22:33] INFO (LocalV3.local) Created trial BUUUc
[2026-05-19 04:22:35] INFO (LocalV3.local) Trial parameter: BUUUc {"parameter_id": 36, "parameter_source": "algorithm", "parameters": {"model_type": "LSTM", "units": 64, "num_layers": 4, "dropout": 0.2, "activation": "tanh", "lr": 0.008805235525308376, "window_size": 25, "batch_size": 16, "epochs": 10, "kernel_size": 7, "attention_heads": 8}, "parameter_index": 0}
[2026-05-19 04:23:51] INFO (NNIManager) Trial job BUUUc status changed from RUNNING to SUCCEEDED
[2026-05-19 04:23:51] INFO (NNIManager) NNIManager received command from dispatcher: TR, {"parameter_id": 37, "parameter_source": "algorithm", "parameters": {"model_type": "GRU", "units": 64, "num_layers": 1, "dropout": 0, "activation": "sigmoid", "lr": 6.202867070099492e-05, "window_size": 25, "batch_size": 32, "epochs": 5, "kernel_size": 3, "attention_heads": 8}, "parameter_index": 0}
[2026-05-19 04:23:52] INFO (NNIManager) submitTrialJob: form: {
  sequenceId: 37,
  hyperParameters: {
    value: '{"parameter_id": 37, "parameter_source": "algorithm", "parameters": {"model_type": "GRU", "units": 64, "num_layers": 1, "dropout": 0, "activation": "sigmoid", "lr": 6.202867070099492e-05, "window_size": 25, "batch_size": 32, "epochs": 5, "kernel_size": 3, "attention_heads": 8}, "parameter_index": 0}',
    index: 0
  },
  placementConstraint: { type: 'None', gpus: [] }
}
[2026-05-19 04:23:52] INFO (LocalV3.local) Created trial cOMLF
[2026-05-19 04:23:54] INFO (LocalV3.local) Trial parameter: cOMLF {"parameter_id": 37, "parameter_source": "algorithm", "parameters": {"model_type": "GRU", "units": 64, "num_layers": 1, "dropout": 0, "activation": "sigmoid", "lr": 6.202867070099492e-05, "window_size": 25, "batch_size": 32, "epochs": 5, "kernel_size": 3, "attention_heads": 8}, "parameter_index": 0}
[2026-05-19 04:24:04] INFO (NNIManager) Trial job cOMLF status changed from RUNNING to SUCCEEDED
[2026-05-19 04:24:04] INFO (NNIManager) NNIManager received command from dispatcher: TR, {"parameter_id": 38, "parameter_source": "algorithm", "parameters": {"model_type": "TCN", "units": 64, "num_layers": 2, "dropout": 0.3, "activation": "sigmoid", "lr": 0.001818310489953133, "window_size": 23, "batch_size": 32, "epochs": 20, "kernel_size": 2, "attention_heads": 8}, "parameter_index": 0}
[2026-05-19 04:24:05] INFO (NNIManager) submitTrialJob: form: {
  sequenceId: 38,
  hyperParameters: {
    value: '{"parameter_id": 38, "parameter_source": "algorithm", "parameters": {"model_type": "TCN", "units": 64, "num_layers": 2, "dropout": 0.3, "activation": "sigmoid", "lr": 0.001818310489953133, "window_size": 23, "batch_size": 32, "epochs": 20, "kernel_size": 2, "attention_heads": 8}, "parameter_index": 0}',
    index: 0
  },
  placementConstraint: { type: 'None', gpus: [] }
}
[2026-05-19 04:24:05] INFO (LocalV3.local) Created trial dmEV2
[2026-05-19 04:24:07] INFO (LocalV3.local) Trial parameter: dmEV2 {"parameter_id": 38, "parameter_source": "algorithm", "parameters": {"model_type": "TCN", "units": 64, "num_layers": 2, "dropout": 0.3, "activation": "sigmoid", "lr": 0.001818310489953133, "window_size": 23, "batch_size": 32, "epochs": 20, "kernel_size": 2, "attention_heads": 8}, "parameter_index": 0}
[2026-05-19 04:24:20] INFO (NNIManager) Trial job dmEV2 status changed from RUNNING to SUCCEEDED
[2026-05-19 04:24:20] INFO (NNIManager) NNIManager received command from dispatcher: TR, {"parameter_id": 39, "parameter_source": "algorithm", "parameters": {"model_type": "Transformer", "units": 16, "num_layers": 1, "dropout": 0, "activation": "tanh", "lr": 1.2308678055665402e-05, "window_size": 7, "batch_size": 64, "epochs": 15, "kernel_size": 2, "attention_heads": 4}, "parameter_index": 0}
[2026-05-19 04:24:20] INFO (NNIManager) submitTrialJob: form: {
  sequenceId: 39,
  hyperParameters: {
    value: '{"parameter_id": 39, "parameter_source": "algorithm", "parameters": {"model_type": "Transformer", "units": 16, "num_layers": 1, "dropout": 0, "activation": "tanh", "lr": 1.2308678055665402e-05, "window_size": 7, "batch_size": 64, "epochs": 15, "kernel_size": 2, "attention_heads": 4}, "parameter_index": 0}',
    index: 0
  },
  placementConstraint: { type: 'None', gpus: [] }
}
[2026-05-19 04:24:20] INFO (LocalV3.local) Created trial DqujG
[2026-05-19 04:24:22] INFO (LocalV3.local) Trial parameter: DqujG {"parameter_id": 39, "parameter_source": "algorithm", "parameters": {"model_type": "Transformer", "units": 16, "num_layers": 1, "dropout": 0, "activation": "tanh", "lr": 1.2308678055665402e-05, "window_size": 7, "batch_size": 64, "epochs": 15, "kernel_size": 2, "attention_heads": 4}, "parameter_index": 0}
[2026-05-19 04:24:30] INFO (NNIManager) Trial job DqujG status changed from RUNNING to SUCCEEDED
[2026-05-19 04:24:30] INFO (NNIManager) NNIManager received command from dispatcher: TR, {"parameter_id": 40, "parameter_source": "algorithm", "parameters": {"model_type": "Transformer", "units": 16, "num_layers": 1, "dropout": 0, "activation": "elu", "lr": 0.00016078730476531841, "window_size": 14, "batch_size": 128, "epochs": 20, "kernel_size": 7, "attention_heads": 2}, "parameter_index": 0}
[2026-05-19 04:24:30] INFO (NNIManager) submitTrialJob: form: {
  sequenceId: 40,
  hyperParameters: {
    value: '{"parameter_id": 40, "parameter_source": "algorithm", "parameters": {"model_type": "Transformer", "units": 16, "num_layers": 1, "dropout": 0, "activation": "elu", "lr": 0.00016078730476531841, "window_size": 14, "batch_size": 128, "epochs": 20, "kernel_size": 7, "attention_heads": 2}, "parameter_index": 0}',
    index: 0
  },
  placementConstraint: { type: 'None', gpus: [] }
}
[2026-05-19 04:24:30] INFO (LocalV3.local) Created trial TrrtX
[2026-05-19 04:24:32] INFO (LocalV3.local) Trial parameter: TrrtX {"parameter_id": 40, "parameter_source": "algorithm", "parameters": {"model_type": "Transformer", "units": 16, "num_layers": 1, "dropout": 0, "activation": "elu", "lr": 0.00016078730476531841, "window_size": 14, "batch_size": 128, "epochs": 20, "kernel_size": 7, "attention_heads": 2}, "parameter_index": 0}
[2026-05-19 04:24:43] INFO (NNIManager) Trial job TrrtX status changed from RUNNING to SUCCEEDED
[2026-05-19 04:24:43] INFO (NNIManager) NNIManager received command from dispatcher: TR, {"parameter_id": 41, "parameter_source": "algorithm", "parameters": {"model_type": "MLP", "units": 256, "num_layers": 2, "dropout": 0.3, "activation": "tanh", "lr": 4.76201122792199e-05, "window_size": 8, "batch_size": 32, "epochs": 15, "kernel_size": 2, "attention_heads": 2}, "parameter_index": 0}
[2026-05-19 04:24:44] INFO (NNIManager) submitTrialJob: form: {
  sequenceId: 41,
  hyperParameters: {
    value: '{"parameter_id": 41, "parameter_source": "algorithm", "parameters": {"model_type": "MLP", "units": 256, "num_layers": 2, "dropout": 0.3, "activation": "tanh", "lr": 4.76201122792199e-05, "window_size": 8, "batch_size": 32, "epochs": 15, "kernel_size": 2, "attention_heads": 2}, "parameter_index": 0}',
    index: 0
  },
  placementConstraint: { type: 'None', gpus: [] }
}
[2026-05-19 04:24:44] INFO (LocalV3.local) Created trial NO1Yj
[2026-05-19 04:24:46] INFO (LocalV3.local) Trial parameter: NO1Yj {"parameter_id": 41, "parameter_source": "algorithm", "parameters": {"model_type": "MLP", "units": 256, "num_layers": 2, "dropout": 0.3, "activation": "tanh", "lr": 4.76201122792199e-05, "window_size": 8, "batch_size": 32, "epochs": 15, "kernel_size": 2, "attention_heads": 2}, "parameter_index": 0}
[2026-05-19 04:24:58] INFO (NNIManager) Trial job NO1Yj status changed from RUNNING to SUCCEEDED
[2026-05-19 04:24:58] INFO (NNIManager) NNIManager received command from dispatcher: TR, {"parameter_id": 42, "parameter_source": "algorithm", "parameters": {"model_type": "Transformer", "units": 256, "num_layers": 3, "dropout": 0.5, "activation": "elu", "lr": 0.0008500982840347696, "window_size": 8, "batch_size": 128, "epochs": 5, "kernel_size": 2, "attention_heads": 2}, "parameter_index": 0}
[2026-05-19 04:24:59] INFO (NNIManager) submitTrialJob: form: {
  sequenceId: 42,
  hyperParameters: {
    value: '{"parameter_id": 42, "parameter_source": "algorithm", "parameters": {"model_type": "Transformer", "units": 256, "num_layers": 3, "dropout": 0.5, "activation": "elu", "lr": 0.0008500982840347696, "window_size": 8, "batch_size": 128, "epochs": 5, "kernel_size": 2, "attention_heads": 2}, "parameter_index": 0}',
    index: 0
  },
  placementConstraint: { type: 'None', gpus: [] }
}
[2026-05-19 04:24:59] INFO (LocalV3.local) Created trial O0poe
[2026-05-19 04:25:01] INFO (LocalV3.local) Trial parameter: O0poe {"parameter_id": 42, "parameter_source": "algorithm", "parameters": {"model_type": "Transformer", "units": 256, "num_layers": 3, "dropout": 0.5, "activation": "elu", "lr": 0.0008500982840347696, "window_size": 8, "batch_size": 128, "epochs": 5, "kernel_size": 2, "attention_heads": 2}, "parameter_index": 0}
[2026-05-19 04:25:19] INFO (NNIManager) Trial job O0poe status changed from RUNNING to SUCCEEDED
[2026-05-19 04:25:19] INFO (NNIManager) NNIManager received command from dispatcher: TR, {"parameter_id": 43, "parameter_source": "algorithm", "parameters": {"model_type": "TCN", "units": 128, "num_layers": 2, "dropout": 0.1, "activation": "tanh", "lr": 0.0002932545929227914, "window_size": 24, "batch_size": 16, "epochs": 15, "kernel_size": 5, "attention_heads": 4}, "parameter_index": 0}
[2026-05-19 04:25:19] INFO (NNIManager) submitTrialJob: form: {
  sequenceId: 43,
  hyperParameters: {
    value: '{"parameter_id": 43, "parameter_source": "algorithm", "parameters": {"model_type": "TCN", "units": 128, "num_layers": 2, "dropout": 0.1, "activation": "tanh", "lr": 0.0002932545929227914, "window_size": 24, "batch_size": 16, "epochs": 15, "kernel_size": 5, "attention_heads": 4}, "parameter_index": 0}',
    index: 0
  },
  placementConstraint: { type: 'None', gpus: [] }
}
[2026-05-19 04:25:19] INFO (LocalV3.local) Created trial BwNzl
[2026-05-19 04:25:21] INFO (LocalV3.local) Trial parameter: BwNzl {"parameter_id": 43, "parameter_source": "algorithm", "parameters": {"model_type": "TCN", "units": 128, "num_layers": 2, "dropout": 0.1, "activation": "tanh", "lr": 0.0002932545929227914, "window_size": 24, "batch_size": 16, "epochs": 15, "kernel_size": 5, "attention_heads": 4}, "parameter_index": 0}
[2026-05-19 04:25:39] INFO (NNIManager) Trial job BwNzl status changed from RUNNING to SUCCEEDED
[2026-05-19 04:25:39] INFO (NNIManager) NNIManager received command from dispatcher: TR, {"parameter_id": 44, "parameter_source": "algorithm", "parameters": {"model_type": "RNN", "units": 16, "num_layers": 3, "dropout": 0.5, "activation": "tanh", "lr": 0.002990521030331139, "window_size": 15, "batch_size": 16, "epochs": 15, "kernel_size": 3, "attention_heads": 4}, "parameter_index": 0}
[2026-05-19 04:25:40] INFO (NNIManager) submitTrialJob: form: {
  sequenceId: 44,
  hyperParameters: {
    value: '{"parameter_id": 44, "parameter_source": "algorithm", "parameters": {"model_type": "RNN", "units": 16, "num_layers": 3, "dropout": 0.5, "activation": "tanh", "lr": 0.002990521030331139, "window_size": 15, "batch_size": 16, "epochs": 15, "kernel_size": 3, "attention_heads": 4}, "parameter_index": 0}',
    index: 0
  },
  placementConstraint: { type: 'None', gpus: [] }
}
[2026-05-19 04:25:40] INFO (LocalV3.local) Created trial Gc4Cm
[2026-05-19 04:25:42] INFO (LocalV3.local) Trial parameter: Gc4Cm {"parameter_id": 44, "parameter_source": "algorithm", "parameters": {"model_type": "RNN", "units": 16, "num_layers": 3, "dropout": 0.5, "activation": "tanh", "lr": 0.002990521030331139, "window_size": 15, "batch_size": 16, "epochs": 15, "kernel_size": 3, "attention_heads": 4}, "parameter_index": 0}
[2026-05-19 04:26:13] INFO (NNIManager) Trial job Gc4Cm status changed from RUNNING to SUCCEEDED
[2026-05-19 04:26:13] INFO (NNIManager) NNIManager received command from dispatcher: TR, {"parameter_id": 45, "parameter_source": "algorithm", "parameters": {"model_type": "CNN", "units": 32, "num_layers": 4, "dropout": 0.1, "activation": "elu", "lr": 0.00021527838269858282, "window_size": 18, "batch_size": 32, "epochs": 15, "kernel_size": 7, "attention_heads": 8}, "parameter_index": 0}
[2026-05-19 04:26:13] INFO (NNIManager) submitTrialJob: form: {
  sequenceId: 45,
  hyperParameters: {
    value: '{"parameter_id": 45, "parameter_source": "algorithm", "parameters": {"model_type": "CNN", "units": 32, "num_layers": 4, "dropout": 0.1, "activation": "elu", "lr": 0.00021527838269858282, "window_size": 18, "batch_size": 32, "epochs": 15, "kernel_size": 7, "attention_heads": 8}, "parameter_index": 0}',
    index: 0
  },
  placementConstraint: { type: 'None', gpus: [] }
}
[2026-05-19 04:26:13] INFO (LocalV3.local) Created trial Zs3l8
[2026-05-19 04:26:15] INFO (LocalV3.local) Trial parameter: Zs3l8 {"parameter_id": 45, "parameter_source": "algorithm", "parameters": {"model_type": "CNN", "units": 32, "num_layers": 4, "dropout": 0.1, "activation": "elu", "lr": 0.00021527838269858282, "window_size": 18, "batch_size": 32, "epochs": 15, "kernel_size": 7, "attention_heads": 8}, "parameter_index": 0}
[2026-05-19 04:26:27] INFO (NNIManager) Trial job Zs3l8 status changed from RUNNING to SUCCEEDED
[2026-05-19 04:26:27] INFO (NNIManager) NNIManager received command from dispatcher: TR, {"parameter_id": 46, "parameter_source": "algorithm", "parameters": {"model_type": "Transformer", "units": 128, "num_layers": 4, "dropout": 0.2, "activation": "relu", "lr": 0.00016962082456466822, "window_size": 15, "batch_size": 128, "epochs": 5, "kernel_size": 7, "attention_heads": 8}, "parameter_index": 0}
[2026-05-19 04:26:27] INFO (NNIManager) submitTrialJob: form: {
  sequenceId: 46,
  hyperParameters: {
    value: '{"parameter_id": 46, "parameter_source": "algorithm", "parameters": {"model_type": "Transformer", "units": 128, "num_layers": 4, "dropout": 0.2, "activation": "relu", "lr": 0.00016962082456466822, "window_size": 15, "batch_size": 128, "epochs": 5, "kernel_size": 7, "attention_heads": 8}, "parameter_index": 0}',
    index: 0
  },
  placementConstraint: { type: 'None', gpus: [] }
}
[2026-05-19 04:26:27] INFO (LocalV3.local) Created trial RamDw
[2026-05-19 04:26:29] INFO (LocalV3.local) Trial parameter: RamDw {"parameter_id": 46, "parameter_source": "algorithm", "parameters": {"model_type": "Transformer", "units": 128, "num_layers": 4, "dropout": 0.2, "activation": "relu", "lr": 0.00016962082456466822, "window_size": 15, "batch_size": 128, "epochs": 5, "kernel_size": 7, "attention_heads": 8}, "parameter_index": 0}
[2026-05-19 04:27:03] INFO (NNIManager) Trial job RamDw status changed from RUNNING to SUCCEEDED
[2026-05-19 04:27:03] INFO (NNIManager) NNIManager received command from dispatcher: TR, {"parameter_id": 47, "parameter_source": "algorithm", "parameters": {"model_type": "CNN", "units": 16, "num_layers": 3, "dropout": 0.1, "activation": "tanh", "lr": 0.0021284670070250812, "window_size": 7, "batch_size": 32, "epochs": 20, "kernel_size": 2, "attention_heads": 2}, "parameter_index": 0}
[2026-05-19 04:27:03] INFO (NNIManager) submitTrialJob: form: {
  sequenceId: 47,
  hyperParameters: {
    value: '{"parameter_id": 47, "parameter_source": "algorithm", "parameters": {"model_type": "CNN", "units": 16, "num_layers": 3, "dropout": 0.1, "activation": "tanh", "lr": 0.0021284670070250812, "window_size": 7, "batch_size": 32, "epochs": 20, "kernel_size": 2, "attention_heads": 2}, "parameter_index": 0}',
    index: 0
  },
  placementConstraint: { type: 'None', gpus: [] }
}
[2026-05-19 04:27:03] INFO (LocalV3.local) Created trial rhanC
[2026-05-19 04:27:07] INFO (LocalV3.local) Trial parameter: rhanC {"parameter_id": 47, "parameter_source": "algorithm", "parameters": {"model_type": "CNN", "units": 16, "num_layers": 3, "dropout": 0.1, "activation": "tanh", "lr": 0.0021284670070250812, "window_size": 7, "batch_size": 32, "epochs": 20, "kernel_size": 2, "attention_heads": 2}, "parameter_index": 0}
[2026-05-19 04:27:28] INFO (NNIManager) Trial job rhanC status changed from RUNNING to SUCCEEDED
[2026-05-19 04:27:28] INFO (NNIManager) NNIManager received command from dispatcher: TR, {"parameter_id": 48, "parameter_source": "algorithm", "parameters": {"model_type": "LSTM", "units": 64, "num_layers": 3, "dropout": 0.5, "activation": "sigmoid", "lr": 8.730444156898655e-05, "window_size": 23, "batch_size": 128, "epochs": 5, "kernel_size": 2, "attention_heads": 4}, "parameter_index": 0}
[2026-05-19 04:27:28] INFO (NNIManager) submitTrialJob: form: {
  sequenceId: 48,
  hyperParameters: {
    value: '{"parameter_id": 48, "parameter_source": "algorithm", "parameters": {"model_type": "LSTM", "units": 64, "num_layers": 3, "dropout": 0.5, "activation": "sigmoid", "lr": 8.730444156898655e-05, "window_size": 23, "batch_size": 128, "epochs": 5, "kernel_size": 2, "attention_heads": 4}, "parameter_index": 0}',
    index: 0
  },
  placementConstraint: { type: 'None', gpus: [] }
}
[2026-05-19 04:27:28] INFO (LocalV3.local) Created trial vbAdR
[2026-05-19 04:27:32] INFO (LocalV3.local) Trial parameter: vbAdR {"parameter_id": 48, "parameter_source": "algorithm", "parameters": {"model_type": "LSTM", "units": 64, "num_layers": 3, "dropout": 0.5, "activation": "sigmoid", "lr": 8.730444156898655e-05, "window_size": 23, "batch_size": 128, "epochs": 5, "kernel_size": 2, "attention_heads": 4}, "parameter_index": 0}
[2026-05-19 04:27:57] INFO (NNIManager) Trial job vbAdR status changed from RUNNING to SUCCEEDED
[2026-05-19 04:27:57] INFO (NNIManager) NNIManager received command from dispatcher: TR, {"parameter_id": 49, "parameter_source": "algorithm", "parameters": {"model_type": "Transformer", "units": 64, "num_layers": 2, "dropout": 0.2, "activation": "tanh", "lr": 1.808275309040382e-05, "window_size": 22, "batch_size": 64, "epochs": 10, "kernel_size": 7, "attention_heads": 4}, "parameter_index": 0}
[2026-05-19 04:27:57] INFO (NNIManager) submitTrialJob: form: {
  sequenceId: 49,
  hyperParameters: {
    value: '{"parameter_id": 49, "parameter_source": "algorithm", "parameters": {"model_type": "Transformer", "units": 64, "num_layers": 2, "dropout": 0.2, "activation": "tanh", "lr": 1.808275309040382e-05, "window_size": 22, "batch_size": 64, "epochs": 10, "kernel_size": 7, "attention_heads": 4}, "parameter_index": 0}',
    index: 0
  },
  placementConstraint: { type: 'None', gpus: [] }
}
[2026-05-19 04:27:57] INFO (LocalV3.local) Created trial hGTCV
[2026-05-19 04:27:58] INFO (NNIManager) Change NNIManager status from: RUNNING to: NO_MORE_TRIAL
[2026-05-19 04:28:01] INFO (LocalV3.local) Trial parameter: hGTCV {"parameter_id": 49, "parameter_source": "algorithm", "parameters": {"model_type": "Transformer", "units": 64, "num_layers": 2, "dropout": 0.2, "activation": "tanh", "lr": 1.808275309040382e-05, "window_size": 22, "batch_size": 64, "epochs": 10, "kernel_size": 7, "attention_heads": 4}, "parameter_index": 0}
[2026-05-19 04:28:09] INFO (ShutdownManager) Initiate shutdown: SIGTERM
[2026-05-19 04:28:09] INFO (RestServer) Stopping REST server.
[2026-05-19 04:28:09] INFO (NNIManager) Change NNIManager status from: NO_MORE_TRIAL to: STOPPING
[2026-05-19 04:28:09] INFO (NNIManager) Stopping experiment, cleaning up ...
[2026-05-19 04:28:09] INFO (RestServer) REST server stopped.
[2026-05-19 04:28:12] INFO (LocalV3.local) All trials stopped
[2026-05-19 04:28:12] INFO (NNIManager) Change NNIManager status from: STOPPING to: STOPPED
[2026-05-19 04:28:12] INFO (NNIManager) Experiment stopped.
[2026-05-19 04:28:12] INFO (NNITensorboardManager) Forced stopping all tensorboard task.
[2026-05-19 04:28:12] INFO (NNITensorboardManager) All tensorboard task stopped.
[2026-05-19 04:28:12] INFO (NNITensorboardManager) Tensorboard manager stopped.
[2026-05-19 04:28:12] INFO (ShutdownManager) Shutdown complete.
