[2026-05-22 22:20:13] INFO (main) Start NNI manager
[2026-05-22 22:20:13] INFO (RestServer) Starting REST server at port 8732, URL prefix: "/"
[2026-05-22 22:20:13] INFO (RestServer) REST server started.
[2026-05-22 22:20:13] INFO (NNIDataStore) Datastore initialization done
[2026-05-22 22:20:14] INFO (NNIManager) Starting experiment: cwuhqvgo
[2026-05-22 22:20:14] INFO (NNIManager) Setup training service...
[2026-05-22 22:20:14] INFO (NNIManager) Setup tuner...
[2026-05-22 22:20:14] INFO (NNIManager) Change NNIManager status from: INITIALIZED to: RUNNING
[2026-05-22 22:20:14] ERROR (experiments_manager) Error: File has been locked.
    at withLockNoWait (/home/meliani/.local/lib/python3.10/site-packages/nni_node/extensions/experiments_manager/utils.js:45:15)
    at ExperimentsManager.setExperimentInfo (/home/meliani/.local/lib/python3.10/site-packages/nni_node/extensions/experiments_manager/manager.js:75:40)
    at NNIManager.setStatus (/home/meliani/.local/lib/python3.10/site-packages/nni_node/core/nnimanager.js:809:64)
    at NNIManager.startExperiment (/home/meliani/.local/lib/python3.10/site-packages/nni_node/core/nnimanager.js:213:14)
[2026-05-22 22:20:15] ERROR (experiments_manager) Error: File has been locked.
    at withLockNoWait (/home/meliani/.local/lib/python3.10/site-packages/nni_node/extensions/experiments_manager/utils.js:45:15)
    at ExperimentsManager.setExperimentInfo (/home/meliani/.local/lib/python3.10/site-packages/nni_node/extensions/experiments_manager/manager.js:75:40)
    at Timeout.<anonymous> (/home/meliani/.local/lib/python3.10/site-packages/nni_node/extensions/experiments_manager/manager.js:91:70)
    at listOnTimeout (node:internal/timers:569:17)
    at process.processTimers (node:internal/timers:512:7)
[2026-05-22 22:20:15] ERROR (experiments_manager) Error: File has been locked.
    at withLockNoWait (/home/meliani/.local/lib/python3.10/site-packages/nni_node/extensions/experiments_manager/utils.js:45:15)
    at ExperimentsManager.setExperimentInfo (/home/meliani/.local/lib/python3.10/site-packages/nni_node/extensions/experiments_manager/manager.js:75:40)
    at Timeout.<anonymous> (/home/meliani/.local/lib/python3.10/site-packages/nni_node/extensions/experiments_manager/manager.js:91:70)
    at listOnTimeout (node:internal/timers:569:17)
    at process.processTimers (node:internal/timers:512:7)
[2026-05-22 22:20:15] ERROR (experiments_manager) Error: File has been locked.
    at withLockNoWait (/home/meliani/.local/lib/python3.10/site-packages/nni_node/extensions/experiments_manager/utils.js:45:15)
    at ExperimentsManager.setExperimentInfo (/home/meliani/.local/lib/python3.10/site-packages/nni_node/extensions/experiments_manager/manager.js:75:40)
    at Timeout.<anonymous> (/home/meliani/.local/lib/python3.10/site-packages/nni_node/extensions/experiments_manager/manager.js:91:70)
    at listOnTimeout (node:internal/timers:569:17)
    at process.processTimers (node:internal/timers:512:7)
[2026-05-22 22:20:15] ERROR (experiments_manager) Error: File has been locked.
    at withLockNoWait (/home/meliani/.local/lib/python3.10/site-packages/nni_node/extensions/experiments_manager/utils.js:45:15)
    at ExperimentsManager.setExperimentInfo (/home/meliani/.local/lib/python3.10/site-packages/nni_node/extensions/experiments_manager/manager.js:75:40)
    at Timeout.<anonymous> (/home/meliani/.local/lib/python3.10/site-packages/nni_node/extensions/experiments_manager/manager.js:91:70)
    at listOnTimeout (node:internal/timers:569:17)
    at process.processTimers (node:internal/timers:512:7)
[2026-05-22 22:20:15] ERROR (experiments_manager) Error: File has been locked.
    at withLockNoWait (/home/meliani/.local/lib/python3.10/site-packages/nni_node/extensions/experiments_manager/utils.js:45:15)
    at ExperimentsManager.setExperimentInfo (/home/meliani/.local/lib/python3.10/site-packages/nni_node/extensions/experiments_manager/manager.js:75:40)
    at Timeout.<anonymous> (/home/meliani/.local/lib/python3.10/site-packages/nni_node/extensions/experiments_manager/manager.js:91:70)
    at listOnTimeout (node:internal/timers:569:17)
    at process.processTimers (node:internal/timers:512:7)
[2026-05-22 22:20:15] ERROR (experiments_manager) Error: File has been locked.
    at withLockNoWait (/home/meliani/.local/lib/python3.10/site-packages/nni_node/extensions/experiments_manager/utils.js:45:15)
    at ExperimentsManager.setExperimentInfo (/home/meliani/.local/lib/python3.10/site-packages/nni_node/extensions/experiments_manager/manager.js:75:40)
    at Timeout.<anonymous> (/home/meliani/.local/lib/python3.10/site-packages/nni_node/extensions/experiments_manager/manager.js:91:70)
    at listOnTimeout (node:internal/timers:569:17)
    at process.processTimers (node:internal/timers:512:7)
[2026-05-22 22:20:15] ERROR (experiments_manager) Error: File has been locked.
    at withLockNoWait (/home/meliani/.local/lib/python3.10/site-packages/nni_node/extensions/experiments_manager/utils.js:45:15)
    at ExperimentsManager.setExperimentInfo (/home/meliani/.local/lib/python3.10/site-packages/nni_node/extensions/experiments_manager/manager.js:75:40)
    at Timeout.<anonymous> (/home/meliani/.local/lib/python3.10/site-packages/nni_node/extensions/experiments_manager/manager.js:91:70)
    at listOnTimeout (node:internal/timers:569:17)
    at process.processTimers (node:internal/timers:512:7)
[2026-05-22 22:20:15] ERROR (experiments_manager) Error: File has been locked.
    at withLockNoWait (/home/meliani/.local/lib/python3.10/site-packages/nni_node/extensions/experiments_manager/utils.js:45:15)
    at ExperimentsManager.setExperimentInfo (/home/meliani/.local/lib/python3.10/site-packages/nni_node/extensions/experiments_manager/manager.js:75:40)
    at Timeout.<anonymous> (/home/meliani/.local/lib/python3.10/site-packages/nni_node/extensions/experiments_manager/manager.js:91:70)
    at listOnTimeout (node:internal/timers:569:17)
    at process.processTimers (node:internal/timers:512:7)
[2026-05-22 22:20:15] ERROR (experiments_manager) Error: File has been locked.
    at withLockNoWait (/home/meliani/.local/lib/python3.10/site-packages/nni_node/extensions/experiments_manager/utils.js:45:15)
    at ExperimentsManager.setExperimentInfo (/home/meliani/.local/lib/python3.10/site-packages/nni_node/extensions/experiments_manager/manager.js:75:40)
    at Timeout.<anonymous> (/home/meliani/.local/lib/python3.10/site-packages/nni_node/extensions/experiments_manager/manager.js:91:70)
    at listOnTimeout (node:internal/timers:569:17)
    at process.processTimers (node:internal/timers:512:7)
[2026-05-22 22:20:15] ERROR (experiments_manager) Error: File has been locked.
    at withLockNoWait (/home/meliani/.local/lib/python3.10/site-packages/nni_node/extensions/experiments_manager/utils.js:45:15)
    at ExperimentsManager.setExperimentInfo (/home/meliani/.local/lib/python3.10/site-packages/nni_node/extensions/experiments_manager/manager.js:75:40)
    at Timeout.<anonymous> (/home/meliani/.local/lib/python3.10/site-packages/nni_node/extensions/experiments_manager/manager.js:91:70)
    at listOnTimeout (node:internal/timers:569:17)
    at process.processTimers (node:internal/timers:512:7)
[2026-05-22 22:20:15] INFO (NNIManager) Add event listeners
[2026-05-22 22:20:15] INFO (LocalV3.local) Start
[2026-05-22 22:20:15] INFO (NNIManager) NNIManager received command from dispatcher: ID, 
[2026-05-22 22:20:15] INFO (NNIManager) NNIManager received command from dispatcher: TR, {"parameter_id": 0, "parameter_source": "algorithm", "parameters": {"model_type": "TCN", "units": 128, "num_layers": 2, "dropout": 0.5, "activation": "elu", "lr": 9.161585728688324e-05, "window_size": 25, "batch_size": 128, "epochs": 5, "kernel_size": 2, "attention_heads": 4}, "parameter_index": 0}
[2026-05-22 22:20:16] INFO (NNIManager) submitTrialJob: form: {
  sequenceId: 0,
  hyperParameters: {
    value: '{"parameter_id": 0, "parameter_source": "algorithm", "parameters": {"model_type": "TCN", "units": 128, "num_layers": 2, "dropout": 0.5, "activation": "elu", "lr": 9.161585728688324e-05, "window_size": 25, "batch_size": 128, "epochs": 5, "kernel_size": 2, "attention_heads": 4}, "parameter_index": 0}',
    index: 0
  },
  placementConstraint: { type: 'None', gpus: [] }
}
[2026-05-22 22:20:17] INFO (LocalV3.local) Register directory trial_code = /home/meliani/Desktop/phd/fast-track
[2026-05-22 22:20:17] INFO (LocalV3.local) Created trial TrGFs
[2026-05-22 22:20:19] INFO (LocalV3.local) Trial parameter: TrGFs {"parameter_id": 0, "parameter_source": "algorithm", "parameters": {"model_type": "TCN", "units": 128, "num_layers": 2, "dropout": 0.5, "activation": "elu", "lr": 9.161585728688324e-05, "window_size": 25, "batch_size": 128, "epochs": 5, "kernel_size": 2, "attention_heads": 4}, "parameter_index": 0}
[2026-05-22 22:20:23] INFO (NNIManager) Trial job TrGFs status changed from RUNNING to SUCCEEDED
[2026-05-22 22:20:23] INFO (NNIManager) NNIManager received command from dispatcher: TR, {"parameter_id": 1, "parameter_source": "algorithm", "parameters": {"model_type": "RNN", "units": 16, "num_layers": 1, "dropout": 0.2, "activation": "relu", "lr": 0.0013950949073870881, "window_size": 13, "batch_size": 64, "epochs": 15, "kernel_size": 7, "attention_heads": 2}, "parameter_index": 0}
[2026-05-22 22:20:23] INFO (NNIManager) submitTrialJob: form: {
  sequenceId: 1,
  hyperParameters: {
    value: '{"parameter_id": 1, "parameter_source": "algorithm", "parameters": {"model_type": "RNN", "units": 16, "num_layers": 1, "dropout": 0.2, "activation": "relu", "lr": 0.0013950949073870881, "window_size": 13, "batch_size": 64, "epochs": 15, "kernel_size": 7, "attention_heads": 2}, "parameter_index": 0}',
    index: 0
  },
  placementConstraint: { type: 'None', gpus: [] }
}
[2026-05-22 22:20:23] INFO (LocalV3.local) Created trial OvIal
[2026-05-22 22:20:26] INFO (LocalV3.local) Trial parameter: OvIal {"parameter_id": 1, "parameter_source": "algorithm", "parameters": {"model_type": "RNN", "units": 16, "num_layers": 1, "dropout": 0.2, "activation": "relu", "lr": 0.0013950949073870881, "window_size": 13, "batch_size": 64, "epochs": 15, "kernel_size": 7, "attention_heads": 2}, "parameter_index": 0}
[2026-05-22 22:20:32] INFO (NNIManager) Trial job OvIal status changed from RUNNING to SUCCEEDED
[2026-05-22 22:20:32] INFO (NNIManager) NNIManager received command from dispatcher: TR, {"parameter_id": 2, "parameter_source": "algorithm", "parameters": {"model_type": "LSTM", "units": 256, "num_layers": 4, "dropout": 0.5, "activation": "tanh", "lr": 8.31961681793386e-05, "window_size": 27, "batch_size": 64, "epochs": 15, "kernel_size": 7, "attention_heads": 8}, "parameter_index": 0}
[2026-05-22 22:20:32] INFO (NNIManager) submitTrialJob: form: {
  sequenceId: 2,
  hyperParameters: {
    value: '{"parameter_id": 2, "parameter_source": "algorithm", "parameters": {"model_type": "LSTM", "units": 256, "num_layers": 4, "dropout": 0.5, "activation": "tanh", "lr": 8.31961681793386e-05, "window_size": 27, "batch_size": 64, "epochs": 15, "kernel_size": 7, "attention_heads": 8}, "parameter_index": 0}',
    index: 0
  },
  placementConstraint: { type: 'None', gpus: [] }
}
[2026-05-22 22:20:32] INFO (LocalV3.local) Created trial Q25oj
[2026-05-22 22:20:35] INFO (LocalV3.local) Trial parameter: Q25oj {"parameter_id": 2, "parameter_source": "algorithm", "parameters": {"model_type": "LSTM", "units": 256, "num_layers": 4, "dropout": 0.5, "activation": "tanh", "lr": 8.31961681793386e-05, "window_size": 27, "batch_size": 64, "epochs": 15, "kernel_size": 7, "attention_heads": 8}, "parameter_index": 0}
[2026-05-22 22:21:21] INFO (NNIManager) Trial job Q25oj status changed from RUNNING to SUCCEEDED
[2026-05-22 22:21:21] INFO (NNIManager) NNIManager received command from dispatcher: TR, {"parameter_id": 3, "parameter_source": "algorithm", "parameters": {"model_type": "RNN", "units": 128, "num_layers": 3, "dropout": 0.3, "activation": "sigmoid", "lr": 0.004538597791525187, "window_size": 2, "batch_size": 16, "epochs": 10, "kernel_size": 2, "attention_heads": 8}, "parameter_index": 0}
[2026-05-22 22:21:22] INFO (NNIManager) submitTrialJob: form: {
  sequenceId: 3,
  hyperParameters: {
    value: '{"parameter_id": 3, "parameter_source": "algorithm", "parameters": {"model_type": "RNN", "units": 128, "num_layers": 3, "dropout": 0.3, "activation": "sigmoid", "lr": 0.004538597791525187, "window_size": 2, "batch_size": 16, "epochs": 10, "kernel_size": 2, "attention_heads": 8}, "parameter_index": 0}',
    index: 0
  },
  placementConstraint: { type: 'None', gpus: [] }
}
[2026-05-22 22:21:22] INFO (LocalV3.local) Created trial s4pHD
[2026-05-22 22:21:28] INFO (LocalV3.local) Trial parameter: s4pHD {"parameter_id": 3, "parameter_source": "algorithm", "parameters": {"model_type": "RNN", "units": 128, "num_layers": 3, "dropout": 0.3, "activation": "sigmoid", "lr": 0.004538597791525187, "window_size": 2, "batch_size": 16, "epochs": 10, "kernel_size": 2, "attention_heads": 8}, "parameter_index": 0}
[2026-05-22 22:21:39] INFO (NNIManager) Trial job s4pHD status changed from RUNNING to SUCCEEDED
[2026-05-22 22:21:39] INFO (NNIManager) NNIManager received command from dispatcher: TR, {"parameter_id": 4, "parameter_source": "algorithm", "parameters": {"model_type": "MLP", "units": 64, "num_layers": 4, "dropout": 0, "activation": "tanh", "lr": 2.44553758330252e-05, "window_size": 4, "batch_size": 64, "epochs": 10, "kernel_size": 2, "attention_heads": 4}, "parameter_index": 0}
[2026-05-22 22:21:39] INFO (NNIManager) submitTrialJob: form: {
  sequenceId: 4,
  hyperParameters: {
    value: '{"parameter_id": 4, "parameter_source": "algorithm", "parameters": {"model_type": "MLP", "units": 64, "num_layers": 4, "dropout": 0, "activation": "tanh", "lr": 2.44553758330252e-05, "window_size": 4, "batch_size": 64, "epochs": 10, "kernel_size": 2, "attention_heads": 4}, "parameter_index": 0}',
    index: 0
  },
  placementConstraint: { type: 'None', gpus: [] }
}
[2026-05-22 22:21:39] INFO (LocalV3.local) Created trial nuUaI
[2026-05-22 22:21:44] INFO (LocalV3.local) Trial parameter: nuUaI {"parameter_id": 4, "parameter_source": "algorithm", "parameters": {"model_type": "MLP", "units": 64, "num_layers": 4, "dropout": 0, "activation": "tanh", "lr": 2.44553758330252e-05, "window_size": 4, "batch_size": 64, "epochs": 10, "kernel_size": 2, "attention_heads": 4}, "parameter_index": 0}
[2026-05-22 22:21:49] INFO (NNIManager) Trial job nuUaI status changed from RUNNING to SUCCEEDED
[2026-05-22 22:21:49] INFO (NNIManager) NNIManager received command from dispatcher: TR, {"parameter_id": 5, "parameter_source": "algorithm", "parameters": {"model_type": "CNN", "units": 128, "num_layers": 1, "dropout": 0.5, "activation": "relu", "lr": 0.002705831824200457, "window_size": 16, "batch_size": 32, "epochs": 10, "kernel_size": 5, "attention_heads": 2}, "parameter_index": 0}
[2026-05-22 22:21:50] INFO (NNIManager) submitTrialJob: form: {
  sequenceId: 5,
  hyperParameters: {
    value: '{"parameter_id": 5, "parameter_source": "algorithm", "parameters": {"model_type": "CNN", "units": 128, "num_layers": 1, "dropout": 0.5, "activation": "relu", "lr": 0.002705831824200457, "window_size": 16, "batch_size": 32, "epochs": 10, "kernel_size": 5, "attention_heads": 2}, "parameter_index": 0}',
    index: 0
  },
  placementConstraint: { type: 'None', gpus: [] }
}
[2026-05-22 22:21:50] INFO (LocalV3.local) Created trial DsBTU
[2026-05-22 22:21:53] INFO (LocalV3.local) Trial parameter: DsBTU {"parameter_id": 5, "parameter_source": "algorithm", "parameters": {"model_type": "CNN", "units": 128, "num_layers": 1, "dropout": 0.5, "activation": "relu", "lr": 0.002705831824200457, "window_size": 16, "batch_size": 32, "epochs": 10, "kernel_size": 5, "attention_heads": 2}, "parameter_index": 0}
[2026-05-22 22:21:57] INFO (NNIManager) Trial job DsBTU status changed from RUNNING to SUCCEEDED
[2026-05-22 22:21:57] INFO (NNIManager) NNIManager received command from dispatcher: TR, {"parameter_id": 6, "parameter_source": "algorithm", "parameters": {"model_type": "GRU", "units": 64, "num_layers": 1, "dropout": 0.1, "activation": "sigmoid", "lr": 1.4371807859996112e-05, "window_size": 11, "batch_size": 16, "epochs": 10, "kernel_size": 2, "attention_heads": 8}, "parameter_index": 0}
[2026-05-22 22:21:58] INFO (NNIManager) submitTrialJob: form: {
  sequenceId: 6,
  hyperParameters: {
    value: '{"parameter_id": 6, "parameter_source": "algorithm", "parameters": {"model_type": "GRU", "units": 64, "num_layers": 1, "dropout": 0.1, "activation": "sigmoid", "lr": 1.4371807859996112e-05, "window_size": 11, "batch_size": 16, "epochs": 10, "kernel_size": 2, "attention_heads": 8}, "parameter_index": 0}',
    index: 0
  },
  placementConstraint: { type: 'None', gpus: [] }
}
[2026-05-22 22:21:58] INFO (LocalV3.local) Created trial ka62s
[2026-05-22 22:22:01] INFO (LocalV3.local) Trial parameter: ka62s {"parameter_id": 6, "parameter_source": "algorithm", "parameters": {"model_type": "GRU", "units": 64, "num_layers": 1, "dropout": 0.1, "activation": "sigmoid", "lr": 1.4371807859996112e-05, "window_size": 11, "batch_size": 16, "epochs": 10, "kernel_size": 2, "attention_heads": 8}, "parameter_index": 0}
[2026-05-22 22:22:08] INFO (NNIManager) Trial job ka62s status changed from RUNNING to SUCCEEDED
[2026-05-22 22:22:08] INFO (NNIManager) NNIManager received command from dispatcher: TR, {"parameter_id": 7, "parameter_source": "algorithm", "parameters": {"model_type": "CNN", "units": 128, "num_layers": 1, "dropout": 0, "activation": "relu", "lr": 5.37746884816219e-05, "window_size": 24, "batch_size": 32, "epochs": 5, "kernel_size": 3, "attention_heads": 8}, "parameter_index": 0}
[2026-05-22 22:22:09] INFO (NNIManager) submitTrialJob: form: {
  sequenceId: 7,
  hyperParameters: {
    value: '{"parameter_id": 7, "parameter_source": "algorithm", "parameters": {"model_type": "CNN", "units": 128, "num_layers": 1, "dropout": 0, "activation": "relu", "lr": 5.37746884816219e-05, "window_size": 24, "batch_size": 32, "epochs": 5, "kernel_size": 3, "attention_heads": 8}, "parameter_index": 0}',
    index: 0
  },
  placementConstraint: { type: 'None', gpus: [] }
}
[2026-05-22 22:22:09] INFO (LocalV3.local) Created trial Wour6
[2026-05-22 22:22:11] INFO (LocalV3.local) Trial parameter: Wour6 {"parameter_id": 7, "parameter_source": "algorithm", "parameters": {"model_type": "CNN", "units": 128, "num_layers": 1, "dropout": 0, "activation": "relu", "lr": 5.37746884816219e-05, "window_size": 24, "batch_size": 32, "epochs": 5, "kernel_size": 3, "attention_heads": 8}, "parameter_index": 0}
[2026-05-22 22:22:14] INFO (NNIManager) Trial job Wour6 status changed from RUNNING to SUCCEEDED
[2026-05-22 22:22:14] INFO (NNIManager) NNIManager received command from dispatcher: TR, {"parameter_id": 8, "parameter_source": "algorithm", "parameters": {"model_type": "TCN", "units": 16, "num_layers": 4, "dropout": 0.5, "activation": "relu", "lr": 0.0027892914231092115, "window_size": 24, "batch_size": 16, "epochs": 5, "kernel_size": 2, "attention_heads": 4}, "parameter_index": 0}
[2026-05-22 22:22:15] INFO (NNIManager) submitTrialJob: form: {
  sequenceId: 8,
  hyperParameters: {
    value: '{"parameter_id": 8, "parameter_source": "algorithm", "parameters": {"model_type": "TCN", "units": 16, "num_layers": 4, "dropout": 0.5, "activation": "relu", "lr": 0.0027892914231092115, "window_size": 24, "batch_size": 16, "epochs": 5, "kernel_size": 2, "attention_heads": 4}, "parameter_index": 0}',
    index: 0
  },
  placementConstraint: { type: 'None', gpus: [] }
}
[2026-05-22 22:22:15] INFO (LocalV3.local) Created trial CMlHw
[2026-05-22 22:22:18] INFO (LocalV3.local) Trial parameter: CMlHw {"parameter_id": 8, "parameter_source": "algorithm", "parameters": {"model_type": "TCN", "units": 16, "num_layers": 4, "dropout": 0.5, "activation": "relu", "lr": 0.0027892914231092115, "window_size": 24, "batch_size": 16, "epochs": 5, "kernel_size": 2, "attention_heads": 4}, "parameter_index": 0}
[2026-05-22 22:22:22] INFO (NNIManager) Trial job CMlHw status changed from RUNNING to SUCCEEDED
[2026-05-22 22:22:22] INFO (NNIManager) NNIManager received command from dispatcher: TR, {"parameter_id": 9, "parameter_source": "algorithm", "parameters": {"model_type": "Transformer", "units": 32, "num_layers": 4, "dropout": 0.5, "activation": "relu", "lr": 0.00025776040480771046, "window_size": 3, "batch_size": 32, "epochs": 20, "kernel_size": 7, "attention_heads": 4}, "parameter_index": 0}
[2026-05-22 22:22:22] INFO (NNIManager) submitTrialJob: form: {
  sequenceId: 9,
  hyperParameters: {
    value: '{"parameter_id": 9, "parameter_source": "algorithm", "parameters": {"model_type": "Transformer", "units": 32, "num_layers": 4, "dropout": 0.5, "activation": "relu", "lr": 0.00025776040480771046, "window_size": 3, "batch_size": 32, "epochs": 20, "kernel_size": 7, "attention_heads": 4}, "parameter_index": 0}',
    index: 0
  },
  placementConstraint: { type: 'None', gpus: [] }
}
[2026-05-22 22:22:22] INFO (LocalV3.local) Created trial n2bLe
[2026-05-22 22:22:25] INFO (LocalV3.local) Trial parameter: n2bLe {"parameter_id": 9, "parameter_source": "algorithm", "parameters": {"model_type": "Transformer", "units": 32, "num_layers": 4, "dropout": 0.5, "activation": "relu", "lr": 0.00025776040480771046, "window_size": 3, "batch_size": 32, "epochs": 20, "kernel_size": 7, "attention_heads": 4}, "parameter_index": 0}
[2026-05-22 22:22:41] INFO (NNIManager) Trial job n2bLe status changed from RUNNING to SUCCEEDED
[2026-05-22 22:22:41] INFO (NNIManager) NNIManager received command from dispatcher: TR, {"parameter_id": 10, "parameter_source": "algorithm", "parameters": {"model_type": "MLP", "units": 32, "num_layers": 2, "dropout": 0.5, "activation": "relu", "lr": 3.338570505081398e-05, "window_size": 27, "batch_size": 128, "epochs": 20, "kernel_size": 5, "attention_heads": 4}, "parameter_index": 0}
[2026-05-22 22:22:42] INFO (NNIManager) submitTrialJob: form: {
  sequenceId: 10,
  hyperParameters: {
    value: '{"parameter_id": 10, "parameter_source": "algorithm", "parameters": {"model_type": "MLP", "units": 32, "num_layers": 2, "dropout": 0.5, "activation": "relu", "lr": 3.338570505081398e-05, "window_size": 27, "batch_size": 128, "epochs": 20, "kernel_size": 5, "attention_heads": 4}, "parameter_index": 0}',
    index: 0
  },
  placementConstraint: { type: 'None', gpus: [] }
}
[2026-05-22 22:22:42] INFO (LocalV3.local) Created trial zpq7V
[2026-05-22 22:22:45] INFO (LocalV3.local) Trial parameter: zpq7V {"parameter_id": 10, "parameter_source": "algorithm", "parameters": {"model_type": "MLP", "units": 32, "num_layers": 2, "dropout": 0.5, "activation": "relu", "lr": 3.338570505081398e-05, "window_size": 27, "batch_size": 128, "epochs": 20, "kernel_size": 5, "attention_heads": 4}, "parameter_index": 0}
[2026-05-22 22:22:51] INFO (NNIManager) Trial job zpq7V status changed from RUNNING to SUCCEEDED
[2026-05-22 22:22:51] INFO (NNIManager) NNIManager received command from dispatcher: TR, {"parameter_id": 11, "parameter_source": "algorithm", "parameters": {"model_type": "GRU", "units": 16, "num_layers": 4, "dropout": 0.1, "activation": "elu", "lr": 0.0005911725488678016, "window_size": 30, "batch_size": 16, "epochs": 5, "kernel_size": 3, "attention_heads": 8}, "parameter_index": 0}
[2026-05-22 22:22:52] INFO (NNIManager) submitTrialJob: form: {
  sequenceId: 11,
  hyperParameters: {
    value: '{"parameter_id": 11, "parameter_source": "algorithm", "parameters": {"model_type": "GRU", "units": 16, "num_layers": 4, "dropout": 0.1, "activation": "elu", "lr": 0.0005911725488678016, "window_size": 30, "batch_size": 16, "epochs": 5, "kernel_size": 3, "attention_heads": 8}, "parameter_index": 0}',
    index: 0
  },
  placementConstraint: { type: 'None', gpus: [] }
}
[2026-05-22 22:22:52] INFO (LocalV3.local) Created trial SeShL
[2026-05-22 22:22:55] INFO (LocalV3.local) Trial parameter: SeShL {"parameter_id": 11, "parameter_source": "algorithm", "parameters": {"model_type": "GRU", "units": 16, "num_layers": 4, "dropout": 0.1, "activation": "elu", "lr": 0.0005911725488678016, "window_size": 30, "batch_size": 16, "epochs": 5, "kernel_size": 3, "attention_heads": 8}, "parameter_index": 0}
[2026-05-22 22:23:08] INFO (NNIManager) Trial job SeShL status changed from RUNNING to SUCCEEDED
[2026-05-22 22:23:08] INFO (NNIManager) NNIManager received command from dispatcher: TR, {"parameter_id": 12, "parameter_source": "algorithm", "parameters": {"model_type": "TCN", "units": 16, "num_layers": 2, "dropout": 0.3, "activation": "sigmoid", "lr": 0.00012187593206372989, "window_size": 5, "batch_size": 64, "epochs": 5, "kernel_size": 5, "attention_heads": 8}, "parameter_index": 0}
[2026-05-22 22:23:08] INFO (NNIManager) submitTrialJob: form: {
  sequenceId: 12,
  hyperParameters: {
    value: '{"parameter_id": 12, "parameter_source": "algorithm", "parameters": {"model_type": "TCN", "units": 16, "num_layers": 2, "dropout": 0.3, "activation": "sigmoid", "lr": 0.00012187593206372989, "window_size": 5, "batch_size": 64, "epochs": 5, "kernel_size": 5, "attention_heads": 8}, "parameter_index": 0}',
    index: 0
  },
  placementConstraint: { type: 'None', gpus: [] }
}
[2026-05-22 22:23:09] INFO (LocalV3.local) Created trial csNLT
[2026-05-22 22:23:11] INFO (LocalV3.local) Trial parameter: csNLT {"parameter_id": 12, "parameter_source": "algorithm", "parameters": {"model_type": "TCN", "units": 16, "num_layers": 2, "dropout": 0.3, "activation": "sigmoid", "lr": 0.00012187593206372989, "window_size": 5, "batch_size": 64, "epochs": 5, "kernel_size": 5, "attention_heads": 8}, "parameter_index": 0}
[2026-05-22 22:23:15] INFO (NNIManager) Trial job csNLT status changed from RUNNING to SUCCEEDED
[2026-05-22 22:23:15] INFO (NNIManager) NNIManager received command from dispatcher: TR, {"parameter_id": 13, "parameter_source": "algorithm", "parameters": {"model_type": "CNN", "units": 16, "num_layers": 2, "dropout": 0.2, "activation": "relu", "lr": 0.0012317979279750236, "window_size": 5, "batch_size": 32, "epochs": 10, "kernel_size": 2, "attention_heads": 4}, "parameter_index": 0}
[2026-05-22 22:23:15] INFO (NNIManager) submitTrialJob: form: {
  sequenceId: 13,
  hyperParameters: {
    value: '{"parameter_id": 13, "parameter_source": "algorithm", "parameters": {"model_type": "CNN", "units": 16, "num_layers": 2, "dropout": 0.2, "activation": "relu", "lr": 0.0012317979279750236, "window_size": 5, "batch_size": 32, "epochs": 10, "kernel_size": 2, "attention_heads": 4}, "parameter_index": 0}',
    index: 0
  },
  placementConstraint: { type: 'None', gpus: [] }
}
[2026-05-22 22:23:15] INFO (LocalV3.local) Created trial g3qMN
[2026-05-22 22:23:18] INFO (LocalV3.local) Trial parameter: g3qMN {"parameter_id": 13, "parameter_source": "algorithm", "parameters": {"model_type": "CNN", "units": 16, "num_layers": 2, "dropout": 0.2, "activation": "relu", "lr": 0.0012317979279750236, "window_size": 5, "batch_size": 32, "epochs": 10, "kernel_size": 2, "attention_heads": 4}, "parameter_index": 0}
[2026-05-22 22:23:25] INFO (NNIManager) Trial job g3qMN status changed from RUNNING to SUCCEEDED
[2026-05-22 22:23:25] INFO (NNIManager) NNIManager received command from dispatcher: TR, {"parameter_id": 14, "parameter_source": "algorithm", "parameters": {"model_type": "MLP", "units": 128, "num_layers": 1, "dropout": 0.3, "activation": "sigmoid", "lr": 0.007392676565825792, "window_size": 26, "batch_size": 16, "epochs": 5, "kernel_size": 5, "attention_heads": 4}, "parameter_index": 0}
[2026-05-22 22:23:26] INFO (NNIManager) submitTrialJob: form: {
  sequenceId: 14,
  hyperParameters: {
    value: '{"parameter_id": 14, "parameter_source": "algorithm", "parameters": {"model_type": "MLP", "units": 128, "num_layers": 1, "dropout": 0.3, "activation": "sigmoid", "lr": 0.007392676565825792, "window_size": 26, "batch_size": 16, "epochs": 5, "kernel_size": 5, "attention_heads": 4}, "parameter_index": 0}',
    index: 0
  },
  placementConstraint: { type: 'None', gpus: [] }
}
[2026-05-22 22:23:26] INFO (LocalV3.local) Created trial oYf8F
[2026-05-22 22:23:29] INFO (LocalV3.local) Trial parameter: oYf8F {"parameter_id": 14, "parameter_source": "algorithm", "parameters": {"model_type": "MLP", "units": 128, "num_layers": 1, "dropout": 0.3, "activation": "sigmoid", "lr": 0.007392676565825792, "window_size": 26, "batch_size": 16, "epochs": 5, "kernel_size": 5, "attention_heads": 4}, "parameter_index": 0}
[2026-05-22 22:23:34] INFO (NNIManager) Trial job oYf8F status changed from RUNNING to SUCCEEDED
[2026-05-22 22:23:34] INFO (NNIManager) NNIManager received command from dispatcher: TR, {"parameter_id": 15, "parameter_source": "algorithm", "parameters": {"model_type": "LSTM", "units": 32, "num_layers": 4, "dropout": 0.3, "activation": "sigmoid", "lr": 5.939383621323632e-05, "window_size": 18, "batch_size": 128, "epochs": 20, "kernel_size": 7, "attention_heads": 4}, "parameter_index": 0}
[2026-05-22 22:23:34] INFO (NNIManager) submitTrialJob: form: {
  sequenceId: 15,
  hyperParameters: {
    value: '{"parameter_id": 15, "parameter_source": "algorithm", "parameters": {"model_type": "LSTM", "units": 32, "num_layers": 4, "dropout": 0.3, "activation": "sigmoid", "lr": 5.939383621323632e-05, "window_size": 18, "batch_size": 128, "epochs": 20, "kernel_size": 7, "attention_heads": 4}, "parameter_index": 0}',
    index: 0
  },
  placementConstraint: { type: 'None', gpus: [] }
}
[2026-05-22 22:23:34] INFO (LocalV3.local) Created trial Upuia
[2026-05-22 22:23:38] INFO (LocalV3.local) Trial parameter: Upuia {"parameter_id": 15, "parameter_source": "algorithm", "parameters": {"model_type": "LSTM", "units": 32, "num_layers": 4, "dropout": 0.3, "activation": "sigmoid", "lr": 5.939383621323632e-05, "window_size": 18, "batch_size": 128, "epochs": 20, "kernel_size": 7, "attention_heads": 4}, "parameter_index": 0}
[2026-05-22 22:23:59] INFO (NNIManager) Trial job Upuia status changed from RUNNING to SUCCEEDED
[2026-05-22 22:23:59] INFO (NNIManager) NNIManager received command from dispatcher: TR, {"parameter_id": 16, "parameter_source": "algorithm", "parameters": {"model_type": "LSTM", "units": 32, "num_layers": 4, "dropout": 0.1, "activation": "sigmoid", "lr": 5.267115239315239e-05, "window_size": 3, "batch_size": 16, "epochs": 15, "kernel_size": 7, "attention_heads": 8}, "parameter_index": 0}
[2026-05-22 22:23:59] INFO (NNIManager) submitTrialJob: form: {
  sequenceId: 16,
  hyperParameters: {
    value: '{"parameter_id": 16, "parameter_source": "algorithm", "parameters": {"model_type": "LSTM", "units": 32, "num_layers": 4, "dropout": 0.1, "activation": "sigmoid", "lr": 5.267115239315239e-05, "window_size": 3, "batch_size": 16, "epochs": 15, "kernel_size": 7, "attention_heads": 8}, "parameter_index": 0}',
    index: 0
  },
  placementConstraint: { type: 'None', gpus: [] }
}
[2026-05-22 22:23:59] INFO (LocalV3.local) Created trial SSWKG
[2026-05-22 22:24:02] INFO (LocalV3.local) Trial parameter: SSWKG {"parameter_id": 16, "parameter_source": "algorithm", "parameters": {"model_type": "LSTM", "units": 32, "num_layers": 4, "dropout": 0.1, "activation": "sigmoid", "lr": 5.267115239315239e-05, "window_size": 3, "batch_size": 16, "epochs": 15, "kernel_size": 7, "attention_heads": 8}, "parameter_index": 0}
[2026-05-22 22:24:20] INFO (NNIManager) Trial job SSWKG status changed from RUNNING to SUCCEEDED
[2026-05-22 22:24:20] INFO (NNIManager) NNIManager received command from dispatcher: TR, {"parameter_id": 17, "parameter_source": "algorithm", "parameters": {"model_type": "MLP", "units": 64, "num_layers": 3, "dropout": 0.3, "activation": "relu", "lr": 0.000557638819500512, "window_size": 13, "batch_size": 64, "epochs": 20, "kernel_size": 5, "attention_heads": 8}, "parameter_index": 0}
[2026-05-22 22:24:21] INFO (NNIManager) submitTrialJob: form: {
  sequenceId: 17,
  hyperParameters: {
    value: '{"parameter_id": 17, "parameter_source": "algorithm", "parameters": {"model_type": "MLP", "units": 64, "num_layers": 3, "dropout": 0.3, "activation": "relu", "lr": 0.000557638819500512, "window_size": 13, "batch_size": 64, "epochs": 20, "kernel_size": 5, "attention_heads": 8}, "parameter_index": 0}',
    index: 0
  },
  placementConstraint: { type: 'None', gpus: [] }
}
[2026-05-22 22:24:21] INFO (LocalV3.local) Created trial mjL3N
[2026-05-22 22:24:23] INFO (LocalV3.local) Trial parameter: mjL3N {"parameter_id": 17, "parameter_source": "algorithm", "parameters": {"model_type": "MLP", "units": 64, "num_layers": 3, "dropout": 0.3, "activation": "relu", "lr": 0.000557638819500512, "window_size": 13, "batch_size": 64, "epochs": 20, "kernel_size": 5, "attention_heads": 8}, "parameter_index": 0}
[2026-05-22 22:24:29] INFO (NNIManager) Trial job mjL3N status changed from RUNNING to SUCCEEDED
[2026-05-22 22:24:29] INFO (NNIManager) NNIManager received command from dispatcher: TR, {"parameter_id": 18, "parameter_source": "algorithm", "parameters": {"model_type": "LSTM", "units": 64, "num_layers": 2, "dropout": 0, "activation": "elu", "lr": 0.0019259940381684277, "window_size": 22, "batch_size": 128, "epochs": 10, "kernel_size": 7, "attention_heads": 8}, "parameter_index": 0}
[2026-05-22 22:24:30] INFO (NNIManager) submitTrialJob: form: {
  sequenceId: 18,
  hyperParameters: {
    value: '{"parameter_id": 18, "parameter_source": "algorithm", "parameters": {"model_type": "LSTM", "units": 64, "num_layers": 2, "dropout": 0, "activation": "elu", "lr": 0.0019259940381684277, "window_size": 22, "batch_size": 128, "epochs": 10, "kernel_size": 7, "attention_heads": 8}, "parameter_index": 0}',
    index: 0
  },
  placementConstraint: { type: 'None', gpus: [] }
}
[2026-05-22 22:24:30] INFO (LocalV3.local) Created trial ZQ8Hp
[2026-05-22 22:24:32] INFO (LocalV3.local) Trial parameter: ZQ8Hp {"parameter_id": 18, "parameter_source": "algorithm", "parameters": {"model_type": "LSTM", "units": 64, "num_layers": 2, "dropout": 0, "activation": "elu", "lr": 0.0019259940381684277, "window_size": 22, "batch_size": 128, "epochs": 10, "kernel_size": 7, "attention_heads": 8}, "parameter_index": 0}
[2026-05-22 22:24:42] INFO (NNIManager) Trial job ZQ8Hp status changed from RUNNING to SUCCEEDED
[2026-05-22 22:24:42] INFO (NNIManager) NNIManager received command from dispatcher: TR, {"parameter_id": 19, "parameter_source": "algorithm", "parameters": {"model_type": "Transformer", "units": 256, "num_layers": 1, "dropout": 0.3, "activation": "relu", "lr": 0.004610540502222519, "window_size": 10, "batch_size": 16, "epochs": 20, "kernel_size": 3, "attention_heads": 4}, "parameter_index": 0}
[2026-05-22 22:24:42] INFO (NNIManager) submitTrialJob: form: {
  sequenceId: 19,
  hyperParameters: {
    value: '{"parameter_id": 19, "parameter_source": "algorithm", "parameters": {"model_type": "Transformer", "units": 256, "num_layers": 1, "dropout": 0.3, "activation": "relu", "lr": 0.004610540502222519, "window_size": 10, "batch_size": 16, "epochs": 20, "kernel_size": 3, "attention_heads": 4}, "parameter_index": 0}',
    index: 0
  },
  placementConstraint: { type: 'None', gpus: [] }
}
[2026-05-22 22:24:42] INFO (LocalV3.local) Created trial oD9RP
[2026-05-22 22:24:45] INFO (LocalV3.local) Trial parameter: oD9RP {"parameter_id": 19, "parameter_source": "algorithm", "parameters": {"model_type": "Transformer", "units": 256, "num_layers": 1, "dropout": 0.3, "activation": "relu", "lr": 0.004610540502222519, "window_size": 10, "batch_size": 16, "epochs": 20, "kernel_size": 3, "attention_heads": 4}, "parameter_index": 0}
[2026-05-22 22:24:59] INFO (NNIManager) Trial job oD9RP status changed from RUNNING to SUCCEEDED
[2026-05-22 22:24:59] INFO (NNIManager) NNIManager received command from dispatcher: TR, {"parameter_id": 20, "parameter_source": "algorithm", "parameters": {"model_type": "Transformer", "units": 32, "num_layers": 2, "dropout": 0.5, "activation": "elu", "lr": 0.00021621560385919517, "window_size": 3, "batch_size": 128, "epochs": 20, "kernel_size": 7, "attention_heads": 4}, "parameter_index": 0}
[2026-05-22 22:24:59] INFO (NNIManager) submitTrialJob: form: {
  sequenceId: 20,
  hyperParameters: {
    value: '{"parameter_id": 20, "parameter_source": "algorithm", "parameters": {"model_type": "Transformer", "units": 32, "num_layers": 2, "dropout": 0.5, "activation": "elu", "lr": 0.00021621560385919517, "window_size": 3, "batch_size": 128, "epochs": 20, "kernel_size": 7, "attention_heads": 4}, "parameter_index": 0}',
    index: 0
  },
  placementConstraint: { type: 'None', gpus: [] }
}
[2026-05-22 22:24:59] INFO (LocalV3.local) Created trial Ae9kC
[2026-05-22 22:25:02] INFO (LocalV3.local) Trial parameter: Ae9kC {"parameter_id": 20, "parameter_source": "algorithm", "parameters": {"model_type": "Transformer", "units": 32, "num_layers": 2, "dropout": 0.5, "activation": "elu", "lr": 0.00021621560385919517, "window_size": 3, "batch_size": 128, "epochs": 20, "kernel_size": 7, "attention_heads": 4}, "parameter_index": 0}
[2026-05-22 22:25:13] INFO (NNIManager) Trial job Ae9kC status changed from RUNNING to SUCCEEDED
[2026-05-22 22:25:13] INFO (NNIManager) NNIManager received command from dispatcher: TR, {"parameter_id": 21, "parameter_source": "algorithm", "parameters": {"model_type": "Transformer", "units": 128, "num_layers": 3, "dropout": 0.5, "activation": "elu", "lr": 0.00019981005161830146, "window_size": 25, "batch_size": 32, "epochs": 20, "kernel_size": 2, "attention_heads": 2}, "parameter_index": 0}
[2026-05-22 22:25:14] INFO (NNIManager) submitTrialJob: form: {
  sequenceId: 21,
  hyperParameters: {
    value: '{"parameter_id": 21, "parameter_source": "algorithm", "parameters": {"model_type": "Transformer", "units": 128, "num_layers": 3, "dropout": 0.5, "activation": "elu", "lr": 0.00019981005161830146, "window_size": 25, "batch_size": 32, "epochs": 20, "kernel_size": 2, "attention_heads": 2}, "parameter_index": 0}',
    index: 0
  },
  placementConstraint: { type: 'None', gpus: [] }
}
[2026-05-22 22:25:14] INFO (LocalV3.local) Created trial sgPNl
[2026-05-22 22:25:19] INFO (LocalV3.local) Trial parameter: sgPNl {"parameter_id": 21, "parameter_source": "algorithm", "parameters": {"model_type": "Transformer", "units": 128, "num_layers": 3, "dropout": 0.5, "activation": "elu", "lr": 0.00019981005161830146, "window_size": 25, "batch_size": 32, "epochs": 20, "kernel_size": 2, "attention_heads": 2}, "parameter_index": 0}
[2026-05-22 22:26:04] INFO (NNIManager) Trial job sgPNl status changed from RUNNING to SUCCEEDED
[2026-05-22 22:26:04] INFO (NNIManager) NNIManager received command from dispatcher: TR, {"parameter_id": 22, "parameter_source": "algorithm", "parameters": {"model_type": "TCN", "units": 32, "num_layers": 2, "dropout": 0.5, "activation": "elu", "lr": 0.00040175891557659316, "window_size": 21, "batch_size": 128, "epochs": 5, "kernel_size": 7, "attention_heads": 4}, "parameter_index": 0}
[2026-05-22 22:26:04] INFO (NNIManager) submitTrialJob: form: {
  sequenceId: 22,
  hyperParameters: {
    value: '{"parameter_id": 22, "parameter_source": "algorithm", "parameters": {"model_type": "TCN", "units": 32, "num_layers": 2, "dropout": 0.5, "activation": "elu", "lr": 0.00040175891557659316, "window_size": 21, "batch_size": 128, "epochs": 5, "kernel_size": 7, "attention_heads": 4}, "parameter_index": 0}',
    index: 0
  },
  placementConstraint: { type: 'None', gpus: [] }
}
[2026-05-22 22:26:04] INFO (LocalV3.local) Created trial CUDoz
[2026-05-22 22:26:09] INFO (LocalV3.local) Trial parameter: CUDoz {"parameter_id": 22, "parameter_source": "algorithm", "parameters": {"model_type": "TCN", "units": 32, "num_layers": 2, "dropout": 0.5, "activation": "elu", "lr": 0.00040175891557659316, "window_size": 21, "batch_size": 128, "epochs": 5, "kernel_size": 7, "attention_heads": 4}, "parameter_index": 0}
[2026-05-22 22:26:14] INFO (NNIManager) Trial job CUDoz status changed from RUNNING to SUCCEEDED
[2026-05-22 22:26:14] INFO (NNIManager) NNIManager received command from dispatcher: TR, {"parameter_id": 23, "parameter_source": "algorithm", "parameters": {"model_type": "TCN", "units": 32, "num_layers": 4, "dropout": 0.5, "activation": "elu", "lr": 1.2528714184073305e-05, "window_size": 29, "batch_size": 32, "epochs": 20, "kernel_size": 2, "attention_heads": 4}, "parameter_index": 0}
[2026-05-22 22:26:14] INFO (NNIManager) submitTrialJob: form: {
  sequenceId: 23,
  hyperParameters: {
    value: '{"parameter_id": 23, "parameter_source": "algorithm", "parameters": {"model_type": "TCN", "units": 32, "num_layers": 4, "dropout": 0.5, "activation": "elu", "lr": 1.2528714184073305e-05, "window_size": 29, "batch_size": 32, "epochs": 20, "kernel_size": 2, "attention_heads": 4}, "parameter_index": 0}',
    index: 0
  },
  placementConstraint: { type: 'None', gpus: [] }
}
[2026-05-22 22:26:14] INFO (LocalV3.local) Created trial wZkE7
[2026-05-22 22:26:19] INFO (LocalV3.local) Trial parameter: wZkE7 {"parameter_id": 23, "parameter_source": "algorithm", "parameters": {"model_type": "TCN", "units": 32, "num_layers": 4, "dropout": 0.5, "activation": "elu", "lr": 1.2528714184073305e-05, "window_size": 29, "batch_size": 32, "epochs": 20, "kernel_size": 2, "attention_heads": 4}, "parameter_index": 0}
[2026-05-22 22:26:28] INFO (NNIManager) Trial job wZkE7 status changed from RUNNING to SUCCEEDED
[2026-05-22 22:26:28] INFO (NNIManager) NNIManager received command from dispatcher: TR, {"parameter_id": 24, "parameter_source": "algorithm", "parameters": {"model_type": "Transformer", "units": 128, "num_layers": 2, "dropout": 0.5, "activation": "tanh", "lr": 0.0001356896223201554, "window_size": 9, "batch_size": 128, "epochs": 5, "kernel_size": 7, "attention_heads": 4}, "parameter_index": 0}
[2026-05-22 22:26:29] INFO (NNIManager) submitTrialJob: form: {
  sequenceId: 24,
  hyperParameters: {
    value: '{"parameter_id": 24, "parameter_source": "algorithm", "parameters": {"model_type": "Transformer", "units": 128, "num_layers": 2, "dropout": 0.5, "activation": "tanh", "lr": 0.0001356896223201554, "window_size": 9, "batch_size": 128, "epochs": 5, "kernel_size": 7, "attention_heads": 4}, "parameter_index": 0}',
    index: 0
  },
  placementConstraint: { type: 'None', gpus: [] }
}
[2026-05-22 22:26:29] INFO (LocalV3.local) Created trial iFE95
[2026-05-22 22:26:29] INFO (NNIManager) Change NNIManager status from: RUNNING to: NO_MORE_TRIAL
[2026-05-22 22:26:29] ERROR (experiments_manager) Error: File has been locked.
    at withLockNoWait (/home/meliani/.local/lib/python3.10/site-packages/nni_node/extensions/experiments_manager/utils.js:45:15)
    at ExperimentsManager.setExperimentInfo (/home/meliani/.local/lib/python3.10/site-packages/nni_node/extensions/experiments_manager/manager.js:75:40)
    at NNIManager.setStatus (/home/meliani/.local/lib/python3.10/site-packages/nni_node/core/nnimanager.js:809:64)
    at NNIManager.manageTrials (/home/meliani/.local/lib/python3.10/site-packages/nni_node/core/nnimanager.js:600:26)
    at async Promise.all (index 3)
    at async NNIManager.run (/home/meliani/.local/lib/python3.10/site-packages/nni_node/core/nnimanager.js:653:9)
[2026-05-22 22:26:29] ERROR (experiments_manager) Error: File has been locked.
    at withLockNoWait (/home/meliani/.local/lib/python3.10/site-packages/nni_node/extensions/experiments_manager/utils.js:45:15)
    at ExperimentsManager.setExperimentInfo (/home/meliani/.local/lib/python3.10/site-packages/nni_node/extensions/experiments_manager/manager.js:75:40)
    at Timeout.<anonymous> (/home/meliani/.local/lib/python3.10/site-packages/nni_node/extensions/experiments_manager/manager.js:91:70)
    at listOnTimeout (node:internal/timers:569:17)
    at process.processTimers (node:internal/timers:512:7)
[2026-05-22 22:26:29] ERROR (experiments_manager) Error: File has been locked.
    at withLockNoWait (/home/meliani/.local/lib/python3.10/site-packages/nni_node/extensions/experiments_manager/utils.js:45:15)
    at ExperimentsManager.setExperimentInfo (/home/meliani/.local/lib/python3.10/site-packages/nni_node/extensions/experiments_manager/manager.js:75:40)
    at Timeout.<anonymous> (/home/meliani/.local/lib/python3.10/site-packages/nni_node/extensions/experiments_manager/manager.js:91:70)
    at listOnTimeout (node:internal/timers:569:17)
    at process.processTimers (node:internal/timers:512:7)
[2026-05-22 22:26:31] INFO (ShutdownManager) Initiate shutdown: SIGTERM
[2026-05-22 22:26:31] INFO (RestServer) Stopping REST server.
[2026-05-22 22:26:31] INFO (NNIManager) Change NNIManager status from: NO_MORE_TRIAL to: STOPPING
[2026-05-22 22:26:31] INFO (NNIManager) Stopping experiment, cleaning up ...
[2026-05-22 22:26:31] INFO (RestServer) REST server stopped.
[2026-05-22 22:26:35] INFO (LocalV3.local) All trials stopped
[2026-05-22 22:26:35] INFO (NNIManager) Change NNIManager status from: STOPPING to: STOPPED
[2026-05-22 22:26:35] INFO (NNIManager) Experiment stopped.
[2026-05-22 22:26:35] INFO (NNITensorboardManager) Forced stopping all tensorboard task.
[2026-05-22 22:26:35] INFO (NNITensorboardManager) All tensorboard task stopped.
[2026-05-22 22:26:35] INFO (NNITensorboardManager) Tensorboard manager stopped.
[2026-05-22 22:26:35] INFO (ShutdownManager) Shutdown complete.
