[2026-05-13 12:05:00] INFO (main) Start NNI manager
[2026-05-13 12:05:00] INFO (RestServer) Starting REST server at port 8821, URL prefix: "/"
[2026-05-13 12:05:00] INFO (RestServer) REST server started.
[2026-05-13 12:05:00] INFO (NNIDataStore) Datastore initialization done
[2026-05-13 12:05:01] INFO (NNIManager) Starting experiment: 26za3pgf
[2026-05-13 12:05:01] INFO (NNIManager) Setup training service...
[2026-05-13 12:05:01] INFO (NNIManager) Setup tuner...
[2026-05-13 12:05:01] INFO (NNIManager) Change NNIManager status from: INITIALIZED to: RUNNING
[2026-05-13 12:05:02] INFO (NNIManager) Add event listeners
[2026-05-13 12:05:02] INFO (LocalV3.local) Start
[2026-05-13 12:05:02] INFO (NNIManager) NNIManager received command from dispatcher: ID, 
[2026-05-13 12:05:02] INFO (NNIManager) NNIManager received command from dispatcher: TR, {"parameter_id": 0, "parameter_source": "algorithm", "parameters": {"model_type": "LSTM", "units": 64, "num_layers": 2, "dropout": 0, "activation": "relu", "lr": 0.0025350864098726707, "window_size": 5, "batch_size": 16, "epochs": 15, "kernel_size": 7, "attention_heads": 4}, "parameter_index": 0}
[2026-05-13 12:05:03] INFO (NNIManager) submitTrialJob: form: {
  sequenceId: 0,
  hyperParameters: {
    value: '{"parameter_id": 0, "parameter_source": "algorithm", "parameters": {"model_type": "LSTM", "units": 64, "num_layers": 2, "dropout": 0, "activation": "relu", "lr": 0.0025350864098726707, "window_size": 5, "batch_size": 16, "epochs": 15, "kernel_size": 7, "attention_heads": 4}, "parameter_index": 0}',
    index: 0
  },
  placementConstraint: { type: 'None', gpus: [] }
}
[2026-05-13 12:05:03] INFO (LocalV3.local) Register directory trial_code = /home/meliani/Desktop/phd/fast-track
[2026-05-13 12:05:03] INFO (LocalV3.local) Created trial Fkorc
[2026-05-13 12:05:05] INFO (LocalV3.local) Trial parameter: Fkorc {"parameter_id": 0, "parameter_source": "algorithm", "parameters": {"model_type": "LSTM", "units": 64, "num_layers": 2, "dropout": 0, "activation": "relu", "lr": 0.0025350864098726707, "window_size": 5, "batch_size": 16, "epochs": 15, "kernel_size": 7, "attention_heads": 4}, "parameter_index": 0}
[2026-05-13 12:05:27] INFO (NNIManager) Trial job Fkorc status changed from RUNNING to SUCCEEDED
[2026-05-13 12:05:27] INFO (NNIManager) NNIManager received command from dispatcher: TR, {"parameter_id": 1, "parameter_source": "algorithm", "parameters": {"model_type": "RNN", "units": 256, "num_layers": 2, "dropout": 0.2, "activation": "elu", "lr": 1.3096124862202381e-05, "window_size": 14, "batch_size": 128, "epochs": 5, "kernel_size": 5, "attention_heads": 8}, "parameter_index": 0}
[2026-05-13 12:05:27] INFO (NNIManager) submitTrialJob: form: {
  sequenceId: 1,
  hyperParameters: {
    value: '{"parameter_id": 1, "parameter_source": "algorithm", "parameters": {"model_type": "RNN", "units": 256, "num_layers": 2, "dropout": 0.2, "activation": "elu", "lr": 1.3096124862202381e-05, "window_size": 14, "batch_size": 128, "epochs": 5, "kernel_size": 5, "attention_heads": 8}, "parameter_index": 0}',
    index: 0
  },
  placementConstraint: { type: 'None', gpus: [] }
}
[2026-05-13 12:05:27] INFO (LocalV3.local) Created trial ZOqYR
[2026-05-13 12:05:29] INFO (LocalV3.local) Trial parameter: ZOqYR {"parameter_id": 1, "parameter_source": "algorithm", "parameters": {"model_type": "RNN", "units": 256, "num_layers": 2, "dropout": 0.2, "activation": "elu", "lr": 1.3096124862202381e-05, "window_size": 14, "batch_size": 128, "epochs": 5, "kernel_size": 5, "attention_heads": 8}, "parameter_index": 0}
[2026-05-13 12:05:38] INFO (NNIManager) Trial job ZOqYR status changed from RUNNING to SUCCEEDED
[2026-05-13 12:05:38] INFO (NNIManager) NNIManager received command from dispatcher: TR, {"parameter_id": 2, "parameter_source": "algorithm", "parameters": {"model_type": "MLP", "units": 16, "num_layers": 3, "dropout": 0, "activation": "relu", "lr": 0.004397200403081082, "window_size": 7, "batch_size": 128, "epochs": 20, "kernel_size": 2, "attention_heads": 2}, "parameter_index": 0}
[2026-05-13 12:05:39] INFO (NNIManager) submitTrialJob: form: {
  sequenceId: 2,
  hyperParameters: {
    value: '{"parameter_id": 2, "parameter_source": "algorithm", "parameters": {"model_type": "MLP", "units": 16, "num_layers": 3, "dropout": 0, "activation": "relu", "lr": 0.004397200403081082, "window_size": 7, "batch_size": 128, "epochs": 20, "kernel_size": 2, "attention_heads": 2}, "parameter_index": 0}',
    index: 0
  },
  placementConstraint: { type: 'None', gpus: [] }
}
[2026-05-13 12:05:39] INFO (LocalV3.local) Created trial aUd4d
[2026-05-13 12:05:41] INFO (LocalV3.local) Trial parameter: aUd4d {"parameter_id": 2, "parameter_source": "algorithm", "parameters": {"model_type": "MLP", "units": 16, "num_layers": 3, "dropout": 0, "activation": "relu", "lr": 0.004397200403081082, "window_size": 7, "batch_size": 128, "epochs": 20, "kernel_size": 2, "attention_heads": 2}, "parameter_index": 0}
[2026-05-13 12:05:44] INFO (NNIManager) Trial job aUd4d status changed from RUNNING to SUCCEEDED
[2026-05-13 12:05:44] INFO (NNIManager) NNIManager received command from dispatcher: TR, {"parameter_id": 3, "parameter_source": "algorithm", "parameters": {"model_type": "Transformer", "units": 32, "num_layers": 3, "dropout": 0, "activation": "elu", "lr": 4.9735182327001306e-05, "window_size": 23, "batch_size": 16, "epochs": 10, "kernel_size": 3, "attention_heads": 2}, "parameter_index": 0}
[2026-05-13 12:05:45] INFO (NNIManager) submitTrialJob: form: {
  sequenceId: 3,
  hyperParameters: {
    value: '{"parameter_id": 3, "parameter_source": "algorithm", "parameters": {"model_type": "Transformer", "units": 32, "num_layers": 3, "dropout": 0, "activation": "elu", "lr": 4.9735182327001306e-05, "window_size": 23, "batch_size": 16, "epochs": 10, "kernel_size": 3, "attention_heads": 2}, "parameter_index": 0}',
    index: 0
  },
  placementConstraint: { type: 'None', gpus: [] }
}
[2026-05-13 12:05:45] INFO (LocalV3.local) Created trial UGsRW
[2026-05-13 12:05:47] INFO (LocalV3.local) Trial parameter: UGsRW {"parameter_id": 3, "parameter_source": "algorithm", "parameters": {"model_type": "Transformer", "units": 32, "num_layers": 3, "dropout": 0, "activation": "elu", "lr": 4.9735182327001306e-05, "window_size": 23, "batch_size": 16, "epochs": 10, "kernel_size": 3, "attention_heads": 2}, "parameter_index": 0}
[2026-05-13 12:06:12] INFO (NNIManager) Trial job UGsRW status changed from RUNNING to SUCCEEDED
[2026-05-13 12:06:12] INFO (NNIManager) NNIManager received command from dispatcher: TR, {"parameter_id": 4, "parameter_source": "algorithm", "parameters": {"model_type": "CNN", "units": 32, "num_layers": 4, "dropout": 0.3, "activation": "elu", "lr": 0.0028629864173647774, "window_size": 16, "batch_size": 16, "epochs": 5, "kernel_size": 5, "attention_heads": 2}, "parameter_index": 0}
[2026-05-13 12:06:13] INFO (NNIManager) submitTrialJob: form: {
  sequenceId: 4,
  hyperParameters: {
    value: '{"parameter_id": 4, "parameter_source": "algorithm", "parameters": {"model_type": "CNN", "units": 32, "num_layers": 4, "dropout": 0.3, "activation": "elu", "lr": 0.0028629864173647774, "window_size": 16, "batch_size": 16, "epochs": 5, "kernel_size": 5, "attention_heads": 2}, "parameter_index": 0}',
    index: 0
  },
  placementConstraint: { type: 'None', gpus: [] }
}
[2026-05-13 12:06:13] INFO (LocalV3.local) Created trial RP4Fj
[2026-05-13 12:06:15] INFO (LocalV3.local) Trial parameter: RP4Fj {"parameter_id": 4, "parameter_source": "algorithm", "parameters": {"model_type": "CNN", "units": 32, "num_layers": 4, "dropout": 0.3, "activation": "elu", "lr": 0.0028629864173647774, "window_size": 16, "batch_size": 16, "epochs": 5, "kernel_size": 5, "attention_heads": 2}, "parameter_index": 0}
[2026-05-13 12:06:21] INFO (NNIManager) Trial job RP4Fj status changed from RUNNING to SUCCEEDED
[2026-05-13 12:06:21] INFO (NNIManager) NNIManager received command from dispatcher: TR, {"parameter_id": 5, "parameter_source": "algorithm", "parameters": {"model_type": "LSTM", "units": 128, "num_layers": 2, "dropout": 0.3, "activation": "sigmoid", "lr": 5.812566385683444e-05, "window_size": 4, "batch_size": 64, "epochs": 10, "kernel_size": 7, "attention_heads": 4}, "parameter_index": 0}
[2026-05-13 12:06:21] INFO (NNIManager) submitTrialJob: form: {
  sequenceId: 5,
  hyperParameters: {
    value: '{"parameter_id": 5, "parameter_source": "algorithm", "parameters": {"model_type": "LSTM", "units": 128, "num_layers": 2, "dropout": 0.3, "activation": "sigmoid", "lr": 5.812566385683444e-05, "window_size": 4, "batch_size": 64, "epochs": 10, "kernel_size": 7, "attention_heads": 4}, "parameter_index": 0}',
    index: 0
  },
  placementConstraint: { type: 'None', gpus: [] }
}
[2026-05-13 12:06:21] INFO (LocalV3.local) Created trial glxQv
[2026-05-13 12:06:23] INFO (LocalV3.local) Trial parameter: glxQv {"parameter_id": 5, "parameter_source": "algorithm", "parameters": {"model_type": "LSTM", "units": 128, "num_layers": 2, "dropout": 0.3, "activation": "sigmoid", "lr": 5.812566385683444e-05, "window_size": 4, "batch_size": 64, "epochs": 10, "kernel_size": 7, "attention_heads": 4}, "parameter_index": 0}
[2026-05-13 12:06:35] INFO (NNIManager) Trial job glxQv status changed from RUNNING to SUCCEEDED
[2026-05-13 12:06:35] INFO (NNIManager) NNIManager received command from dispatcher: TR, {"parameter_id": 6, "parameter_source": "algorithm", "parameters": {"model_type": "GRU", "units": 16, "num_layers": 1, "dropout": 0.2, "activation": "relu", "lr": 0.0003520932096049937, "window_size": 23, "batch_size": 64, "epochs": 10, "kernel_size": 5, "attention_heads": 8}, "parameter_index": 0}
[2026-05-13 12:06:35] INFO (NNIManager) submitTrialJob: form: {
  sequenceId: 6,
  hyperParameters: {
    value: '{"parameter_id": 6, "parameter_source": "algorithm", "parameters": {"model_type": "GRU", "units": 16, "num_layers": 1, "dropout": 0.2, "activation": "relu", "lr": 0.0003520932096049937, "window_size": 23, "batch_size": 64, "epochs": 10, "kernel_size": 5, "attention_heads": 8}, "parameter_index": 0}',
    index: 0
  },
  placementConstraint: { type: 'None', gpus: [] }
}
[2026-05-13 12:06:35] INFO (LocalV3.local) Created trial bjgqG
[2026-05-13 12:06:37] INFO (LocalV3.local) Trial parameter: bjgqG {"parameter_id": 6, "parameter_source": "algorithm", "parameters": {"model_type": "GRU", "units": 16, "num_layers": 1, "dropout": 0.2, "activation": "relu", "lr": 0.0003520932096049937, "window_size": 23, "batch_size": 64, "epochs": 10, "kernel_size": 5, "attention_heads": 8}, "parameter_index": 0}
[2026-05-13 12:06:45] INFO (NNIManager) Trial job bjgqG status changed from RUNNING to SUCCEEDED
[2026-05-13 12:06:45] INFO (NNIManager) NNIManager received command from dispatcher: TR, {"parameter_id": 7, "parameter_source": "algorithm", "parameters": {"model_type": "RNN", "units": 64, "num_layers": 4, "dropout": 0.1, "activation": "tanh", "lr": 0.0004735227637293798, "window_size": 15, "batch_size": 64, "epochs": 20, "kernel_size": 5, "attention_heads": 2}, "parameter_index": 0}
[2026-05-13 12:06:45] INFO (NNIManager) submitTrialJob: form: {
  sequenceId: 7,
  hyperParameters: {
    value: '{"parameter_id": 7, "parameter_source": "algorithm", "parameters": {"model_type": "RNN", "units": 64, "num_layers": 4, "dropout": 0.1, "activation": "tanh", "lr": 0.0004735227637293798, "window_size": 15, "batch_size": 64, "epochs": 20, "kernel_size": 5, "attention_heads": 2}, "parameter_index": 0}',
    index: 0
  },
  placementConstraint: { type: 'None', gpus: [] }
}
[2026-05-13 12:06:46] INFO (LocalV3.local) Created trial C09UT
[2026-05-13 12:06:47] INFO (LocalV3.local) Trial parameter: C09UT {"parameter_id": 7, "parameter_source": "algorithm", "parameters": {"model_type": "RNN", "units": 64, "num_layers": 4, "dropout": 0.1, "activation": "tanh", "lr": 0.0004735227637293798, "window_size": 15, "batch_size": 64, "epochs": 20, "kernel_size": 5, "attention_heads": 2}, "parameter_index": 0}
[2026-05-13 12:07:07] INFO (NNIManager) Trial job C09UT status changed from RUNNING to SUCCEEDED
[2026-05-13 12:07:07] INFO (NNIManager) NNIManager received command from dispatcher: TR, {"parameter_id": 8, "parameter_source": "algorithm", "parameters": {"model_type": "Transformer", "units": 256, "num_layers": 4, "dropout": 0.2, "activation": "relu", "lr": 8.670328949398164e-05, "window_size": 24, "batch_size": 16, "epochs": 20, "kernel_size": 2, "attention_heads": 4}, "parameter_index": 0}
[2026-05-13 12:07:07] INFO (NNIManager) submitTrialJob: form: {
  sequenceId: 8,
  hyperParameters: {
    value: '{"parameter_id": 8, "parameter_source": "algorithm", "parameters": {"model_type": "Transformer", "units": 256, "num_layers": 4, "dropout": 0.2, "activation": "relu", "lr": 8.670328949398164e-05, "window_size": 24, "batch_size": 16, "epochs": 20, "kernel_size": 2, "attention_heads": 4}, "parameter_index": 0}',
    index: 0
  },
  placementConstraint: { type: 'None', gpus: [] }
}
[2026-05-13 12:07:07] INFO (LocalV3.local) Created trial XYVDa
[2026-05-13 12:07:09] INFO (LocalV3.local) Trial parameter: XYVDa {"parameter_id": 8, "parameter_source": "algorithm", "parameters": {"model_type": "Transformer", "units": 256, "num_layers": 4, "dropout": 0.2, "activation": "relu", "lr": 8.670328949398164e-05, "window_size": 24, "batch_size": 16, "epochs": 20, "kernel_size": 2, "attention_heads": 4}, "parameter_index": 0}
[2026-05-13 12:16:00] INFO (NNIManager) Trial job XYVDa status changed from RUNNING to SUCCEEDED
[2026-05-13 12:16:00] INFO (NNIManager) NNIManager received command from dispatcher: TR, {"parameter_id": 9, "parameter_source": "algorithm", "parameters": {"model_type": "CNN", "units": 16, "num_layers": 2, "dropout": 0.2, "activation": "relu", "lr": 0.0011812836771431582, "window_size": 5, "batch_size": 32, "epochs": 5, "kernel_size": 5, "attention_heads": 8}, "parameter_index": 0}
[2026-05-13 12:16:00] INFO (NNIManager) submitTrialJob: form: {
  sequenceId: 9,
  hyperParameters: {
    value: '{"parameter_id": 9, "parameter_source": "algorithm", "parameters": {"model_type": "CNN", "units": 16, "num_layers": 2, "dropout": 0.2, "activation": "relu", "lr": 0.0011812836771431582, "window_size": 5, "batch_size": 32, "epochs": 5, "kernel_size": 5, "attention_heads": 8}, "parameter_index": 0}',
    index: 0
  },
  placementConstraint: { type: 'None', gpus: [] }
}
[2026-05-13 12:16:00] INFO (LocalV3.local) Created trial Tydub
[2026-05-13 12:16:02] INFO (LocalV3.local) Trial parameter: Tydub {"parameter_id": 9, "parameter_source": "algorithm", "parameters": {"model_type": "CNN", "units": 16, "num_layers": 2, "dropout": 0.2, "activation": "relu", "lr": 0.0011812836771431582, "window_size": 5, "batch_size": 32, "epochs": 5, "kernel_size": 5, "attention_heads": 8}, "parameter_index": 0}
[2026-05-13 12:16:05] INFO (NNIManager) Trial job Tydub status changed from RUNNING to SUCCEEDED
[2026-05-13 12:16:05] INFO (NNIManager) NNIManager received command from dispatcher: TR, {"parameter_id": 10, "parameter_source": "algorithm", "parameters": {"model_type": "TCN", "units": 128, "num_layers": 2, "dropout": 0.3, "activation": "relu", "lr": 9.060141458841164e-05, "window_size": 17, "batch_size": 128, "epochs": 10, "kernel_size": 7, "attention_heads": 4}, "parameter_index": 0}
[2026-05-13 12:16:06] INFO (NNIManager) submitTrialJob: form: {
  sequenceId: 10,
  hyperParameters: {
    value: '{"parameter_id": 10, "parameter_source": "algorithm", "parameters": {"model_type": "TCN", "units": 128, "num_layers": 2, "dropout": 0.3, "activation": "relu", "lr": 9.060141458841164e-05, "window_size": 17, "batch_size": 128, "epochs": 10, "kernel_size": 7, "attention_heads": 4}, "parameter_index": 0}',
    index: 0
  },
  placementConstraint: { type: 'None', gpus: [] }
}
[2026-05-13 12:16:06] INFO (LocalV3.local) Created trial j5bjR
[2026-05-13 12:16:08] INFO (LocalV3.local) Trial parameter: j5bjR {"parameter_id": 10, "parameter_source": "algorithm", "parameters": {"model_type": "TCN", "units": 128, "num_layers": 2, "dropout": 0.3, "activation": "relu", "lr": 9.060141458841164e-05, "window_size": 17, "batch_size": 128, "epochs": 10, "kernel_size": 7, "attention_heads": 4}, "parameter_index": 0}
[2026-05-13 12:16:14] INFO (NNIManager) Trial job j5bjR status changed from RUNNING to SUCCEEDED
[2026-05-13 12:16:14] INFO (NNIManager) NNIManager received command from dispatcher: TR, {"parameter_id": 11, "parameter_source": "algorithm", "parameters": {"model_type": "LSTM", "units": 128, "num_layers": 4, "dropout": 0.1, "activation": "elu", "lr": 0.0005143969254164436, "window_size": 9, "batch_size": 16, "epochs": 15, "kernel_size": 2, "attention_heads": 2}, "parameter_index": 0}
[2026-05-13 12:16:15] INFO (NNIManager) submitTrialJob: form: {
  sequenceId: 11,
  hyperParameters: {
    value: '{"parameter_id": 11, "parameter_source": "algorithm", "parameters": {"model_type": "LSTM", "units": 128, "num_layers": 4, "dropout": 0.1, "activation": "elu", "lr": 0.0005143969254164436, "window_size": 9, "batch_size": 16, "epochs": 15, "kernel_size": 2, "attention_heads": 2}, "parameter_index": 0}',
    index: 0
  },
  placementConstraint: { type: 'None', gpus: [] }
}
[2026-05-13 12:16:15] INFO (LocalV3.local) Created trial rZeNA
[2026-05-13 12:16:17] INFO (LocalV3.local) Trial parameter: rZeNA {"parameter_id": 11, "parameter_source": "algorithm", "parameters": {"model_type": "LSTM", "units": 128, "num_layers": 4, "dropout": 0.1, "activation": "elu", "lr": 0.0005143969254164436, "window_size": 9, "batch_size": 16, "epochs": 15, "kernel_size": 2, "attention_heads": 2}, "parameter_index": 0}
[2026-05-13 12:17:40] INFO (NNIManager) Trial job rZeNA status changed from RUNNING to SUCCEEDED
[2026-05-13 12:17:40] INFO (NNIManager) NNIManager received command from dispatcher: TR, {"parameter_id": 12, "parameter_source": "algorithm", "parameters": {"model_type": "GRU", "units": 128, "num_layers": 3, "dropout": 0, "activation": "sigmoid", "lr": 2.851090509341416e-05, "window_size": 17, "batch_size": 64, "epochs": 20, "kernel_size": 7, "attention_heads": 4}, "parameter_index": 0}
[2026-05-13 12:17:40] INFO (NNIManager) submitTrialJob: form: {
  sequenceId: 12,
  hyperParameters: {
    value: '{"parameter_id": 12, "parameter_source": "algorithm", "parameters": {"model_type": "GRU", "units": 128, "num_layers": 3, "dropout": 0, "activation": "sigmoid", "lr": 2.851090509341416e-05, "window_size": 17, "batch_size": 64, "epochs": 20, "kernel_size": 7, "attention_heads": 4}, "parameter_index": 0}',
    index: 0
  },
  placementConstraint: { type: 'None', gpus: [] }
}
[2026-05-13 12:17:41] INFO (LocalV3.local) Created trial bBFvL
[2026-05-13 12:17:42] INFO (LocalV3.local) Trial parameter: bBFvL {"parameter_id": 12, "parameter_source": "algorithm", "parameters": {"model_type": "GRU", "units": 128, "num_layers": 3, "dropout": 0, "activation": "sigmoid", "lr": 2.851090509341416e-05, "window_size": 17, "batch_size": 64, "epochs": 20, "kernel_size": 7, "attention_heads": 4}, "parameter_index": 0}
[2026-05-13 12:18:44] INFO (NNIManager) Trial job bBFvL status changed from RUNNING to SUCCEEDED
[2026-05-13 12:18:44] INFO (NNIManager) NNIManager received command from dispatcher: TR, {"parameter_id": 13, "parameter_source": "algorithm", "parameters": {"model_type": "LSTM", "units": 32, "num_layers": 2, "dropout": 0.2, "activation": "elu", "lr": 1.587031645182692e-05, "window_size": 5, "batch_size": 64, "epochs": 15, "kernel_size": 7, "attention_heads": 4}, "parameter_index": 0}
[2026-05-13 12:18:44] INFO (NNIManager) submitTrialJob: form: {
  sequenceId: 13,
  hyperParameters: {
    value: '{"parameter_id": 13, "parameter_source": "algorithm", "parameters": {"model_type": "LSTM", "units": 32, "num_layers": 2, "dropout": 0.2, "activation": "elu", "lr": 1.587031645182692e-05, "window_size": 5, "batch_size": 64, "epochs": 15, "kernel_size": 7, "attention_heads": 4}, "parameter_index": 0}',
    index: 0
  },
  placementConstraint: { type: 'None', gpus: [] }
}
[2026-05-13 12:18:44] INFO (LocalV3.local) Created trial StdGH
[2026-05-13 12:18:46] INFO (LocalV3.local) Trial parameter: StdGH {"parameter_id": 13, "parameter_source": "algorithm", "parameters": {"model_type": "LSTM", "units": 32, "num_layers": 2, "dropout": 0.2, "activation": "elu", "lr": 1.587031645182692e-05, "window_size": 5, "batch_size": 64, "epochs": 15, "kernel_size": 7, "attention_heads": 4}, "parameter_index": 0}
[2026-05-13 12:18:56] INFO (NNIManager) Trial job StdGH status changed from RUNNING to SUCCEEDED
[2026-05-13 12:18:56] INFO (NNIManager) NNIManager received command from dispatcher: TR, {"parameter_id": 14, "parameter_source": "algorithm", "parameters": {"model_type": "GRU", "units": 16, "num_layers": 3, "dropout": 0.3, "activation": "tanh", "lr": 0.008773407356785248, "window_size": 15, "batch_size": 128, "epochs": 5, "kernel_size": 7, "attention_heads": 8}, "parameter_index": 0}
[2026-05-13 12:18:57] INFO (NNIManager) submitTrialJob: form: {
  sequenceId: 14,
  hyperParameters: {
    value: '{"parameter_id": 14, "parameter_source": "algorithm", "parameters": {"model_type": "GRU", "units": 16, "num_layers": 3, "dropout": 0.3, "activation": "tanh", "lr": 0.008773407356785248, "window_size": 15, "batch_size": 128, "epochs": 5, "kernel_size": 7, "attention_heads": 8}, "parameter_index": 0}',
    index: 0
  },
  placementConstraint: { type: 'None', gpus: [] }
}
[2026-05-13 12:18:57] INFO (LocalV3.local) Created trial qGc2E
[2026-05-13 12:18:58] INFO (LocalV3.local) Trial parameter: qGc2E {"parameter_id": 14, "parameter_source": "algorithm", "parameters": {"model_type": "GRU", "units": 16, "num_layers": 3, "dropout": 0.3, "activation": "tanh", "lr": 0.008773407356785248, "window_size": 15, "batch_size": 128, "epochs": 5, "kernel_size": 7, "attention_heads": 8}, "parameter_index": 0}
[2026-05-13 12:19:08] INFO (NNIManager) Trial job qGc2E status changed from RUNNING to SUCCEEDED
[2026-05-13 12:19:08] INFO (NNIManager) NNIManager received command from dispatcher: TR, {"parameter_id": 15, "parameter_source": "algorithm", "parameters": {"model_type": "GRU", "units": 256, "num_layers": 4, "dropout": 0, "activation": "relu", "lr": 0.00033885015442753155, "window_size": 7, "batch_size": 64, "epochs": 5, "kernel_size": 7, "attention_heads": 8}, "parameter_index": 0}
[2026-05-13 12:19:08] INFO (NNIManager) submitTrialJob: form: {
  sequenceId: 15,
  hyperParameters: {
    value: '{"parameter_id": 15, "parameter_source": "algorithm", "parameters": {"model_type": "GRU", "units": 256, "num_layers": 4, "dropout": 0, "activation": "relu", "lr": 0.00033885015442753155, "window_size": 7, "batch_size": 64, "epochs": 5, "kernel_size": 7, "attention_heads": 8}, "parameter_index": 0}',
    index: 0
  },
  placementConstraint: { type: 'None', gpus: [] }
}
[2026-05-13 12:19:08] INFO (LocalV3.local) Created trial F8ZKi
[2026-05-13 12:19:10] INFO (LocalV3.local) Trial parameter: F8ZKi {"parameter_id": 15, "parameter_source": "algorithm", "parameters": {"model_type": "GRU", "units": 256, "num_layers": 4, "dropout": 0, "activation": "relu", "lr": 0.00033885015442753155, "window_size": 7, "batch_size": 64, "epochs": 5, "kernel_size": 7, "attention_heads": 8}, "parameter_index": 0}
[2026-05-13 12:19:39] INFO (NNIManager) Trial job F8ZKi status changed from RUNNING to SUCCEEDED
[2026-05-13 12:19:39] INFO (NNIManager) NNIManager received command from dispatcher: TR, {"parameter_id": 16, "parameter_source": "algorithm", "parameters": {"model_type": "RNN", "units": 16, "num_layers": 2, "dropout": 0.5, "activation": "sigmoid", "lr": 0.0015098211978676044, "window_size": 17, "batch_size": 64, "epochs": 10, "kernel_size": 2, "attention_heads": 2}, "parameter_index": 0}
[2026-05-13 12:19:40] INFO (NNIManager) submitTrialJob: form: {
  sequenceId: 16,
  hyperParameters: {
    value: '{"parameter_id": 16, "parameter_source": "algorithm", "parameters": {"model_type": "RNN", "units": 16, "num_layers": 2, "dropout": 0.5, "activation": "sigmoid", "lr": 0.0015098211978676044, "window_size": 17, "batch_size": 64, "epochs": 10, "kernel_size": 2, "attention_heads": 2}, "parameter_index": 0}',
    index: 0
  },
  placementConstraint: { type: 'None', gpus: [] }
}
[2026-05-13 12:19:40] INFO (LocalV3.local) Created trial kILxz
[2026-05-13 12:19:42] INFO (LocalV3.local) Trial parameter: kILxz {"parameter_id": 16, "parameter_source": "algorithm", "parameters": {"model_type": "RNN", "units": 16, "num_layers": 2, "dropout": 0.5, "activation": "sigmoid", "lr": 0.0015098211978676044, "window_size": 17, "batch_size": 64, "epochs": 10, "kernel_size": 2, "attention_heads": 2}, "parameter_index": 0}
[2026-05-13 12:19:48] INFO (NNIManager) Trial job kILxz status changed from RUNNING to SUCCEEDED
[2026-05-13 12:19:48] INFO (NNIManager) NNIManager received command from dispatcher: TR, {"parameter_id": 17, "parameter_source": "algorithm", "parameters": {"model_type": "RNN", "units": 16, "num_layers": 2, "dropout": 0.5, "activation": "relu", "lr": 0.0036205404453038396, "window_size": 4, "batch_size": 64, "epochs": 5, "kernel_size": 2, "attention_heads": 2}, "parameter_index": 0}
[2026-05-13 12:19:49] INFO (NNIManager) submitTrialJob: form: {
  sequenceId: 17,
  hyperParameters: {
    value: '{"parameter_id": 17, "parameter_source": "algorithm", "parameters": {"model_type": "RNN", "units": 16, "num_layers": 2, "dropout": 0.5, "activation": "relu", "lr": 0.0036205404453038396, "window_size": 4, "batch_size": 64, "epochs": 5, "kernel_size": 2, "attention_heads": 2}, "parameter_index": 0}',
    index: 0
  },
  placementConstraint: { type: 'None', gpus: [] }
}
[2026-05-13 12:19:49] INFO (LocalV3.local) Created trial b97uy
[2026-05-13 12:19:50] INFO (LocalV3.local) Trial parameter: b97uy {"parameter_id": 17, "parameter_source": "algorithm", "parameters": {"model_type": "RNN", "units": 16, "num_layers": 2, "dropout": 0.5, "activation": "relu", "lr": 0.0036205404453038396, "window_size": 4, "batch_size": 64, "epochs": 5, "kernel_size": 2, "attention_heads": 2}, "parameter_index": 0}
[2026-05-13 12:19:54] INFO (NNIManager) Trial job b97uy status changed from RUNNING to SUCCEEDED
[2026-05-13 12:19:54] INFO (NNIManager) NNIManager received command from dispatcher: TR, {"parameter_id": 18, "parameter_source": "algorithm", "parameters": {"model_type": "TCN", "units": 32, "num_layers": 4, "dropout": 0.1, "activation": "relu", "lr": 0.001200894406648075, "window_size": 11, "batch_size": 64, "epochs": 15, "kernel_size": 7, "attention_heads": 8}, "parameter_index": 0}
[2026-05-13 12:19:54] INFO (NNIManager) submitTrialJob: form: {
  sequenceId: 18,
  hyperParameters: {
    value: '{"parameter_id": 18, "parameter_source": "algorithm", "parameters": {"model_type": "TCN", "units": 32, "num_layers": 4, "dropout": 0.1, "activation": "relu", "lr": 0.001200894406648075, "window_size": 11, "batch_size": 64, "epochs": 15, "kernel_size": 7, "attention_heads": 8}, "parameter_index": 0}',
    index: 0
  },
  placementConstraint: { type: 'None', gpus: [] }
}
[2026-05-13 12:19:54] INFO (LocalV3.local) Created trial f4PKB
[2026-05-13 12:19:56] INFO (LocalV3.local) Trial parameter: f4PKB {"parameter_id": 18, "parameter_source": "algorithm", "parameters": {"model_type": "TCN", "units": 32, "num_layers": 4, "dropout": 0.1, "activation": "relu", "lr": 0.001200894406648075, "window_size": 11, "batch_size": 64, "epochs": 15, "kernel_size": 7, "attention_heads": 8}, "parameter_index": 0}
[2026-05-13 12:20:04] INFO (NNIManager) Trial job f4PKB status changed from RUNNING to SUCCEEDED
[2026-05-13 12:20:04] INFO (NNIManager) NNIManager received command from dispatcher: TR, {"parameter_id": 19, "parameter_source": "algorithm", "parameters": {"model_type": "Transformer", "units": 256, "num_layers": 4, "dropout": 0.3, "activation": "tanh", "lr": 0.0005877612160134107, "window_size": 28, "batch_size": 128, "epochs": 10, "kernel_size": 3, "attention_heads": 4}, "parameter_index": 0}
[2026-05-13 12:20:04] INFO (NNIManager) submitTrialJob: form: {
  sequenceId: 19,
  hyperParameters: {
    value: '{"parameter_id": 19, "parameter_source": "algorithm", "parameters": {"model_type": "Transformer", "units": 256, "num_layers": 4, "dropout": 0.3, "activation": "tanh", "lr": 0.0005877612160134107, "window_size": 28, "batch_size": 128, "epochs": 10, "kernel_size": 3, "attention_heads": 4}, "parameter_index": 0}',
    index: 0
  },
  placementConstraint: { type: 'None', gpus: [] }
}
[2026-05-13 12:20:04] INFO (LocalV3.local) Created trial q0Wv7
[2026-05-13 12:20:06] INFO (LocalV3.local) Trial parameter: q0Wv7 {"parameter_id": 19, "parameter_source": "algorithm", "parameters": {"model_type": "Transformer", "units": 256, "num_layers": 4, "dropout": 0.3, "activation": "tanh", "lr": 0.0005877612160134107, "window_size": 28, "batch_size": 128, "epochs": 10, "kernel_size": 3, "attention_heads": 4}, "parameter_index": 0}
[2026-05-13 12:25:00] INFO (NNIManager) Trial job q0Wv7 status changed from RUNNING to SUCCEEDED
[2026-05-13 12:25:00] INFO (NNIManager) NNIManager received command from dispatcher: TR, {"parameter_id": 20, "parameter_source": "algorithm", "parameters": {"model_type": "MLP", "units": 16, "num_layers": 1, "dropout": 0.2, "activation": "relu", "lr": 0.009692352507316615, "window_size": 6, "batch_size": 32, "epochs": 20, "kernel_size": 2, "attention_heads": 8}, "parameter_index": 0}
[2026-05-13 12:25:01] INFO (NNIManager) submitTrialJob: form: {
  sequenceId: 20,
  hyperParameters: {
    value: '{"parameter_id": 20, "parameter_source": "algorithm", "parameters": {"model_type": "MLP", "units": 16, "num_layers": 1, "dropout": 0.2, "activation": "relu", "lr": 0.009692352507316615, "window_size": 6, "batch_size": 32, "epochs": 20, "kernel_size": 2, "attention_heads": 8}, "parameter_index": 0}',
    index: 0
  },
  placementConstraint: { type: 'None', gpus: [] }
}
[2026-05-13 12:25:01] INFO (LocalV3.local) Created trial SWKXn
[2026-05-13 12:25:03] INFO (LocalV3.local) Trial parameter: SWKXn {"parameter_id": 20, "parameter_source": "algorithm", "parameters": {"model_type": "MLP", "units": 16, "num_layers": 1, "dropout": 0.2, "activation": "relu", "lr": 0.009692352507316615, "window_size": 6, "batch_size": 32, "epochs": 20, "kernel_size": 2, "attention_heads": 8}, "parameter_index": 0}
[2026-05-13 12:25:05] INFO (NNIManager) Change NNIManager status from: RUNNING to: NO_MORE_TRIAL
[2026-05-13 12:25:08] INFO (NNIManager) Trial job SWKXn status changed from RUNNING to SUCCEEDED
[2026-05-13 12:25:08] INFO (NNIManager) Change NNIManager status from: NO_MORE_TRIAL to: DONE
[2026-05-13 12:25:08] INFO (NNIManager) Experiment done.
[2026-05-13 12:25:16] INFO (ShutdownManager) Initiate shutdown: SIGTERM
[2026-05-13 12:25:16] INFO (RestServer) Stopping REST server.
[2026-05-13 12:25:16] INFO (NNIManager) Change NNIManager status from: DONE to: STOPPING
[2026-05-13 12:25:16] INFO (NNIManager) Stopping experiment, cleaning up ...
[2026-05-13 12:25:16] INFO (RestServer) REST server stopped.
[2026-05-13 12:25:18] INFO (LocalV3.local) All trials stopped
[2026-05-13 12:25:18] INFO (NNIManager) Change NNIManager status from: STOPPING to: STOPPED
[2026-05-13 12:25:18] INFO (NNIManager) Experiment stopped.
[2026-05-13 12:25:18] INFO (NNITensorboardManager) Forced stopping all tensorboard task.
[2026-05-13 12:25:18] INFO (NNITensorboardManager) All tensorboard task stopped.
[2026-05-13 12:25:18] INFO (NNITensorboardManager) Tensorboard manager stopped.
[2026-05-13 12:25:18] INFO (ShutdownManager) Shutdown complete.
