[2026-05-13 06:09:48] INFO (nni.runtime.msg_dispatcher_base/MainThread) Dispatcher started
[2026-05-13 06:09:48] INFO (nni.runtime.msg_dispatcher/Thread-1 (command_queue_worker)) Initial search space: {'model_type': {'_type': 'choice', '_value': ['LSTM', 'GRU', 'CNN', 'RNN', 'TCN', 'Transformer', 'MLP']}, 'units': {'_type': 'choice', '_value': [16, 32, 64, 128, 256]}, 'num_layers': {'_type': 'choice', '_value': [1, 2, 3, 4]}, 'dropout': {'_type': 'choice', '_value': [0, 0.1, 0.2, 0.3, 0.5]}, 'activation': {'_type': 'choice', '_value': ['relu', 'tanh', 'sigmoid', 'elu']}, 'lr': {'_type': 'loguniform', '_value': [1e-05, 0.01]}, 'window_size': {'_type': 'choice', '_value': [2, 3, 4, 5, 6, 7, 8, 9, 10, 11, 12, 13, 14, 15, 16, 17, 18, 19, 20, 21, 22, 23, 24, 25, 26, 27, 28, 29, 30]}, 'batch_size': {'_type': 'choice', '_value': [16, 32, 64, 128]}, 'epochs': {'_type': 'choice', '_value': [5, 10, 15, 20]}, 'kernel_size': {'_type': 'choice', '_value': [2, 3, 5, 7]}, 'attention_heads': {'_type': 'choice', '_value': [2, 4, 8]}}
[2026-05-13 06:11:05] INFO (nni.algorithms.hpo.evolution_tuner/Thread-2 (command_queue_worker)) trial (0) end
[2026-05-13 06:11:32] INFO (nni.algorithms.hpo.evolution_tuner/Thread-2 (command_queue_worker)) trial (1) end
[2026-05-13 06:11:50] INFO (nni.algorithms.hpo.evolution_tuner/Thread-2 (command_queue_worker)) trial (2) end
[2026-05-13 06:13:46] INFO (nni.algorithms.hpo.evolution_tuner/Thread-2 (command_queue_worker)) trial (3) end
[2026-05-13 06:13:55] INFO (nni.algorithms.hpo.evolution_tuner/Thread-2 (command_queue_worker)) trial (4) end
[2026-05-13 06:14:40] INFO (nni.algorithms.hpo.evolution_tuner/Thread-2 (command_queue_worker)) trial (5) end
[2026-05-13 06:14:46] INFO (nni.algorithms.hpo.evolution_tuner/Thread-2 (command_queue_worker)) trial (6) end
[2026-05-13 06:14:53] INFO (nni.algorithms.hpo.evolution_tuner/Thread-2 (command_queue_worker)) trial (7) end
[2026-05-13 06:15:15] INFO (nni.algorithms.hpo.evolution_tuner/Thread-2 (command_queue_worker)) trial (8) end
[2026-05-13 06:15:30] INFO (nni.algorithms.hpo.evolution_tuner/Thread-2 (command_queue_worker)) trial (9) end
[2026-05-13 06:15:47] INFO (nni.algorithms.hpo.evolution_tuner/Thread-2 (command_queue_worker)) trial (10) end
[2026-05-13 06:16:02] INFO (nni.algorithms.hpo.evolution_tuner/Thread-2 (command_queue_worker)) trial (11) end
[2026-05-13 06:16:35] INFO (nni.algorithms.hpo.evolution_tuner/Thread-2 (command_queue_worker)) trial (12) end
[2026-05-13 06:17:42] INFO (nni.algorithms.hpo.evolution_tuner/Thread-2 (command_queue_worker)) trial (13) end
[2026-05-13 06:17:48] INFO (nni.algorithms.hpo.evolution_tuner/Thread-2 (command_queue_worker)) trial (14) end
[2026-05-13 06:18:11] INFO (nni.algorithms.hpo.evolution_tuner/Thread-2 (command_queue_worker)) trial (15) end
[2026-05-13 06:18:18] INFO (nni.algorithms.hpo.evolution_tuner/Thread-2 (command_queue_worker)) trial (16) end
[2026-05-13 06:18:33] INFO (nni.algorithms.hpo.evolution_tuner/Thread-2 (command_queue_worker)) trial (17) end
[2026-05-13 06:18:44] INFO (nni.algorithms.hpo.evolution_tuner/Thread-2 (command_queue_worker)) trial (18) end
[2026-05-13 06:20:05] INFO (nni.algorithms.hpo.evolution_tuner/Thread-2 (command_queue_worker)) trial (19) end
[2026-05-13 06:20:24] INFO (nni.algorithms.hpo.evolution_tuner/Thread-2 (command_queue_worker)) trial (20) end
[2026-05-13 06:20:29] INFO (nni.algorithms.hpo.evolution_tuner/Thread-2 (command_queue_worker)) trial (21) end
[2026-05-13 06:20:50] INFO (nni.algorithms.hpo.evolution_tuner/Thread-2 (command_queue_worker)) trial (22) end
[2026-05-13 06:21:20] INFO (nni.algorithms.hpo.evolution_tuner/Thread-2 (command_queue_worker)) trial (23) end
[2026-05-13 06:21:34] INFO (nni.algorithms.hpo.evolution_tuner/Thread-2 (command_queue_worker)) trial (24) end
[2026-05-13 06:21:51] INFO (nni.algorithms.hpo.evolution_tuner/Thread-2 (command_queue_worker)) trial (25) end
[2026-05-13 06:22:34] INFO (nni.algorithms.hpo.evolution_tuner/Thread-2 (command_queue_worker)) trial (26) end
[2026-05-13 06:22:42] INFO (nni.algorithms.hpo.evolution_tuner/Thread-2 (command_queue_worker)) trial (27) end
[2026-05-13 06:22:57] INFO (nni.algorithms.hpo.evolution_tuner/Thread-2 (command_queue_worker)) trial (28) end
[2026-05-13 06:23:03] INFO (nni.algorithms.hpo.evolution_tuner/Thread-2 (command_queue_worker)) trial (29) end
[2026-05-13 06:23:10] INFO (nni.algorithms.hpo.evolution_tuner/Thread-2 (command_queue_worker)) trial (30) end
[2026-05-13 06:23:18] INFO (nni.algorithms.hpo.evolution_tuner/Thread-2 (command_queue_worker)) trial (31) end
[2026-05-13 06:23:24] INFO (nni.algorithms.hpo.evolution_tuner/Thread-2 (command_queue_worker)) trial (32) end
[2026-05-13 06:23:31] INFO (nni.algorithms.hpo.evolution_tuner/Thread-2 (command_queue_worker)) trial (33) end
[2026-05-13 06:23:45] INFO (nni.algorithms.hpo.evolution_tuner/Thread-2 (command_queue_worker)) trial (34) end
[2026-05-13 06:24:03] INFO (nni.algorithms.hpo.evolution_tuner/Thread-2 (command_queue_worker)) trial (35) end
[2026-05-13 06:24:09] INFO (nni.algorithms.hpo.evolution_tuner/Thread-2 (command_queue_worker)) trial (36) end
[2026-05-13 06:24:16] INFO (nni.algorithms.hpo.evolution_tuner/Thread-2 (command_queue_worker)) trial (37) end
[2026-05-13 06:24:43] INFO (nni.algorithms.hpo.evolution_tuner/Thread-2 (command_queue_worker)) trial (38) end
[2026-05-13 06:24:50] INFO (nni.algorithms.hpo.evolution_tuner/Thread-2 (command_queue_worker)) trial (39) end
[2026-05-13 06:24:59] INFO (nni.runtime.msg_dispatcher_base/MainThread) Dispatcher exiting...
[2026-05-13 06:25:02] INFO (nni.runtime.msg_dispatcher_base/MainThread) Dispatcher terminiated
