[2026-05-12 21:24:57] INFO (main) Start NNI manager
[2026-05-12 21:24:57] INFO (RestServer) Starting REST server at port 8768, URL prefix: "/"
[2026-05-12 21:24:57] INFO (RestServer) REST server started.
[2026-05-12 21:24:57] INFO (NNIDataStore) Datastore initialization done
[2026-05-12 21:24:58] INFO (NNIManager) Starting experiment: q94srvz2
[2026-05-12 21:24:58] INFO (NNIManager) Setup training service...
[2026-05-12 21:24:58] INFO (NNIManager) Setup tuner...
[2026-05-12 21:24:58] INFO (NNIManager) Change NNIManager status from: INITIALIZED to: RUNNING
[2026-05-12 21:24:59] INFO (NNIManager) Add event listeners
[2026-05-12 21:24:59] INFO (LocalV3.local) Start
[2026-05-12 21:24:59] INFO (NNIManager) NNIManager received command from dispatcher: ID, 
[2026-05-12 21:24:59] INFO (NNIManager) NNIManager received command from dispatcher: TR, {"parameter_id": 0, "parameter_source": "algorithm", "parameters": {"model_type": "CNN", "units": 16, "num_layers": 3, "dropout": 0.5, "activation": "sigmoid", "lr": 1.7185397551641752e-05, "window_size": 22, "batch_size": 32, "epochs": 5, "kernel_size": 7, "attention_heads": 4}, "parameter_index": 0}
[2026-05-12 21:24:59] INFO (NNIManager) submitTrialJob: form: {
  sequenceId: 0,
  hyperParameters: {
    value: '{"parameter_id": 0, "parameter_source": "algorithm", "parameters": {"model_type": "CNN", "units": 16, "num_layers": 3, "dropout": 0.5, "activation": "sigmoid", "lr": 1.7185397551641752e-05, "window_size": 22, "batch_size": 32, "epochs": 5, "kernel_size": 7, "attention_heads": 4}, "parameter_index": 0}',
    index: 0
  },
  placementConstraint: { type: 'None', gpus: [] }
}
[2026-05-12 21:24:59] INFO (LocalV3.local) Register directory trial_code = /home/meliani/Desktop/phd/fast-track
[2026-05-12 21:24:59] INFO (LocalV3.local) Created trial WtVpc
[2026-05-12 21:25:01] INFO (LocalV3.local) Trial parameter: WtVpc {"parameter_id": 0, "parameter_source": "algorithm", "parameters": {"model_type": "CNN", "units": 16, "num_layers": 3, "dropout": 0.5, "activation": "sigmoid", "lr": 1.7185397551641752e-05, "window_size": 22, "batch_size": 32, "epochs": 5, "kernel_size": 7, "attention_heads": 4}, "parameter_index": 0}
[2026-05-12 21:25:05] INFO (NNIManager) Trial job WtVpc status changed from RUNNING to SUCCEEDED
[2026-05-12 21:25:05] INFO (NNIManager) NNIManager received command from dispatcher: TR, {"parameter_id": 1, "parameter_source": "algorithm", "parameters": {"model_type": "TCN", "units": 32, "num_layers": 1, "dropout": 0.2, "activation": "sigmoid", "lr": 1.4111002183778104e-05, "window_size": 16, "batch_size": 128, "epochs": 15, "kernel_size": 2, "attention_heads": 8}, "parameter_index": 0}
[2026-05-12 21:25:05] INFO (NNIManager) submitTrialJob: form: {
  sequenceId: 1,
  hyperParameters: {
    value: '{"parameter_id": 1, "parameter_source": "algorithm", "parameters": {"model_type": "TCN", "units": 32, "num_layers": 1, "dropout": 0.2, "activation": "sigmoid", "lr": 1.4111002183778104e-05, "window_size": 16, "batch_size": 128, "epochs": 15, "kernel_size": 2, "attention_heads": 8}, "parameter_index": 0}',
    index: 0
  },
  placementConstraint: { type: 'None', gpus: [] }
}
[2026-05-12 21:25:05] INFO (LocalV3.local) Created trial Ey3Ia
[2026-05-12 21:25:07] INFO (LocalV3.local) Trial parameter: Ey3Ia {"parameter_id": 1, "parameter_source": "algorithm", "parameters": {"model_type": "TCN", "units": 32, "num_layers": 1, "dropout": 0.2, "activation": "sigmoid", "lr": 1.4111002183778104e-05, "window_size": 16, "batch_size": 128, "epochs": 15, "kernel_size": 2, "attention_heads": 8}, "parameter_index": 0}
[2026-05-12 21:25:11] INFO (NNIManager) Trial job Ey3Ia status changed from RUNNING to SUCCEEDED
[2026-05-12 21:25:11] INFO (NNIManager) NNIManager received command from dispatcher: TR, {"parameter_id": 2, "parameter_source": "algorithm", "parameters": {"model_type": "RNN", "units": 128, "num_layers": 4, "dropout": 0, "activation": "sigmoid", "lr": 2.1489399619745254e-05, "window_size": 27, "batch_size": 16, "epochs": 20, "kernel_size": 5, "attention_heads": 4}, "parameter_index": 0}
[2026-05-12 21:25:11] INFO (NNIManager) submitTrialJob: form: {
  sequenceId: 2,
  hyperParameters: {
    value: '{"parameter_id": 2, "parameter_source": "algorithm", "parameters": {"model_type": "RNN", "units": 128, "num_layers": 4, "dropout": 0, "activation": "sigmoid", "lr": 2.1489399619745254e-05, "window_size": 27, "batch_size": 16, "epochs": 20, "kernel_size": 5, "attention_heads": 4}, "parameter_index": 0}',
    index: 0
  },
  placementConstraint: { type: 'None', gpus: [] }
}
[2026-05-12 21:25:11] INFO (LocalV3.local) Created trial LzZyF
[2026-05-12 21:25:13] INFO (LocalV3.local) Trial parameter: LzZyF {"parameter_id": 2, "parameter_source": "algorithm", "parameters": {"model_type": "RNN", "units": 128, "num_layers": 4, "dropout": 0, "activation": "sigmoid", "lr": 2.1489399619745254e-05, "window_size": 27, "batch_size": 16, "epochs": 20, "kernel_size": 5, "attention_heads": 4}, "parameter_index": 0}
[2026-05-12 21:26:36] INFO (NNIManager) Trial job LzZyF status changed from RUNNING to SUCCEEDED
[2026-05-12 21:26:36] INFO (NNIManager) NNIManager received command from dispatcher: TR, {"parameter_id": 3, "parameter_source": "algorithm", "parameters": {"model_type": "LSTM", "units": 64, "num_layers": 3, "dropout": 0.2, "activation": "relu", "lr": 0.0047492187200795675, "window_size": 10, "batch_size": 16, "epochs": 20, "kernel_size": 2, "attention_heads": 4}, "parameter_index": 0}
[2026-05-12 21:26:37] INFO (NNIManager) submitTrialJob: form: {
  sequenceId: 3,
  hyperParameters: {
    value: '{"parameter_id": 3, "parameter_source": "algorithm", "parameters": {"model_type": "LSTM", "units": 64, "num_layers": 3, "dropout": 0.2, "activation": "relu", "lr": 0.0047492187200795675, "window_size": 10, "batch_size": 16, "epochs": 20, "kernel_size": 2, "attention_heads": 4}, "parameter_index": 0}',
    index: 0
  },
  placementConstraint: { type: 'None', gpus: [] }
}
[2026-05-12 21:26:37] INFO (LocalV3.local) Created trial AMf2J
[2026-05-12 21:26:38] INFO (LocalV3.local) Trial parameter: AMf2J {"parameter_id": 3, "parameter_source": "algorithm", "parameters": {"model_type": "LSTM", "units": 64, "num_layers": 3, "dropout": 0.2, "activation": "relu", "lr": 0.0047492187200795675, "window_size": 10, "batch_size": 16, "epochs": 20, "kernel_size": 2, "attention_heads": 4}, "parameter_index": 0}
[2026-05-12 21:27:37] INFO (NNIManager) Trial job AMf2J status changed from RUNNING to SUCCEEDED
[2026-05-12 21:27:37] INFO (NNIManager) NNIManager received command from dispatcher: TR, {"parameter_id": 4, "parameter_source": "algorithm", "parameters": {"model_type": "GRU", "units": 16, "num_layers": 2, "dropout": 0.1, "activation": "relu", "lr": 5.547055543395618e-05, "window_size": 9, "batch_size": 64, "epochs": 5, "kernel_size": 7, "attention_heads": 8}, "parameter_index": 0}
[2026-05-12 21:27:38] INFO (NNIManager) submitTrialJob: form: {
  sequenceId: 4,
  hyperParameters: {
    value: '{"parameter_id": 4, "parameter_source": "algorithm", "parameters": {"model_type": "GRU", "units": 16, "num_layers": 2, "dropout": 0.1, "activation": "relu", "lr": 5.547055543395618e-05, "window_size": 9, "batch_size": 64, "epochs": 5, "kernel_size": 7, "attention_heads": 8}, "parameter_index": 0}',
    index: 0
  },
  placementConstraint: { type: 'None', gpus: [] }
}
[2026-05-12 21:27:38] INFO (LocalV3.local) Created trial PopPP
[2026-05-12 21:27:39] INFO (LocalV3.local) Trial parameter: PopPP {"parameter_id": 4, "parameter_source": "algorithm", "parameters": {"model_type": "GRU", "units": 16, "num_layers": 2, "dropout": 0.1, "activation": "relu", "lr": 5.547055543395618e-05, "window_size": 9, "batch_size": 64, "epochs": 5, "kernel_size": 7, "attention_heads": 8}, "parameter_index": 0}
[2026-05-12 21:27:46] INFO (NNIManager) Trial job PopPP status changed from RUNNING to SUCCEEDED
[2026-05-12 21:27:46] INFO (NNIManager) NNIManager received command from dispatcher: TR, {"parameter_id": 5, "parameter_source": "algorithm", "parameters": {"model_type": "GRU", "units": 32, "num_layers": 4, "dropout": 0.1, "activation": "elu", "lr": 0.0007559680681712035, "window_size": 30, "batch_size": 64, "epochs": 10, "kernel_size": 2, "attention_heads": 2}, "parameter_index": 0}
[2026-05-12 21:27:46] INFO (NNIManager) submitTrialJob: form: {
  sequenceId: 5,
  hyperParameters: {
    value: '{"parameter_id": 5, "parameter_source": "algorithm", "parameters": {"model_type": "GRU", "units": 32, "num_layers": 4, "dropout": 0.1, "activation": "elu", "lr": 0.0007559680681712035, "window_size": 30, "batch_size": 64, "epochs": 10, "kernel_size": 2, "attention_heads": 2}, "parameter_index": 0}',
    index: 0
  },
  placementConstraint: { type: 'None', gpus: [] }
}
[2026-05-12 21:27:46] INFO (LocalV3.local) Created trial jIZJe
[2026-05-12 21:27:48] INFO (LocalV3.local) Trial parameter: jIZJe {"parameter_id": 5, "parameter_source": "algorithm", "parameters": {"model_type": "GRU", "units": 32, "num_layers": 4, "dropout": 0.1, "activation": "elu", "lr": 0.0007559680681712035, "window_size": 30, "batch_size": 64, "epochs": 10, "kernel_size": 2, "attention_heads": 2}, "parameter_index": 0}
[2026-05-12 21:28:17] INFO (NNIManager) Trial job jIZJe status changed from RUNNING to SUCCEEDED
[2026-05-12 21:28:17] INFO (NNIManager) NNIManager received command from dispatcher: TR, {"parameter_id": 6, "parameter_source": "algorithm", "parameters": {"model_type": "MLP", "units": 64, "num_layers": 1, "dropout": 0, "activation": "sigmoid", "lr": 0.00015527108592974597, "window_size": 16, "batch_size": 16, "epochs": 20, "kernel_size": 7, "attention_heads": 2}, "parameter_index": 0}
[2026-05-12 21:28:18] INFO (NNIManager) submitTrialJob: form: {
  sequenceId: 6,
  hyperParameters: {
    value: '{"parameter_id": 6, "parameter_source": "algorithm", "parameters": {"model_type": "MLP", "units": 64, "num_layers": 1, "dropout": 0, "activation": "sigmoid", "lr": 0.00015527108592974597, "window_size": 16, "batch_size": 16, "epochs": 20, "kernel_size": 7, "attention_heads": 2}, "parameter_index": 0}',
    index: 0
  },
  placementConstraint: { type: 'None', gpus: [] }
}
[2026-05-12 21:28:18] INFO (LocalV3.local) Created trial dgXl6
[2026-05-12 21:28:19] INFO (LocalV3.local) Trial parameter: dgXl6 {"parameter_id": 6, "parameter_source": "algorithm", "parameters": {"model_type": "MLP", "units": 64, "num_layers": 1, "dropout": 0, "activation": "sigmoid", "lr": 0.00015527108592974597, "window_size": 16, "batch_size": 16, "epochs": 20, "kernel_size": 7, "attention_heads": 2}, "parameter_index": 0}
[2026-05-12 21:28:27] INFO (NNIManager) Trial job dgXl6 status changed from RUNNING to SUCCEEDED
[2026-05-12 21:28:27] INFO (NNIManager) NNIManager received command from dispatcher: TR, {"parameter_id": 7, "parameter_source": "algorithm", "parameters": {"model_type": "TCN", "units": 32, "num_layers": 3, "dropout": 0, "activation": "relu", "lr": 0.008357903217502394, "window_size": 8, "batch_size": 64, "epochs": 5, "kernel_size": 7, "attention_heads": 8}, "parameter_index": 0}
[2026-05-12 21:28:28] INFO (NNIManager) submitTrialJob: form: {
  sequenceId: 7,
  hyperParameters: {
    value: '{"parameter_id": 7, "parameter_source": "algorithm", "parameters": {"model_type": "TCN", "units": 32, "num_layers": 3, "dropout": 0, "activation": "relu", "lr": 0.008357903217502394, "window_size": 8, "batch_size": 64, "epochs": 5, "kernel_size": 7, "attention_heads": 8}, "parameter_index": 0}',
    index: 0
  },
  placementConstraint: { type: 'None', gpus: [] }
}
[2026-05-12 21:28:28] INFO (LocalV3.local) Created trial qXoT5
[2026-05-12 21:28:30] INFO (LocalV3.local) Trial parameter: qXoT5 {"parameter_id": 7, "parameter_source": "algorithm", "parameters": {"model_type": "TCN", "units": 32, "num_layers": 3, "dropout": 0, "activation": "relu", "lr": 0.008357903217502394, "window_size": 8, "batch_size": 64, "epochs": 5, "kernel_size": 7, "attention_heads": 8}, "parameter_index": 0}
[2026-05-12 21:28:33] INFO (NNIManager) Trial job qXoT5 status changed from RUNNING to SUCCEEDED
[2026-05-12 21:28:33] INFO (NNIManager) NNIManager received command from dispatcher: TR, {"parameter_id": 8, "parameter_source": "algorithm", "parameters": {"model_type": "TCN", "units": 64, "num_layers": 3, "dropout": 0.2, "activation": "tanh", "lr": 0.0021436605397753814, "window_size": 11, "batch_size": 32, "epochs": 15, "kernel_size": 3, "attention_heads": 4}, "parameter_index": 0}
[2026-05-12 21:28:33] INFO (NNIManager) submitTrialJob: form: {
  sequenceId: 8,
  hyperParameters: {
    value: '{"parameter_id": 8, "parameter_source": "algorithm", "parameters": {"model_type": "TCN", "units": 64, "num_layers": 3, "dropout": 0.2, "activation": "tanh", "lr": 0.0021436605397753814, "window_size": 11, "batch_size": 32, "epochs": 15, "kernel_size": 3, "attention_heads": 4}, "parameter_index": 0}',
    index: 0
  },
  placementConstraint: { type: 'None', gpus: [] }
}
[2026-05-12 21:28:33] INFO (LocalV3.local) Created trial CUpRO
[2026-05-12 21:28:35] INFO (LocalV3.local) Trial parameter: CUpRO {"parameter_id": 8, "parameter_source": "algorithm", "parameters": {"model_type": "TCN", "units": 64, "num_layers": 3, "dropout": 0.2, "activation": "tanh", "lr": 0.0021436605397753814, "window_size": 11, "batch_size": 32, "epochs": 15, "kernel_size": 3, "attention_heads": 4}, "parameter_index": 0}
[2026-05-12 21:28:45] INFO (NNIManager) Trial job CUpRO status changed from RUNNING to SUCCEEDED
[2026-05-12 21:28:45] INFO (NNIManager) NNIManager received command from dispatcher: TR, {"parameter_id": 9, "parameter_source": "algorithm", "parameters": {"model_type": "Transformer", "units": 128, "num_layers": 2, "dropout": 0, "activation": "sigmoid", "lr": 1.3963483185423128e-05, "window_size": 6, "batch_size": 128, "epochs": 5, "kernel_size": 5, "attention_heads": 8}, "parameter_index": 0}
[2026-05-12 21:28:45] INFO (NNIManager) submitTrialJob: form: {
  sequenceId: 9,
  hyperParameters: {
    value: '{"parameter_id": 9, "parameter_source": "algorithm", "parameters": {"model_type": "Transformer", "units": 128, "num_layers": 2, "dropout": 0, "activation": "sigmoid", "lr": 1.3963483185423128e-05, "window_size": 6, "batch_size": 128, "epochs": 5, "kernel_size": 5, "attention_heads": 8}, "parameter_index": 0}',
    index: 0
  },
  placementConstraint: { type: 'None', gpus: [] }
}
[2026-05-12 21:28:45] INFO (LocalV3.local) Created trial fojTV
[2026-05-12 21:28:47] INFO (LocalV3.local) Trial parameter: fojTV {"parameter_id": 9, "parameter_source": "algorithm", "parameters": {"model_type": "Transformer", "units": 128, "num_layers": 2, "dropout": 0, "activation": "sigmoid", "lr": 1.3963483185423128e-05, "window_size": 6, "batch_size": 128, "epochs": 5, "kernel_size": 5, "attention_heads": 8}, "parameter_index": 0}
[2026-05-12 21:28:57] INFO (NNIManager) Trial job fojTV status changed from RUNNING to SUCCEEDED
[2026-05-12 21:28:57] INFO (NNIManager) NNIManager received command from dispatcher: TR, {"parameter_id": 10, "parameter_source": "algorithm", "parameters": {"model_type": "Transformer", "units": 16, "num_layers": 1, "dropout": 0, "activation": "relu", "lr": 1.633743673033612e-05, "window_size": 21, "batch_size": 64, "epochs": 5, "kernel_size": 5, "attention_heads": 2}, "parameter_index": 0}
[2026-05-12 21:28:58] INFO (NNIManager) submitTrialJob: form: {
  sequenceId: 10,
  hyperParameters: {
    value: '{"parameter_id": 10, "parameter_source": "algorithm", "parameters": {"model_type": "Transformer", "units": 16, "num_layers": 1, "dropout": 0, "activation": "relu", "lr": 1.633743673033612e-05, "window_size": 21, "batch_size": 64, "epochs": 5, "kernel_size": 5, "attention_heads": 2}, "parameter_index": 0}',
    index: 0
  },
  placementConstraint: { type: 'None', gpus: [] }
}
[2026-05-12 21:28:58] INFO (LocalV3.local) Created trial t1yfP
[2026-05-12 21:29:00] INFO (LocalV3.local) Trial parameter: t1yfP {"parameter_id": 10, "parameter_source": "algorithm", "parameters": {"model_type": "Transformer", "units": 16, "num_layers": 1, "dropout": 0, "activation": "relu", "lr": 1.633743673033612e-05, "window_size": 21, "batch_size": 64, "epochs": 5, "kernel_size": 5, "attention_heads": 2}, "parameter_index": 0}
[2026-05-12 21:29:04] INFO (NNIManager) Trial job t1yfP status changed from RUNNING to SUCCEEDED
[2026-05-12 21:29:04] INFO (NNIManager) NNIManager received command from dispatcher: TR, {"parameter_id": 11, "parameter_source": "algorithm", "parameters": {"model_type": "MLP", "units": 32, "num_layers": 3, "dropout": 0, "activation": "sigmoid", "lr": 0.006797097730980052, "window_size": 30, "batch_size": 32, "epochs": 15, "kernel_size": 2, "attention_heads": 2}, "parameter_index": 0}
[2026-05-12 21:29:04] INFO (NNIManager) submitTrialJob: form: {
  sequenceId: 11,
  hyperParameters: {
    value: '{"parameter_id": 11, "parameter_source": "algorithm", "parameters": {"model_type": "MLP", "units": 32, "num_layers": 3, "dropout": 0, "activation": "sigmoid", "lr": 0.006797097730980052, "window_size": 30, "batch_size": 32, "epochs": 15, "kernel_size": 2, "attention_heads": 2}, "parameter_index": 0}',
    index: 0
  },
  placementConstraint: { type: 'None', gpus: [] }
}
[2026-05-12 21:29:04] INFO (LocalV3.local) Created trial WF0kh
[2026-05-12 21:29:06] INFO (LocalV3.local) Trial parameter: WF0kh {"parameter_id": 11, "parameter_source": "algorithm", "parameters": {"model_type": "MLP", "units": 32, "num_layers": 3, "dropout": 0, "activation": "sigmoid", "lr": 0.006797097730980052, "window_size": 30, "batch_size": 32, "epochs": 15, "kernel_size": 2, "attention_heads": 2}, "parameter_index": 0}
[2026-05-12 21:29:11] INFO (NNIManager) Trial job WF0kh status changed from RUNNING to SUCCEEDED
[2026-05-12 21:29:11] INFO (NNIManager) NNIManager received command from dispatcher: TR, {"parameter_id": 12, "parameter_source": "algorithm", "parameters": {"model_type": "CNN", "units": 128, "num_layers": 2, "dropout": 0.2, "activation": "relu", "lr": 0.002185877769195245, "window_size": 29, "batch_size": 128, "epochs": 10, "kernel_size": 2, "attention_heads": 8}, "parameter_index": 0}
[2026-05-12 21:29:12] INFO (NNIManager) submitTrialJob: form: {
  sequenceId: 12,
  hyperParameters: {
    value: '{"parameter_id": 12, "parameter_source": "algorithm", "parameters": {"model_type": "CNN", "units": 128, "num_layers": 2, "dropout": 0.2, "activation": "relu", "lr": 0.002185877769195245, "window_size": 29, "batch_size": 128, "epochs": 10, "kernel_size": 2, "attention_heads": 8}, "parameter_index": 0}',
    index: 0
  },
  placementConstraint: { type: 'None', gpus: [] }
}
[2026-05-12 21:29:12] INFO (LocalV3.local) Created trial mO66F
[2026-05-12 21:29:14] INFO (LocalV3.local) Trial parameter: mO66F {"parameter_id": 12, "parameter_source": "algorithm", "parameters": {"model_type": "CNN", "units": 128, "num_layers": 2, "dropout": 0.2, "activation": "relu", "lr": 0.002185877769195245, "window_size": 29, "batch_size": 128, "epochs": 10, "kernel_size": 2, "attention_heads": 8}, "parameter_index": 0}
[2026-05-12 21:29:19] INFO (NNIManager) Trial job mO66F status changed from RUNNING to SUCCEEDED
[2026-05-12 21:29:19] INFO (NNIManager) NNIManager received command from dispatcher: TR, {"parameter_id": 13, "parameter_source": "algorithm", "parameters": {"model_type": "RNN", "units": 128, "num_layers": 4, "dropout": 0, "activation": "relu", "lr": 0.00048123665755438373, "window_size": 8, "batch_size": 16, "epochs": 15, "kernel_size": 7, "attention_heads": 8}, "parameter_index": 0}
[2026-05-12 21:29:19] INFO (NNIManager) submitTrialJob: form: {
  sequenceId: 13,
  hyperParameters: {
    value: '{"parameter_id": 13, "parameter_source": "algorithm", "parameters": {"model_type": "RNN", "units": 128, "num_layers": 4, "dropout": 0, "activation": "relu", "lr": 0.00048123665755438373, "window_size": 8, "batch_size": 16, "epochs": 15, "kernel_size": 7, "attention_heads": 8}, "parameter_index": 0}',
    index: 0
  },
  placementConstraint: { type: 'None', gpus: [] }
}
[2026-05-12 21:29:19] INFO (LocalV3.local) Created trial fifYp
[2026-05-12 21:29:21] INFO (LocalV3.local) Trial parameter: fifYp {"parameter_id": 13, "parameter_source": "algorithm", "parameters": {"model_type": "RNN", "units": 128, "num_layers": 4, "dropout": 0, "activation": "relu", "lr": 0.00048123665755438373, "window_size": 8, "batch_size": 16, "epochs": 15, "kernel_size": 7, "attention_heads": 8}, "parameter_index": 0}
[2026-05-12 21:29:47] INFO (NNIManager) Trial job fifYp status changed from RUNNING to SUCCEEDED
[2026-05-12 21:29:47] INFO (NNIManager) NNIManager received command from dispatcher: TR, {"parameter_id": 14, "parameter_source": "algorithm", "parameters": {"model_type": "TCN", "units": 32, "num_layers": 4, "dropout": 0, "activation": "relu", "lr": 2.538906721645919e-05, "window_size": 3, "batch_size": 16, "epochs": 10, "kernel_size": 7, "attention_heads": 2}, "parameter_index": 0}
[2026-05-12 21:29:48] INFO (NNIManager) submitTrialJob: form: {
  sequenceId: 14,
  hyperParameters: {
    value: '{"parameter_id": 14, "parameter_source": "algorithm", "parameters": {"model_type": "TCN", "units": 32, "num_layers": 4, "dropout": 0, "activation": "relu", "lr": 2.538906721645919e-05, "window_size": 3, "batch_size": 16, "epochs": 10, "kernel_size": 7, "attention_heads": 2}, "parameter_index": 0}',
    index: 0
  },
  placementConstraint: { type: 'None', gpus: [] }
}
[2026-05-12 21:29:48] INFO (LocalV3.local) Created trial tCUYr
[2026-05-12 21:29:50] INFO (LocalV3.local) Trial parameter: tCUYr {"parameter_id": 14, "parameter_source": "algorithm", "parameters": {"model_type": "TCN", "units": 32, "num_layers": 4, "dropout": 0, "activation": "relu", "lr": 2.538906721645919e-05, "window_size": 3, "batch_size": 16, "epochs": 10, "kernel_size": 7, "attention_heads": 2}, "parameter_index": 0}
[2026-05-12 21:29:59] INFO (NNIManager) Trial job tCUYr status changed from RUNNING to SUCCEEDED
[2026-05-12 21:29:59] INFO (NNIManager) NNIManager received command from dispatcher: TR, {"parameter_id": 15, "parameter_source": "algorithm", "parameters": {"model_type": "MLP", "units": 16, "num_layers": 1, "dropout": 0.2, "activation": "relu", "lr": 0.0009935928636478134, "window_size": 17, "batch_size": 128, "epochs": 20, "kernel_size": 7, "attention_heads": 2}, "parameter_index": 0}
[2026-05-12 21:29:59] INFO (NNIManager) submitTrialJob: form: {
  sequenceId: 15,
  hyperParameters: {
    value: '{"parameter_id": 15, "parameter_source": "algorithm", "parameters": {"model_type": "MLP", "units": 16, "num_layers": 1, "dropout": 0.2, "activation": "relu", "lr": 0.0009935928636478134, "window_size": 17, "batch_size": 128, "epochs": 20, "kernel_size": 7, "attention_heads": 2}, "parameter_index": 0}',
    index: 0
  },
  placementConstraint: { type: 'None', gpus: [] }
}
[2026-05-12 21:29:59] INFO (LocalV3.local) Created trial wpAkU
[2026-05-12 21:30:02] INFO (LocalV3.local) Trial parameter: wpAkU {"parameter_id": 15, "parameter_source": "algorithm", "parameters": {"model_type": "MLP", "units": 16, "num_layers": 1, "dropout": 0.2, "activation": "relu", "lr": 0.0009935928636478134, "window_size": 17, "batch_size": 128, "epochs": 20, "kernel_size": 7, "attention_heads": 2}, "parameter_index": 0}
[2026-05-12 21:30:07] INFO (NNIManager) Trial job wpAkU status changed from RUNNING to SUCCEEDED
[2026-05-12 21:30:07] INFO (NNIManager) NNIManager received command from dispatcher: TR, {"parameter_id": 16, "parameter_source": "algorithm", "parameters": {"model_type": "LSTM", "units": 128, "num_layers": 3, "dropout": 0.2, "activation": "elu", "lr": 0.00019319798448426225, "window_size": 30, "batch_size": 64, "epochs": 10, "kernel_size": 5, "attention_heads": 8}, "parameter_index": 0}
[2026-05-12 21:30:08] INFO (NNIManager) submitTrialJob: form: {
  sequenceId: 16,
  hyperParameters: {
    value: '{"parameter_id": 16, "parameter_source": "algorithm", "parameters": {"model_type": "LSTM", "units": 128, "num_layers": 3, "dropout": 0.2, "activation": "elu", "lr": 0.00019319798448426225, "window_size": 30, "batch_size": 64, "epochs": 10, "kernel_size": 5, "attention_heads": 8}, "parameter_index": 0}',
    index: 0
  },
  placementConstraint: { type: 'None', gpus: [] }
}
[2026-05-12 21:30:08] INFO (LocalV3.local) Created trial dYbKE
[2026-05-12 21:30:10] INFO (LocalV3.local) Trial parameter: dYbKE {"parameter_id": 16, "parameter_source": "algorithm", "parameters": {"model_type": "LSTM", "units": 128, "num_layers": 3, "dropout": 0.2, "activation": "elu", "lr": 0.00019319798448426225, "window_size": 30, "batch_size": 64, "epochs": 10, "kernel_size": 5, "attention_heads": 8}, "parameter_index": 0}
[2026-05-12 21:31:13] INFO (NNIManager) Trial job dYbKE status changed from RUNNING to SUCCEEDED
[2026-05-12 21:31:13] INFO (NNIManager) NNIManager received command from dispatcher: TR, {"parameter_id": 17, "parameter_source": "algorithm", "parameters": {"model_type": "MLP", "units": 64, "num_layers": 2, "dropout": 0, "activation": "sigmoid", "lr": 0.008072677256998935, "window_size": 25, "batch_size": 128, "epochs": 20, "kernel_size": 5, "attention_heads": 4}, "parameter_index": 0}
[2026-05-12 21:31:14] INFO (NNIManager) submitTrialJob: form: {
  sequenceId: 17,
  hyperParameters: {
    value: '{"parameter_id": 17, "parameter_source": "algorithm", "parameters": {"model_type": "MLP", "units": 64, "num_layers": 2, "dropout": 0, "activation": "sigmoid", "lr": 0.008072677256998935, "window_size": 25, "batch_size": 128, "epochs": 20, "kernel_size": 5, "attention_heads": 4}, "parameter_index": 0}',
    index: 0
  },
  placementConstraint: { type: 'None', gpus: [] }
}
[2026-05-12 21:31:14] INFO (LocalV3.local) Created trial KtYF9
[2026-05-12 21:31:15] INFO (LocalV3.local) Trial parameter: KtYF9 {"parameter_id": 17, "parameter_source": "algorithm", "parameters": {"model_type": "MLP", "units": 64, "num_layers": 2, "dropout": 0, "activation": "sigmoid", "lr": 0.008072677256998935, "window_size": 25, "batch_size": 128, "epochs": 20, "kernel_size": 5, "attention_heads": 4}, "parameter_index": 0}
[2026-05-12 21:31:19] INFO (NNIManager) Trial job KtYF9 status changed from RUNNING to SUCCEEDED
[2026-05-12 21:31:19] INFO (NNIManager) NNIManager received command from dispatcher: TR, {"parameter_id": 18, "parameter_source": "algorithm", "parameters": {"model_type": "TCN", "units": 64, "num_layers": 4, "dropout": 0.5, "activation": "elu", "lr": 2.907666852612334e-05, "window_size": 29, "batch_size": 128, "epochs": 10, "kernel_size": 2, "attention_heads": 4}, "parameter_index": 0}
[2026-05-12 21:31:20] INFO (NNIManager) submitTrialJob: form: {
  sequenceId: 18,
  hyperParameters: {
    value: '{"parameter_id": 18, "parameter_source": "algorithm", "parameters": {"model_type": "TCN", "units": 64, "num_layers": 4, "dropout": 0.5, "activation": "elu", "lr": 2.907666852612334e-05, "window_size": 29, "batch_size": 128, "epochs": 10, "kernel_size": 2, "attention_heads": 4}, "parameter_index": 0}',
    index: 0
  },
  placementConstraint: { type: 'None', gpus: [] }
}
[2026-05-12 21:31:20] INFO (LocalV3.local) Created trial AwDqu
[2026-05-12 21:31:21] INFO (LocalV3.local) Trial parameter: AwDqu {"parameter_id": 18, "parameter_source": "algorithm", "parameters": {"model_type": "TCN", "units": 64, "num_layers": 4, "dropout": 0.5, "activation": "elu", "lr": 2.907666852612334e-05, "window_size": 29, "batch_size": 128, "epochs": 10, "kernel_size": 2, "attention_heads": 4}, "parameter_index": 0}
[2026-05-12 21:31:28] INFO (NNIManager) Trial job AwDqu status changed from RUNNING to SUCCEEDED
[2026-05-12 21:31:28] INFO (NNIManager) NNIManager received command from dispatcher: TR, {"parameter_id": 19, "parameter_source": "algorithm", "parameters": {"model_type": "RNN", "units": 32, "num_layers": 4, "dropout": 0.5, "activation": "elu", "lr": 0.0060070895170607035, "window_size": 3, "batch_size": 32, "epochs": 20, "kernel_size": 5, "attention_heads": 4}, "parameter_index": 0}
[2026-05-12 21:31:29] INFO (NNIManager) submitTrialJob: form: {
  sequenceId: 19,
  hyperParameters: {
    value: '{"parameter_id": 19, "parameter_source": "algorithm", "parameters": {"model_type": "RNN", "units": 32, "num_layers": 4, "dropout": 0.5, "activation": "elu", "lr": 0.0060070895170607035, "window_size": 3, "batch_size": 32, "epochs": 20, "kernel_size": 5, "attention_heads": 4}, "parameter_index": 0}',
    index: 0
  },
  placementConstraint: { type: 'None', gpus: [] }
}
[2026-05-12 21:31:29] INFO (LocalV3.local) Created trial eYM8j
[2026-05-12 21:31:31] INFO (LocalV3.local) Trial parameter: eYM8j {"parameter_id": 19, "parameter_source": "algorithm", "parameters": {"model_type": "RNN", "units": 32, "num_layers": 4, "dropout": 0.5, "activation": "elu", "lr": 0.0060070895170607035, "window_size": 3, "batch_size": 32, "epochs": 20, "kernel_size": 5, "attention_heads": 4}, "parameter_index": 0}
[2026-05-12 21:31:46] INFO (NNIManager) Trial job eYM8j status changed from RUNNING to SUCCEEDED
[2026-05-12 21:31:46] INFO (NNIManager) NNIManager received command from dispatcher: TR, {"parameter_id": 20, "parameter_source": "algorithm", "parameters": {"model_type": "Transformer", "units": 64, "num_layers": 4, "dropout": 0, "activation": "sigmoid", "lr": 0.0011807662169895695, "window_size": 18, "batch_size": 32, "epochs": 5, "kernel_size": 2, "attention_heads": 8}, "parameter_index": 0}
[2026-05-12 21:31:47] INFO (NNIManager) submitTrialJob: form: {
  sequenceId: 20,
  hyperParameters: {
    value: '{"parameter_id": 20, "parameter_source": "algorithm", "parameters": {"model_type": "Transformer", "units": 64, "num_layers": 4, "dropout": 0, "activation": "sigmoid", "lr": 0.0011807662169895695, "window_size": 18, "batch_size": 32, "epochs": 5, "kernel_size": 2, "attention_heads": 8}, "parameter_index": 0}',
    index: 0
  },
  placementConstraint: { type: 'None', gpus: [] }
}
[2026-05-12 21:31:47] INFO (LocalV3.local) Created trial pcqIf
[2026-05-12 21:31:48] INFO (LocalV3.local) Trial parameter: pcqIf {"parameter_id": 20, "parameter_source": "algorithm", "parameters": {"model_type": "Transformer", "units": 64, "num_layers": 4, "dropout": 0, "activation": "sigmoid", "lr": 0.0011807662169895695, "window_size": 18, "batch_size": 32, "epochs": 5, "kernel_size": 2, "attention_heads": 8}, "parameter_index": 0}
[2026-05-12 21:32:18] INFO (NNIManager) Trial job pcqIf status changed from RUNNING to SUCCEEDED
[2026-05-12 21:32:18] INFO (NNIManager) NNIManager received command from dispatcher: TR, {"parameter_id": 21, "parameter_source": "algorithm", "parameters": {"model_type": "TCN", "units": 64, "num_layers": 1, "dropout": 0.5, "activation": "sigmoid", "lr": 3.92160875696142e-05, "window_size": 5, "batch_size": 64, "epochs": 15, "kernel_size": 7, "attention_heads": 8}, "parameter_index": 0}
[2026-05-12 21:32:18] INFO (NNIManager) submitTrialJob: form: {
  sequenceId: 21,
  hyperParameters: {
    value: '{"parameter_id": 21, "parameter_source": "algorithm", "parameters": {"model_type": "TCN", "units": 64, "num_layers": 1, "dropout": 0.5, "activation": "sigmoid", "lr": 3.92160875696142e-05, "window_size": 5, "batch_size": 64, "epochs": 15, "kernel_size": 7, "attention_heads": 8}, "parameter_index": 0}',
    index: 0
  },
  placementConstraint: { type: 'None', gpus: [] }
}
[2026-05-12 21:32:18] INFO (LocalV3.local) Created trial z2jR8
[2026-05-12 21:32:20] INFO (LocalV3.local) Trial parameter: z2jR8 {"parameter_id": 21, "parameter_source": "algorithm", "parameters": {"model_type": "TCN", "units": 64, "num_layers": 1, "dropout": 0.5, "activation": "sigmoid", "lr": 3.92160875696142e-05, "window_size": 5, "batch_size": 64, "epochs": 15, "kernel_size": 7, "attention_heads": 8}, "parameter_index": 0}
[2026-05-12 21:32:27] INFO (NNIManager) Trial job z2jR8 status changed from RUNNING to SUCCEEDED
[2026-05-12 21:32:27] INFO (NNIManager) NNIManager received command from dispatcher: TR, {"parameter_id": 22, "parameter_source": "algorithm", "parameters": {"model_type": "RNN", "units": 128, "num_layers": 1, "dropout": 0.5, "activation": "relu", "lr": 0.0006885537065821012, "window_size": 13, "batch_size": 128, "epochs": 5, "kernel_size": 5, "attention_heads": 8}, "parameter_index": 0}
[2026-05-12 21:32:27] INFO (NNIManager) submitTrialJob: form: {
  sequenceId: 22,
  hyperParameters: {
    value: '{"parameter_id": 22, "parameter_source": "algorithm", "parameters": {"model_type": "RNN", "units": 128, "num_layers": 1, "dropout": 0.5, "activation": "relu", "lr": 0.0006885537065821012, "window_size": 13, "batch_size": 128, "epochs": 5, "kernel_size": 5, "attention_heads": 8}, "parameter_index": 0}',
    index: 0
  },
  placementConstraint: { type: 'None', gpus: [] }
}
[2026-05-12 21:32:27] INFO (LocalV3.local) Created trial ACuf9
[2026-05-12 21:32:30] INFO (LocalV3.local) Trial parameter: ACuf9 {"parameter_id": 22, "parameter_source": "algorithm", "parameters": {"model_type": "RNN", "units": 128, "num_layers": 1, "dropout": 0.5, "activation": "relu", "lr": 0.0006885537065821012, "window_size": 13, "batch_size": 128, "epochs": 5, "kernel_size": 5, "attention_heads": 8}, "parameter_index": 0}
[2026-05-12 21:32:35] INFO (NNIManager) Trial job ACuf9 status changed from RUNNING to SUCCEEDED
[2026-05-12 21:32:35] INFO (NNIManager) NNIManager received command from dispatcher: TR, {"parameter_id": 23, "parameter_source": "algorithm", "parameters": {"model_type": "TCN", "units": 64, "num_layers": 4, "dropout": 0.3, "activation": "relu", "lr": 0.001751200198158084, "window_size": 29, "batch_size": 64, "epochs": 15, "kernel_size": 5, "attention_heads": 8}, "parameter_index": 0}
[2026-05-12 21:32:35] INFO (NNIManager) submitTrialJob: form: {
  sequenceId: 23,
  hyperParameters: {
    value: '{"parameter_id": 23, "parameter_source": "algorithm", "parameters": {"model_type": "TCN", "units": 64, "num_layers": 4, "dropout": 0.3, "activation": "relu", "lr": 0.001751200198158084, "window_size": 29, "batch_size": 64, "epochs": 15, "kernel_size": 5, "attention_heads": 8}, "parameter_index": 0}',
    index: 0
  },
  placementConstraint: { type: 'None', gpus: [] }
}
[2026-05-12 21:32:35] INFO (LocalV3.local) Created trial QMofI
[2026-05-12 21:32:38] INFO (LocalV3.local) Trial parameter: QMofI {"parameter_id": 23, "parameter_source": "algorithm", "parameters": {"model_type": "TCN", "units": 64, "num_layers": 4, "dropout": 0.3, "activation": "relu", "lr": 0.001751200198158084, "window_size": 29, "batch_size": 64, "epochs": 15, "kernel_size": 5, "attention_heads": 8}, "parameter_index": 0}
[2026-05-12 21:32:52] INFO (NNIManager) Trial job QMofI status changed from RUNNING to SUCCEEDED
[2026-05-12 21:32:52] INFO (NNIManager) NNIManager received command from dispatcher: TR, {"parameter_id": 24, "parameter_source": "algorithm", "parameters": {"model_type": "LSTM", "units": 128, "num_layers": 3, "dropout": 0.1, "activation": "tanh", "lr": 0.0022835767683766005, "window_size": 30, "batch_size": 128, "epochs": 5, "kernel_size": 5, "attention_heads": 2}, "parameter_index": 0}
[2026-05-12 21:32:52] INFO (NNIManager) submitTrialJob: form: {
  sequenceId: 24,
  hyperParameters: {
    value: '{"parameter_id": 24, "parameter_source": "algorithm", "parameters": {"model_type": "LSTM", "units": 128, "num_layers": 3, "dropout": 0.1, "activation": "tanh", "lr": 0.0022835767683766005, "window_size": 30, "batch_size": 128, "epochs": 5, "kernel_size": 5, "attention_heads": 2}, "parameter_index": 0}',
    index: 0
  },
  placementConstraint: { type: 'None', gpus: [] }
}
[2026-05-12 21:32:52] INFO (LocalV3.local) Created trial vmGzK
[2026-05-12 21:32:54] INFO (LocalV3.local) Trial parameter: vmGzK {"parameter_id": 24, "parameter_source": "algorithm", "parameters": {"model_type": "LSTM", "units": 128, "num_layers": 3, "dropout": 0.1, "activation": "tanh", "lr": 0.0022835767683766005, "window_size": 30, "batch_size": 128, "epochs": 5, "kernel_size": 5, "attention_heads": 2}, "parameter_index": 0}
[2026-05-12 21:33:23] INFO (NNIManager) Trial job vmGzK status changed from RUNNING to SUCCEEDED
[2026-05-12 21:33:23] INFO (NNIManager) NNIManager received command from dispatcher: TR, {"parameter_id": 25, "parameter_source": "algorithm", "parameters": {"model_type": "CNN", "units": 128, "num_layers": 3, "dropout": 0.5, "activation": "tanh", "lr": 0.00016384599997125427, "window_size": 25, "batch_size": 64, "epochs": 10, "kernel_size": 2, "attention_heads": 2}, "parameter_index": 0}
[2026-05-12 21:33:24] INFO (NNIManager) submitTrialJob: form: {
  sequenceId: 25,
  hyperParameters: {
    value: '{"parameter_id": 25, "parameter_source": "algorithm", "parameters": {"model_type": "CNN", "units": 128, "num_layers": 3, "dropout": 0.5, "activation": "tanh", "lr": 0.00016384599997125427, "window_size": 25, "batch_size": 64, "epochs": 10, "kernel_size": 2, "attention_heads": 2}, "parameter_index": 0}',
    index: 0
  },
  placementConstraint: { type: 'None', gpus: [] }
}
[2026-05-12 21:33:24] INFO (LocalV3.local) Created trial s7RJv
[2026-05-12 21:33:26] INFO (LocalV3.local) Trial parameter: s7RJv {"parameter_id": 25, "parameter_source": "algorithm", "parameters": {"model_type": "CNN", "units": 128, "num_layers": 3, "dropout": 0.5, "activation": "tanh", "lr": 0.00016384599997125427, "window_size": 25, "batch_size": 64, "epochs": 10, "kernel_size": 2, "attention_heads": 2}, "parameter_index": 0}
[2026-05-12 21:33:33] INFO (NNIManager) Trial job s7RJv status changed from RUNNING to SUCCEEDED
[2026-05-12 21:33:33] INFO (NNIManager) NNIManager received command from dispatcher: TR, {"parameter_id": 26, "parameter_source": "algorithm", "parameters": {"model_type": "Transformer", "units": 64, "num_layers": 3, "dropout": 0, "activation": "elu", "lr": 0.000765072198607653, "window_size": 3, "batch_size": 16, "epochs": 5, "kernel_size": 7, "attention_heads": 2}, "parameter_index": 0}
[2026-05-12 21:33:34] INFO (NNIManager) submitTrialJob: form: {
  sequenceId: 26,
  hyperParameters: {
    value: '{"parameter_id": 26, "parameter_source": "algorithm", "parameters": {"model_type": "Transformer", "units": 64, "num_layers": 3, "dropout": 0, "activation": "elu", "lr": 0.000765072198607653, "window_size": 3, "batch_size": 16, "epochs": 5, "kernel_size": 7, "attention_heads": 2}, "parameter_index": 0}',
    index: 0
  },
  placementConstraint: { type: 'None', gpus: [] }
}
[2026-05-12 21:33:34] INFO (LocalV3.local) Created trial ImRp0
[2026-05-12 21:33:36] INFO (LocalV3.local) Trial parameter: ImRp0 {"parameter_id": 26, "parameter_source": "algorithm", "parameters": {"model_type": "Transformer", "units": 64, "num_layers": 3, "dropout": 0, "activation": "elu", "lr": 0.000765072198607653, "window_size": 3, "batch_size": 16, "epochs": 5, "kernel_size": 7, "attention_heads": 2}, "parameter_index": 0}
[2026-05-12 21:33:48] INFO (NNIManager) Trial job ImRp0 status changed from RUNNING to SUCCEEDED
[2026-05-12 21:33:48] INFO (NNIManager) NNIManager received command from dispatcher: TR, {"parameter_id": 27, "parameter_source": "algorithm", "parameters": {"model_type": "LSTM", "units": 16, "num_layers": 1, "dropout": 0.3, "activation": "relu", "lr": 0.00025450147050003403, "window_size": 3, "batch_size": 32, "epochs": 15, "kernel_size": 5, "attention_heads": 2}, "parameter_index": 0}
[2026-05-12 21:33:48] INFO (NNIManager) submitTrialJob: form: {
  sequenceId: 27,
  hyperParameters: {
    value: '{"parameter_id": 27, "parameter_source": "algorithm", "parameters": {"model_type": "LSTM", "units": 16, "num_layers": 1, "dropout": 0.3, "activation": "relu", "lr": 0.00025450147050003403, "window_size": 3, "batch_size": 32, "epochs": 15, "kernel_size": 5, "attention_heads": 2}, "parameter_index": 0}',
    index: 0
  },
  placementConstraint: { type: 'None', gpus: [] }
}
[2026-05-12 21:33:48] INFO (LocalV3.local) Created trial jtjOB
[2026-05-12 21:33:50] INFO (LocalV3.local) Trial parameter: jtjOB {"parameter_id": 27, "parameter_source": "algorithm", "parameters": {"model_type": "LSTM", "units": 16, "num_layers": 1, "dropout": 0.3, "activation": "relu", "lr": 0.00025450147050003403, "window_size": 3, "batch_size": 32, "epochs": 15, "kernel_size": 5, "attention_heads": 2}, "parameter_index": 0}
[2026-05-12 21:33:58] INFO (NNIManager) Trial job jtjOB status changed from RUNNING to SUCCEEDED
[2026-05-12 21:33:58] INFO (NNIManager) NNIManager received command from dispatcher: TR, {"parameter_id": 28, "parameter_source": "algorithm", "parameters": {"model_type": "TCN", "units": 32, "num_layers": 3, "dropout": 0.3, "activation": "tanh", "lr": 0.005730243844185129, "window_size": 5, "batch_size": 16, "epochs": 15, "kernel_size": 3, "attention_heads": 2}, "parameter_index": 0}
[2026-05-12 21:33:59] INFO (NNIManager) submitTrialJob: form: {
  sequenceId: 28,
  hyperParameters: {
    value: '{"parameter_id": 28, "parameter_source": "algorithm", "parameters": {"model_type": "TCN", "units": 32, "num_layers": 3, "dropout": 0.3, "activation": "tanh", "lr": 0.005730243844185129, "window_size": 5, "batch_size": 16, "epochs": 15, "kernel_size": 3, "attention_heads": 2}, "parameter_index": 0}',
    index: 0
  },
  placementConstraint: { type: 'None', gpus: [] }
}
[2026-05-12 21:33:59] INFO (LocalV3.local) Created trial RA3hX
[2026-05-12 21:34:01] INFO (LocalV3.local) Trial parameter: RA3hX {"parameter_id": 28, "parameter_source": "algorithm", "parameters": {"model_type": "TCN", "units": 32, "num_layers": 3, "dropout": 0.3, "activation": "tanh", "lr": 0.005730243844185129, "window_size": 5, "batch_size": 16, "epochs": 15, "kernel_size": 3, "attention_heads": 2}, "parameter_index": 0}
[2026-05-12 21:34:13] INFO (NNIManager) Trial job RA3hX status changed from RUNNING to SUCCEEDED
[2026-05-12 21:34:13] INFO (NNIManager) NNIManager received command from dispatcher: TR, {"parameter_id": 29, "parameter_source": "algorithm", "parameters": {"model_type": "GRU", "units": 64, "num_layers": 4, "dropout": 0.2, "activation": "tanh", "lr": 2.8030551031976142e-05, "window_size": 19, "batch_size": 128, "epochs": 20, "kernel_size": 7, "attention_heads": 2}, "parameter_index": 0}
[2026-05-12 21:34:13] INFO (NNIManager) submitTrialJob: form: {
  sequenceId: 29,
  hyperParameters: {
    value: '{"parameter_id": 29, "parameter_source": "algorithm", "parameters": {"model_type": "GRU", "units": 64, "num_layers": 4, "dropout": 0.2, "activation": "tanh", "lr": 2.8030551031976142e-05, "window_size": 19, "batch_size": 128, "epochs": 20, "kernel_size": 7, "attention_heads": 2}, "parameter_index": 0}',
    index: 0
  },
  placementConstraint: { type: 'None', gpus: [] }
}
[2026-05-12 21:34:13] INFO (LocalV3.local) Created trial J7aSv
[2026-05-12 21:34:15] INFO (LocalV3.local) Trial parameter: J7aSv {"parameter_id": 29, "parameter_source": "algorithm", "parameters": {"model_type": "GRU", "units": 64, "num_layers": 4, "dropout": 0.2, "activation": "tanh", "lr": 2.8030551031976142e-05, "window_size": 19, "batch_size": 128, "epochs": 20, "kernel_size": 7, "attention_heads": 2}, "parameter_index": 0}
[2026-05-12 21:34:53] INFO (NNIManager) Trial job J7aSv status changed from RUNNING to SUCCEEDED
[2026-05-12 21:34:53] INFO (NNIManager) NNIManager received command from dispatcher: TR, {"parameter_id": 30, "parameter_source": "algorithm", "parameters": {"model_type": "MLP", "units": 64, "num_layers": 2, "dropout": 0, "activation": "relu", "lr": 0.00022087239659804794, "window_size": 17, "batch_size": 128, "epochs": 15, "kernel_size": 3, "attention_heads": 8}, "parameter_index": 0}
[2026-05-12 21:34:54] INFO (NNIManager) submitTrialJob: form: {
  sequenceId: 30,
  hyperParameters: {
    value: '{"parameter_id": 30, "parameter_source": "algorithm", "parameters": {"model_type": "MLP", "units": 64, "num_layers": 2, "dropout": 0, "activation": "relu", "lr": 0.00022087239659804794, "window_size": 17, "batch_size": 128, "epochs": 15, "kernel_size": 3, "attention_heads": 8}, "parameter_index": 0}',
    index: 0
  },
  placementConstraint: { type: 'None', gpus: [] }
}
[2026-05-12 21:34:54] INFO (LocalV3.local) Created trial awWTw
[2026-05-12 21:34:56] INFO (LocalV3.local) Trial parameter: awWTw {"parameter_id": 30, "parameter_source": "algorithm", "parameters": {"model_type": "MLP", "units": 64, "num_layers": 2, "dropout": 0, "activation": "relu", "lr": 0.00022087239659804794, "window_size": 17, "batch_size": 128, "epochs": 15, "kernel_size": 3, "attention_heads": 8}, "parameter_index": 0}
[2026-05-12 21:34:59] INFO (NNIManager) Trial job awWTw status changed from RUNNING to SUCCEEDED
[2026-05-12 21:35:00] INFO (NNIManager) NNIManager received command from dispatcher: TR, {"parameter_id": 31, "parameter_source": "algorithm", "parameters": {"model_type": "TCN", "units": 16, "num_layers": 1, "dropout": 0.1, "activation": "tanh", "lr": 0.0027326589520200433, "window_size": 4, "batch_size": 32, "epochs": 10, "kernel_size": 2, "attention_heads": 8}, "parameter_index": 0}
[2026-05-12 21:35:00] INFO (NNIManager) submitTrialJob: form: {
  sequenceId: 31,
  hyperParameters: {
    value: '{"parameter_id": 31, "parameter_source": "algorithm", "parameters": {"model_type": "TCN", "units": 16, "num_layers": 1, "dropout": 0.1, "activation": "tanh", "lr": 0.0027326589520200433, "window_size": 4, "batch_size": 32, "epochs": 10, "kernel_size": 2, "attention_heads": 8}, "parameter_index": 0}',
    index: 0
  },
  placementConstraint: { type: 'None', gpus: [] }
}
[2026-05-12 21:35:00] INFO (LocalV3.local) Created trial UIdwH
[2026-05-12 21:35:01] INFO (NNIManager) Change NNIManager status from: RUNNING to: NO_MORE_TRIAL
[2026-05-12 21:35:02] INFO (LocalV3.local) Trial parameter: UIdwH {"parameter_id": 31, "parameter_source": "algorithm", "parameters": {"model_type": "TCN", "units": 16, "num_layers": 1, "dropout": 0.1, "activation": "tanh", "lr": 0.0027326589520200433, "window_size": 4, "batch_size": 32, "epochs": 10, "kernel_size": 2, "attention_heads": 8}, "parameter_index": 0}
[2026-05-12 21:35:05] INFO (ShutdownManager) Initiate shutdown: SIGTERM
[2026-05-12 21:35:05] INFO (RestServer) Stopping REST server.
[2026-05-12 21:35:05] INFO (NNIManager) Change NNIManager status from: NO_MORE_TRIAL to: STOPPING
[2026-05-12 21:35:05] INFO (NNIManager) Stopping experiment, cleaning up ...
[2026-05-12 21:35:05] INFO (RestServer) REST server stopped.
[2026-05-12 21:35:08] INFO (LocalV3.local) All trials stopped
[2026-05-12 21:35:08] INFO (NNIManager) Change NNIManager status from: STOPPING to: STOPPED
[2026-05-12 21:35:08] INFO (NNIManager) Experiment stopped.
[2026-05-12 21:35:08] INFO (NNITensorboardManager) Forced stopping all tensorboard task.
[2026-05-12 21:35:08] INFO (NNITensorboardManager) All tensorboard task stopped.
[2026-05-12 21:35:08] INFO (NNITensorboardManager) Tensorboard manager stopped.
[2026-05-12 21:35:08] INFO (ShutdownManager) Shutdown complete.
