[2026-05-22 19:08:45] INFO (main) Start NNI manager
[2026-05-22 19:08:45] INFO (RestServer) Starting REST server at port 8303, URL prefix: "/"
[2026-05-22 19:08:45] INFO (RestServer) REST server started.
[2026-05-22 19:08:45] INFO (NNIDataStore) Datastore initialization done
[2026-05-22 19:08:46] INFO (NNIManager) Starting experiment: dw2v0plk
[2026-05-22 19:08:46] INFO (NNIManager) Setup training service...
[2026-05-22 19:08:46] INFO (NNIManager) Setup tuner...
[2026-05-22 19:08:46] INFO (NNIManager) Change NNIManager status from: INITIALIZED to: RUNNING
[2026-05-22 19:08:47] INFO (NNIManager) Add event listeners
[2026-05-22 19:08:47] INFO (LocalV3.local) Start
[2026-05-22 19:08:47] INFO (NNIManager) NNIManager received command from dispatcher: ID, 
[2026-05-22 19:08:47] INFO (NNIManager) NNIManager received command from dispatcher: TR, {"parameter_id": 0, "parameter_source": "algorithm", "parameters": {"model_type": "LSTM", "units": 16, "num_layers": 2, "dropout": 0.2, "activation": "tanh", "lr": 0.00038066358457443313, "window_size": 16, "batch_size": 64, "epochs": 15, "kernel_size": 3, "attention_heads": 2}, "parameter_index": 0}
[2026-05-22 19:08:48] INFO (NNIManager) submitTrialJob: form: {
  sequenceId: 0,
  hyperParameters: {
    value: '{"parameter_id": 0, "parameter_source": "algorithm", "parameters": {"model_type": "LSTM", "units": 16, "num_layers": 2, "dropout": 0.2, "activation": "tanh", "lr": 0.00038066358457443313, "window_size": 16, "batch_size": 64, "epochs": 15, "kernel_size": 3, "attention_heads": 2}, "parameter_index": 0}',
    index: 0
  },
  placementConstraint: { type: 'None', gpus: [] }
}
[2026-05-22 19:08:49] INFO (LocalV3.local) Register directory trial_code = /home/meliani/Desktop/phd/fast-track
[2026-05-22 19:08:49] INFO (LocalV3.local) Created trial ySYkQ
[2026-05-22 19:08:52] INFO (LocalV3.local) Trial parameter: ySYkQ {"parameter_id": 0, "parameter_source": "algorithm", "parameters": {"model_type": "LSTM", "units": 16, "num_layers": 2, "dropout": 0.2, "activation": "tanh", "lr": 0.00038066358457443313, "window_size": 16, "batch_size": 64, "epochs": 15, "kernel_size": 3, "attention_heads": 2}, "parameter_index": 0}
[2026-05-22 19:09:05] INFO (NNIManager) Trial job ySYkQ status changed from RUNNING to SUCCEEDED
[2026-05-22 19:09:05] INFO (NNIManager) NNIManager received command from dispatcher: TR, {"parameter_id": 1, "parameter_source": "algorithm", "parameters": {"model_type": "CNN", "units": 256, "num_layers": 4, "dropout": 0.3, "activation": "elu", "lr": 0.0025217484653193385, "window_size": 10, "batch_size": 64, "epochs": 5, "kernel_size": 3, "attention_heads": 4}, "parameter_index": 0}
[2026-05-22 19:09:06] INFO (NNIManager) submitTrialJob: form: {
  sequenceId: 1,
  hyperParameters: {
    value: '{"parameter_id": 1, "parameter_source": "algorithm", "parameters": {"model_type": "CNN", "units": 256, "num_layers": 4, "dropout": 0.3, "activation": "elu", "lr": 0.0025217484653193385, "window_size": 10, "batch_size": 64, "epochs": 5, "kernel_size": 3, "attention_heads": 4}, "parameter_index": 0}',
    index: 0
  },
  placementConstraint: { type: 'None', gpus: [] }
}
[2026-05-22 19:09:06] INFO (LocalV3.local) Created trial TTJ26
[2026-05-22 19:09:10] INFO (LocalV3.local) Trial parameter: TTJ26 {"parameter_id": 1, "parameter_source": "algorithm", "parameters": {"model_type": "CNN", "units": 256, "num_layers": 4, "dropout": 0.3, "activation": "elu", "lr": 0.0025217484653193385, "window_size": 10, "batch_size": 64, "epochs": 5, "kernel_size": 3, "attention_heads": 4}, "parameter_index": 0}
[2026-05-22 19:09:16] INFO (NNIManager) Trial job TTJ26 status changed from RUNNING to SUCCEEDED
[2026-05-22 19:09:16] INFO (NNIManager) NNIManager received command from dispatcher: TR, {"parameter_id": 2, "parameter_source": "algorithm", "parameters": {"model_type": "CNN", "units": 64, "num_layers": 1, "dropout": 0.2, "activation": "tanh", "lr": 0.0010046112321210046, "window_size": 2, "batch_size": 32, "epochs": 15, "kernel_size": 5, "attention_heads": 8}, "parameter_index": 0}
[2026-05-22 19:09:17] INFO (NNIManager) submitTrialJob: form: {
  sequenceId: 2,
  hyperParameters: {
    value: '{"parameter_id": 2, "parameter_source": "algorithm", "parameters": {"model_type": "CNN", "units": 64, "num_layers": 1, "dropout": 0.2, "activation": "tanh", "lr": 0.0010046112321210046, "window_size": 2, "batch_size": 32, "epochs": 15, "kernel_size": 5, "attention_heads": 8}, "parameter_index": 0}',
    index: 0
  },
  placementConstraint: { type: 'None', gpus: [] }
}
[2026-05-22 19:09:17] INFO (LocalV3.local) Created trial mNvqt
[2026-05-22 19:09:25] INFO (LocalV3.local) Trial parameter: mNvqt {"parameter_id": 2, "parameter_source": "algorithm", "parameters": {"model_type": "CNN", "units": 64, "num_layers": 1, "dropout": 0.2, "activation": "tanh", "lr": 0.0010046112321210046, "window_size": 2, "batch_size": 32, "epochs": 15, "kernel_size": 5, "attention_heads": 8}, "parameter_index": 0}
[2026-05-22 19:09:33] INFO (NNIManager) Trial job mNvqt status changed from RUNNING to SUCCEEDED
[2026-05-22 19:09:33] INFO (NNIManager) NNIManager received command from dispatcher: TR, {"parameter_id": 3, "parameter_source": "algorithm", "parameters": {"model_type": "CNN", "units": 64, "num_layers": 1, "dropout": 0.2, "activation": "tanh", "lr": 0.0009143710614236126, "window_size": 19, "batch_size": 128, "epochs": 5, "kernel_size": 5, "attention_heads": 8}, "parameter_index": 0}
[2026-05-22 19:09:34] INFO (NNIManager) submitTrialJob: form: {
  sequenceId: 3,
  hyperParameters: {
    value: '{"parameter_id": 3, "parameter_source": "algorithm", "parameters": {"model_type": "CNN", "units": 64, "num_layers": 1, "dropout": 0.2, "activation": "tanh", "lr": 0.0009143710614236126, "window_size": 19, "batch_size": 128, "epochs": 5, "kernel_size": 5, "attention_heads": 8}, "parameter_index": 0}',
    index: 0
  },
  placementConstraint: { type: 'None', gpus: [] }
}
[2026-05-22 19:09:34] INFO (LocalV3.local) Created trial Y5JUl
[2026-05-22 19:09:41] INFO (LocalV3.local) Trial parameter: Y5JUl {"parameter_id": 3, "parameter_source": "algorithm", "parameters": {"model_type": "CNN", "units": 64, "num_layers": 1, "dropout": 0.2, "activation": "tanh", "lr": 0.0009143710614236126, "window_size": 19, "batch_size": 128, "epochs": 5, "kernel_size": 5, "attention_heads": 8}, "parameter_index": 0}
[2026-05-22 19:09:47] INFO (NNIManager) Trial job Y5JUl status changed from RUNNING to SUCCEEDED
[2026-05-22 19:09:47] INFO (NNIManager) NNIManager received command from dispatcher: TR, {"parameter_id": 4, "parameter_source": "algorithm", "parameters": {"model_type": "GRU", "units": 64, "num_layers": 2, "dropout": 0.1, "activation": "elu", "lr": 9.207266240552645e-05, "window_size": 21, "batch_size": 128, "epochs": 10, "kernel_size": 3, "attention_heads": 8}, "parameter_index": 0}
[2026-05-22 19:09:47] INFO (NNIManager) submitTrialJob: form: {
  sequenceId: 4,
  hyperParameters: {
    value: '{"parameter_id": 4, "parameter_source": "algorithm", "parameters": {"model_type": "GRU", "units": 64, "num_layers": 2, "dropout": 0.1, "activation": "elu", "lr": 9.207266240552645e-05, "window_size": 21, "batch_size": 128, "epochs": 10, "kernel_size": 3, "attention_heads": 8}, "parameter_index": 0}',
    index: 0
  },
  placementConstraint: { type: 'None', gpus: [] }
}
[2026-05-22 19:09:47] INFO (LocalV3.local) Created trial uKQAa
[2026-05-22 19:09:52] INFO (LocalV3.local) Trial parameter: uKQAa {"parameter_id": 4, "parameter_source": "algorithm", "parameters": {"model_type": "GRU", "units": 64, "num_layers": 2, "dropout": 0.1, "activation": "elu", "lr": 9.207266240552645e-05, "window_size": 21, "batch_size": 128, "epochs": 10, "kernel_size": 3, "attention_heads": 8}, "parameter_index": 0}
[2026-05-22 19:10:03] INFO (NNIManager) Trial job uKQAa status changed from RUNNING to SUCCEEDED
[2026-05-22 19:10:03] INFO (NNIManager) NNIManager received command from dispatcher: TR, {"parameter_id": 5, "parameter_source": "algorithm", "parameters": {"model_type": "MLP", "units": 64, "num_layers": 1, "dropout": 0.2, "activation": "relu", "lr": 0.00021950706186160614, "window_size": 19, "batch_size": 16, "epochs": 5, "kernel_size": 3, "attention_heads": 8}, "parameter_index": 0}
[2026-05-22 19:10:03] INFO (NNIManager) submitTrialJob: form: {
  sequenceId: 5,
  hyperParameters: {
    value: '{"parameter_id": 5, "parameter_source": "algorithm", "parameters": {"model_type": "MLP", "units": 64, "num_layers": 1, "dropout": 0.2, "activation": "relu", "lr": 0.00021950706186160614, "window_size": 19, "batch_size": 16, "epochs": 5, "kernel_size": 3, "attention_heads": 8}, "parameter_index": 0}',
    index: 0
  },
  placementConstraint: { type: 'None', gpus: [] }
}
[2026-05-22 19:10:03] INFO (LocalV3.local) Created trial Vukqa
[2026-05-22 19:10:07] INFO (LocalV3.local) Trial parameter: Vukqa {"parameter_id": 5, "parameter_source": "algorithm", "parameters": {"model_type": "MLP", "units": 64, "num_layers": 1, "dropout": 0.2, "activation": "relu", "lr": 0.00021950706186160614, "window_size": 19, "batch_size": 16, "epochs": 5, "kernel_size": 3, "attention_heads": 8}, "parameter_index": 0}
[2026-05-22 19:10:11] INFO (NNIManager) Trial job Vukqa status changed from RUNNING to SUCCEEDED
[2026-05-22 19:10:11] INFO (NNIManager) NNIManager received command from dispatcher: TR, {"parameter_id": 6, "parameter_source": "algorithm", "parameters": {"model_type": "GRU", "units": 64, "num_layers": 2, "dropout": 0.1, "activation": "elu", "lr": 0.00015535280209869135, "window_size": 21, "batch_size": 32, "epochs": 10, "kernel_size": 3, "attention_heads": 4}, "parameter_index": 0}
[2026-05-22 19:10:11] INFO (NNIManager) submitTrialJob: form: {
  sequenceId: 6,
  hyperParameters: {
    value: '{"parameter_id": 6, "parameter_source": "algorithm", "parameters": {"model_type": "GRU", "units": 64, "num_layers": 2, "dropout": 0.1, "activation": "elu", "lr": 0.00015535280209869135, "window_size": 21, "batch_size": 32, "epochs": 10, "kernel_size": 3, "attention_heads": 4}, "parameter_index": 0}',
    index: 0
  },
  placementConstraint: { type: 'None', gpus: [] }
}
[2026-05-22 19:10:11] INFO (LocalV3.local) Created trial wH356
[2026-05-22 19:10:15] INFO (LocalV3.local) Trial parameter: wH356 {"parameter_id": 6, "parameter_source": "algorithm", "parameters": {"model_type": "GRU", "units": 64, "num_layers": 2, "dropout": 0.1, "activation": "elu", "lr": 0.00015535280209869135, "window_size": 21, "batch_size": 32, "epochs": 10, "kernel_size": 3, "attention_heads": 4}, "parameter_index": 0}
[2026-05-22 19:10:26] INFO (NNIManager) Trial job wH356 status changed from RUNNING to SUCCEEDED
[2026-05-22 19:10:26] INFO (NNIManager) NNIManager received command from dispatcher: TR, {"parameter_id": 7, "parameter_source": "algorithm", "parameters": {"model_type": "LSTM", "units": 64, "num_layers": 1, "dropout": 0.3, "activation": "tanh", "lr": 0.004374728442171308, "window_size": 19, "batch_size": 32, "epochs": 5, "kernel_size": 5, "attention_heads": 4}, "parameter_index": 0}
[2026-05-22 19:10:26] INFO (NNIManager) submitTrialJob: form: {
  sequenceId: 7,
  hyperParameters: {
    value: '{"parameter_id": 7, "parameter_source": "algorithm", "parameters": {"model_type": "LSTM", "units": 64, "num_layers": 1, "dropout": 0.3, "activation": "tanh", "lr": 0.004374728442171308, "window_size": 19, "batch_size": 32, "epochs": 5, "kernel_size": 5, "attention_heads": 4}, "parameter_index": 0}',
    index: 0
  },
  placementConstraint: { type: 'None', gpus: [] }
}
[2026-05-22 19:10:26] INFO (LocalV3.local) Created trial zLRCo
[2026-05-22 19:10:30] INFO (LocalV3.local) Trial parameter: zLRCo {"parameter_id": 7, "parameter_source": "algorithm", "parameters": {"model_type": "LSTM", "units": 64, "num_layers": 1, "dropout": 0.3, "activation": "tanh", "lr": 0.004374728442171308, "window_size": 19, "batch_size": 32, "epochs": 5, "kernel_size": 5, "attention_heads": 4}, "parameter_index": 0}
[2026-05-22 19:10:37] INFO (NNIManager) Trial job zLRCo status changed from RUNNING to SUCCEEDED
[2026-05-22 19:10:37] INFO (NNIManager) NNIManager received command from dispatcher: TR, {"parameter_id": 8, "parameter_source": "algorithm", "parameters": {"model_type": "LSTM", "units": 128, "num_layers": 3, "dropout": 0.3, "activation": "tanh", "lr": 0.0005104497879027253, "window_size": 19, "batch_size": 128, "epochs": 10, "kernel_size": 5, "attention_heads": 2}, "parameter_index": 0}
[2026-05-22 19:10:38] INFO (NNIManager) submitTrialJob: form: {
  sequenceId: 8,
  hyperParameters: {
    value: '{"parameter_id": 8, "parameter_source": "algorithm", "parameters": {"model_type": "LSTM", "units": 128, "num_layers": 3, "dropout": 0.3, "activation": "tanh", "lr": 0.0005104497879027253, "window_size": 19, "batch_size": 128, "epochs": 10, "kernel_size": 5, "attention_heads": 2}, "parameter_index": 0}',
    index: 0
  },
  placementConstraint: { type: 'None', gpus: [] }
}
[2026-05-22 19:10:38] INFO (LocalV3.local) Created trial S4lP5
[2026-05-22 19:10:42] INFO (LocalV3.local) Trial parameter: S4lP5 {"parameter_id": 8, "parameter_source": "algorithm", "parameters": {"model_type": "LSTM", "units": 128, "num_layers": 3, "dropout": 0.3, "activation": "tanh", "lr": 0.0005104497879027253, "window_size": 19, "batch_size": 128, "epochs": 10, "kernel_size": 5, "attention_heads": 2}, "parameter_index": 0}
[2026-05-22 19:11:09] INFO (NNIManager) Trial job S4lP5 status changed from RUNNING to SUCCEEDED
[2026-05-22 19:11:09] INFO (NNIManager) NNIManager received command from dispatcher: TR, {"parameter_id": 9, "parameter_source": "algorithm", "parameters": {"model_type": "GRU", "units": 16, "num_layers": 2, "dropout": 0.1, "activation": "elu", "lr": 0.00045242155311052553, "window_size": 5, "batch_size": 128, "epochs": 10, "kernel_size": 7, "attention_heads": 2}, "parameter_index": 0}
[2026-05-22 19:11:10] INFO (NNIManager) submitTrialJob: form: {
  sequenceId: 9,
  hyperParameters: {
    value: '{"parameter_id": 9, "parameter_source": "algorithm", "parameters": {"model_type": "GRU", "units": 16, "num_layers": 2, "dropout": 0.1, "activation": "elu", "lr": 0.00045242155311052553, "window_size": 5, "batch_size": 128, "epochs": 10, "kernel_size": 7, "attention_heads": 2}, "parameter_index": 0}',
    index: 0
  },
  placementConstraint: { type: 'None', gpus: [] }
}
[2026-05-22 19:11:10] INFO (LocalV3.local) Created trial qn4Y4
[2026-05-22 19:11:17] INFO (LocalV3.local) Trial parameter: qn4Y4 {"parameter_id": 9, "parameter_source": "algorithm", "parameters": {"model_type": "GRU", "units": 16, "num_layers": 2, "dropout": 0.1, "activation": "elu", "lr": 0.00045242155311052553, "window_size": 5, "batch_size": 128, "epochs": 10, "kernel_size": 7, "attention_heads": 2}, "parameter_index": 0}
[2026-05-22 19:11:30] INFO (NNIManager) Trial job qn4Y4 status changed from RUNNING to SUCCEEDED
[2026-05-22 19:11:30] INFO (NNIManager) NNIManager received command from dispatcher: TR, {"parameter_id": 10, "parameter_source": "algorithm", "parameters": {"model_type": "LSTM", "units": 16, "num_layers": 3, "dropout": 0.3, "activation": "relu", "lr": 0.00259513629176162, "window_size": 19, "batch_size": 64, "epochs": 10, "kernel_size": 7, "attention_heads": 4}, "parameter_index": 0}
[2026-05-22 19:11:31] INFO (NNIManager) submitTrialJob: form: {
  sequenceId: 10,
  hyperParameters: {
    value: '{"parameter_id": 10, "parameter_source": "algorithm", "parameters": {"model_type": "LSTM", "units": 16, "num_layers": 3, "dropout": 0.3, "activation": "relu", "lr": 0.00259513629176162, "window_size": 19, "batch_size": 64, "epochs": 10, "kernel_size": 7, "attention_heads": 4}, "parameter_index": 0}',
    index: 0
  },
  placementConstraint: { type: 'None', gpus: [] }
}
[2026-05-22 19:11:31] INFO (LocalV3.local) Created trial mfUci
[2026-05-22 19:11:35] INFO (LocalV3.local) Trial parameter: mfUci {"parameter_id": 10, "parameter_source": "algorithm", "parameters": {"model_type": "LSTM", "units": 16, "num_layers": 3, "dropout": 0.3, "activation": "relu", "lr": 0.00259513629176162, "window_size": 19, "batch_size": 64, "epochs": 10, "kernel_size": 7, "attention_heads": 4}, "parameter_index": 0}
[2026-05-22 19:11:49] INFO (NNIManager) Trial job mfUci status changed from RUNNING to SUCCEEDED
[2026-05-22 19:11:49] INFO (NNIManager) NNIManager received command from dispatcher: TR, {"parameter_id": 11, "parameter_source": "algorithm", "parameters": {"model_type": "LSTM", "units": 256, "num_layers": 2, "dropout": 0.1, "activation": "tanh", "lr": 0.00031331664010150767, "window_size": 16, "batch_size": 64, "epochs": 15, "kernel_size": 7, "attention_heads": 8}, "parameter_index": 0}
[2026-05-22 19:11:49] INFO (NNIManager) submitTrialJob: form: {
  sequenceId: 11,
  hyperParameters: {
    value: '{"parameter_id": 11, "parameter_source": "algorithm", "parameters": {"model_type": "LSTM", "units": 256, "num_layers": 2, "dropout": 0.1, "activation": "tanh", "lr": 0.00031331664010150767, "window_size": 16, "batch_size": 64, "epochs": 15, "kernel_size": 7, "attention_heads": 8}, "parameter_index": 0}',
    index: 0
  },
  placementConstraint: { type: 'None', gpus: [] }
}
[2026-05-22 19:11:49] INFO (LocalV3.local) Created trial xtB3P
[2026-05-22 19:11:53] INFO (LocalV3.local) Trial parameter: xtB3P {"parameter_id": 11, "parameter_source": "algorithm", "parameters": {"model_type": "LSTM", "units": 256, "num_layers": 2, "dropout": 0.1, "activation": "tanh", "lr": 0.00031331664010150767, "window_size": 16, "batch_size": 64, "epochs": 15, "kernel_size": 7, "attention_heads": 8}, "parameter_index": 0}
[2026-05-22 19:12:08] INFO (NNIManager) Trial job xtB3P status changed from RUNNING to SUCCEEDED
[2026-05-22 19:12:08] INFO (NNIManager) NNIManager received command from dispatcher: TR, {"parameter_id": 12, "parameter_source": "algorithm", "parameters": {"model_type": "RNN", "units": 16, "num_layers": 3, "dropout": 0.1, "activation": "relu", "lr": 0.0010099604498692441, "window_size": 19, "batch_size": 64, "epochs": 10, "kernel_size": 7, "attention_heads": 4}, "parameter_index": 0}
[2026-05-22 19:12:09] INFO (NNIManager) submitTrialJob: form: {
  sequenceId: 12,
  hyperParameters: {
    value: '{"parameter_id": 12, "parameter_source": "algorithm", "parameters": {"model_type": "RNN", "units": 16, "num_layers": 3, "dropout": 0.1, "activation": "relu", "lr": 0.0010099604498692441, "window_size": 19, "batch_size": 64, "epochs": 10, "kernel_size": 7, "attention_heads": 4}, "parameter_index": 0}',
    index: 0
  },
  placementConstraint: { type: 'None', gpus: [] }
}
[2026-05-22 19:12:09] INFO (LocalV3.local) Created trial MztMc
[2026-05-22 19:12:12] INFO (LocalV3.local) Trial parameter: MztMc {"parameter_id": 12, "parameter_source": "algorithm", "parameters": {"model_type": "RNN", "units": 16, "num_layers": 3, "dropout": 0.1, "activation": "relu", "lr": 0.0010099604498692441, "window_size": 19, "batch_size": 64, "epochs": 10, "kernel_size": 7, "attention_heads": 4}, "parameter_index": 0}
[2026-05-22 19:12:21] INFO (NNIManager) Trial job MztMc status changed from RUNNING to SUCCEEDED
[2026-05-22 19:12:21] INFO (NNIManager) NNIManager received command from dispatcher: TR, {"parameter_id": 13, "parameter_source": "algorithm", "parameters": {"model_type": "LSTM", "units": 256, "num_layers": 3, "dropout": 0.2, "activation": "relu", "lr": 0.0009478000006146538, "window_size": 16, "batch_size": 128, "epochs": 15, "kernel_size": 2, "attention_heads": 8}, "parameter_index": 0}
[2026-05-22 19:12:22] INFO (NNIManager) submitTrialJob: form: {
  sequenceId: 13,
  hyperParameters: {
    value: '{"parameter_id": 13, "parameter_source": "algorithm", "parameters": {"model_type": "LSTM", "units": 256, "num_layers": 3, "dropout": 0.2, "activation": "relu", "lr": 0.0009478000006146538, "window_size": 16, "batch_size": 128, "epochs": 15, "kernel_size": 2, "attention_heads": 8}, "parameter_index": 0}',
    index: 0
  },
  placementConstraint: { type: 'None', gpus: [] }
}
[2026-05-22 19:12:22] INFO (LocalV3.local) Created trial fLptT
[2026-05-22 19:12:29] INFO (LocalV3.local) Trial parameter: fLptT {"parameter_id": 13, "parameter_source": "algorithm", "parameters": {"model_type": "LSTM", "units": 256, "num_layers": 3, "dropout": 0.2, "activation": "relu", "lr": 0.0009478000006146538, "window_size": 16, "batch_size": 128, "epochs": 15, "kernel_size": 2, "attention_heads": 8}, "parameter_index": 0}
[2026-05-22 19:13:04] INFO (NNIManager) Trial job fLptT status changed from RUNNING to SUCCEEDED
[2026-05-22 19:13:04] INFO (NNIManager) NNIManager received command from dispatcher: TR, {"parameter_id": 14, "parameter_source": "algorithm", "parameters": {"model_type": "LSTM", "units": 256, "num_layers": 3, "dropout": 0.2, "activation": "elu", "lr": 0.0009057255216647341, "window_size": 24, "batch_size": 32, "epochs": 20, "kernel_size": 3, "attention_heads": 2}, "parameter_index": 0}
[2026-05-22 19:13:04] INFO (NNIManager) submitTrialJob: form: {
  sequenceId: 14,
  hyperParameters: {
    value: '{"parameter_id": 14, "parameter_source": "algorithm", "parameters": {"model_type": "LSTM", "units": 256, "num_layers": 3, "dropout": 0.2, "activation": "elu", "lr": 0.0009057255216647341, "window_size": 24, "batch_size": 32, "epochs": 20, "kernel_size": 3, "attention_heads": 2}, "parameter_index": 0}',
    index: 0
  },
  placementConstraint: { type: 'None', gpus: [] }
}
[2026-05-22 19:13:04] INFO (LocalV3.local) Created trial A1RFa
[2026-05-22 19:13:08] INFO (LocalV3.local) Trial parameter: A1RFa {"parameter_id": 14, "parameter_source": "algorithm", "parameters": {"model_type": "LSTM", "units": 256, "num_layers": 3, "dropout": 0.2, "activation": "elu", "lr": 0.0009057255216647341, "window_size": 24, "batch_size": 32, "epochs": 20, "kernel_size": 3, "attention_heads": 2}, "parameter_index": 0}
[2026-05-22 19:13:34] INFO (NNIManager) Trial job A1RFa status changed from RUNNING to SUCCEEDED
[2026-05-22 19:13:34] INFO (NNIManager) NNIManager received command from dispatcher: TR, {"parameter_id": 15, "parameter_source": "algorithm", "parameters": {"model_type": "LSTM", "units": 64, "num_layers": 4, "dropout": 0.2, "activation": "relu", "lr": 0.002549015657997807, "window_size": 16, "batch_size": 64, "epochs": 5, "kernel_size": 7, "attention_heads": 8}, "parameter_index": 0}
[2026-05-22 19:13:34] INFO (NNIManager) submitTrialJob: form: {
  sequenceId: 15,
  hyperParameters: {
    value: '{"parameter_id": 15, "parameter_source": "algorithm", "parameters": {"model_type": "LSTM", "units": 64, "num_layers": 4, "dropout": 0.2, "activation": "relu", "lr": 0.002549015657997807, "window_size": 16, "batch_size": 64, "epochs": 5, "kernel_size": 7, "attention_heads": 8}, "parameter_index": 0}',
    index: 0
  },
  placementConstraint: { type: 'None', gpus: [] }
}
[2026-05-22 19:13:34] INFO (LocalV3.local) Created trial R0kVL
[2026-05-22 19:13:38] INFO (LocalV3.local) Trial parameter: R0kVL {"parameter_id": 15, "parameter_source": "algorithm", "parameters": {"model_type": "LSTM", "units": 64, "num_layers": 4, "dropout": 0.2, "activation": "relu", "lr": 0.002549015657997807, "window_size": 16, "batch_size": 64, "epochs": 5, "kernel_size": 7, "attention_heads": 8}, "parameter_index": 0}
[2026-05-22 19:13:57] INFO (NNIManager) Trial job R0kVL status changed from RUNNING to SUCCEEDED
[2026-05-22 19:13:57] INFO (NNIManager) NNIManager received command from dispatcher: TR, {"parameter_id": 16, "parameter_source": "algorithm", "parameters": {"model_type": "LSTM", "units": 256, "num_layers": 1, "dropout": 0.3, "activation": "relu", "lr": 0.0018710216146792698, "window_size": 8, "batch_size": 128, "epochs": 15, "kernel_size": 2, "attention_heads": 8}, "parameter_index": 0}
[2026-05-22 19:13:58] INFO (NNIManager) submitTrialJob: form: {
  sequenceId: 16,
  hyperParameters: {
    value: '{"parameter_id": 16, "parameter_source": "algorithm", "parameters": {"model_type": "LSTM", "units": 256, "num_layers": 1, "dropout": 0.3, "activation": "relu", "lr": 0.0018710216146792698, "window_size": 8, "batch_size": 128, "epochs": 15, "kernel_size": 2, "attention_heads": 8}, "parameter_index": 0}',
    index: 0
  },
  placementConstraint: { type: 'None', gpus: [] }
}
[2026-05-22 19:13:58] INFO (LocalV3.local) Created trial rHMfz
[2026-05-22 19:14:03] INFO (LocalV3.local) Trial parameter: rHMfz {"parameter_id": 16, "parameter_source": "algorithm", "parameters": {"model_type": "LSTM", "units": 256, "num_layers": 1, "dropout": 0.3, "activation": "relu", "lr": 0.0018710216146792698, "window_size": 8, "batch_size": 128, "epochs": 15, "kernel_size": 2, "attention_heads": 8}, "parameter_index": 0}
[2026-05-22 19:14:18] INFO (NNIManager) Trial job rHMfz status changed from RUNNING to SUCCEEDED
[2026-05-22 19:14:18] INFO (NNIManager) NNIManager received command from dispatcher: TR, {"parameter_id": 17, "parameter_source": "algorithm", "parameters": {"model_type": "RNN", "units": 256, "num_layers": 3, "dropout": 0.2, "activation": "tanh", "lr": 0.0006967148542072802, "window_size": 16, "batch_size": 128, "epochs": 15, "kernel_size": 2, "attention_heads": 8}, "parameter_index": 0}
[2026-05-22 19:14:19] INFO (NNIManager) submitTrialJob: form: {
  sequenceId: 17,
  hyperParameters: {
    value: '{"parameter_id": 17, "parameter_source": "algorithm", "parameters": {"model_type": "RNN", "units": 256, "num_layers": 3, "dropout": 0.2, "activation": "tanh", "lr": 0.0006967148542072802, "window_size": 16, "batch_size": 128, "epochs": 15, "kernel_size": 2, "attention_heads": 8}, "parameter_index": 0}',
    index: 0
  },
  placementConstraint: { type: 'None', gpus: [] }
}
[2026-05-22 19:14:19] INFO (LocalV3.local) Created trial D8KYm
[2026-05-22 19:14:26] INFO (LocalV3.local) Trial parameter: D8KYm {"parameter_id": 17, "parameter_source": "algorithm", "parameters": {"model_type": "RNN", "units": 256, "num_layers": 3, "dropout": 0.2, "activation": "tanh", "lr": 0.0006967148542072802, "window_size": 16, "batch_size": 128, "epochs": 15, "kernel_size": 2, "attention_heads": 8}, "parameter_index": 0}
[2026-05-22 19:14:40] INFO (NNIManager) Trial job D8KYm status changed from RUNNING to SUCCEEDED
[2026-05-22 19:14:40] INFO (NNIManager) NNIManager received command from dispatcher: TR, {"parameter_id": 18, "parameter_source": "algorithm", "parameters": {"model_type": "LSTM", "units": 16, "num_layers": 3, "dropout": 0, "activation": "elu", "lr": 0.004639875643107243, "window_size": 29, "batch_size": 64, "epochs": 10, "kernel_size": 7, "attention_heads": 4}, "parameter_index": 0}
[2026-05-22 19:14:41] INFO (NNIManager) submitTrialJob: form: {
  sequenceId: 18,
  hyperParameters: {
    value: '{"parameter_id": 18, "parameter_source": "algorithm", "parameters": {"model_type": "LSTM", "units": 16, "num_layers": 3, "dropout": 0, "activation": "elu", "lr": 0.004639875643107243, "window_size": 29, "batch_size": 64, "epochs": 10, "kernel_size": 7, "attention_heads": 4}, "parameter_index": 0}',
    index: 0
  },
  placementConstraint: { type: 'None', gpus: [] }
}
[2026-05-22 19:14:41] INFO (LocalV3.local) Created trial edDv5
[2026-05-22 19:14:44] INFO (LocalV3.local) Trial parameter: edDv5 {"parameter_id": 18, "parameter_source": "algorithm", "parameters": {"model_type": "LSTM", "units": 16, "num_layers": 3, "dropout": 0, "activation": "elu", "lr": 0.004639875643107243, "window_size": 29, "batch_size": 64, "epochs": 10, "kernel_size": 7, "attention_heads": 4}, "parameter_index": 0}
[2026-05-22 19:14:58] INFO (NNIManager) Trial job edDv5 status changed from RUNNING to SUCCEEDED
[2026-05-22 19:14:58] INFO (NNIManager) NNIManager received command from dispatcher: TR, {"parameter_id": 19, "parameter_source": "algorithm", "parameters": {"model_type": "LSTM", "units": 256, "num_layers": 3, "dropout": 0.2, "activation": "elu", "lr": 0.0006270646880930261, "window_size": 6, "batch_size": 128, "epochs": 5, "kernel_size": 2, "attention_heads": 8}, "parameter_index": 0}
[2026-05-22 19:14:58] INFO (NNIManager) submitTrialJob: form: {
  sequenceId: 19,
  hyperParameters: {
    value: '{"parameter_id": 19, "parameter_source": "algorithm", "parameters": {"model_type": "LSTM", "units": 256, "num_layers": 3, "dropout": 0.2, "activation": "elu", "lr": 0.0006270646880930261, "window_size": 6, "batch_size": 128, "epochs": 5, "kernel_size": 2, "attention_heads": 8}, "parameter_index": 0}',
    index: 0
  },
  placementConstraint: { type: 'None', gpus: [] }
}
[2026-05-22 19:14:59] INFO (LocalV3.local) Created trial z2Lz9
[2026-05-22 19:15:02] INFO (LocalV3.local) Trial parameter: z2Lz9 {"parameter_id": 19, "parameter_source": "algorithm", "parameters": {"model_type": "LSTM", "units": 256, "num_layers": 3, "dropout": 0.2, "activation": "elu", "lr": 0.0006270646880930261, "window_size": 6, "batch_size": 128, "epochs": 5, "kernel_size": 2, "attention_heads": 8}, "parameter_index": 0}
[2026-05-22 19:15:15] INFO (NNIManager) Trial job z2Lz9 status changed from RUNNING to SUCCEEDED
[2026-05-22 19:15:15] INFO (NNIManager) NNIManager received command from dispatcher: TR, {"parameter_id": 20, "parameter_source": "algorithm", "parameters": {"model_type": "CNN", "units": 64, "num_layers": 3, "dropout": 0.3, "activation": "tanh", "lr": 0.0010702853018282087, "window_size": 18, "batch_size": 128, "epochs": 15, "kernel_size": 5, "attention_heads": 2}, "parameter_index": 0}
[2026-05-22 19:15:15] INFO (NNIManager) submitTrialJob: form: {
  sequenceId: 20,
  hyperParameters: {
    value: '{"parameter_id": 20, "parameter_source": "algorithm", "parameters": {"model_type": "CNN", "units": 64, "num_layers": 3, "dropout": 0.3, "activation": "tanh", "lr": 0.0010702853018282087, "window_size": 18, "batch_size": 128, "epochs": 15, "kernel_size": 5, "attention_heads": 2}, "parameter_index": 0}',
    index: 0
  },
  placementConstraint: { type: 'None', gpus: [] }
}
[2026-05-22 19:15:15] INFO (LocalV3.local) Created trial zbi89
[2026-05-22 19:15:19] INFO (LocalV3.local) Trial parameter: zbi89 {"parameter_id": 20, "parameter_source": "algorithm", "parameters": {"model_type": "CNN", "units": 64, "num_layers": 3, "dropout": 0.3, "activation": "tanh", "lr": 0.0010702853018282087, "window_size": 18, "batch_size": 128, "epochs": 15, "kernel_size": 5, "attention_heads": 2}, "parameter_index": 0}
[2026-05-22 19:15:24] INFO (NNIManager) Trial job zbi89 status changed from RUNNING to SUCCEEDED
[2026-05-22 19:15:24] INFO (NNIManager) NNIManager received command from dispatcher: TR, {"parameter_id": 21, "parameter_source": "algorithm", "parameters": {"model_type": "MLP", "units": 256, "num_layers": 3, "dropout": 0.2, "activation": "elu", "lr": 0.0007341435915732852, "window_size": 22, "batch_size": 128, "epochs": 15, "kernel_size": 2, "attention_heads": 8}, "parameter_index": 0}
[2026-05-22 19:15:25] INFO (NNIManager) submitTrialJob: form: {
  sequenceId: 21,
  hyperParameters: {
    value: '{"parameter_id": 21, "parameter_source": "algorithm", "parameters": {"model_type": "MLP", "units": 256, "num_layers": 3, "dropout": 0.2, "activation": "elu", "lr": 0.0007341435915732852, "window_size": 22, "batch_size": 128, "epochs": 15, "kernel_size": 2, "attention_heads": 8}, "parameter_index": 0}',
    index: 0
  },
  placementConstraint: { type: 'None', gpus: [] }
}
[2026-05-22 19:15:25] INFO (LocalV3.local) Created trial Co9ad
[2026-05-22 19:15:29] INFO (LocalV3.local) Trial parameter: Co9ad {"parameter_id": 21, "parameter_source": "algorithm", "parameters": {"model_type": "MLP", "units": 256, "num_layers": 3, "dropout": 0.2, "activation": "elu", "lr": 0.0007341435915732852, "window_size": 22, "batch_size": 128, "epochs": 15, "kernel_size": 2, "attention_heads": 8}, "parameter_index": 0}
[2026-05-22 19:15:40] INFO (NNIManager) Trial job Co9ad status changed from RUNNING to SUCCEEDED
[2026-05-22 19:15:40] INFO (NNIManager) NNIManager received command from dispatcher: TR, {"parameter_id": 22, "parameter_source": "algorithm", "parameters": {"model_type": "LSTM", "units": 256, "num_layers": 3, "dropout": 0.2, "activation": "tanh", "lr": 0.0009654482418272563, "window_size": 16, "batch_size": 128, "epochs": 20, "kernel_size": 2, "attention_heads": 8}, "parameter_index": 0}
[2026-05-22 19:15:41] INFO (NNIManager) submitTrialJob: form: {
  sequenceId: 22,
  hyperParameters: {
    value: '{"parameter_id": 22, "parameter_source": "algorithm", "parameters": {"model_type": "LSTM", "units": 256, "num_layers": 3, "dropout": 0.2, "activation": "tanh", "lr": 0.0009654482418272563, "window_size": 16, "batch_size": 128, "epochs": 20, "kernel_size": 2, "attention_heads": 8}, "parameter_index": 0}',
    index: 0
  },
  placementConstraint: { type: 'None', gpus: [] }
}
[2026-05-22 19:15:41] INFO (LocalV3.local) Created trial bWa7F
[2026-05-22 19:15:46] INFO (LocalV3.local) Trial parameter: bWa7F {"parameter_id": 22, "parameter_source": "algorithm", "parameters": {"model_type": "LSTM", "units": 256, "num_layers": 3, "dropout": 0.2, "activation": "tanh", "lr": 0.0009654482418272563, "window_size": 16, "batch_size": 128, "epochs": 20, "kernel_size": 2, "attention_heads": 8}, "parameter_index": 0}
[2026-05-22 19:16:18] INFO (NNIManager) Trial job bWa7F status changed from RUNNING to SUCCEEDED
[2026-05-22 19:16:18] INFO (NNIManager) NNIManager received command from dispatcher: TR, {"parameter_id": 23, "parameter_source": "algorithm", "parameters": {"model_type": "MLP", "units": 128, "num_layers": 4, "dropout": 0.2, "activation": "tanh", "lr": 0.001023393019443197, "window_size": 19, "batch_size": 16, "epochs": 10, "kernel_size": 7, "attention_heads": 2}, "parameter_index": 0}
[2026-05-22 19:16:19] INFO (NNIManager) submitTrialJob: form: {
  sequenceId: 23,
  hyperParameters: {
    value: '{"parameter_id": 23, "parameter_source": "algorithm", "parameters": {"model_type": "MLP", "units": 128, "num_layers": 4, "dropout": 0.2, "activation": "tanh", "lr": 0.001023393019443197, "window_size": 19, "batch_size": 16, "epochs": 10, "kernel_size": 7, "attention_heads": 2}, "parameter_index": 0}',
    index: 0
  },
  placementConstraint: { type: 'None', gpus: [] }
}
[2026-05-22 19:16:19] INFO (LocalV3.local) Created trial uM4mU
[2026-05-22 19:16:22] INFO (LocalV3.local) Trial parameter: uM4mU {"parameter_id": 23, "parameter_source": "algorithm", "parameters": {"model_type": "MLP", "units": 128, "num_layers": 4, "dropout": 0.2, "activation": "tanh", "lr": 0.001023393019443197, "window_size": 19, "batch_size": 16, "epochs": 10, "kernel_size": 7, "attention_heads": 2}, "parameter_index": 0}
[2026-05-22 19:16:28] INFO (NNIManager) Trial job uM4mU status changed from RUNNING to SUCCEEDED
[2026-05-22 19:16:28] INFO (NNIManager) NNIManager received command from dispatcher: TR, {"parameter_id": 24, "parameter_source": "algorithm", "parameters": {"model_type": "LSTM", "units": 16, "num_layers": 3, "dropout": 0.2, "activation": "relu", "lr": 0.0007932421624375607, "window_size": 5, "batch_size": 128, "epochs": 15, "kernel_size": 2, "attention_heads": 8}, "parameter_index": 0}
[2026-05-22 19:16:28] INFO (NNIManager) submitTrialJob: form: {
  sequenceId: 24,
  hyperParameters: {
    value: '{"parameter_id": 24, "parameter_source": "algorithm", "parameters": {"model_type": "LSTM", "units": 16, "num_layers": 3, "dropout": 0.2, "activation": "relu", "lr": 0.0007932421624375607, "window_size": 5, "batch_size": 128, "epochs": 15, "kernel_size": 2, "attention_heads": 8}, "parameter_index": 0}',
    index: 0
  },
  placementConstraint: { type: 'None', gpus: [] }
}
[2026-05-22 19:16:28] INFO (LocalV3.local) Created trial N67xO
[2026-05-22 19:16:29] INFO (NNIManager) Change NNIManager status from: RUNNING to: NO_MORE_TRIAL
[2026-05-22 19:16:32] INFO (LocalV3.local) Trial parameter: N67xO {"parameter_id": 24, "parameter_source": "algorithm", "parameters": {"model_type": "LSTM", "units": 16, "num_layers": 3, "dropout": 0.2, "activation": "relu", "lr": 0.0007932421624375607, "window_size": 5, "batch_size": 128, "epochs": 15, "kernel_size": 2, "attention_heads": 8}, "parameter_index": 0}
[2026-05-22 19:16:38] INFO (ShutdownManager) Initiate shutdown: SIGTERM
[2026-05-22 19:16:38] INFO (RestServer) Stopping REST server.
[2026-05-22 19:16:38] INFO (NNIManager) Change NNIManager status from: NO_MORE_TRIAL to: STOPPING
[2026-05-22 19:16:38] INFO (NNIManager) Stopping experiment, cleaning up ...
[2026-05-22 19:16:38] INFO (RestServer) REST server stopped.
[2026-05-22 19:16:40] INFO (NNIManager) cancelTrialJob: N67xO
[2026-05-22 19:16:40] INFO (LocalV3.local) Stop trial N67xO
[2026-05-22 19:16:42] INFO (LocalV3.local) All trials stopped
[2026-05-22 19:16:42] ERROR (experiments_manager) Error: File has been locked.
    at withLockNoWait (/home/meliani/.local/lib/python3.10/site-packages/nni_node/extensions/experiments_manager/utils.js:45:15)
    at ExperimentsManager.setExperimentInfo (/home/meliani/.local/lib/python3.10/site-packages/nni_node/extensions/experiments_manager/manager.js:75:40)
    at NNIManager.setEndtime (/home/meliani/.local/lib/python3.10/site-packages/nni_node/core/nnimanager.js:814:60)
    at NNIManager.stopExperimentBottomHalf (/home/meliani/.local/lib/python3.10/site-packages/nni_node/core/nnimanager.js:336:18)
    at process.processTicksAndRejections (node:internal/process/task_queues:95:5)
    at async NNIManager.stopExperiment (/home/meliani/.local/lib/python3.10/site-packages/nni_node/core/nnimanager.js:293:9)
    at async /home/meliani/.local/lib/python3.10/site-packages/nni_node/common/globals/shutdown.js:49:17
    at async Promise.all (index 1)
[2026-05-22 19:16:42] INFO (NNIManager) Change NNIManager status from: STOPPING to: STOPPED
[2026-05-22 19:16:42] ERROR (experiments_manager) Error: File has been locked.
    at withLockNoWait (/home/meliani/.local/lib/python3.10/site-packages/nni_node/extensions/experiments_manager/utils.js:45:15)
    at ExperimentsManager.setExperimentInfo (/home/meliani/.local/lib/python3.10/site-packages/nni_node/extensions/experiments_manager/manager.js:75:40)
    at NNIManager.setStatus (/home/meliani/.local/lib/python3.10/site-packages/nni_node/core/nnimanager.js:809:64)
    at NNIManager.stopExperimentBottomHalf (/home/meliani/.local/lib/python3.10/site-packages/nni_node/core/nnimanager.js:339:14)
    at async NNIManager.stopExperiment (/home/meliani/.local/lib/python3.10/site-packages/nni_node/core/nnimanager.js:293:9)
    at async /home/meliani/.local/lib/python3.10/site-packages/nni_node/common/globals/shutdown.js:49:17
    at async Promise.all (index 1)
[2026-05-22 19:16:42] INFO (NNIManager) Experiment stopped.
[2026-05-22 19:16:42] INFO (NNITensorboardManager) Forced stopping all tensorboard task.
[2026-05-22 19:16:42] INFO (NNITensorboardManager) All tensorboard task stopped.
[2026-05-22 19:16:42] INFO (NNITensorboardManager) Tensorboard manager stopped.
[2026-05-22 19:16:42] INFO (ShutdownManager) Shutdown complete.
