[2026-05-19 12:50:59] INFO (main) Start NNI manager
[2026-05-19 12:50:59] INFO (RestServer) Starting REST server at port 8232, URL prefix: "/"
[2026-05-19 12:50:59] INFO (RestServer) REST server started.
[2026-05-19 12:50:59] INFO (NNIDataStore) Datastore initialization done
[2026-05-19 12:51:00] INFO (NNIManager) Starting experiment: r5b0fyzd
[2026-05-19 12:51:00] INFO (NNIManager) Setup training service...
[2026-05-19 12:51:00] INFO (NNIManager) Setup tuner...
[2026-05-19 12:51:00] INFO (NNIManager) Change NNIManager status from: INITIALIZED to: RUNNING
[2026-05-19 12:51:01] INFO (NNIManager) Add event listeners
[2026-05-19 12:51:01] INFO (LocalV3.local) Start
[2026-05-19 12:51:01] INFO (NNIManager) NNIManager received command from dispatcher: ID, 
[2026-05-19 12:51:01] INFO (NNIManager) NNIManager received command from dispatcher: TR, {"parameter_id": 0, "parameter_source": "algorithm", "parameters": {"model_type": "CNN", "units": 128, "num_layers": 1, "dropout": 0.1, "activation": "tanh", "lr": 0.0001484964722539731, "window_size": 5, "batch_size": 16, "epochs": 15, "kernel_size": 2, "attention_heads": 4}, "parameter_index": 0}
[2026-05-19 12:51:02] INFO (NNIManager) submitTrialJob: form: {
  sequenceId: 0,
  hyperParameters: {
    value: '{"parameter_id": 0, "parameter_source": "algorithm", "parameters": {"model_type": "CNN", "units": 128, "num_layers": 1, "dropout": 0.1, "activation": "tanh", "lr": 0.0001484964722539731, "window_size": 5, "batch_size": 16, "epochs": 15, "kernel_size": 2, "attention_heads": 4}, "parameter_index": 0}',
    index: 0
  },
  placementConstraint: { type: 'None', gpus: [] }
}
[2026-05-19 12:51:02] INFO (LocalV3.local) Register directory trial_code = /home/meliani/Desktop/phd/fast-track
[2026-05-19 12:51:02] INFO (LocalV3.local) Created trial I0OeR
[2026-05-19 12:51:05] INFO (LocalV3.local) Trial parameter: I0OeR {"parameter_id": 0, "parameter_source": "algorithm", "parameters": {"model_type": "CNN", "units": 128, "num_layers": 1, "dropout": 0.1, "activation": "tanh", "lr": 0.0001484964722539731, "window_size": 5, "batch_size": 16, "epochs": 15, "kernel_size": 2, "attention_heads": 4}, "parameter_index": 0}
[2026-05-19 12:51:18] INFO (NNIManager) Trial job I0OeR status changed from RUNNING to SUCCEEDED
[2026-05-19 12:51:18] INFO (NNIManager) NNIManager received command from dispatcher: TR, {"parameter_id": 1, "parameter_source": "algorithm", "parameters": {"model_type": "TCN", "units": 16, "num_layers": 1, "dropout": 0, "activation": "elu", "lr": 1.628027057468013e-05, "window_size": 7, "batch_size": 32, "epochs": 5, "kernel_size": 2, "attention_heads": 4}, "parameter_index": 0}
[2026-05-19 12:51:18] INFO (NNIManager) submitTrialJob: form: {
  sequenceId: 1,
  hyperParameters: {
    value: '{"parameter_id": 1, "parameter_source": "algorithm", "parameters": {"model_type": "TCN", "units": 16, "num_layers": 1, "dropout": 0, "activation": "elu", "lr": 1.628027057468013e-05, "window_size": 7, "batch_size": 32, "epochs": 5, "kernel_size": 2, "attention_heads": 4}, "parameter_index": 0}',
    index: 0
  },
  placementConstraint: { type: 'None', gpus: [] }
}
[2026-05-19 12:51:18] INFO (LocalV3.local) Created trial Myl53
[2026-05-19 12:51:20] INFO (LocalV3.local) Trial parameter: Myl53 {"parameter_id": 1, "parameter_source": "algorithm", "parameters": {"model_type": "TCN", "units": 16, "num_layers": 1, "dropout": 0, "activation": "elu", "lr": 1.628027057468013e-05, "window_size": 7, "batch_size": 32, "epochs": 5, "kernel_size": 2, "attention_heads": 4}, "parameter_index": 0}
[2026-05-19 12:51:23] INFO (NNIManager) Trial job Myl53 status changed from RUNNING to SUCCEEDED
[2026-05-19 12:51:23] INFO (NNIManager) NNIManager received command from dispatcher: TR, {"parameter_id": 2, "parameter_source": "algorithm", "parameters": {"model_type": "Transformer", "units": 128, "num_layers": 3, "dropout": 0.3, "activation": "elu", "lr": 0.0011052912395745043, "window_size": 11, "batch_size": 64, "epochs": 15, "kernel_size": 5, "attention_heads": 2}, "parameter_index": 0}
[2026-05-19 12:51:24] INFO (NNIManager) submitTrialJob: form: {
  sequenceId: 2,
  hyperParameters: {
    value: '{"parameter_id": 2, "parameter_source": "algorithm", "parameters": {"model_type": "Transformer", "units": 128, "num_layers": 3, "dropout": 0.3, "activation": "elu", "lr": 0.0011052912395745043, "window_size": 11, "batch_size": 64, "epochs": 15, "kernel_size": 5, "attention_heads": 2}, "parameter_index": 0}',
    index: 0
  },
  placementConstraint: { type: 'None', gpus: [] }
}
[2026-05-19 12:51:24] INFO (LocalV3.local) Created trial YLVkt
[2026-05-19 12:51:26] INFO (LocalV3.local) Trial parameter: YLVkt {"parameter_id": 2, "parameter_source": "algorithm", "parameters": {"model_type": "Transformer", "units": 128, "num_layers": 3, "dropout": 0.3, "activation": "elu", "lr": 0.0011052912395745043, "window_size": 11, "batch_size": 64, "epochs": 15, "kernel_size": 5, "attention_heads": 2}, "parameter_index": 0}
[2026-05-19 12:52:06] INFO (NNIManager) Trial job YLVkt status changed from RUNNING to SUCCEEDED
[2026-05-19 12:52:06] INFO (NNIManager) NNIManager received command from dispatcher: TR, {"parameter_id": 3, "parameter_source": "algorithm", "parameters": {"model_type": "TCN", "units": 256, "num_layers": 2, "dropout": 0.2, "activation": "elu", "lr": 2.5192878917381775e-05, "window_size": 22, "batch_size": 64, "epochs": 20, "kernel_size": 5, "attention_heads": 2}, "parameter_index": 0}
[2026-05-19 12:52:07] INFO (NNIManager) submitTrialJob: form: {
  sequenceId: 3,
  hyperParameters: {
    value: '{"parameter_id": 3, "parameter_source": "algorithm", "parameters": {"model_type": "TCN", "units": 256, "num_layers": 2, "dropout": 0.2, "activation": "elu", "lr": 2.5192878917381775e-05, "window_size": 22, "batch_size": 64, "epochs": 20, "kernel_size": 5, "attention_heads": 2}, "parameter_index": 0}',
    index: 0
  },
  placementConstraint: { type: 'None', gpus: [] }
}
[2026-05-19 12:52:07] INFO (LocalV3.local) Created trial mL40o
[2026-05-19 12:52:09] INFO (LocalV3.local) Trial parameter: mL40o {"parameter_id": 3, "parameter_source": "algorithm", "parameters": {"model_type": "TCN", "units": 256, "num_layers": 2, "dropout": 0.2, "activation": "elu", "lr": 2.5192878917381775e-05, "window_size": 22, "batch_size": 64, "epochs": 20, "kernel_size": 5, "attention_heads": 2}, "parameter_index": 0}
[2026-05-19 12:52:42] INFO (NNIManager) Trial job mL40o status changed from RUNNING to SUCCEEDED
[2026-05-19 12:52:42] INFO (NNIManager) NNIManager received command from dispatcher: TR, {"parameter_id": 4, "parameter_source": "algorithm", "parameters": {"model_type": "TCN", "units": 64, "num_layers": 2, "dropout": 0, "activation": "relu", "lr": 0.0012098312896480798, "window_size": 26, "batch_size": 32, "epochs": 10, "kernel_size": 2, "attention_heads": 8}, "parameter_index": 0}
[2026-05-19 12:52:43] INFO (NNIManager) submitTrialJob: form: {
  sequenceId: 4,
  hyperParameters: {
    value: '{"parameter_id": 4, "parameter_source": "algorithm", "parameters": {"model_type": "TCN", "units": 64, "num_layers": 2, "dropout": 0, "activation": "relu", "lr": 0.0012098312896480798, "window_size": 26, "batch_size": 32, "epochs": 10, "kernel_size": 2, "attention_heads": 8}, "parameter_index": 0}',
    index: 0
  },
  placementConstraint: { type: 'None', gpus: [] }
}
[2026-05-19 12:52:43] INFO (LocalV3.local) Created trial RNyzS
[2026-05-19 12:52:45] INFO (LocalV3.local) Trial parameter: RNyzS {"parameter_id": 4, "parameter_source": "algorithm", "parameters": {"model_type": "TCN", "units": 64, "num_layers": 2, "dropout": 0, "activation": "relu", "lr": 0.0012098312896480798, "window_size": 26, "batch_size": 32, "epochs": 10, "kernel_size": 2, "attention_heads": 8}, "parameter_index": 0}
[2026-05-19 12:52:52] INFO (NNIManager) Trial job RNyzS status changed from RUNNING to SUCCEEDED
[2026-05-19 12:52:52] INFO (NNIManager) NNIManager received command from dispatcher: TR, {"parameter_id": 5, "parameter_source": "algorithm", "parameters": {"model_type": "TCN", "units": 128, "num_layers": 1, "dropout": 0.1, "activation": "tanh", "lr": 2.002075513770654e-05, "window_size": 6, "batch_size": 16, "epochs": 10, "kernel_size": 5, "attention_heads": 4}, "parameter_index": 0}
[2026-05-19 12:52:53] INFO (NNIManager) submitTrialJob: form: {
  sequenceId: 5,
  hyperParameters: {
    value: '{"parameter_id": 5, "parameter_source": "algorithm", "parameters": {"model_type": "TCN", "units": 128, "num_layers": 1, "dropout": 0.1, "activation": "tanh", "lr": 2.002075513770654e-05, "window_size": 6, "batch_size": 16, "epochs": 10, "kernel_size": 5, "attention_heads": 4}, "parameter_index": 0}',
    index: 0
  },
  placementConstraint: { type: 'None', gpus: [] }
}
[2026-05-19 12:52:53] INFO (LocalV3.local) Created trial MhfYL
[2026-05-19 12:52:54] INFO (LocalV3.local) Trial parameter: MhfYL {"parameter_id": 5, "parameter_source": "algorithm", "parameters": {"model_type": "TCN", "units": 128, "num_layers": 1, "dropout": 0.1, "activation": "tanh", "lr": 2.002075513770654e-05, "window_size": 6, "batch_size": 16, "epochs": 10, "kernel_size": 5, "attention_heads": 4}, "parameter_index": 0}
[2026-05-19 12:53:06] INFO (NNIManager) Trial job MhfYL status changed from RUNNING to SUCCEEDED
[2026-05-19 12:53:06] INFO (NNIManager) NNIManager received command from dispatcher: TR, {"parameter_id": 6, "parameter_source": "algorithm", "parameters": {"model_type": "TCN", "units": 256, "num_layers": 1, "dropout": 0, "activation": "elu", "lr": 2.4806939423956177e-05, "window_size": 7, "batch_size": 32, "epochs": 20, "kernel_size": 2, "attention_heads": 2}, "parameter_index": 0}
[2026-05-19 12:53:07] INFO (NNIManager) submitTrialJob: form: {
  sequenceId: 6,
  hyperParameters: {
    value: '{"parameter_id": 6, "parameter_source": "algorithm", "parameters": {"model_type": "TCN", "units": 256, "num_layers": 1, "dropout": 0, "activation": "elu", "lr": 2.4806939423956177e-05, "window_size": 7, "batch_size": 32, "epochs": 20, "kernel_size": 2, "attention_heads": 2}, "parameter_index": 0}',
    index: 0
  },
  placementConstraint: { type: 'None', gpus: [] }
}
[2026-05-19 12:53:07] INFO (LocalV3.local) Created trial HHCQU
[2026-05-19 12:53:09] INFO (LocalV3.local) Trial parameter: HHCQU {"parameter_id": 6, "parameter_source": "algorithm", "parameters": {"model_type": "TCN", "units": 256, "num_layers": 1, "dropout": 0, "activation": "elu", "lr": 2.4806939423956177e-05, "window_size": 7, "batch_size": 32, "epochs": 20, "kernel_size": 2, "attention_heads": 2}, "parameter_index": 0}
[2026-05-19 12:53:27] INFO (NNIManager) Trial job HHCQU status changed from RUNNING to SUCCEEDED
[2026-05-19 12:53:27] INFO (NNIManager) NNIManager received command from dispatcher: TR, {"parameter_id": 7, "parameter_source": "algorithm", "parameters": {"model_type": "RNN", "units": 64, "num_layers": 2, "dropout": 0, "activation": "elu", "lr": 0.0015662674451418542, "window_size": 26, "batch_size": 32, "epochs": 5, "kernel_size": 2, "attention_heads": 2}, "parameter_index": 0}
[2026-05-19 12:53:27] INFO (NNIManager) submitTrialJob: form: {
  sequenceId: 7,
  hyperParameters: {
    value: '{"parameter_id": 7, "parameter_source": "algorithm", "parameters": {"model_type": "RNN", "units": 64, "num_layers": 2, "dropout": 0, "activation": "elu", "lr": 0.0015662674451418542, "window_size": 26, "batch_size": 32, "epochs": 5, "kernel_size": 2, "attention_heads": 2}, "parameter_index": 0}',
    index: 0
  },
  placementConstraint: { type: 'None', gpus: [] }
}
[2026-05-19 12:53:27] INFO (LocalV3.local) Created trial n7vRa
[2026-05-19 12:53:30] INFO (LocalV3.local) Trial parameter: n7vRa {"parameter_id": 7, "parameter_source": "algorithm", "parameters": {"model_type": "RNN", "units": 64, "num_layers": 2, "dropout": 0, "activation": "elu", "lr": 0.0015662674451418542, "window_size": 26, "batch_size": 32, "epochs": 5, "kernel_size": 2, "attention_heads": 2}, "parameter_index": 0}
[2026-05-19 12:53:38] INFO (NNIManager) Trial job n7vRa status changed from RUNNING to SUCCEEDED
[2026-05-19 12:53:38] INFO (NNIManager) NNIManager received command from dispatcher: TR, {"parameter_id": 8, "parameter_source": "algorithm", "parameters": {"model_type": "RNN", "units": 128, "num_layers": 4, "dropout": 0, "activation": "elu", "lr": 4.4594293674374925e-05, "window_size": 12, "batch_size": 32, "epochs": 5, "kernel_size": 5, "attention_heads": 4}, "parameter_index": 0}
[2026-05-19 12:53:39] INFO (NNIManager) submitTrialJob: form: {
  sequenceId: 8,
  hyperParameters: {
    value: '{"parameter_id": 8, "parameter_source": "algorithm", "parameters": {"model_type": "RNN", "units": 128, "num_layers": 4, "dropout": 0, "activation": "elu", "lr": 4.4594293674374925e-05, "window_size": 12, "batch_size": 32, "epochs": 5, "kernel_size": 5, "attention_heads": 4}, "parameter_index": 0}',
    index: 0
  },
  placementConstraint: { type: 'None', gpus: [] }
}
[2026-05-19 12:53:39] INFO (LocalV3.local) Created trial vrhBv
[2026-05-19 12:53:41] INFO (LocalV3.local) Trial parameter: vrhBv {"parameter_id": 8, "parameter_source": "algorithm", "parameters": {"model_type": "RNN", "units": 128, "num_layers": 4, "dropout": 0, "activation": "elu", "lr": 4.4594293674374925e-05, "window_size": 12, "batch_size": 32, "epochs": 5, "kernel_size": 5, "attention_heads": 4}, "parameter_index": 0}
[2026-05-19 12:53:52] INFO (NNIManager) Trial job vrhBv status changed from RUNNING to SUCCEEDED
[2026-05-19 12:53:52] INFO (NNIManager) NNIManager received command from dispatcher: TR, {"parameter_id": 9, "parameter_source": "algorithm", "parameters": {"model_type": "LSTM", "units": 64, "num_layers": 2, "dropout": 0.1, "activation": "relu", "lr": 0.0022561192121347325, "window_size": 26, "batch_size": 32, "epochs": 5, "kernel_size": 2, "attention_heads": 8}, "parameter_index": 0}
[2026-05-19 12:53:53] INFO (NNIManager) submitTrialJob: form: {
  sequenceId: 9,
  hyperParameters: {
    value: '{"parameter_id": 9, "parameter_source": "algorithm", "parameters": {"model_type": "LSTM", "units": 64, "num_layers": 2, "dropout": 0.1, "activation": "relu", "lr": 0.0022561192121347325, "window_size": 26, "batch_size": 32, "epochs": 5, "kernel_size": 2, "attention_heads": 8}, "parameter_index": 0}',
    index: 0
  },
  placementConstraint: { type: 'None', gpus: [] }
}
[2026-05-19 12:53:53] INFO (LocalV3.local) Created trial wuOkH
[2026-05-19 12:53:55] INFO (LocalV3.local) Trial parameter: wuOkH {"parameter_id": 9, "parameter_source": "algorithm", "parameters": {"model_type": "LSTM", "units": 64, "num_layers": 2, "dropout": 0.1, "activation": "relu", "lr": 0.0022561192121347325, "window_size": 26, "batch_size": 32, "epochs": 5, "kernel_size": 2, "attention_heads": 8}, "parameter_index": 0}
[2026-05-19 12:54:12] INFO (NNIManager) Trial job wuOkH status changed from RUNNING to SUCCEEDED
[2026-05-19 12:54:12] INFO (NNIManager) NNIManager received command from dispatcher: TR, {"parameter_id": 10, "parameter_source": "algorithm", "parameters": {"model_type": "CNN", "units": 32, "num_layers": 1, "dropout": 0.1, "activation": "sigmoid", "lr": 7.648893514119459e-05, "window_size": 15, "batch_size": 16, "epochs": 15, "kernel_size": 2, "attention_heads": 4}, "parameter_index": 0}
[2026-05-19 12:54:13] INFO (NNIManager) submitTrialJob: form: {
  sequenceId: 10,
  hyperParameters: {
    value: '{"parameter_id": 10, "parameter_source": "algorithm", "parameters": {"model_type": "CNN", "units": 32, "num_layers": 1, "dropout": 0.1, "activation": "sigmoid", "lr": 7.648893514119459e-05, "window_size": 15, "batch_size": 16, "epochs": 15, "kernel_size": 2, "attention_heads": 4}, "parameter_index": 0}',
    index: 0
  },
  placementConstraint: { type: 'None', gpus: [] }
}
[2026-05-19 12:54:13] INFO (LocalV3.local) Created trial G4t32
[2026-05-19 12:54:15] INFO (LocalV3.local) Trial parameter: G4t32 {"parameter_id": 10, "parameter_source": "algorithm", "parameters": {"model_type": "CNN", "units": 32, "num_layers": 1, "dropout": 0.1, "activation": "sigmoid", "lr": 7.648893514119459e-05, "window_size": 15, "batch_size": 16, "epochs": 15, "kernel_size": 2, "attention_heads": 4}, "parameter_index": 0}
[2026-05-19 12:54:24] INFO (NNIManager) Trial job G4t32 status changed from RUNNING to SUCCEEDED
[2026-05-19 12:54:24] INFO (NNIManager) NNIManager received command from dispatcher: TR, {"parameter_id": 11, "parameter_source": "algorithm", "parameters": {"model_type": "LSTM", "units": 256, "num_layers": 1, "dropout": 0, "activation": "sigmoid", "lr": 1.3402266176455624e-05, "window_size": 7, "batch_size": 32, "epochs": 15, "kernel_size": 2, "attention_heads": 2}, "parameter_index": 0}
[2026-05-19 12:54:24] INFO (NNIManager) submitTrialJob: form: {
  sequenceId: 11,
  hyperParameters: {
    value: '{"parameter_id": 11, "parameter_source": "algorithm", "parameters": {"model_type": "LSTM", "units": 256, "num_layers": 1, "dropout": 0, "activation": "sigmoid", "lr": 1.3402266176455624e-05, "window_size": 7, "batch_size": 32, "epochs": 15, "kernel_size": 2, "attention_heads": 2}, "parameter_index": 0}',
    index: 0
  },
  placementConstraint: { type: 'None', gpus: [] }
}
[2026-05-19 12:54:24] INFO (LocalV3.local) Created trial yjdpo
[2026-05-19 12:54:26] INFO (LocalV3.local) Trial parameter: yjdpo {"parameter_id": 11, "parameter_source": "algorithm", "parameters": {"model_type": "LSTM", "units": 256, "num_layers": 1, "dropout": 0, "activation": "sigmoid", "lr": 1.3402266176455624e-05, "window_size": 7, "batch_size": 32, "epochs": 15, "kernel_size": 2, "attention_heads": 2}, "parameter_index": 0}
[2026-05-19 12:55:00] INFO (NNIManager) Trial job yjdpo status changed from RUNNING to SUCCEEDED
[2026-05-19 12:55:00] INFO (NNIManager) NNIManager received command from dispatcher: TR, {"parameter_id": 12, "parameter_source": "algorithm", "parameters": {"model_type": "LSTM", "units": 16, "num_layers": 3, "dropout": 0.3, "activation": "relu", "lr": 0.0055720405056865156, "window_size": 28, "batch_size": 64, "epochs": 5, "kernel_size": 3, "attention_heads": 8}, "parameter_index": 0}
[2026-05-19 12:55:00] INFO (NNIManager) submitTrialJob: form: {
  sequenceId: 12,
  hyperParameters: {
    value: '{"parameter_id": 12, "parameter_source": "algorithm", "parameters": {"model_type": "LSTM", "units": 16, "num_layers": 3, "dropout": 0.3, "activation": "relu", "lr": 0.0055720405056865156, "window_size": 28, "batch_size": 64, "epochs": 5, "kernel_size": 3, "attention_heads": 8}, "parameter_index": 0}',
    index: 0
  },
  placementConstraint: { type: 'None', gpus: [] }
}
[2026-05-19 12:55:00] INFO (LocalV3.local) Created trial m0JUm
[2026-05-19 12:55:02] INFO (LocalV3.local) Trial parameter: m0JUm {"parameter_id": 12, "parameter_source": "algorithm", "parameters": {"model_type": "LSTM", "units": 16, "num_layers": 3, "dropout": 0.3, "activation": "relu", "lr": 0.0055720405056865156, "window_size": 28, "batch_size": 64, "epochs": 5, "kernel_size": 3, "attention_heads": 8}, "parameter_index": 0}
[2026-05-19 12:55:16] INFO (NNIManager) Trial job m0JUm status changed from RUNNING to SUCCEEDED
[2026-05-19 12:55:16] INFO (NNIManager) NNIManager received command from dispatcher: TR, {"parameter_id": 13, "parameter_source": "algorithm", "parameters": {"model_type": "GRU", "units": 64, "num_layers": 2, "dropout": 0.1, "activation": "elu", "lr": 0.005008573454916319, "window_size": 26, "batch_size": 32, "epochs": 5, "kernel_size": 3, "attention_heads": 8}, "parameter_index": 0}
[2026-05-19 12:55:16] INFO (NNIManager) submitTrialJob: form: {
  sequenceId: 13,
  hyperParameters: {
    value: '{"parameter_id": 13, "parameter_source": "algorithm", "parameters": {"model_type": "GRU", "units": 64, "num_layers": 2, "dropout": 0.1, "activation": "elu", "lr": 0.005008573454916319, "window_size": 26, "batch_size": 32, "epochs": 5, "kernel_size": 3, "attention_heads": 8}, "parameter_index": 0}',
    index: 0
  },
  placementConstraint: { type: 'None', gpus: [] }
}
[2026-05-19 12:55:16] INFO (LocalV3.local) Created trial sbqSK
[2026-05-19 12:55:18] INFO (LocalV3.local) Trial parameter: sbqSK {"parameter_id": 13, "parameter_source": "algorithm", "parameters": {"model_type": "GRU", "units": 64, "num_layers": 2, "dropout": 0.1, "activation": "elu", "lr": 0.005008573454916319, "window_size": 26, "batch_size": 32, "epochs": 5, "kernel_size": 3, "attention_heads": 8}, "parameter_index": 0}
[2026-05-19 12:55:35] INFO (NNIManager) Trial job sbqSK status changed from RUNNING to SUCCEEDED
[2026-05-19 12:55:35] INFO (NNIManager) NNIManager received command from dispatcher: TR, {"parameter_id": 14, "parameter_source": "algorithm", "parameters": {"model_type": "TCN", "units": 32, "num_layers": 1, "dropout": 0.2, "activation": "relu", "lr": 1.1068964779954055e-05, "window_size": 29, "batch_size": 32, "epochs": 5, "kernel_size": 2, "attention_heads": 4}, "parameter_index": 0}
[2026-05-19 12:55:36] INFO (NNIManager) submitTrialJob: form: {
  sequenceId: 14,
  hyperParameters: {
    value: '{"parameter_id": 14, "parameter_source": "algorithm", "parameters": {"model_type": "TCN", "units": 32, "num_layers": 1, "dropout": 0.2, "activation": "relu", "lr": 1.1068964779954055e-05, "window_size": 29, "batch_size": 32, "epochs": 5, "kernel_size": 2, "attention_heads": 4}, "parameter_index": 0}',
    index: 0
  },
  placementConstraint: { type: 'None', gpus: [] }
}
[2026-05-19 12:55:36] INFO (LocalV3.local) Created trial TFsyc
[2026-05-19 12:55:38] INFO (LocalV3.local) Trial parameter: TFsyc {"parameter_id": 14, "parameter_source": "algorithm", "parameters": {"model_type": "TCN", "units": 32, "num_layers": 1, "dropout": 0.2, "activation": "relu", "lr": 1.1068964779954055e-05, "window_size": 29, "batch_size": 32, "epochs": 5, "kernel_size": 2, "attention_heads": 4}, "parameter_index": 0}
[2026-05-19 12:55:41] INFO (NNIManager) Trial job TFsyc status changed from RUNNING to SUCCEEDED
[2026-05-19 12:55:41] INFO (NNIManager) NNIManager received command from dispatcher: TR, {"parameter_id": 15, "parameter_source": "algorithm", "parameters": {"model_type": "LSTM", "units": 128, "num_layers": 1, "dropout": 0, "activation": "elu", "lr": 9.569762776606134e-05, "window_size": 7, "batch_size": 32, "epochs": 5, "kernel_size": 2, "attention_heads": 4}, "parameter_index": 0}
[2026-05-19 12:55:42] INFO (NNIManager) submitTrialJob: form: {
  sequenceId: 15,
  hyperParameters: {
    value: '{"parameter_id": 15, "parameter_source": "algorithm", "parameters": {"model_type": "LSTM", "units": 128, "num_layers": 1, "dropout": 0, "activation": "elu", "lr": 9.569762776606134e-05, "window_size": 7, "batch_size": 32, "epochs": 5, "kernel_size": 2, "attention_heads": 4}, "parameter_index": 0}',
    index: 0
  },
  placementConstraint: { type: 'None', gpus: [] }
}
[2026-05-19 12:55:42] INFO (LocalV3.local) Created trial x4K3k
[2026-05-19 12:55:44] INFO (LocalV3.local) Trial parameter: x4K3k {"parameter_id": 15, "parameter_source": "algorithm", "parameters": {"model_type": "LSTM", "units": 128, "num_layers": 1, "dropout": 0, "activation": "elu", "lr": 9.569762776606134e-05, "window_size": 7, "batch_size": 32, "epochs": 5, "kernel_size": 2, "attention_heads": 4}, "parameter_index": 0}
[2026-05-19 12:55:51] INFO (NNIManager) Trial job x4K3k status changed from RUNNING to SUCCEEDED
[2026-05-19 12:55:52] INFO (NNIManager) NNIManager received command from dispatcher: TR, {"parameter_id": 16, "parameter_source": "algorithm", "parameters": {"model_type": "GRU", "units": 32, "num_layers": 3, "dropout": 0.5, "activation": "relu", "lr": 0.0002421960945176892, "window_size": 5, "batch_size": 16, "epochs": 15, "kernel_size": 2, "attention_heads": 4}, "parameter_index": 0}
[2026-05-19 12:55:52] INFO (NNIManager) submitTrialJob: form: {
  sequenceId: 16,
  hyperParameters: {
    value: '{"parameter_id": 16, "parameter_source": "algorithm", "parameters": {"model_type": "GRU", "units": 32, "num_layers": 3, "dropout": 0.5, "activation": "relu", "lr": 0.0002421960945176892, "window_size": 5, "batch_size": 16, "epochs": 15, "kernel_size": 2, "attention_heads": 4}, "parameter_index": 0}',
    index: 0
  },
  placementConstraint: { type: 'None', gpus: [] }
}
[2026-05-19 12:55:52] INFO (LocalV3.local) Created trial UuXEG
[2026-05-19 12:55:54] INFO (LocalV3.local) Trial parameter: UuXEG {"parameter_id": 16, "parameter_source": "algorithm", "parameters": {"model_type": "GRU", "units": 32, "num_layers": 3, "dropout": 0.5, "activation": "relu", "lr": 0.0002421960945176892, "window_size": 5, "batch_size": 16, "epochs": 15, "kernel_size": 2, "attention_heads": 4}, "parameter_index": 0}
[2026-05-19 12:56:30] INFO (NNIManager) Trial job UuXEG status changed from RUNNING to SUCCEEDED
[2026-05-19 12:56:30] INFO (NNIManager) NNIManager received command from dispatcher: TR, {"parameter_id": 17, "parameter_source": "algorithm", "parameters": {"model_type": "MLP", "units": 256, "num_layers": 1, "dropout": 0, "activation": "elu", "lr": 1.408264156056823e-05, "window_size": 7, "batch_size": 32, "epochs": 5, "kernel_size": 2, "attention_heads": 2}, "parameter_index": 0}
[2026-05-19 12:56:30] INFO (NNIManager) submitTrialJob: form: {
  sequenceId: 17,
  hyperParameters: {
    value: '{"parameter_id": 17, "parameter_source": "algorithm", "parameters": {"model_type": "MLP", "units": 256, "num_layers": 1, "dropout": 0, "activation": "elu", "lr": 1.408264156056823e-05, "window_size": 7, "batch_size": 32, "epochs": 5, "kernel_size": 2, "attention_heads": 2}, "parameter_index": 0}',
    index: 0
  },
  placementConstraint: { type: 'None', gpus: [] }
}
[2026-05-19 12:56:30] INFO (LocalV3.local) Created trial cWPyk
[2026-05-19 12:56:32] INFO (LocalV3.local) Trial parameter: cWPyk {"parameter_id": 17, "parameter_source": "algorithm", "parameters": {"model_type": "MLP", "units": 256, "num_layers": 1, "dropout": 0, "activation": "elu", "lr": 1.408264156056823e-05, "window_size": 7, "batch_size": 32, "epochs": 5, "kernel_size": 2, "attention_heads": 2}, "parameter_index": 0}
[2026-05-19 12:56:34] INFO (NNIManager) Trial job cWPyk status changed from RUNNING to SUCCEEDED
[2026-05-19 12:56:34] INFO (NNIManager) NNIManager received command from dispatcher: TR, {"parameter_id": 18, "parameter_source": "algorithm", "parameters": {"model_type": "GRU", "units": 64, "num_layers": 2, "dropout": 0.2, "activation": "elu", "lr": 0.001238476064531804, "window_size": 20, "batch_size": 32, "epochs": 10, "kernel_size": 3, "attention_heads": 8}, "parameter_index": 0}
[2026-05-19 12:56:35] INFO (NNIManager) submitTrialJob: form: {
  sequenceId: 18,
  hyperParameters: {
    value: '{"parameter_id": 18, "parameter_source": "algorithm", "parameters": {"model_type": "GRU", "units": 64, "num_layers": 2, "dropout": 0.2, "activation": "elu", "lr": 0.001238476064531804, "window_size": 20, "batch_size": 32, "epochs": 10, "kernel_size": 3, "attention_heads": 8}, "parameter_index": 0}',
    index: 0
  },
  placementConstraint: { type: 'None', gpus: [] }
}
[2026-05-19 12:56:35] INFO (LocalV3.local) Created trial qDxio
[2026-05-19 12:56:36] INFO (LocalV3.local) Trial parameter: qDxio {"parameter_id": 18, "parameter_source": "algorithm", "parameters": {"model_type": "GRU", "units": 64, "num_layers": 2, "dropout": 0.2, "activation": "elu", "lr": 0.001238476064531804, "window_size": 20, "batch_size": 32, "epochs": 10, "kernel_size": 3, "attention_heads": 8}, "parameter_index": 0}
[2026-05-19 12:57:03] INFO (NNIManager) Trial job qDxio status changed from RUNNING to SUCCEEDED
[2026-05-19 12:57:03] INFO (NNIManager) NNIManager received command from dispatcher: TR, {"parameter_id": 19, "parameter_source": "algorithm", "parameters": {"model_type": "RNN", "units": 64, "num_layers": 2, "dropout": 0.3, "activation": "relu", "lr": 0.0015335376248572542, "window_size": 28, "batch_size": 32, "epochs": 5, "kernel_size": 2, "attention_heads": 2}, "parameter_index": 0}
[2026-05-19 12:57:04] INFO (NNIManager) submitTrialJob: form: {
  sequenceId: 19,
  hyperParameters: {
    value: '{"parameter_id": 19, "parameter_source": "algorithm", "parameters": {"model_type": "RNN", "units": 64, "num_layers": 2, "dropout": 0.3, "activation": "relu", "lr": 0.0015335376248572542, "window_size": 28, "batch_size": 32, "epochs": 5, "kernel_size": 2, "attention_heads": 2}, "parameter_index": 0}',
    index: 0
  },
  placementConstraint: { type: 'None', gpus: [] }
}
[2026-05-19 12:57:04] INFO (LocalV3.local) Created trial xQKA0
[2026-05-19 12:57:05] INFO (LocalV3.local) Trial parameter: xQKA0 {"parameter_id": 19, "parameter_source": "algorithm", "parameters": {"model_type": "RNN", "units": 64, "num_layers": 2, "dropout": 0.3, "activation": "relu", "lr": 0.0015335376248572542, "window_size": 28, "batch_size": 32, "epochs": 5, "kernel_size": 2, "attention_heads": 2}, "parameter_index": 0}
[2026-05-19 12:57:14] INFO (NNIManager) Trial job xQKA0 status changed from RUNNING to SUCCEEDED
[2026-05-19 12:57:14] INFO (NNIManager) NNIManager received command from dispatcher: TR, {"parameter_id": 20, "parameter_source": "algorithm", "parameters": {"model_type": "TCN", "units": 16, "num_layers": 1, "dropout": 0, "activation": "elu", "lr": 2.5495950751042e-05, "window_size": 5, "batch_size": 16, "epochs": 10, "kernel_size": 2, "attention_heads": 4}, "parameter_index": 0}
[2026-05-19 12:57:15] INFO (NNIManager) submitTrialJob: form: {
  sequenceId: 20,
  hyperParameters: {
    value: '{"parameter_id": 20, "parameter_source": "algorithm", "parameters": {"model_type": "TCN", "units": 16, "num_layers": 1, "dropout": 0, "activation": "elu", "lr": 2.5495950751042e-05, "window_size": 5, "batch_size": 16, "epochs": 10, "kernel_size": 2, "attention_heads": 4}, "parameter_index": 0}',
    index: 0
  },
  placementConstraint: { type: 'None', gpus: [] }
}
[2026-05-19 12:57:15] INFO (LocalV3.local) Created trial tpXpE
[2026-05-19 12:57:16] INFO (LocalV3.local) Trial parameter: tpXpE {"parameter_id": 20, "parameter_source": "algorithm", "parameters": {"model_type": "TCN", "units": 16, "num_layers": 1, "dropout": 0, "activation": "elu", "lr": 2.5495950751042e-05, "window_size": 5, "batch_size": 16, "epochs": 10, "kernel_size": 2, "attention_heads": 4}, "parameter_index": 0}
[2026-05-19 12:57:23] INFO (NNIManager) Trial job tpXpE status changed from RUNNING to SUCCEEDED
[2026-05-19 12:57:23] INFO (NNIManager) NNIManager received command from dispatcher: TR, {"parameter_id": 21, "parameter_source": "algorithm", "parameters": {"model_type": "TCN", "units": 256, "num_layers": 4, "dropout": 0.1, "activation": "relu", "lr": 0.0018280518209281517, "window_size": 26, "batch_size": 32, "epochs": 20, "kernel_size": 3, "attention_heads": 8}, "parameter_index": 0}
[2026-05-19 12:57:24] INFO (NNIManager) submitTrialJob: form: {
  sequenceId: 21,
  hyperParameters: {
    value: '{"parameter_id": 21, "parameter_source": "algorithm", "parameters": {"model_type": "TCN", "units": 256, "num_layers": 4, "dropout": 0.1, "activation": "relu", "lr": 0.0018280518209281517, "window_size": 26, "batch_size": 32, "epochs": 20, "kernel_size": 3, "attention_heads": 8}, "parameter_index": 0}',
    index: 0
  },
  placementConstraint: { type: 'None', gpus: [] }
}
[2026-05-19 12:57:24] INFO (LocalV3.local) Created trial I5xYP
[2026-05-19 12:57:26] INFO (LocalV3.local) Trial parameter: I5xYP {"parameter_id": 21, "parameter_source": "algorithm", "parameters": {"model_type": "TCN", "units": 256, "num_layers": 4, "dropout": 0.1, "activation": "relu", "lr": 0.0018280518209281517, "window_size": 26, "batch_size": 32, "epochs": 20, "kernel_size": 3, "attention_heads": 8}, "parameter_index": 0}
[2026-05-19 12:58:48] INFO (NNIManager) Trial job I5xYP status changed from RUNNING to SUCCEEDED
[2026-05-19 12:58:48] INFO (NNIManager) NNIManager received command from dispatcher: TR, {"parameter_id": 22, "parameter_source": "algorithm", "parameters": {"model_type": "TCN", "units": 64, "num_layers": 3, "dropout": 0.5, "activation": "relu", "lr": 0.0014566901606981677, "window_size": 26, "batch_size": 32, "epochs": 20, "kernel_size": 3, "attention_heads": 8}, "parameter_index": 0}
[2026-05-19 12:58:48] INFO (NNIManager) submitTrialJob: form: {
  sequenceId: 22,
  hyperParameters: {
    value: '{"parameter_id": 22, "parameter_source": "algorithm", "parameters": {"model_type": "TCN", "units": 64, "num_layers": 3, "dropout": 0.5, "activation": "relu", "lr": 0.0014566901606981677, "window_size": 26, "batch_size": 32, "epochs": 20, "kernel_size": 3, "attention_heads": 8}, "parameter_index": 0}',
    index: 0
  },
  placementConstraint: { type: 'None', gpus: [] }
}
[2026-05-19 12:58:48] INFO (LocalV3.local) Created trial JM5Y4
[2026-05-19 12:58:50] INFO (LocalV3.local) Trial parameter: JM5Y4 {"parameter_id": 22, "parameter_source": "algorithm", "parameters": {"model_type": "TCN", "units": 64, "num_layers": 3, "dropout": 0.5, "activation": "relu", "lr": 0.0014566901606981677, "window_size": 26, "batch_size": 32, "epochs": 20, "kernel_size": 3, "attention_heads": 8}, "parameter_index": 0}
[2026-05-19 12:59:10] INFO (NNIManager) Trial job JM5Y4 status changed from RUNNING to SUCCEEDED
[2026-05-19 12:59:10] INFO (NNIManager) NNIManager received command from dispatcher: TR, {"parameter_id": 23, "parameter_source": "algorithm", "parameters": {"model_type": "LSTM", "units": 256, "num_layers": 3, "dropout": 0.3, "activation": "relu", "lr": 0.003672457740014887, "window_size": 24, "batch_size": 64, "epochs": 5, "kernel_size": 2, "attention_heads": 8}, "parameter_index": 0}
[2026-05-19 12:59:11] INFO (NNIManager) submitTrialJob: form: {
  sequenceId: 23,
  hyperParameters: {
    value: '{"parameter_id": 23, "parameter_source": "algorithm", "parameters": {"model_type": "LSTM", "units": 256, "num_layers": 3, "dropout": 0.3, "activation": "relu", "lr": 0.003672457740014887, "window_size": 24, "batch_size": 64, "epochs": 5, "kernel_size": 2, "attention_heads": 8}, "parameter_index": 0}',
    index: 0
  },
  placementConstraint: { type: 'None', gpus: [] }
}
[2026-05-19 12:59:11] INFO (LocalV3.local) Created trial jeMlT
[2026-05-19 12:59:13] INFO (LocalV3.local) Trial parameter: jeMlT {"parameter_id": 23, "parameter_source": "algorithm", "parameters": {"model_type": "LSTM", "units": 256, "num_layers": 3, "dropout": 0.3, "activation": "relu", "lr": 0.003672457740014887, "window_size": 24, "batch_size": 64, "epochs": 5, "kernel_size": 2, "attention_heads": 8}, "parameter_index": 0}
[2026-05-19 13:00:11] INFO (NNIManager) Trial job jeMlT status changed from RUNNING to SUCCEEDED
[2026-05-19 13:00:11] INFO (NNIManager) NNIManager received command from dispatcher: TR, {"parameter_id": 24, "parameter_source": "algorithm", "parameters": {"model_type": "TCN", "units": 64, "num_layers": 3, "dropout": 0.5, "activation": "relu", "lr": 0.0015925984493042925, "window_size": 5, "batch_size": 32, "epochs": 20, "kernel_size": 3, "attention_heads": 4}, "parameter_index": 0}
[2026-05-19 13:00:12] INFO (NNIManager) submitTrialJob: form: {
  sequenceId: 24,
  hyperParameters: {
    value: '{"parameter_id": 24, "parameter_source": "algorithm", "parameters": {"model_type": "TCN", "units": 64, "num_layers": 3, "dropout": 0.5, "activation": "relu", "lr": 0.0015925984493042925, "window_size": 5, "batch_size": 32, "epochs": 20, "kernel_size": 3, "attention_heads": 4}, "parameter_index": 0}',
    index: 0
  },
  placementConstraint: { type: 'None', gpus: [] }
}
[2026-05-19 13:00:12] INFO (LocalV3.local) Created trial FWDkf
[2026-05-19 13:00:14] INFO (LocalV3.local) Trial parameter: FWDkf {"parameter_id": 24, "parameter_source": "algorithm", "parameters": {"model_type": "TCN", "units": 64, "num_layers": 3, "dropout": 0.5, "activation": "relu", "lr": 0.0015925984493042925, "window_size": 5, "batch_size": 32, "epochs": 20, "kernel_size": 3, "attention_heads": 4}, "parameter_index": 0}
[2026-05-19 13:00:28] INFO (NNIManager) Trial job FWDkf status changed from RUNNING to SUCCEEDED
[2026-05-19 13:00:28] INFO (NNIManager) NNIManager received command from dispatcher: TR, {"parameter_id": 25, "parameter_source": "algorithm", "parameters": {"model_type": "TCN", "units": 64, "num_layers": 1, "dropout": 0.5, "activation": "relu", "lr": 0.0005645852880041572, "window_size": 20, "batch_size": 64, "epochs": 20, "kernel_size": 3, "attention_heads": 4}, "parameter_index": 0}
[2026-05-19 13:00:28] INFO (NNIManager) submitTrialJob: form: {
  sequenceId: 25,
  hyperParameters: {
    value: '{"parameter_id": 25, "parameter_source": "algorithm", "parameters": {"model_type": "TCN", "units": 64, "num_layers": 1, "dropout": 0.5, "activation": "relu", "lr": 0.0005645852880041572, "window_size": 20, "batch_size": 64, "epochs": 20, "kernel_size": 3, "attention_heads": 4}, "parameter_index": 0}',
    index: 0
  },
  placementConstraint: { type: 'None', gpus: [] }
}
[2026-05-19 13:00:28] INFO (LocalV3.local) Created trial xi6xv
[2026-05-19 13:00:30] INFO (LocalV3.local) Trial parameter: xi6xv {"parameter_id": 25, "parameter_source": "algorithm", "parameters": {"model_type": "TCN", "units": 64, "num_layers": 1, "dropout": 0.5, "activation": "relu", "lr": 0.0005645852880041572, "window_size": 20, "batch_size": 64, "epochs": 20, "kernel_size": 3, "attention_heads": 4}, "parameter_index": 0}
[2026-05-19 13:00:37] INFO (NNIManager) Trial job xi6xv status changed from RUNNING to SUCCEEDED
[2026-05-19 13:00:37] INFO (NNIManager) NNIManager received command from dispatcher: TR, {"parameter_id": 26, "parameter_source": "algorithm", "parameters": {"model_type": "TCN", "units": 64, "num_layers": 4, "dropout": 0.1, "activation": "sigmoid", "lr": 0.0008358856984947618, "window_size": 17, "batch_size": 32, "epochs": 20, "kernel_size": 3, "attention_heads": 8}, "parameter_index": 0}
[2026-05-19 13:00:37] INFO (NNIManager) submitTrialJob: form: {
  sequenceId: 26,
  hyperParameters: {
    value: '{"parameter_id": 26, "parameter_source": "algorithm", "parameters": {"model_type": "TCN", "units": 64, "num_layers": 4, "dropout": 0.1, "activation": "sigmoid", "lr": 0.0008358856984947618, "window_size": 17, "batch_size": 32, "epochs": 20, "kernel_size": 3, "attention_heads": 8}, "parameter_index": 0}',
    index: 0
  },
  placementConstraint: { type: 'None', gpus: [] }
}
[2026-05-19 13:00:37] INFO (LocalV3.local) Created trial trqrQ
[2026-05-19 13:00:39] INFO (LocalV3.local) Trial parameter: trqrQ {"parameter_id": 26, "parameter_source": "algorithm", "parameters": {"model_type": "TCN", "units": 64, "num_layers": 4, "dropout": 0.1, "activation": "sigmoid", "lr": 0.0008358856984947618, "window_size": 17, "batch_size": 32, "epochs": 20, "kernel_size": 3, "attention_heads": 8}, "parameter_index": 0}
[2026-05-19 13:01:00] INFO (NNIManager) Trial job trqrQ status changed from RUNNING to SUCCEEDED
[2026-05-19 13:01:00] INFO (NNIManager) NNIManager received command from dispatcher: TR, {"parameter_id": 27, "parameter_source": "algorithm", "parameters": {"model_type": "TCN", "units": 256, "num_layers": 4, "dropout": 0.1, "activation": "elu", "lr": 0.0009299857741771644, "window_size": 22, "batch_size": 32, "epochs": 10, "kernel_size": 3, "attention_heads": 8}, "parameter_index": 0}
[2026-05-19 13:01:00] INFO (NNIManager) submitTrialJob: form: {
  sequenceId: 27,
  hyperParameters: {
    value: '{"parameter_id": 27, "parameter_source": "algorithm", "parameters": {"model_type": "TCN", "units": 256, "num_layers": 4, "dropout": 0.1, "activation": "elu", "lr": 0.0009299857741771644, "window_size": 22, "batch_size": 32, "epochs": 10, "kernel_size": 3, "attention_heads": 8}, "parameter_index": 0}',
    index: 0
  },
  placementConstraint: { type: 'None', gpus: [] }
}
[2026-05-19 13:01:00] INFO (LocalV3.local) Created trial F7A0x
[2026-05-19 13:01:02] INFO (LocalV3.local) Trial parameter: F7A0x {"parameter_id": 27, "parameter_source": "algorithm", "parameters": {"model_type": "TCN", "units": 256, "num_layers": 4, "dropout": 0.1, "activation": "elu", "lr": 0.0009299857741771644, "window_size": 22, "batch_size": 32, "epochs": 10, "kernel_size": 3, "attention_heads": 8}, "parameter_index": 0}
[2026-05-19 13:01:45] INFO (NNIManager) Trial job F7A0x status changed from RUNNING to SUCCEEDED
[2026-05-19 13:01:45] INFO (NNIManager) NNIManager received command from dispatcher: TR, {"parameter_id": 28, "parameter_source": "algorithm", "parameters": {"model_type": "LSTM", "units": 64, "num_layers": 2, "dropout": 0.1, "activation": "relu", "lr": 0.0012777412503469404, "window_size": 26, "batch_size": 32, "epochs": 5, "kernel_size": 2, "attention_heads": 4}, "parameter_index": 0}
[2026-05-19 13:01:45] INFO (NNIManager) submitTrialJob: form: {
  sequenceId: 28,
  hyperParameters: {
    value: '{"parameter_id": 28, "parameter_source": "algorithm", "parameters": {"model_type": "LSTM", "units": 64, "num_layers": 2, "dropout": 0.1, "activation": "relu", "lr": 0.0012777412503469404, "window_size": 26, "batch_size": 32, "epochs": 5, "kernel_size": 2, "attention_heads": 4}, "parameter_index": 0}',
    index: 0
  },
  placementConstraint: { type: 'None', gpus: [] }
}
[2026-05-19 13:01:45] INFO (LocalV3.local) Created trial oYNj3
[2026-05-19 13:01:48] INFO (LocalV3.local) Trial parameter: oYNj3 {"parameter_id": 28, "parameter_source": "algorithm", "parameters": {"model_type": "LSTM", "units": 64, "num_layers": 2, "dropout": 0.1, "activation": "relu", "lr": 0.0012777412503469404, "window_size": 26, "batch_size": 32, "epochs": 5, "kernel_size": 2, "attention_heads": 4}, "parameter_index": 0}
[2026-05-19 13:02:08] INFO (NNIManager) Trial job oYNj3 status changed from RUNNING to SUCCEEDED
[2026-05-19 13:02:08] INFO (NNIManager) NNIManager received command from dispatcher: TR, {"parameter_id": 29, "parameter_source": "algorithm", "parameters": {"model_type": "TCN", "units": 256, "num_layers": 3, "dropout": 0.1, "activation": "relu", "lr": 0.0011004743968600504, "window_size": 26, "batch_size": 32, "epochs": 20, "kernel_size": 3, "attention_heads": 8}, "parameter_index": 0}
[2026-05-19 13:02:08] INFO (NNIManager) submitTrialJob: form: {
  sequenceId: 29,
  hyperParameters: {
    value: '{"parameter_id": 29, "parameter_source": "algorithm", "parameters": {"model_type": "TCN", "units": 256, "num_layers": 3, "dropout": 0.1, "activation": "relu", "lr": 0.0011004743968600504, "window_size": 26, "batch_size": 32, "epochs": 20, "kernel_size": 3, "attention_heads": 8}, "parameter_index": 0}',
    index: 0
  },
  placementConstraint: { type: 'None', gpus: [] }
}
[2026-05-19 13:02:08] INFO (LocalV3.local) Created trial Cz5Y7
[2026-05-19 13:02:10] INFO (LocalV3.local) Trial parameter: Cz5Y7 {"parameter_id": 29, "parameter_source": "algorithm", "parameters": {"model_type": "TCN", "units": 256, "num_layers": 3, "dropout": 0.1, "activation": "relu", "lr": 0.0011004743968600504, "window_size": 26, "batch_size": 32, "epochs": 20, "kernel_size": 3, "attention_heads": 8}, "parameter_index": 0}
[2026-05-19 13:03:05] INFO (NNIManager) Trial job Cz5Y7 status changed from RUNNING to SUCCEEDED
[2026-05-19 13:03:05] INFO (NNIManager) NNIManager received command from dispatcher: TR, {"parameter_id": 30, "parameter_source": "algorithm", "parameters": {"model_type": "TCN", "units": 64, "num_layers": 3, "dropout": 0, "activation": "relu", "lr": 0.0008856099944498501, "window_size": 9, "batch_size": 32, "epochs": 20, "kernel_size": 3, "attention_heads": 2}, "parameter_index": 0}
[2026-05-19 13:03:06] INFO (NNIManager) submitTrialJob: form: {
  sequenceId: 30,
  hyperParameters: {
    value: '{"parameter_id": 30, "parameter_source": "algorithm", "parameters": {"model_type": "TCN", "units": 64, "num_layers": 3, "dropout": 0, "activation": "relu", "lr": 0.0008856099944498501, "window_size": 9, "batch_size": 32, "epochs": 20, "kernel_size": 3, "attention_heads": 2}, "parameter_index": 0}',
    index: 0
  },
  placementConstraint: { type: 'None', gpus: [] }
}
[2026-05-19 13:03:06] INFO (LocalV3.local) Created trial zIoiK
[2026-05-19 13:03:08] INFO (LocalV3.local) Trial parameter: zIoiK {"parameter_id": 30, "parameter_source": "algorithm", "parameters": {"model_type": "TCN", "units": 64, "num_layers": 3, "dropout": 0, "activation": "relu", "lr": 0.0008856099944498501, "window_size": 9, "batch_size": 32, "epochs": 20, "kernel_size": 3, "attention_heads": 2}, "parameter_index": 0}
[2026-05-19 13:03:24] INFO (NNIManager) Trial job zIoiK status changed from RUNNING to SUCCEEDED
[2026-05-19 13:03:24] INFO (NNIManager) NNIManager received command from dispatcher: TR, {"parameter_id": 31, "parameter_source": "algorithm", "parameters": {"model_type": "LSTM", "units": 64, "num_layers": 4, "dropout": 0.1, "activation": "relu", "lr": 0.002426723213684876, "window_size": 14, "batch_size": 128, "epochs": 5, "kernel_size": 2, "attention_heads": 8}, "parameter_index": 0}
[2026-05-19 13:03:24] INFO (NNIManager) submitTrialJob: form: {
  sequenceId: 31,
  hyperParameters: {
    value: '{"parameter_id": 31, "parameter_source": "algorithm", "parameters": {"model_type": "LSTM", "units": 64, "num_layers": 4, "dropout": 0.1, "activation": "relu", "lr": 0.002426723213684876, "window_size": 14, "batch_size": 128, "epochs": 5, "kernel_size": 2, "attention_heads": 8}, "parameter_index": 0}',
    index: 0
  },
  placementConstraint: { type: 'None', gpus: [] }
}
[2026-05-19 13:03:24] INFO (LocalV3.local) Created trial K1v4P
[2026-05-19 13:03:26] INFO (LocalV3.local) Trial parameter: K1v4P {"parameter_id": 31, "parameter_source": "algorithm", "parameters": {"model_type": "LSTM", "units": 64, "num_layers": 4, "dropout": 0.1, "activation": "relu", "lr": 0.002426723213684876, "window_size": 14, "batch_size": 128, "epochs": 5, "kernel_size": 2, "attention_heads": 8}, "parameter_index": 0}
[2026-05-19 13:03:46] INFO (NNIManager) Trial job K1v4P status changed from RUNNING to SUCCEEDED
[2026-05-19 13:03:46] INFO (NNIManager) NNIManager received command from dispatcher: TR, {"parameter_id": 32, "parameter_source": "algorithm", "parameters": {"model_type": "GRU", "units": 64, "num_layers": 2, "dropout": 0.5, "activation": "relu", "lr": 0.001944635006395826, "window_size": 4, "batch_size": 32, "epochs": 20, "kernel_size": 2, "attention_heads": 8}, "parameter_index": 0}
[2026-05-19 13:03:46] INFO (NNIManager) submitTrialJob: form: {
  sequenceId: 32,
  hyperParameters: {
    value: '{"parameter_id": 32, "parameter_source": "algorithm", "parameters": {"model_type": "GRU", "units": 64, "num_layers": 2, "dropout": 0.5, "activation": "relu", "lr": 0.001944635006395826, "window_size": 4, "batch_size": 32, "epochs": 20, "kernel_size": 2, "attention_heads": 8}, "parameter_index": 0}',
    index: 0
  },
  placementConstraint: { type: 'None', gpus: [] }
}
[2026-05-19 13:03:46] INFO (LocalV3.local) Created trial sVlRx
[2026-05-19 13:03:49] INFO (LocalV3.local) Trial parameter: sVlRx {"parameter_id": 32, "parameter_source": "algorithm", "parameters": {"model_type": "GRU", "units": 64, "num_layers": 2, "dropout": 0.5, "activation": "relu", "lr": 0.001944635006395826, "window_size": 4, "batch_size": 32, "epochs": 20, "kernel_size": 2, "attention_heads": 8}, "parameter_index": 0}
[2026-05-19 13:04:19] INFO (NNIManager) Trial job sVlRx status changed from RUNNING to SUCCEEDED
[2026-05-19 13:04:19] INFO (NNIManager) NNIManager received command from dispatcher: TR, {"parameter_id": 33, "parameter_source": "algorithm", "parameters": {"model_type": "TCN", "units": 64, "num_layers": 3, "dropout": 0.5, "activation": "sigmoid", "lr": 0.0014175582451926162, "window_size": 26, "batch_size": 32, "epochs": 15, "kernel_size": 3, "attention_heads": 8}, "parameter_index": 0}
[2026-05-19 13:04:19] INFO (NNIManager) submitTrialJob: form: {
  sequenceId: 33,
  hyperParameters: {
    value: '{"parameter_id": 33, "parameter_source": "algorithm", "parameters": {"model_type": "TCN", "units": 64, "num_layers": 3, "dropout": 0.5, "activation": "sigmoid", "lr": 0.0014175582451926162, "window_size": 26, "batch_size": 32, "epochs": 15, "kernel_size": 3, "attention_heads": 8}, "parameter_index": 0}',
    index: 0
  },
  placementConstraint: { type: 'None', gpus: [] }
}
[2026-05-19 13:04:19] INFO (LocalV3.local) Created trial uBt8E
[2026-05-19 13:04:22] INFO (LocalV3.local) Trial parameter: uBt8E {"parameter_id": 33, "parameter_source": "algorithm", "parameters": {"model_type": "TCN", "units": 64, "num_layers": 3, "dropout": 0.5, "activation": "sigmoid", "lr": 0.0014175582451926162, "window_size": 26, "batch_size": 32, "epochs": 15, "kernel_size": 3, "attention_heads": 8}, "parameter_index": 0}
[2026-05-19 13:04:38] INFO (NNIManager) Trial job uBt8E status changed from RUNNING to SUCCEEDED
[2026-05-19 13:04:38] INFO (NNIManager) NNIManager received command from dispatcher: TR, {"parameter_id": 34, "parameter_source": "algorithm", "parameters": {"model_type": "LSTM", "units": 32, "num_layers": 4, "dropout": 0.1, "activation": "relu", "lr": 0.0012489108162289984, "window_size": 4, "batch_size": 64, "epochs": 20, "kernel_size": 3, "attention_heads": 8}, "parameter_index": 0}
[2026-05-19 13:04:39] INFO (NNIManager) submitTrialJob: form: {
  sequenceId: 34,
  hyperParameters: {
    value: '{"parameter_id": 34, "parameter_source": "algorithm", "parameters": {"model_type": "LSTM", "units": 32, "num_layers": 4, "dropout": 0.1, "activation": "relu", "lr": 0.0012489108162289984, "window_size": 4, "batch_size": 64, "epochs": 20, "kernel_size": 3, "attention_heads": 8}, "parameter_index": 0}',
    index: 0
  },
  placementConstraint: { type: 'None', gpus: [] }
}
[2026-05-19 13:04:39] INFO (LocalV3.local) Created trial BhA4g
[2026-05-19 13:04:41] INFO (LocalV3.local) Trial parameter: BhA4g {"parameter_id": 34, "parameter_source": "algorithm", "parameters": {"model_type": "LSTM", "units": 32, "num_layers": 4, "dropout": 0.1, "activation": "relu", "lr": 0.0012489108162289984, "window_size": 4, "batch_size": 64, "epochs": 20, "kernel_size": 3, "attention_heads": 8}, "parameter_index": 0}
[2026-05-19 13:05:10] INFO (NNIManager) Trial job BhA4g status changed from RUNNING to SUCCEEDED
[2026-05-19 13:05:10] INFO (NNIManager) NNIManager received command from dispatcher: TR, {"parameter_id": 35, "parameter_source": "algorithm", "parameters": {"model_type": "TCN", "units": 256, "num_layers": 4, "dropout": 0.1, "activation": "relu", "lr": 0.0010449307088966533, "window_size": 26, "batch_size": 32, "epochs": 20, "kernel_size": 3, "attention_heads": 8}, "parameter_index": 0}
[2026-05-19 13:05:11] INFO (NNIManager) submitTrialJob: form: {
  sequenceId: 35,
  hyperParameters: {
    value: '{"parameter_id": 35, "parameter_source": "algorithm", "parameters": {"model_type": "TCN", "units": 256, "num_layers": 4, "dropout": 0.1, "activation": "relu", "lr": 0.0010449307088966533, "window_size": 26, "batch_size": 32, "epochs": 20, "kernel_size": 3, "attention_heads": 8}, "parameter_index": 0}',
    index: 0
  },
  placementConstraint: { type: 'None', gpus: [] }
}
[2026-05-19 13:05:11] INFO (LocalV3.local) Created trial w1F6b
[2026-05-19 13:05:13] INFO (LocalV3.local) Trial parameter: w1F6b {"parameter_id": 35, "parameter_source": "algorithm", "parameters": {"model_type": "TCN", "units": 256, "num_layers": 4, "dropout": 0.1, "activation": "relu", "lr": 0.0010449307088966533, "window_size": 26, "batch_size": 32, "epochs": 20, "kernel_size": 3, "attention_heads": 8}, "parameter_index": 0}
[2026-05-19 13:06:39] INFO (NNIManager) Trial job w1F6b status changed from RUNNING to SUCCEEDED
[2026-05-19 13:06:39] INFO (NNIManager) NNIManager received command from dispatcher: TR, {"parameter_id": 36, "parameter_source": "algorithm", "parameters": {"model_type": "GRU", "units": 64, "num_layers": 2, "dropout": 0.3, "activation": "relu", "lr": 0.0020497177651590927, "window_size": 28, "batch_size": 32, "epochs": 5, "kernel_size": 3, "attention_heads": 2}, "parameter_index": 0}
[2026-05-19 13:06:39] INFO (NNIManager) submitTrialJob: form: {
  sequenceId: 36,
  hyperParameters: {
    value: '{"parameter_id": 36, "parameter_source": "algorithm", "parameters": {"model_type": "GRU", "units": 64, "num_layers": 2, "dropout": 0.3, "activation": "relu", "lr": 0.0020497177651590927, "window_size": 28, "batch_size": 32, "epochs": 5, "kernel_size": 3, "attention_heads": 2}, "parameter_index": 0}',
    index: 0
  },
  placementConstraint: { type: 'None', gpus: [] }
}
[2026-05-19 13:06:39] INFO (LocalV3.local) Created trial QEZID
[2026-05-19 13:06:41] INFO (LocalV3.local) Trial parameter: QEZID {"parameter_id": 36, "parameter_source": "algorithm", "parameters": {"model_type": "GRU", "units": 64, "num_layers": 2, "dropout": 0.3, "activation": "relu", "lr": 0.0020497177651590927, "window_size": 28, "batch_size": 32, "epochs": 5, "kernel_size": 3, "attention_heads": 2}, "parameter_index": 0}
[2026-05-19 13:07:01] INFO (NNIManager) Trial job QEZID status changed from RUNNING to SUCCEEDED
[2026-05-19 13:07:01] INFO (NNIManager) NNIManager received command from dispatcher: TR, {"parameter_id": 37, "parameter_source": "algorithm", "parameters": {"model_type": "TCN", "units": 64, "num_layers": 3, "dropout": 0.3, "activation": "sigmoid", "lr": 0.0007657098261189999, "window_size": 25, "batch_size": 32, "epochs": 15, "kernel_size": 3, "attention_heads": 8}, "parameter_index": 0}
[2026-05-19 13:07:02] INFO (NNIManager) submitTrialJob: form: {
  sequenceId: 37,
  hyperParameters: {
    value: '{"parameter_id": 37, "parameter_source": "algorithm", "parameters": {"model_type": "TCN", "units": 64, "num_layers": 3, "dropout": 0.3, "activation": "sigmoid", "lr": 0.0007657098261189999, "window_size": 25, "batch_size": 32, "epochs": 15, "kernel_size": 3, "attention_heads": 8}, "parameter_index": 0}',
    index: 0
  },
  placementConstraint: { type: 'None', gpus: [] }
}
[2026-05-19 13:07:02] INFO (LocalV3.local) Created trial DwU9W
[2026-05-19 13:07:04] INFO (LocalV3.local) Trial parameter: DwU9W {"parameter_id": 37, "parameter_source": "algorithm", "parameters": {"model_type": "TCN", "units": 64, "num_layers": 3, "dropout": 0.3, "activation": "sigmoid", "lr": 0.0007657098261189999, "window_size": 25, "batch_size": 32, "epochs": 15, "kernel_size": 3, "attention_heads": 8}, "parameter_index": 0}
[2026-05-19 13:07:22] INFO (NNIManager) Trial job DwU9W status changed from RUNNING to SUCCEEDED
[2026-05-19 13:07:22] INFO (NNIManager) NNIManager received command from dispatcher: TR, {"parameter_id": 38, "parameter_source": "algorithm", "parameters": {"model_type": "TCN", "units": 64, "num_layers": 3, "dropout": 0.5, "activation": "relu", "lr": 0.0008041781333132946, "window_size": 26, "batch_size": 32, "epochs": 5, "kernel_size": 3, "attention_heads": 8}, "parameter_index": 0}
[2026-05-19 13:07:23] INFO (NNIManager) submitTrialJob: form: {
  sequenceId: 38,
  hyperParameters: {
    value: '{"parameter_id": 38, "parameter_source": "algorithm", "parameters": {"model_type": "TCN", "units": 64, "num_layers": 3, "dropout": 0.5, "activation": "relu", "lr": 0.0008041781333132946, "window_size": 26, "batch_size": 32, "epochs": 5, "kernel_size": 3, "attention_heads": 8}, "parameter_index": 0}',
    index: 0
  },
  placementConstraint: { type: 'None', gpus: [] }
}
[2026-05-19 13:07:23] INFO (LocalV3.local) Created trial zngG4
[2026-05-19 13:07:25] INFO (LocalV3.local) Trial parameter: zngG4 {"parameter_id": 38, "parameter_source": "algorithm", "parameters": {"model_type": "TCN", "units": 64, "num_layers": 3, "dropout": 0.5, "activation": "relu", "lr": 0.0008041781333132946, "window_size": 26, "batch_size": 32, "epochs": 5, "kernel_size": 3, "attention_heads": 8}, "parameter_index": 0}
[2026-05-19 13:07:32] INFO (NNIManager) Trial job zngG4 status changed from RUNNING to SUCCEEDED
[2026-05-19 13:07:32] INFO (NNIManager) NNIManager received command from dispatcher: TR, {"parameter_id": 39, "parameter_source": "algorithm", "parameters": {"model_type": "GRU", "units": 256, "num_layers": 4, "dropout": 0.1, "activation": "relu", "lr": 0.0018638605145531394, "window_size": 26, "batch_size": 32, "epochs": 20, "kernel_size": 3, "attention_heads": 8}, "parameter_index": 0}
[2026-05-19 13:07:33] INFO (NNIManager) submitTrialJob: form: {
  sequenceId: 39,
  hyperParameters: {
    value: '{"parameter_id": 39, "parameter_source": "algorithm", "parameters": {"model_type": "GRU", "units": 256, "num_layers": 4, "dropout": 0.1, "activation": "relu", "lr": 0.0018638605145531394, "window_size": 26, "batch_size": 32, "epochs": 20, "kernel_size": 3, "attention_heads": 8}, "parameter_index": 0}',
    index: 0
  },
  placementConstraint: { type: 'None', gpus: [] }
}
[2026-05-19 13:07:33] INFO (LocalV3.local) Created trial ahDyr
[2026-05-19 13:07:35] INFO (LocalV3.local) Trial parameter: ahDyr {"parameter_id": 39, "parameter_source": "algorithm", "parameters": {"model_type": "GRU", "units": 256, "num_layers": 4, "dropout": 0.1, "activation": "relu", "lr": 0.0018638605145531394, "window_size": 26, "batch_size": 32, "epochs": 20, "kernel_size": 3, "attention_heads": 8}, "parameter_index": 0}
[2026-05-19 13:15:20] INFO (NNIManager) Trial job ahDyr status changed from RUNNING to SUCCEEDED
[2026-05-19 13:15:20] INFO (NNIManager) NNIManager received command from dispatcher: TR, {"parameter_id": 40, "parameter_source": "algorithm", "parameters": {"model_type": "LSTM", "units": 64, "num_layers": 2, "dropout": 0.1, "activation": "relu", "lr": 0.002241260687457839, "window_size": 26, "batch_size": 128, "epochs": 5, "kernel_size": 2, "attention_heads": 8}, "parameter_index": 0}
[2026-05-19 13:15:21] INFO (NNIManager) submitTrialJob: form: {
  sequenceId: 40,
  hyperParameters: {
    value: '{"parameter_id": 40, "parameter_source": "algorithm", "parameters": {"model_type": "LSTM", "units": 64, "num_layers": 2, "dropout": 0.1, "activation": "relu", "lr": 0.002241260687457839, "window_size": 26, "batch_size": 128, "epochs": 5, "kernel_size": 2, "attention_heads": 8}, "parameter_index": 0}',
    index: 0
  },
  placementConstraint: { type: 'None', gpus: [] }
}
[2026-05-19 13:15:21] INFO (LocalV3.local) Created trial Eyftr
[2026-05-19 13:15:23] INFO (LocalV3.local) Trial parameter: Eyftr {"parameter_id": 40, "parameter_source": "algorithm", "parameters": {"model_type": "LSTM", "units": 64, "num_layers": 2, "dropout": 0.1, "activation": "relu", "lr": 0.002241260687457839, "window_size": 26, "batch_size": 128, "epochs": 5, "kernel_size": 2, "attention_heads": 8}, "parameter_index": 0}
[2026-05-19 13:15:34] INFO (NNIManager) Trial job Eyftr status changed from RUNNING to SUCCEEDED
[2026-05-19 13:15:34] INFO (NNIManager) NNIManager received command from dispatcher: TR, {"parameter_id": 41, "parameter_source": "algorithm", "parameters": {"model_type": "TCN", "units": 64, "num_layers": 1, "dropout": 0.5, "activation": "tanh", "lr": 0.0010005118336383649, "window_size": 26, "batch_size": 128, "epochs": 15, "kernel_size": 5, "attention_heads": 8}, "parameter_index": 0}
[2026-05-19 13:15:34] INFO (NNIManager) submitTrialJob: form: {
  sequenceId: 41,
  hyperParameters: {
    value: '{"parameter_id": 41, "parameter_source": "algorithm", "parameters": {"model_type": "TCN", "units": 64, "num_layers": 1, "dropout": 0.5, "activation": "tanh", "lr": 0.0010005118336383649, "window_size": 26, "batch_size": 128, "epochs": 15, "kernel_size": 5, "attention_heads": 8}, "parameter_index": 0}',
    index: 0
  },
  placementConstraint: { type: 'None', gpus: [] }
}
[2026-05-19 13:15:34] INFO (LocalV3.local) Created trial glZHQ
[2026-05-19 13:15:36] INFO (LocalV3.local) Trial parameter: glZHQ {"parameter_id": 41, "parameter_source": "algorithm", "parameters": {"model_type": "TCN", "units": 64, "num_layers": 1, "dropout": 0.5, "activation": "tanh", "lr": 0.0010005118336383649, "window_size": 26, "batch_size": 128, "epochs": 15, "kernel_size": 5, "attention_heads": 8}, "parameter_index": 0}
[2026-05-19 13:15:41] INFO (NNIManager) Trial job glZHQ status changed from RUNNING to SUCCEEDED
[2026-05-19 13:15:41] INFO (NNIManager) NNIManager received command from dispatcher: TR, {"parameter_id": 42, "parameter_source": "algorithm", "parameters": {"model_type": "TCN", "units": 64, "num_layers": 3, "dropout": 0.5, "activation": "sigmoid", "lr": 0.0017624631196728711, "window_size": 26, "batch_size": 32, "epochs": 15, "kernel_size": 3, "attention_heads": 8}, "parameter_index": 0}
[2026-05-19 13:15:41] INFO (NNIManager) submitTrialJob: form: {
  sequenceId: 42,
  hyperParameters: {
    value: '{"parameter_id": 42, "parameter_source": "algorithm", "parameters": {"model_type": "TCN", "units": 64, "num_layers": 3, "dropout": 0.5, "activation": "sigmoid", "lr": 0.0017624631196728711, "window_size": 26, "batch_size": 32, "epochs": 15, "kernel_size": 3, "attention_heads": 8}, "parameter_index": 0}',
    index: 0
  },
  placementConstraint: { type: 'None', gpus: [] }
}
[2026-05-19 13:15:41] INFO (LocalV3.local) Created trial UQ2nh
[2026-05-19 13:15:43] INFO (LocalV3.local) Trial parameter: UQ2nh {"parameter_id": 42, "parameter_source": "algorithm", "parameters": {"model_type": "TCN", "units": 64, "num_layers": 3, "dropout": 0.5, "activation": "sigmoid", "lr": 0.0017624631196728711, "window_size": 26, "batch_size": 32, "epochs": 15, "kernel_size": 3, "attention_heads": 8}, "parameter_index": 0}
[2026-05-19 13:15:57] INFO (NNIManager) Trial job UQ2nh status changed from RUNNING to SUCCEEDED
[2026-05-19 13:15:57] INFO (NNIManager) NNIManager received command from dispatcher: TR, {"parameter_id": 43, "parameter_source": "algorithm", "parameters": {"model_type": "TCN", "units": 64, "num_layers": 3, "dropout": 0.3, "activation": "relu", "lr": 0.0018324143705049551, "window_size": 26, "batch_size": 16, "epochs": 20, "kernel_size": 3, "attention_heads": 8}, "parameter_index": 0}
[2026-05-19 13:15:58] INFO (NNIManager) submitTrialJob: form: {
  sequenceId: 43,
  hyperParameters: {
    value: '{"parameter_id": 43, "parameter_source": "algorithm", "parameters": {"model_type": "TCN", "units": 64, "num_layers": 3, "dropout": 0.3, "activation": "relu", "lr": 0.0018324143705049551, "window_size": 26, "batch_size": 16, "epochs": 20, "kernel_size": 3, "attention_heads": 8}, "parameter_index": 0}',
    index: 0
  },
  placementConstraint: { type: 'None', gpus: [] }
}
[2026-05-19 13:15:58] INFO (LocalV3.local) Created trial fDrPz
[2026-05-19 13:16:00] INFO (LocalV3.local) Trial parameter: fDrPz {"parameter_id": 43, "parameter_source": "algorithm", "parameters": {"model_type": "TCN", "units": 64, "num_layers": 3, "dropout": 0.3, "activation": "relu", "lr": 0.0018324143705049551, "window_size": 26, "batch_size": 16, "epochs": 20, "kernel_size": 3, "attention_heads": 8}, "parameter_index": 0}
[2026-05-19 13:16:24] INFO (NNIManager) Trial job fDrPz status changed from RUNNING to SUCCEEDED
[2026-05-19 13:16:24] INFO (NNIManager) NNIManager received command from dispatcher: TR, {"parameter_id": 44, "parameter_source": "algorithm", "parameters": {"model_type": "LSTM", "units": 64, "num_layers": 3, "dropout": 0.5, "activation": "sigmoid", "lr": 0.001246607704699319, "window_size": 18, "batch_size": 64, "epochs": 15, "kernel_size": 3, "attention_heads": 8}, "parameter_index": 0}
[2026-05-19 13:16:25] INFO (NNIManager) submitTrialJob: form: {
  sequenceId: 44,
  hyperParameters: {
    value: '{"parameter_id": 44, "parameter_source": "algorithm", "parameters": {"model_type": "LSTM", "units": 64, "num_layers": 3, "dropout": 0.5, "activation": "sigmoid", "lr": 0.001246607704699319, "window_size": 18, "batch_size": 64, "epochs": 15, "kernel_size": 3, "attention_heads": 8}, "parameter_index": 0}',
    index: 0
  },
  placementConstraint: { type: 'None', gpus: [] }
}
[2026-05-19 13:16:25] INFO (LocalV3.local) Created trial tJ53D
[2026-05-19 13:16:27] INFO (LocalV3.local) Trial parameter: tJ53D {"parameter_id": 44, "parameter_source": "algorithm", "parameters": {"model_type": "LSTM", "units": 64, "num_layers": 3, "dropout": 0.5, "activation": "sigmoid", "lr": 0.001246607704699319, "window_size": 18, "batch_size": 64, "epochs": 15, "kernel_size": 3, "attention_heads": 8}, "parameter_index": 0}
[2026-05-19 13:17:10] INFO (NNIManager) Trial job tJ53D status changed from RUNNING to SUCCEEDED
[2026-05-19 13:17:10] INFO (NNIManager) NNIManager received command from dispatcher: TR, {"parameter_id": 45, "parameter_source": "algorithm", "parameters": {"model_type": "TCN", "units": 128, "num_layers": 3, "dropout": 0.5, "activation": "sigmoid", "lr": 0.0009328095020229444, "window_size": 26, "batch_size": 128, "epochs": 15, "kernel_size": 3, "attention_heads": 8}, "parameter_index": 0}
[2026-05-19 13:17:10] INFO (NNIManager) submitTrialJob: form: {
  sequenceId: 45,
  hyperParameters: {
    value: '{"parameter_id": 45, "parameter_source": "algorithm", "parameters": {"model_type": "TCN", "units": 128, "num_layers": 3, "dropout": 0.5, "activation": "sigmoid", "lr": 0.0009328095020229444, "window_size": 26, "batch_size": 128, "epochs": 15, "kernel_size": 3, "attention_heads": 8}, "parameter_index": 0}',
    index: 0
  },
  placementConstraint: { type: 'None', gpus: [] }
}
[2026-05-19 13:17:10] INFO (LocalV3.local) Created trial FIEsI
[2026-05-19 13:17:13] INFO (LocalV3.local) Trial parameter: FIEsI {"parameter_id": 45, "parameter_source": "algorithm", "parameters": {"model_type": "TCN", "units": 128, "num_layers": 3, "dropout": 0.5, "activation": "sigmoid", "lr": 0.0009328095020229444, "window_size": 26, "batch_size": 128, "epochs": 15, "kernel_size": 3, "attention_heads": 8}, "parameter_index": 0}
[2026-05-19 13:17:27] INFO (NNIManager) Trial job FIEsI status changed from RUNNING to SUCCEEDED
[2026-05-19 13:17:27] INFO (NNIManager) NNIManager received command from dispatcher: TR, {"parameter_id": 46, "parameter_source": "algorithm", "parameters": {"model_type": "TCN", "units": 64, "num_layers": 3, "dropout": 0, "activation": "relu", "lr": 0.0009512775070655593, "window_size": 26, "batch_size": 32, "epochs": 20, "kernel_size": 2, "attention_heads": 8}, "parameter_index": 0}
[2026-05-19 13:17:28] INFO (NNIManager) submitTrialJob: form: {
  sequenceId: 46,
  hyperParameters: {
    value: '{"parameter_id": 46, "parameter_source": "algorithm", "parameters": {"model_type": "TCN", "units": 64, "num_layers": 3, "dropout": 0, "activation": "relu", "lr": 0.0009512775070655593, "window_size": 26, "batch_size": 32, "epochs": 20, "kernel_size": 2, "attention_heads": 8}, "parameter_index": 0}',
    index: 0
  },
  placementConstraint: { type: 'None', gpus: [] }
}
[2026-05-19 13:17:28] INFO (LocalV3.local) Created trial xfaw0
[2026-05-19 13:17:30] INFO (LocalV3.local) Trial parameter: xfaw0 {"parameter_id": 46, "parameter_source": "algorithm", "parameters": {"model_type": "TCN", "units": 64, "num_layers": 3, "dropout": 0, "activation": "relu", "lr": 0.0009512775070655593, "window_size": 26, "batch_size": 32, "epochs": 20, "kernel_size": 2, "attention_heads": 8}, "parameter_index": 0}
[2026-05-19 13:17:48] INFO (NNIManager) Trial job xfaw0 status changed from RUNNING to SUCCEEDED
[2026-05-19 13:17:48] INFO (NNIManager) NNIManager received command from dispatcher: TR, {"parameter_id": 47, "parameter_source": "algorithm", "parameters": {"model_type": "MLP", "units": 32, "num_layers": 3, "dropout": 0.5, "activation": "relu", "lr": 0.0017881110058967785, "window_size": 26, "batch_size": 32, "epochs": 20, "kernel_size": 3, "attention_heads": 8}, "parameter_index": 0}
[2026-05-19 13:17:48] INFO (NNIManager) submitTrialJob: form: {
  sequenceId: 47,
  hyperParameters: {
    value: '{"parameter_id": 47, "parameter_source": "algorithm", "parameters": {"model_type": "MLP", "units": 32, "num_layers": 3, "dropout": 0.5, "activation": "relu", "lr": 0.0017881110058967785, "window_size": 26, "batch_size": 32, "epochs": 20, "kernel_size": 3, "attention_heads": 8}, "parameter_index": 0}',
    index: 0
  },
  placementConstraint: { type: 'None', gpus: [] }
}
[2026-05-19 13:17:48] INFO (LocalV3.local) Created trial u03Ti
[2026-05-19 13:17:51] INFO (LocalV3.local) Trial parameter: u03Ti {"parameter_id": 47, "parameter_source": "algorithm", "parameters": {"model_type": "MLP", "units": 32, "num_layers": 3, "dropout": 0.5, "activation": "relu", "lr": 0.0017881110058967785, "window_size": 26, "batch_size": 32, "epochs": 20, "kernel_size": 3, "attention_heads": 8}, "parameter_index": 0}
[2026-05-19 13:17:58] INFO (NNIManager) Trial job u03Ti status changed from RUNNING to SUCCEEDED
[2026-05-19 13:17:58] INFO (NNIManager) NNIManager received command from dispatcher: TR, {"parameter_id": 48, "parameter_source": "algorithm", "parameters": {"model_type": "Transformer", "units": 64, "num_layers": 3, "dropout": 0.5, "activation": "sigmoid", "lr": 0.002149341739579168, "window_size": 26, "batch_size": 32, "epochs": 15, "kernel_size": 3, "attention_heads": 8}, "parameter_index": 0}
[2026-05-19 13:17:59] INFO (NNIManager) submitTrialJob: form: {
  sequenceId: 48,
  hyperParameters: {
    value: '{"parameter_id": 48, "parameter_source": "algorithm", "parameters": {"model_type": "Transformer", "units": 64, "num_layers": 3, "dropout": 0.5, "activation": "sigmoid", "lr": 0.002149341739579168, "window_size": 26, "batch_size": 32, "epochs": 15, "kernel_size": 3, "attention_heads": 8}, "parameter_index": 0}',
    index: 0
  },
  placementConstraint: { type: 'None', gpus: [] }
}
[2026-05-19 13:17:59] INFO (LocalV3.local) Created trial TDd1J
[2026-05-19 13:18:00] INFO (LocalV3.local) Trial parameter: TDd1J {"parameter_id": 48, "parameter_source": "algorithm", "parameters": {"model_type": "Transformer", "units": 64, "num_layers": 3, "dropout": 0.5, "activation": "sigmoid", "lr": 0.002149341739579168, "window_size": 26, "batch_size": 32, "epochs": 15, "kernel_size": 3, "attention_heads": 8}, "parameter_index": 0}
[2026-05-19 13:19:37] INFO (NNIManager) Trial job TDd1J status changed from RUNNING to SUCCEEDED
[2026-05-19 13:19:37] INFO (NNIManager) NNIManager received command from dispatcher: TR, {"parameter_id": 49, "parameter_source": "algorithm", "parameters": {"model_type": "TCN", "units": 128, "num_layers": 3, "dropout": 0.5, "activation": "relu", "lr": 0.000856185906232492, "window_size": 26, "batch_size": 32, "epochs": 20, "kernel_size": 3, "attention_heads": 8}, "parameter_index": 0}
[2026-05-19 13:19:38] INFO (NNIManager) submitTrialJob: form: {
  sequenceId: 49,
  hyperParameters: {
    value: '{"parameter_id": 49, "parameter_source": "algorithm", "parameters": {"model_type": "TCN", "units": 128, "num_layers": 3, "dropout": 0.5, "activation": "relu", "lr": 0.000856185906232492, "window_size": 26, "batch_size": 32, "epochs": 20, "kernel_size": 3, "attention_heads": 8}, "parameter_index": 0}',
    index: 0
  },
  placementConstraint: { type: 'None', gpus: [] }
}
[2026-05-19 13:19:38] INFO (LocalV3.local) Created trial ZJtQV
[2026-05-19 13:19:38] INFO (NNIManager) Change NNIManager status from: RUNNING to: NO_MORE_TRIAL
[2026-05-19 13:19:40] INFO (LocalV3.local) Trial parameter: ZJtQV {"parameter_id": 49, "parameter_source": "algorithm", "parameters": {"model_type": "TCN", "units": 128, "num_layers": 3, "dropout": 0.5, "activation": "relu", "lr": 0.000856185906232492, "window_size": 26, "batch_size": 32, "epochs": 20, "kernel_size": 3, "attention_heads": 8}, "parameter_index": 0}
[2026-05-19 13:19:46] INFO (ShutdownManager) Initiate shutdown: SIGTERM
[2026-05-19 13:19:46] INFO (RestServer) Stopping REST server.
[2026-05-19 13:19:46] INFO (NNIManager) Change NNIManager status from: NO_MORE_TRIAL to: STOPPING
[2026-05-19 13:19:46] INFO (NNIManager) Stopping experiment, cleaning up ...
[2026-05-19 13:19:46] INFO (RestServer) REST server stopped.
[2026-05-19 13:19:49] INFO (LocalV3.local) All trials stopped
[2026-05-19 13:19:49] INFO (NNIManager) Change NNIManager status from: STOPPING to: STOPPED
[2026-05-19 13:19:49] INFO (NNIManager) Experiment stopped.
[2026-05-19 13:19:49] INFO (NNITensorboardManager) Forced stopping all tensorboard task.
[2026-05-19 13:19:49] INFO (NNITensorboardManager) All tensorboard task stopped.
[2026-05-19 13:19:49] INFO (NNITensorboardManager) Tensorboard manager stopped.
[2026-05-19 13:19:49] INFO (ShutdownManager) Shutdown complete.
