[2026-05-19 15:00:56] INFO (main) Start NNI manager
[2026-05-19 15:00:56] INFO (RestServer) Starting REST server at port 8898, URL prefix: "/"
[2026-05-19 15:00:56] INFO (RestServer) REST server started.
[2026-05-19 15:00:56] INFO (NNIDataStore) Datastore initialization done
[2026-05-19 15:00:57] INFO (NNIManager) Starting experiment: ykgoxuh4
[2026-05-19 15:00:57] INFO (NNIManager) Setup training service...
[2026-05-19 15:00:57] INFO (NNIManager) Setup tuner...
[2026-05-19 15:00:57] INFO (NNIManager) Change NNIManager status from: INITIALIZED to: RUNNING
[2026-05-19 15:00:57] INFO (NNIManager) Add event listeners
[2026-05-19 15:00:57] INFO (LocalV3.local) Start
[2026-05-19 15:00:58] INFO (NNIManager) NNIManager received command from dispatcher: ID, 
[2026-05-19 15:00:58] INFO (NNIManager) NNIManager received command from dispatcher: TR, {"parameter_id": 0, "parameter_source": "algorithm", "parameters": {"model_type": "MLP", "units": 64, "num_layers": 1, "dropout": 0.3, "activation": "elu", "lr": 0.00021274259269325456, "window_size": 21, "batch_size": 32, "epochs": 20, "kernel_size": 7, "attention_heads": 4}, "parameter_index": 0}
[2026-05-19 15:00:58] INFO (NNIManager) submitTrialJob: form: {
  sequenceId: 0,
  hyperParameters: {
    value: '{"parameter_id": 0, "parameter_source": "algorithm", "parameters": {"model_type": "MLP", "units": 64, "num_layers": 1, "dropout": 0.3, "activation": "elu", "lr": 0.00021274259269325456, "window_size": 21, "batch_size": 32, "epochs": 20, "kernel_size": 7, "attention_heads": 4}, "parameter_index": 0}',
    index: 0
  },
  placementConstraint: { type: 'None', gpus: [] }
}
[2026-05-19 15:00:58] INFO (LocalV3.local) Register directory trial_code = /home/meliani/Desktop/phd/fast-track
[2026-05-19 15:00:58] INFO (LocalV3.local) Created trial hzMAy
[2026-05-19 15:01:00] INFO (LocalV3.local) Trial parameter: hzMAy {"parameter_id": 0, "parameter_source": "algorithm", "parameters": {"model_type": "MLP", "units": 64, "num_layers": 1, "dropout": 0.3, "activation": "elu", "lr": 0.00021274259269325456, "window_size": 21, "batch_size": 32, "epochs": 20, "kernel_size": 7, "attention_heads": 4}, "parameter_index": 0}
[2026-05-19 15:01:07] INFO (NNIManager) Trial job hzMAy status changed from RUNNING to SUCCEEDED
[2026-05-19 15:01:07] INFO (NNIManager) NNIManager received command from dispatcher: TR, {"parameter_id": 1, "parameter_source": "algorithm", "parameters": {"model_type": "TCN", "units": 128, "num_layers": 3, "dropout": 0, "activation": "sigmoid", "lr": 8.850849733343386e-05, "window_size": 6, "batch_size": 64, "epochs": 20, "kernel_size": 2, "attention_heads": 8}, "parameter_index": 0}
[2026-05-19 15:01:07] INFO (NNIManager) submitTrialJob: form: {
  sequenceId: 1,
  hyperParameters: {
    value: '{"parameter_id": 1, "parameter_source": "algorithm", "parameters": {"model_type": "TCN", "units": 128, "num_layers": 3, "dropout": 0, "activation": "sigmoid", "lr": 8.850849733343386e-05, "window_size": 6, "batch_size": 64, "epochs": 20, "kernel_size": 2, "attention_heads": 8}, "parameter_index": 0}',
    index: 0
  },
  placementConstraint: { type: 'None', gpus: [] }
}
[2026-05-19 15:01:07] INFO (LocalV3.local) Created trial iZrWc
[2026-05-19 15:01:09] INFO (LocalV3.local) Trial parameter: iZrWc {"parameter_id": 1, "parameter_source": "algorithm", "parameters": {"model_type": "TCN", "units": 128, "num_layers": 3, "dropout": 0, "activation": "sigmoid", "lr": 8.850849733343386e-05, "window_size": 6, "batch_size": 64, "epochs": 20, "kernel_size": 2, "attention_heads": 8}, "parameter_index": 0}
[2026-05-19 15:01:22] INFO (NNIManager) Trial job iZrWc status changed from RUNNING to SUCCEEDED
[2026-05-19 15:01:22] INFO (NNIManager) NNIManager received command from dispatcher: TR, {"parameter_id": 2, "parameter_source": "algorithm", "parameters": {"model_type": "CNN", "units": 64, "num_layers": 1, "dropout": 0, "activation": "relu", "lr": 0.00021307775576086371, "window_size": 17, "batch_size": 16, "epochs": 5, "kernel_size": 3, "attention_heads": 8}, "parameter_index": 0}
[2026-05-19 15:01:23] INFO (NNIManager) submitTrialJob: form: {
  sequenceId: 2,
  hyperParameters: {
    value: '{"parameter_id": 2, "parameter_source": "algorithm", "parameters": {"model_type": "CNN", "units": 64, "num_layers": 1, "dropout": 0, "activation": "relu", "lr": 0.00021307775576086371, "window_size": 17, "batch_size": 16, "epochs": 5, "kernel_size": 3, "attention_heads": 8}, "parameter_index": 0}',
    index: 0
  },
  placementConstraint: { type: 'None', gpus: [] }
}
[2026-05-19 15:01:23] INFO (LocalV3.local) Created trial boieN
[2026-05-19 15:01:25] INFO (LocalV3.local) Trial parameter: boieN {"parameter_id": 2, "parameter_source": "algorithm", "parameters": {"model_type": "CNN", "units": 64, "num_layers": 1, "dropout": 0, "activation": "relu", "lr": 0.00021307775576086371, "window_size": 17, "batch_size": 16, "epochs": 5, "kernel_size": 3, "attention_heads": 8}, "parameter_index": 0}
[2026-05-19 15:01:28] INFO (NNIManager) Trial job boieN status changed from RUNNING to SUCCEEDED
[2026-05-19 15:01:28] INFO (NNIManager) NNIManager received command from dispatcher: TR, {"parameter_id": 3, "parameter_source": "algorithm", "parameters": {"model_type": "RNN", "units": 256, "num_layers": 3, "dropout": 0.3, "activation": "relu", "lr": 0.00041706682910741565, "window_size": 2, "batch_size": 64, "epochs": 20, "kernel_size": 2, "attention_heads": 2}, "parameter_index": 0}
[2026-05-19 15:01:29] INFO (NNIManager) submitTrialJob: form: {
  sequenceId: 3,
  hyperParameters: {
    value: '{"parameter_id": 3, "parameter_source": "algorithm", "parameters": {"model_type": "RNN", "units": 256, "num_layers": 3, "dropout": 0.3, "activation": "relu", "lr": 0.00041706682910741565, "window_size": 2, "batch_size": 64, "epochs": 20, "kernel_size": 2, "attention_heads": 2}, "parameter_index": 0}',
    index: 0
  },
  placementConstraint: { type: 'None', gpus: [] }
}
[2026-05-19 15:01:29] INFO (LocalV3.local) Created trial f7PU8
[2026-05-19 15:01:31] INFO (LocalV3.local) Trial parameter: f7PU8 {"parameter_id": 3, "parameter_source": "algorithm", "parameters": {"model_type": "RNN", "units": 256, "num_layers": 3, "dropout": 0.3, "activation": "relu", "lr": 0.00041706682910741565, "window_size": 2, "batch_size": 64, "epochs": 20, "kernel_size": 2, "attention_heads": 2}, "parameter_index": 0}
[2026-05-19 15:01:49] INFO (NNIManager) Trial job f7PU8 status changed from RUNNING to SUCCEEDED
[2026-05-19 15:01:49] INFO (NNIManager) NNIManager received command from dispatcher: TR, {"parameter_id": 4, "parameter_source": "algorithm", "parameters": {"model_type": "MLP", "units": 64, "num_layers": 1, "dropout": 0.1, "activation": "elu", "lr": 1.855439022209533e-05, "window_size": 25, "batch_size": 64, "epochs": 20, "kernel_size": 7, "attention_heads": 4}, "parameter_index": 0}
[2026-05-19 15:01:50] INFO (NNIManager) submitTrialJob: form: {
  sequenceId: 4,
  hyperParameters: {
    value: '{"parameter_id": 4, "parameter_source": "algorithm", "parameters": {"model_type": "MLP", "units": 64, "num_layers": 1, "dropout": 0.1, "activation": "elu", "lr": 1.855439022209533e-05, "window_size": 25, "batch_size": 64, "epochs": 20, "kernel_size": 7, "attention_heads": 4}, "parameter_index": 0}',
    index: 0
  },
  placementConstraint: { type: 'None', gpus: [] }
}
[2026-05-19 15:01:50] INFO (LocalV3.local) Created trial xFhT6
[2026-05-19 15:01:52] INFO (LocalV3.local) Trial parameter: xFhT6 {"parameter_id": 4, "parameter_source": "algorithm", "parameters": {"model_type": "MLP", "units": 64, "num_layers": 1, "dropout": 0.1, "activation": "elu", "lr": 1.855439022209533e-05, "window_size": 25, "batch_size": 64, "epochs": 20, "kernel_size": 7, "attention_heads": 4}, "parameter_index": 0}
[2026-05-19 15:01:58] INFO (NNIManager) Trial job xFhT6 status changed from RUNNING to SUCCEEDED
[2026-05-19 15:01:59] INFO (NNIManager) NNIManager received command from dispatcher: TR, {"parameter_id": 5, "parameter_source": "algorithm", "parameters": {"model_type": "MLP", "units": 64, "num_layers": 2, "dropout": 0.1, "activation": "elu", "lr": 0.0009986499644027947, "window_size": 25, "batch_size": 64, "epochs": 20, "kernel_size": 3, "attention_heads": 4}, "parameter_index": 0}
[2026-05-19 15:01:59] INFO (NNIManager) submitTrialJob: form: {
  sequenceId: 5,
  hyperParameters: {
    value: '{"parameter_id": 5, "parameter_source": "algorithm", "parameters": {"model_type": "MLP", "units": 64, "num_layers": 2, "dropout": 0.1, "activation": "elu", "lr": 0.0009986499644027947, "window_size": 25, "batch_size": 64, "epochs": 20, "kernel_size": 3, "attention_heads": 4}, "parameter_index": 0}',
    index: 0
  },
  placementConstraint: { type: 'None', gpus: [] }
}
[2026-05-19 15:01:59] INFO (LocalV3.local) Created trial yISdy
[2026-05-19 15:02:01] INFO (LocalV3.local) Trial parameter: yISdy {"parameter_id": 5, "parameter_source": "algorithm", "parameters": {"model_type": "MLP", "units": 64, "num_layers": 2, "dropout": 0.1, "activation": "elu", "lr": 0.0009986499644027947, "window_size": 25, "batch_size": 64, "epochs": 20, "kernel_size": 3, "attention_heads": 4}, "parameter_index": 0}
[2026-05-19 15:02:08] INFO (NNIManager) Trial job yISdy status changed from RUNNING to SUCCEEDED
[2026-05-19 15:02:08] INFO (NNIManager) NNIManager received command from dispatcher: TR, {"parameter_id": 6, "parameter_source": "algorithm", "parameters": {"model_type": "GRU", "units": 64, "num_layers": 2, "dropout": 0.2, "activation": "elu", "lr": 0.0006024237386008687, "window_size": 30, "batch_size": 64, "epochs": 20, "kernel_size": 5, "attention_heads": 2}, "parameter_index": 0}
[2026-05-19 15:02:09] INFO (NNIManager) submitTrialJob: form: {
  sequenceId: 6,
  hyperParameters: {
    value: '{"parameter_id": 6, "parameter_source": "algorithm", "parameters": {"model_type": "GRU", "units": 64, "num_layers": 2, "dropout": 0.2, "activation": "elu", "lr": 0.0006024237386008687, "window_size": 30, "batch_size": 64, "epochs": 20, "kernel_size": 5, "attention_heads": 2}, "parameter_index": 0}',
    index: 0
  },
  placementConstraint: { type: 'None', gpus: [] }
}
[2026-05-19 15:02:09] INFO (LocalV3.local) Created trial YUA1m
[2026-05-19 15:02:11] INFO (LocalV3.local) Trial parameter: YUA1m {"parameter_id": 6, "parameter_source": "algorithm", "parameters": {"model_type": "GRU", "units": 64, "num_layers": 2, "dropout": 0.2, "activation": "elu", "lr": 0.0006024237386008687, "window_size": 30, "batch_size": 64, "epochs": 20, "kernel_size": 5, "attention_heads": 2}, "parameter_index": 0}
[2026-05-19 15:03:03] INFO (NNIManager) Trial job YUA1m status changed from RUNNING to SUCCEEDED
[2026-05-19 15:03:03] INFO (NNIManager) NNIManager received command from dispatcher: TR, {"parameter_id": 7, "parameter_source": "algorithm", "parameters": {"model_type": "GRU", "units": 256, "num_layers": 4, "dropout": 0.2, "activation": "relu", "lr": 0.00014248251383140232, "window_size": 27, "batch_size": 32, "epochs": 10, "kernel_size": 5, "attention_heads": 8}, "parameter_index": 0}
[2026-05-19 15:03:03] INFO (NNIManager) submitTrialJob: form: {
  sequenceId: 7,
  hyperParameters: {
    value: '{"parameter_id": 7, "parameter_source": "algorithm", "parameters": {"model_type": "GRU", "units": 256, "num_layers": 4, "dropout": 0.2, "activation": "relu", "lr": 0.00014248251383140232, "window_size": 27, "batch_size": 32, "epochs": 10, "kernel_size": 5, "attention_heads": 8}, "parameter_index": 0}',
    index: 0
  },
  placementConstraint: { type: 'None', gpus: [] }
}
[2026-05-19 15:03:03] INFO (LocalV3.local) Created trial mE1jC
[2026-05-19 15:03:05] INFO (LocalV3.local) Trial parameter: mE1jC {"parameter_id": 7, "parameter_source": "algorithm", "parameters": {"model_type": "GRU", "units": 256, "num_layers": 4, "dropout": 0.2, "activation": "relu", "lr": 0.00014248251383140232, "window_size": 27, "batch_size": 32, "epochs": 10, "kernel_size": 5, "attention_heads": 8}, "parameter_index": 0}
[2026-05-19 15:07:05] INFO (NNIManager) Trial job mE1jC status changed from RUNNING to SUCCEEDED
[2026-05-19 15:07:05] INFO (NNIManager) NNIManager received command from dispatcher: TR, {"parameter_id": 8, "parameter_source": "algorithm", "parameters": {"model_type": "GRU", "units": 32, "num_layers": 2, "dropout": 0.2, "activation": "relu", "lr": 0.0002819066824911464, "window_size": 30, "batch_size": 64, "epochs": 20, "kernel_size": 5, "attention_heads": 8}, "parameter_index": 0}
[2026-05-19 15:07:05] INFO (NNIManager) submitTrialJob: form: {
  sequenceId: 8,
  hyperParameters: {
    value: '{"parameter_id": 8, "parameter_source": "algorithm", "parameters": {"model_type": "GRU", "units": 32, "num_layers": 2, "dropout": 0.2, "activation": "relu", "lr": 0.0002819066824911464, "window_size": 30, "batch_size": 64, "epochs": 20, "kernel_size": 5, "attention_heads": 8}, "parameter_index": 0}',
    index: 0
  },
  placementConstraint: { type: 'None', gpus: [] }
}
[2026-05-19 15:07:05] INFO (LocalV3.local) Created trial fTau3
[2026-05-19 15:07:07] INFO (LocalV3.local) Trial parameter: fTau3 {"parameter_id": 8, "parameter_source": "algorithm", "parameters": {"model_type": "GRU", "units": 32, "num_layers": 2, "dropout": 0.2, "activation": "relu", "lr": 0.0002819066824911464, "window_size": 30, "batch_size": 64, "epochs": 20, "kernel_size": 5, "attention_heads": 8}, "parameter_index": 0}
[2026-05-19 15:07:39] INFO (NNIManager) Trial job fTau3 status changed from RUNNING to SUCCEEDED
[2026-05-19 15:07:39] INFO (NNIManager) NNIManager received command from dispatcher: TR, {"parameter_id": 9, "parameter_source": "algorithm", "parameters": {"model_type": "GRU", "units": 256, "num_layers": 2, "dropout": 0.2, "activation": "elu", "lr": 0.00017531407881779, "window_size": 14, "batch_size": 64, "epochs": 20, "kernel_size": 5, "attention_heads": 2}, "parameter_index": 0}
[2026-05-19 15:07:40] INFO (NNIManager) submitTrialJob: form: {
  sequenceId: 9,
  hyperParameters: {
    value: '{"parameter_id": 9, "parameter_source": "algorithm", "parameters": {"model_type": "GRU", "units": 256, "num_layers": 2, "dropout": 0.2, "activation": "elu", "lr": 0.00017531407881779, "window_size": 14, "batch_size": 64, "epochs": 20, "kernel_size": 5, "attention_heads": 2}, "parameter_index": 0}',
    index: 0
  },
  placementConstraint: { type: 'None', gpus: [] }
}
[2026-05-19 15:07:40] INFO (LocalV3.local) Created trial XkW3a
[2026-05-19 15:07:42] INFO (LocalV3.local) Trial parameter: XkW3a {"parameter_id": 9, "parameter_source": "algorithm", "parameters": {"model_type": "GRU", "units": 256, "num_layers": 2, "dropout": 0.2, "activation": "elu", "lr": 0.00017531407881779, "window_size": 14, "batch_size": 64, "epochs": 20, "kernel_size": 5, "attention_heads": 2}, "parameter_index": 0}
[2026-05-19 15:09:51] INFO (NNIManager) Trial job XkW3a status changed from RUNNING to SUCCEEDED
[2026-05-19 15:09:51] INFO (NNIManager) NNIManager received command from dispatcher: TR, {"parameter_id": 10, "parameter_source": "algorithm", "parameters": {"model_type": "MLP", "units": 32, "num_layers": 3, "dropout": 0.2, "activation": "relu", "lr": 0.0006263790984511832, "window_size": 9, "batch_size": 32, "epochs": 20, "kernel_size": 5, "attention_heads": 4}, "parameter_index": 0}
[2026-05-19 15:09:51] INFO (NNIManager) submitTrialJob: form: {
  sequenceId: 10,
  hyperParameters: {
    value: '{"parameter_id": 10, "parameter_source": "algorithm", "parameters": {"model_type": "MLP", "units": 32, "num_layers": 3, "dropout": 0.2, "activation": "relu", "lr": 0.0006263790984511832, "window_size": 9, "batch_size": 32, "epochs": 20, "kernel_size": 5, "attention_heads": 4}, "parameter_index": 0}',
    index: 0
  },
  placementConstraint: { type: 'None', gpus: [] }
}
[2026-05-19 15:09:51] INFO (LocalV3.local) Created trial x2FHl
[2026-05-19 15:09:54] INFO (LocalV3.local) Trial parameter: x2FHl {"parameter_id": 10, "parameter_source": "algorithm", "parameters": {"model_type": "MLP", "units": 32, "num_layers": 3, "dropout": 0.2, "activation": "relu", "lr": 0.0006263790984511832, "window_size": 9, "batch_size": 32, "epochs": 20, "kernel_size": 5, "attention_heads": 4}, "parameter_index": 0}
[2026-05-19 15:10:07] INFO (NNIManager) Trial job x2FHl status changed from RUNNING to SUCCEEDED
[2026-05-19 15:10:07] INFO (NNIManager) NNIManager received command from dispatcher: TR, {"parameter_id": 11, "parameter_source": "algorithm", "parameters": {"model_type": "GRU", "units": 16, "num_layers": 2, "dropout": 0.2, "activation": "elu", "lr": 0.0011073612996046547, "window_size": 30, "batch_size": 64, "epochs": 15, "kernel_size": 5, "attention_heads": 2}, "parameter_index": 0}
[2026-05-19 15:10:08] INFO (NNIManager) submitTrialJob: form: {
  sequenceId: 11,
  hyperParameters: {
    value: '{"parameter_id": 11, "parameter_source": "algorithm", "parameters": {"model_type": "GRU", "units": 16, "num_layers": 2, "dropout": 0.2, "activation": "elu", "lr": 0.0011073612996046547, "window_size": 30, "batch_size": 64, "epochs": 15, "kernel_size": 5, "attention_heads": 2}, "parameter_index": 0}',
    index: 0
  },
  placementConstraint: { type: 'None', gpus: [] }
}
[2026-05-19 15:10:08] INFO (LocalV3.local) Created trial BYyiw
[2026-05-19 15:10:11] INFO (LocalV3.local) Trial parameter: BYyiw {"parameter_id": 11, "parameter_source": "algorithm", "parameters": {"model_type": "GRU", "units": 16, "num_layers": 2, "dropout": 0.2, "activation": "elu", "lr": 0.0011073612996046547, "window_size": 30, "batch_size": 64, "epochs": 15, "kernel_size": 5, "attention_heads": 2}, "parameter_index": 0}
[2026-05-19 15:10:36] INFO (NNIManager) Trial job BYyiw status changed from RUNNING to SUCCEEDED
[2026-05-19 15:10:36] INFO (NNIManager) NNIManager received command from dispatcher: TR, {"parameter_id": 12, "parameter_source": "algorithm", "parameters": {"model_type": "MLP", "units": 64, "num_layers": 2, "dropout": 0.1, "activation": "elu", "lr": 0.0007669860304402167, "window_size": 25, "batch_size": 32, "epochs": 15, "kernel_size": 7, "attention_heads": 4}, "parameter_index": 0}
[2026-05-19 15:10:37] INFO (NNIManager) submitTrialJob: form: {
  sequenceId: 12,
  hyperParameters: {
    value: '{"parameter_id": 12, "parameter_source": "algorithm", "parameters": {"model_type": "MLP", "units": 64, "num_layers": 2, "dropout": 0.1, "activation": "elu", "lr": 0.0007669860304402167, "window_size": 25, "batch_size": 32, "epochs": 15, "kernel_size": 7, "attention_heads": 4}, "parameter_index": 0}',
    index: 0
  },
  placementConstraint: { type: 'None', gpus: [] }
}
[2026-05-19 15:10:37] INFO (LocalV3.local) Created trial y0R2B
[2026-05-19 15:10:38] INFO (LocalV3.local) Trial parameter: y0R2B {"parameter_id": 12, "parameter_source": "algorithm", "parameters": {"model_type": "MLP", "units": 64, "num_layers": 2, "dropout": 0.1, "activation": "elu", "lr": 0.0007669860304402167, "window_size": 25, "batch_size": 32, "epochs": 15, "kernel_size": 7, "attention_heads": 4}, "parameter_index": 0}
[2026-05-19 15:10:44] INFO (NNIManager) Trial job y0R2B status changed from RUNNING to SUCCEEDED
[2026-05-19 15:10:44] INFO (NNIManager) NNIManager received command from dispatcher: TR, {"parameter_id": 13, "parameter_source": "algorithm", "parameters": {"model_type": "Transformer", "units": 64, "num_layers": 3, "dropout": 0.3, "activation": "elu", "lr": 0.000281157755651822, "window_size": 7, "batch_size": 128, "epochs": 10, "kernel_size": 3, "attention_heads": 4}, "parameter_index": 0}
[2026-05-19 15:10:45] INFO (NNIManager) submitTrialJob: form: {
  sequenceId: 13,
  hyperParameters: {
    value: '{"parameter_id": 13, "parameter_source": "algorithm", "parameters": {"model_type": "Transformer", "units": 64, "num_layers": 3, "dropout": 0.3, "activation": "elu", "lr": 0.000281157755651822, "window_size": 7, "batch_size": 128, "epochs": 10, "kernel_size": 3, "attention_heads": 4}, "parameter_index": 0}',
    index: 0
  },
  placementConstraint: { type: 'None', gpus: [] }
}
[2026-05-19 15:10:45] INFO (LocalV3.local) Created trial msVz2
[2026-05-19 15:10:47] INFO (LocalV3.local) Trial parameter: msVz2 {"parameter_id": 13, "parameter_source": "algorithm", "parameters": {"model_type": "Transformer", "units": 64, "num_layers": 3, "dropout": 0.3, "activation": "elu", "lr": 0.000281157755651822, "window_size": 7, "batch_size": 128, "epochs": 10, "kernel_size": 3, "attention_heads": 4}, "parameter_index": 0}
[2026-05-19 15:11:08] INFO (NNIManager) Trial job msVz2 status changed from RUNNING to SUCCEEDED
[2026-05-19 15:11:08] INFO (NNIManager) NNIManager received command from dispatcher: TR, {"parameter_id": 14, "parameter_source": "algorithm", "parameters": {"model_type": "GRU", "units": 256, "num_layers": 2, "dropout": 0.5, "activation": "elu", "lr": 0.0008922228085082139, "window_size": 24, "batch_size": 64, "epochs": 20, "kernel_size": 2, "attention_heads": 2}, "parameter_index": 0}
[2026-05-19 15:11:08] INFO (NNIManager) submitTrialJob: form: {
  sequenceId: 14,
  hyperParameters: {
    value: '{"parameter_id": 14, "parameter_source": "algorithm", "parameters": {"model_type": "GRU", "units": 256, "num_layers": 2, "dropout": 0.5, "activation": "elu", "lr": 0.0008922228085082139, "window_size": 24, "batch_size": 64, "epochs": 20, "kernel_size": 2, "attention_heads": 2}, "parameter_index": 0}',
    index: 0
  },
  placementConstraint: { type: 'None', gpus: [] }
}
[2026-05-19 15:11:08] INFO (LocalV3.local) Created trial WSWxl
[2026-05-19 15:11:10] INFO (LocalV3.local) Trial parameter: WSWxl {"parameter_id": 14, "parameter_source": "algorithm", "parameters": {"model_type": "GRU", "units": 256, "num_layers": 2, "dropout": 0.5, "activation": "elu", "lr": 0.0008922228085082139, "window_size": 24, "batch_size": 64, "epochs": 20, "kernel_size": 2, "attention_heads": 2}, "parameter_index": 0}
[2026-05-19 15:14:18] INFO (NNIManager) Trial job WSWxl status changed from RUNNING to SUCCEEDED
[2026-05-19 15:14:18] INFO (NNIManager) NNIManager received command from dispatcher: TR, {"parameter_id": 15, "parameter_source": "algorithm", "parameters": {"model_type": "GRU", "units": 16, "num_layers": 2, "dropout": 0.5, "activation": "sigmoid", "lr": 0.0008493878218142646, "window_size": 29, "batch_size": 128, "epochs": 15, "kernel_size": 5, "attention_heads": 8}, "parameter_index": 0}
[2026-05-19 15:14:18] INFO (NNIManager) submitTrialJob: form: {
  sequenceId: 15,
  hyperParameters: {
    value: '{"parameter_id": 15, "parameter_source": "algorithm", "parameters": {"model_type": "GRU", "units": 16, "num_layers": 2, "dropout": 0.5, "activation": "sigmoid", "lr": 0.0008493878218142646, "window_size": 29, "batch_size": 128, "epochs": 15, "kernel_size": 5, "attention_heads": 8}, "parameter_index": 0}',
    index: 0
  },
  placementConstraint: { type: 'None', gpus: [] }
}
[2026-05-19 15:14:18] INFO (LocalV3.local) Created trial M1xRR
[2026-05-19 15:14:21] INFO (LocalV3.local) Trial parameter: M1xRR {"parameter_id": 15, "parameter_source": "algorithm", "parameters": {"model_type": "GRU", "units": 16, "num_layers": 2, "dropout": 0.5, "activation": "sigmoid", "lr": 0.0008493878218142646, "window_size": 29, "batch_size": 128, "epochs": 15, "kernel_size": 5, "attention_heads": 8}, "parameter_index": 0}
[2026-05-19 15:14:41] INFO (NNIManager) Trial job M1xRR status changed from RUNNING to SUCCEEDED
[2026-05-19 15:14:41] INFO (NNIManager) NNIManager received command from dispatcher: TR, {"parameter_id": 16, "parameter_source": "algorithm", "parameters": {"model_type": "CNN", "units": 64, "num_layers": 2, "dropout": 0.2, "activation": "tanh", "lr": 0.001207459109666265, "window_size": 8, "batch_size": 128, "epochs": 20, "kernel_size": 3, "attention_heads": 4}, "parameter_index": 0}
[2026-05-19 15:14:41] INFO (NNIManager) submitTrialJob: form: {
  sequenceId: 16,
  hyperParameters: {
    value: '{"parameter_id": 16, "parameter_source": "algorithm", "parameters": {"model_type": "CNN", "units": 64, "num_layers": 2, "dropout": 0.2, "activation": "tanh", "lr": 0.001207459109666265, "window_size": 8, "batch_size": 128, "epochs": 20, "kernel_size": 3, "attention_heads": 4}, "parameter_index": 0}',
    index: 0
  },
  placementConstraint: { type: 'None', gpus: [] }
}
[2026-05-19 15:14:41] INFO (LocalV3.local) Created trial QS7n4
[2026-05-19 15:14:44] INFO (LocalV3.local) Trial parameter: QS7n4 {"parameter_id": 16, "parameter_source": "algorithm", "parameters": {"model_type": "CNN", "units": 64, "num_layers": 2, "dropout": 0.2, "activation": "tanh", "lr": 0.001207459109666265, "window_size": 8, "batch_size": 128, "epochs": 20, "kernel_size": 3, "attention_heads": 4}, "parameter_index": 0}
[2026-05-19 15:14:52] INFO (NNIManager) Trial job QS7n4 status changed from RUNNING to SUCCEEDED
[2026-05-19 15:14:52] INFO (NNIManager) NNIManager received command from dispatcher: TR, {"parameter_id": 17, "parameter_source": "algorithm", "parameters": {"model_type": "MLP", "units": 64, "num_layers": 2, "dropout": 0.1, "activation": "elu", "lr": 0.001607394488662765, "window_size": 25, "batch_size": 64, "epochs": 20, "kernel_size": 3, "attention_heads": 2}, "parameter_index": 0}
[2026-05-19 15:14:52] INFO (NNIManager) submitTrialJob: form: {
  sequenceId: 17,
  hyperParameters: {
    value: '{"parameter_id": 17, "parameter_source": "algorithm", "parameters": {"model_type": "MLP", "units": 64, "num_layers": 2, "dropout": 0.1, "activation": "elu", "lr": 0.001607394488662765, "window_size": 25, "batch_size": 64, "epochs": 20, "kernel_size": 3, "attention_heads": 2}, "parameter_index": 0}',
    index: 0
  },
  placementConstraint: { type: 'None', gpus: [] }
}
[2026-05-19 15:14:52] INFO (LocalV3.local) Created trial EuC5q
[2026-05-19 15:14:55] INFO (LocalV3.local) Trial parameter: EuC5q {"parameter_id": 17, "parameter_source": "algorithm", "parameters": {"model_type": "MLP", "units": 64, "num_layers": 2, "dropout": 0.1, "activation": "elu", "lr": 0.001607394488662765, "window_size": 25, "batch_size": 64, "epochs": 20, "kernel_size": 3, "attention_heads": 2}, "parameter_index": 0}
[2026-05-19 15:15:02] INFO (NNIManager) Trial job EuC5q status changed from RUNNING to SUCCEEDED
[2026-05-19 15:15:02] INFO (NNIManager) NNIManager received command from dispatcher: TR, {"parameter_id": 18, "parameter_source": "algorithm", "parameters": {"model_type": "MLP", "units": 16, "num_layers": 3, "dropout": 0, "activation": "elu", "lr": 0.001439537021590192, "window_size": 25, "batch_size": 16, "epochs": 15, "kernel_size": 7, "attention_heads": 2}, "parameter_index": 0}
[2026-05-19 15:15:02] INFO (NNIManager) submitTrialJob: form: {
  sequenceId: 18,
  hyperParameters: {
    value: '{"parameter_id": 18, "parameter_source": "algorithm", "parameters": {"model_type": "MLP", "units": 16, "num_layers": 3, "dropout": 0, "activation": "elu", "lr": 0.001439537021590192, "window_size": 25, "batch_size": 16, "epochs": 15, "kernel_size": 7, "attention_heads": 2}, "parameter_index": 0}',
    index: 0
  },
  placementConstraint: { type: 'None', gpus: [] }
}
[2026-05-19 15:15:02] INFO (LocalV3.local) Created trial gbhi5
[2026-05-19 15:15:04] INFO (LocalV3.local) Trial parameter: gbhi5 {"parameter_id": 18, "parameter_source": "algorithm", "parameters": {"model_type": "MLP", "units": 16, "num_layers": 3, "dropout": 0, "activation": "elu", "lr": 0.001439537021590192, "window_size": 25, "batch_size": 16, "epochs": 15, "kernel_size": 7, "attention_heads": 2}, "parameter_index": 0}
[2026-05-19 15:15:12] INFO (NNIManager) Trial job gbhi5 status changed from RUNNING to SUCCEEDED
[2026-05-19 15:15:12] INFO (NNIManager) NNIManager received command from dispatcher: TR, {"parameter_id": 19, "parameter_source": "algorithm", "parameters": {"model_type": "GRU", "units": 64, "num_layers": 1, "dropout": 0.1, "activation": "elu", "lr": 0.0016814875931802618, "window_size": 30, "batch_size": 64, "epochs": 5, "kernel_size": 3, "attention_heads": 2}, "parameter_index": 0}
[2026-05-19 15:15:13] INFO (NNIManager) submitTrialJob: form: {
  sequenceId: 19,
  hyperParameters: {
    value: '{"parameter_id": 19, "parameter_source": "algorithm", "parameters": {"model_type": "GRU", "units": 64, "num_layers": 1, "dropout": 0.1, "activation": "elu", "lr": 0.0016814875931802618, "window_size": 30, "batch_size": 64, "epochs": 5, "kernel_size": 3, "attention_heads": 2}, "parameter_index": 0}',
    index: 0
  },
  placementConstraint: { type: 'None', gpus: [] }
}
[2026-05-19 15:15:13] INFO (LocalV3.local) Created trial zvaqc
[2026-05-19 15:15:15] INFO (LocalV3.local) Trial parameter: zvaqc {"parameter_id": 19, "parameter_source": "algorithm", "parameters": {"model_type": "GRU", "units": 64, "num_layers": 1, "dropout": 0.1, "activation": "elu", "lr": 0.0016814875931802618, "window_size": 30, "batch_size": 64, "epochs": 5, "kernel_size": 3, "attention_heads": 2}, "parameter_index": 0}
[2026-05-19 15:15:24] INFO (NNIManager) Trial job zvaqc status changed from RUNNING to SUCCEEDED
[2026-05-19 15:15:24] INFO (NNIManager) NNIManager received command from dispatcher: TR, {"parameter_id": 20, "parameter_source": "algorithm", "parameters": {"model_type": "MLP", "units": 64, "num_layers": 4, "dropout": 0.1, "activation": "elu", "lr": 0.004709848131564451, "window_size": 25, "batch_size": 64, "epochs": 15, "kernel_size": 3, "attention_heads": 2}, "parameter_index": 0}
[2026-05-19 15:15:24] INFO (NNIManager) submitTrialJob: form: {
  sequenceId: 20,
  hyperParameters: {
    value: '{"parameter_id": 20, "parameter_source": "algorithm", "parameters": {"model_type": "MLP", "units": 64, "num_layers": 4, "dropout": 0.1, "activation": "elu", "lr": 0.004709848131564451, "window_size": 25, "batch_size": 64, "epochs": 15, "kernel_size": 3, "attention_heads": 2}, "parameter_index": 0}',
    index: 0
  },
  placementConstraint: { type: 'None', gpus: [] }
}
[2026-05-19 15:15:24] INFO (LocalV3.local) Created trial oKjuJ
[2026-05-19 15:15:26] INFO (LocalV3.local) Trial parameter: oKjuJ {"parameter_id": 20, "parameter_source": "algorithm", "parameters": {"model_type": "MLP", "units": 64, "num_layers": 4, "dropout": 0.1, "activation": "elu", "lr": 0.004709848131564451, "window_size": 25, "batch_size": 64, "epochs": 15, "kernel_size": 3, "attention_heads": 2}, "parameter_index": 0}
[2026-05-19 15:15:33] INFO (NNIManager) Trial job oKjuJ status changed from RUNNING to SUCCEEDED
[2026-05-19 15:15:33] INFO (NNIManager) NNIManager received command from dispatcher: TR, {"parameter_id": 21, "parameter_source": "algorithm", "parameters": {"model_type": "RNN", "units": 64, "num_layers": 4, "dropout": 0.1, "activation": "elu", "lr": 0.0006690093856590269, "window_size": 25, "batch_size": 16, "epochs": 20, "kernel_size": 3, "attention_heads": 8}, "parameter_index": 0}
[2026-05-19 15:15:34] INFO (NNIManager) submitTrialJob: form: {
  sequenceId: 21,
  hyperParameters: {
    value: '{"parameter_id": 21, "parameter_source": "algorithm", "parameters": {"model_type": "RNN", "units": 64, "num_layers": 4, "dropout": 0.1, "activation": "elu", "lr": 0.0006690093856590269, "window_size": 25, "batch_size": 16, "epochs": 20, "kernel_size": 3, "attention_heads": 8}, "parameter_index": 0}',
    index: 0
  },
  placementConstraint: { type: 'None', gpus: [] }
}
[2026-05-19 15:15:34] INFO (LocalV3.local) Created trial WOXbf
[2026-05-19 15:15:36] INFO (LocalV3.local) Trial parameter: WOXbf {"parameter_id": 21, "parameter_source": "algorithm", "parameters": {"model_type": "RNN", "units": 64, "num_layers": 4, "dropout": 0.1, "activation": "elu", "lr": 0.0006690093856590269, "window_size": 25, "batch_size": 16, "epochs": 20, "kernel_size": 3, "attention_heads": 8}, "parameter_index": 0}
[2026-05-19 15:17:53] INFO (NNIManager) Trial job WOXbf status changed from RUNNING to SUCCEEDED
[2026-05-19 15:17:53] INFO (NNIManager) NNIManager received command from dispatcher: TR, {"parameter_id": 22, "parameter_source": "algorithm", "parameters": {"model_type": "MLP", "units": 128, "num_layers": 1, "dropout": 0.2, "activation": "elu", "lr": 0.0011906519747164493, "window_size": 25, "batch_size": 64, "epochs": 20, "kernel_size": 3, "attention_heads": 8}, "parameter_index": 0}
[2026-05-19 15:17:54] INFO (NNIManager) submitTrialJob: form: {
  sequenceId: 22,
  hyperParameters: {
    value: '{"parameter_id": 22, "parameter_source": "algorithm", "parameters": {"model_type": "MLP", "units": 128, "num_layers": 1, "dropout": 0.2, "activation": "elu", "lr": 0.0011906519747164493, "window_size": 25, "batch_size": 64, "epochs": 20, "kernel_size": 3, "attention_heads": 8}, "parameter_index": 0}',
    index: 0
  },
  placementConstraint: { type: 'None', gpus: [] }
}
[2026-05-19 15:17:54] INFO (LocalV3.local) Created trial xocTq
[2026-05-19 15:17:58] INFO (LocalV3.local) Trial parameter: xocTq {"parameter_id": 22, "parameter_source": "algorithm", "parameters": {"model_type": "MLP", "units": 128, "num_layers": 1, "dropout": 0.2, "activation": "elu", "lr": 0.0011906519747164493, "window_size": 25, "batch_size": 64, "epochs": 20, "kernel_size": 3, "attention_heads": 8}, "parameter_index": 0}
[2026-05-19 15:18:14] INFO (NNIManager) Trial job xocTq status changed from RUNNING to SUCCEEDED
[2026-05-19 15:18:14] INFO (NNIManager) NNIManager received command from dispatcher: TR, {"parameter_id": 23, "parameter_source": "algorithm", "parameters": {"model_type": "GRU", "units": 16, "num_layers": 2, "dropout": 0.2, "activation": "elu", "lr": 0.001133939897920994, "window_size": 29, "batch_size": 128, "epochs": 5, "kernel_size": 2, "attention_heads": 8}, "parameter_index": 0}
[2026-05-19 15:18:15] INFO (NNIManager) submitTrialJob: form: {
  sequenceId: 23,
  hyperParameters: {
    value: '{"parameter_id": 23, "parameter_source": "algorithm", "parameters": {"model_type": "GRU", "units": 16, "num_layers": 2, "dropout": 0.2, "activation": "elu", "lr": 0.001133939897920994, "window_size": 29, "batch_size": 128, "epochs": 5, "kernel_size": 2, "attention_heads": 8}, "parameter_index": 0}',
    index: 0
  },
  placementConstraint: { type: 'None', gpus: [] }
}
[2026-05-19 15:18:15] INFO (LocalV3.local) Created trial o1mOn
[2026-05-19 15:18:19] INFO (LocalV3.local) Trial parameter: o1mOn {"parameter_id": 23, "parameter_source": "algorithm", "parameters": {"model_type": "GRU", "units": 16, "num_layers": 2, "dropout": 0.2, "activation": "elu", "lr": 0.001133939897920994, "window_size": 29, "batch_size": 128, "epochs": 5, "kernel_size": 2, "attention_heads": 8}, "parameter_index": 0}
[2026-05-19 15:18:41] INFO (NNIManager) Trial job o1mOn status changed from RUNNING to SUCCEEDED
[2026-05-19 15:18:41] INFO (NNIManager) NNIManager received command from dispatcher: TR, {"parameter_id": 24, "parameter_source": "algorithm", "parameters": {"model_type": "MLP", "units": 64, "num_layers": 4, "dropout": 0.1, "activation": "elu", "lr": 0.00206605640159082, "window_size": 7, "batch_size": 64, "epochs": 20, "kernel_size": 3, "attention_heads": 2}, "parameter_index": 0}
[2026-05-19 15:18:42] INFO (NNIManager) submitTrialJob: form: {
  sequenceId: 24,
  hyperParameters: {
    value: '{"parameter_id": 24, "parameter_source": "algorithm", "parameters": {"model_type": "MLP", "units": 64, "num_layers": 4, "dropout": 0.1, "activation": "elu", "lr": 0.00206605640159082, "window_size": 7, "batch_size": 64, "epochs": 20, "kernel_size": 3, "attention_heads": 2}, "parameter_index": 0}',
    index: 0
  },
  placementConstraint: { type: 'None', gpus: [] }
}
[2026-05-19 15:18:42] INFO (LocalV3.local) Created trial LyiG3
[2026-05-19 15:18:50] INFO (LocalV3.local) Trial parameter: LyiG3 {"parameter_id": 24, "parameter_source": "algorithm", "parameters": {"model_type": "MLP", "units": 64, "num_layers": 4, "dropout": 0.1, "activation": "elu", "lr": 0.00206605640159082, "window_size": 7, "batch_size": 64, "epochs": 20, "kernel_size": 3, "attention_heads": 2}, "parameter_index": 0}
[2026-05-19 15:19:16] INFO (NNIManager) Trial job LyiG3 status changed from RUNNING to SUCCEEDED
[2026-05-19 15:19:16] INFO (NNIManager) NNIManager received command from dispatcher: TR, {"parameter_id": 25, "parameter_source": "algorithm", "parameters": {"model_type": "MLP", "units": 32, "num_layers": 2, "dropout": 0.1, "activation": "elu", "lr": 0.0011747649523164904, "window_size": 25, "batch_size": 64, "epochs": 5, "kernel_size": 3, "attention_heads": 2}, "parameter_index": 0}
[2026-05-19 15:19:16] INFO (NNIManager) submitTrialJob: form: {
  sequenceId: 25,
  hyperParameters: {
    value: '{"parameter_id": 25, "parameter_source": "algorithm", "parameters": {"model_type": "MLP", "units": 32, "num_layers": 2, "dropout": 0.1, "activation": "elu", "lr": 0.0011747649523164904, "window_size": 25, "batch_size": 64, "epochs": 5, "kernel_size": 3, "attention_heads": 2}, "parameter_index": 0}',
    index: 0
  },
  placementConstraint: { type: 'None', gpus: [] }
}
[2026-05-19 15:19:16] INFO (LocalV3.local) Created trial c0PYE
[2026-05-19 15:19:21] INFO (LocalV3.local) Trial parameter: c0PYE {"parameter_id": 25, "parameter_source": "algorithm", "parameters": {"model_type": "MLP", "units": 32, "num_layers": 2, "dropout": 0.1, "activation": "elu", "lr": 0.0011747649523164904, "window_size": 25, "batch_size": 64, "epochs": 5, "kernel_size": 3, "attention_heads": 2}, "parameter_index": 0}
[2026-05-19 15:19:27] INFO (NNIManager) Trial job c0PYE status changed from RUNNING to SUCCEEDED
[2026-05-19 15:19:27] INFO (NNIManager) NNIManager received command from dispatcher: TR, {"parameter_id": 26, "parameter_source": "algorithm", "parameters": {"model_type": "GRU", "units": 16, "num_layers": 2, "dropout": 0.5, "activation": "sigmoid", "lr": 0.00039930581311921993, "window_size": 23, "batch_size": 128, "epochs": 15, "kernel_size": 7, "attention_heads": 8}, "parameter_index": 0}
[2026-05-19 15:19:28] INFO (NNIManager) submitTrialJob: form: {
  sequenceId: 26,
  hyperParameters: {
    value: '{"parameter_id": 26, "parameter_source": "algorithm", "parameters": {"model_type": "GRU", "units": 16, "num_layers": 2, "dropout": 0.5, "activation": "sigmoid", "lr": 0.00039930581311921993, "window_size": 23, "batch_size": 128, "epochs": 15, "kernel_size": 7, "attention_heads": 8}, "parameter_index": 0}',
    index: 0
  },
  placementConstraint: { type: 'None', gpus: [] }
}
[2026-05-19 15:19:28] INFO (LocalV3.local) Created trial ex6j7
[2026-05-19 15:19:32] INFO (LocalV3.local) Trial parameter: ex6j7 {"parameter_id": 26, "parameter_source": "algorithm", "parameters": {"model_type": "GRU", "units": 16, "num_layers": 2, "dropout": 0.5, "activation": "sigmoid", "lr": 0.00039930581311921993, "window_size": 23, "batch_size": 128, "epochs": 15, "kernel_size": 7, "attention_heads": 8}, "parameter_index": 0}
[2026-05-19 15:20:08] INFO (NNIManager) Trial job ex6j7 status changed from RUNNING to SUCCEEDED
[2026-05-19 15:20:08] INFO (NNIManager) NNIManager received command from dispatcher: TR, {"parameter_id": 27, "parameter_source": "algorithm", "parameters": {"model_type": "MLP", "units": 128, "num_layers": 2, "dropout": 0.1, "activation": "elu", "lr": 0.001318692878431857, "window_size": 18, "batch_size": 64, "epochs": 20, "kernel_size": 3, "attention_heads": 2}, "parameter_index": 0}
[2026-05-19 15:20:09] INFO (NNIManager) submitTrialJob: form: {
  sequenceId: 27,
  hyperParameters: {
    value: '{"parameter_id": 27, "parameter_source": "algorithm", "parameters": {"model_type": "MLP", "units": 128, "num_layers": 2, "dropout": 0.1, "activation": "elu", "lr": 0.001318692878431857, "window_size": 18, "batch_size": 64, "epochs": 20, "kernel_size": 3, "attention_heads": 2}, "parameter_index": 0}',
    index: 0
  },
  placementConstraint: { type: 'None', gpus: [] }
}
[2026-05-19 15:20:09] INFO (LocalV3.local) Created trial pvdTN
[2026-05-19 15:20:13] INFO (LocalV3.local) Trial parameter: pvdTN {"parameter_id": 27, "parameter_source": "algorithm", "parameters": {"model_type": "MLP", "units": 128, "num_layers": 2, "dropout": 0.1, "activation": "elu", "lr": 0.001318692878431857, "window_size": 18, "batch_size": 64, "epochs": 20, "kernel_size": 3, "attention_heads": 2}, "parameter_index": 0}
[2026-05-19 15:20:30] INFO (NNIManager) Trial job pvdTN status changed from RUNNING to SUCCEEDED
[2026-05-19 15:20:30] INFO (NNIManager) NNIManager received command from dispatcher: TR, {"parameter_id": 28, "parameter_source": "algorithm", "parameters": {"model_type": "MLP", "units": 32, "num_layers": 2, "dropout": 0.1, "activation": "elu", "lr": 0.002172105538133204, "window_size": 25, "batch_size": 32, "epochs": 5, "kernel_size": 3, "attention_heads": 2}, "parameter_index": 0}
[2026-05-19 15:20:30] INFO (NNIManager) submitTrialJob: form: {
  sequenceId: 28,
  hyperParameters: {
    value: '{"parameter_id": 28, "parameter_source": "algorithm", "parameters": {"model_type": "MLP", "units": 32, "num_layers": 2, "dropout": 0.1, "activation": "elu", "lr": 0.002172105538133204, "window_size": 25, "batch_size": 32, "epochs": 5, "kernel_size": 3, "attention_heads": 2}, "parameter_index": 0}',
    index: 0
  },
  placementConstraint: { type: 'None', gpus: [] }
}
[2026-05-19 15:20:30] INFO (LocalV3.local) Created trial d1NtH
[2026-05-19 15:20:35] INFO (LocalV3.local) Trial parameter: d1NtH {"parameter_id": 28, "parameter_source": "algorithm", "parameters": {"model_type": "MLP", "units": 32, "num_layers": 2, "dropout": 0.1, "activation": "elu", "lr": 0.002172105538133204, "window_size": 25, "batch_size": 32, "epochs": 5, "kernel_size": 3, "attention_heads": 2}, "parameter_index": 0}
[2026-05-19 15:20:43] INFO (NNIManager) Trial job d1NtH status changed from RUNNING to SUCCEEDED
[2026-05-19 15:20:43] INFO (NNIManager) NNIManager received command from dispatcher: TR, {"parameter_id": 29, "parameter_source": "algorithm", "parameters": {"model_type": "GRU", "units": 16, "num_layers": 2, "dropout": 0.5, "activation": "sigmoid", "lr": 0.00022073666719656118, "window_size": 23, "batch_size": 32, "epochs": 5, "kernel_size": 2, "attention_heads": 8}, "parameter_index": 0}
[2026-05-19 15:20:44] INFO (NNIManager) submitTrialJob: form: {
  sequenceId: 29,
  hyperParameters: {
    value: '{"parameter_id": 29, "parameter_source": "algorithm", "parameters": {"model_type": "GRU", "units": 16, "num_layers": 2, "dropout": 0.5, "activation": "sigmoid", "lr": 0.00022073666719656118, "window_size": 23, "batch_size": 32, "epochs": 5, "kernel_size": 2, "attention_heads": 8}, "parameter_index": 0}',
    index: 0
  },
  placementConstraint: { type: 'None', gpus: [] }
}
[2026-05-19 15:20:44] INFO (LocalV3.local) Created trial q8rGa
[2026-05-19 15:20:48] INFO (LocalV3.local) Trial parameter: q8rGa {"parameter_id": 29, "parameter_source": "algorithm", "parameters": {"model_type": "GRU", "units": 16, "num_layers": 2, "dropout": 0.5, "activation": "sigmoid", "lr": 0.00022073666719656118, "window_size": 23, "batch_size": 32, "epochs": 5, "kernel_size": 2, "attention_heads": 8}, "parameter_index": 0}
[2026-05-19 15:21:25] INFO (NNIManager) Trial job q8rGa status changed from RUNNING to SUCCEEDED
[2026-05-19 15:21:25] INFO (NNIManager) NNIManager received command from dispatcher: TR, {"parameter_id": 30, "parameter_source": "algorithm", "parameters": {"model_type": "MLP", "units": 64, "num_layers": 2, "dropout": 0.1, "activation": "elu", "lr": 0.0007949152093384836, "window_size": 25, "batch_size": 64, "epochs": 10, "kernel_size": 3, "attention_heads": 2}, "parameter_index": 0}
[2026-05-19 15:21:26] INFO (NNIManager) submitTrialJob: form: {
  sequenceId: 30,
  hyperParameters: {
    value: '{"parameter_id": 30, "parameter_source": "algorithm", "parameters": {"model_type": "MLP", "units": 64, "num_layers": 2, "dropout": 0.1, "activation": "elu", "lr": 0.0007949152093384836, "window_size": 25, "batch_size": 64, "epochs": 10, "kernel_size": 3, "attention_heads": 2}, "parameter_index": 0}',
    index: 0
  },
  placementConstraint: { type: 'None', gpus: [] }
}
[2026-05-19 15:21:26] INFO (LocalV3.local) Created trial K2AjG
[2026-05-19 15:21:30] INFO (LocalV3.local) Trial parameter: K2AjG {"parameter_id": 30, "parameter_source": "algorithm", "parameters": {"model_type": "MLP", "units": 64, "num_layers": 2, "dropout": 0.1, "activation": "elu", "lr": 0.0007949152093384836, "window_size": 25, "batch_size": 64, "epochs": 10, "kernel_size": 3, "attention_heads": 2}, "parameter_index": 0}
[2026-05-19 15:21:39] INFO (NNIManager) Trial job K2AjG status changed from RUNNING to SUCCEEDED
[2026-05-19 15:21:39] INFO (NNIManager) NNIManager received command from dispatcher: TR, {"parameter_id": 31, "parameter_source": "algorithm", "parameters": {"model_type": "MLP", "units": 64, "num_layers": 3, "dropout": 0.1, "activation": "elu", "lr": 0.001962026032969411, "window_size": 25, "batch_size": 128, "epochs": 20, "kernel_size": 2, "attention_heads": 2}, "parameter_index": 0}
[2026-05-19 15:21:40] INFO (NNIManager) submitTrialJob: form: {
  sequenceId: 31,
  hyperParameters: {
    value: '{"parameter_id": 31, "parameter_source": "algorithm", "parameters": {"model_type": "MLP", "units": 64, "num_layers": 3, "dropout": 0.1, "activation": "elu", "lr": 0.001962026032969411, "window_size": 25, "batch_size": 128, "epochs": 20, "kernel_size": 2, "attention_heads": 2}, "parameter_index": 0}',
    index: 0
  },
  placementConstraint: { type: 'None', gpus: [] }
}
[2026-05-19 15:21:40] INFO (LocalV3.local) Created trial vJDcy
[2026-05-19 15:21:44] INFO (LocalV3.local) Trial parameter: vJDcy {"parameter_id": 31, "parameter_source": "algorithm", "parameters": {"model_type": "MLP", "units": 64, "num_layers": 3, "dropout": 0.1, "activation": "elu", "lr": 0.001962026032969411, "window_size": 25, "batch_size": 128, "epochs": 20, "kernel_size": 2, "attention_heads": 2}, "parameter_index": 0}
[2026-05-19 15:21:57] INFO (NNIManager) Trial job vJDcy status changed from RUNNING to SUCCEEDED
[2026-05-19 15:21:57] INFO (NNIManager) NNIManager received command from dispatcher: TR, {"parameter_id": 32, "parameter_source": "algorithm", "parameters": {"model_type": "GRU", "units": 32, "num_layers": 2, "dropout": 0.5, "activation": "relu", "lr": 0.0007661444603486681, "window_size": 23, "batch_size": 128, "epochs": 15, "kernel_size": 7, "attention_heads": 8}, "parameter_index": 0}
[2026-05-19 15:21:58] INFO (NNIManager) submitTrialJob: form: {
  sequenceId: 32,
  hyperParameters: {
    value: '{"parameter_id": 32, "parameter_source": "algorithm", "parameters": {"model_type": "GRU", "units": 32, "num_layers": 2, "dropout": 0.5, "activation": "relu", "lr": 0.0007661444603486681, "window_size": 23, "batch_size": 128, "epochs": 15, "kernel_size": 7, "attention_heads": 8}, "parameter_index": 0}',
    index: 0
  },
  placementConstraint: { type: 'None', gpus: [] }
}
[2026-05-19 15:21:58] INFO (LocalV3.local) Created trial qVVrr
[2026-05-19 15:22:07] INFO (LocalV3.local) Trial parameter: qVVrr {"parameter_id": 32, "parameter_source": "algorithm", "parameters": {"model_type": "GRU", "units": 32, "num_layers": 2, "dropout": 0.5, "activation": "relu", "lr": 0.0007661444603486681, "window_size": 23, "batch_size": 128, "epochs": 15, "kernel_size": 7, "attention_heads": 8}, "parameter_index": 0}
[2026-05-19 15:23:27] INFO (NNIManager) Trial job qVVrr status changed from RUNNING to SUCCEEDED
[2026-05-19 15:23:27] INFO (NNIManager) NNIManager received command from dispatcher: TR, {"parameter_id": 33, "parameter_source": "algorithm", "parameters": {"model_type": "GRU", "units": 16, "num_layers": 2, "dropout": 0.5, "activation": "sigmoid", "lr": 0.0006480897829918575, "window_size": 29, "batch_size": 128, "epochs": 15, "kernel_size": 5, "attention_heads": 8}, "parameter_index": 0}
[2026-05-19 15:23:28] INFO (NNIManager) submitTrialJob: form: {
  sequenceId: 33,
  hyperParameters: {
    value: '{"parameter_id": 33, "parameter_source": "algorithm", "parameters": {"model_type": "GRU", "units": 16, "num_layers": 2, "dropout": 0.5, "activation": "sigmoid", "lr": 0.0006480897829918575, "window_size": 29, "batch_size": 128, "epochs": 15, "kernel_size": 5, "attention_heads": 8}, "parameter_index": 0}',
    index: 0
  },
  placementConstraint: { type: 'None', gpus: [] }
}
[2026-05-19 15:23:28] INFO (LocalV3.local) Created trial UV6WS
[2026-05-19 15:23:32] INFO (LocalV3.local) Trial parameter: UV6WS {"parameter_id": 33, "parameter_source": "algorithm", "parameters": {"model_type": "GRU", "units": 16, "num_layers": 2, "dropout": 0.5, "activation": "sigmoid", "lr": 0.0006480897829918575, "window_size": 29, "batch_size": 128, "epochs": 15, "kernel_size": 5, "attention_heads": 8}, "parameter_index": 0}
[2026-05-19 15:24:13] INFO (NNIManager) Trial job UV6WS status changed from RUNNING to SUCCEEDED
[2026-05-19 15:24:13] INFO (NNIManager) NNIManager received command from dispatcher: TR, {"parameter_id": 34, "parameter_source": "algorithm", "parameters": {"model_type": "GRU", "units": 32, "num_layers": 2, "dropout": 0.5, "activation": "tanh", "lr": 0.0018487031478864448, "window_size": 5, "batch_size": 128, "epochs": 15, "kernel_size": 5, "attention_heads": 8}, "parameter_index": 0}
[2026-05-19 15:24:13] INFO (NNIManager) submitTrialJob: form: {
  sequenceId: 34,
  hyperParameters: {
    value: '{"parameter_id": 34, "parameter_source": "algorithm", "parameters": {"model_type": "GRU", "units": 32, "num_layers": 2, "dropout": 0.5, "activation": "tanh", "lr": 0.0018487031478864448, "window_size": 5, "batch_size": 128, "epochs": 15, "kernel_size": 5, "attention_heads": 8}, "parameter_index": 0}',
    index: 0
  },
  placementConstraint: { type: 'None', gpus: [] }
}
[2026-05-19 15:24:13] INFO (LocalV3.local) Created trial dQI5w
[2026-05-19 15:24:17] INFO (LocalV3.local) Trial parameter: dQI5w {"parameter_id": 34, "parameter_source": "algorithm", "parameters": {"model_type": "GRU", "units": 32, "num_layers": 2, "dropout": 0.5, "activation": "tanh", "lr": 0.0018487031478864448, "window_size": 5, "batch_size": 128, "epochs": 15, "kernel_size": 5, "attention_heads": 8}, "parameter_index": 0}
[2026-05-19 15:24:44] INFO (NNIManager) Trial job dQI5w status changed from RUNNING to SUCCEEDED
[2026-05-19 15:24:44] INFO (NNIManager) NNIManager received command from dispatcher: TR, {"parameter_id": 35, "parameter_source": "algorithm", "parameters": {"model_type": "MLP", "units": 16, "num_layers": 2, "dropout": 0.1, "activation": "elu", "lr": 0.0008548108499392097, "window_size": 25, "batch_size": 64, "epochs": 20, "kernel_size": 3, "attention_heads": 8}, "parameter_index": 0}
[2026-05-19 15:24:44] INFO (NNIManager) submitTrialJob: form: {
  sequenceId: 35,
  hyperParameters: {
    value: '{"parameter_id": 35, "parameter_source": "algorithm", "parameters": {"model_type": "MLP", "units": 16, "num_layers": 2, "dropout": 0.1, "activation": "elu", "lr": 0.0008548108499392097, "window_size": 25, "batch_size": 64, "epochs": 20, "kernel_size": 3, "attention_heads": 8}, "parameter_index": 0}',
    index: 0
  },
  placementConstraint: { type: 'None', gpus: [] }
}
[2026-05-19 15:24:44] INFO (LocalV3.local) Created trial lh4bc
[2026-05-19 15:24:49] INFO (LocalV3.local) Trial parameter: lh4bc {"parameter_id": 35, "parameter_source": "algorithm", "parameters": {"model_type": "MLP", "units": 16, "num_layers": 2, "dropout": 0.1, "activation": "elu", "lr": 0.0008548108499392097, "window_size": 25, "batch_size": 64, "epochs": 20, "kernel_size": 3, "attention_heads": 8}, "parameter_index": 0}
[2026-05-19 15:25:04] INFO (NNIManager) Trial job lh4bc status changed from RUNNING to SUCCEEDED
[2026-05-19 15:25:04] INFO (NNIManager) NNIManager received command from dispatcher: TR, {"parameter_id": 36, "parameter_source": "algorithm", "parameters": {"model_type": "MLP", "units": 64, "num_layers": 2, "dropout": 0.1, "activation": "elu", "lr": 0.0014328240820346693, "window_size": 25, "batch_size": 64, "epochs": 5, "kernel_size": 5, "attention_heads": 2}, "parameter_index": 0}
[2026-05-19 15:25:04] INFO (NNIManager) submitTrialJob: form: {
  sequenceId: 36,
  hyperParameters: {
    value: '{"parameter_id": 36, "parameter_source": "algorithm", "parameters": {"model_type": "MLP", "units": 64, "num_layers": 2, "dropout": 0.1, "activation": "elu", "lr": 0.0014328240820346693, "window_size": 25, "batch_size": 64, "epochs": 5, "kernel_size": 5, "attention_heads": 2}, "parameter_index": 0}',
    index: 0
  },
  placementConstraint: { type: 'None', gpus: [] }
}
[2026-05-19 15:25:04] INFO (LocalV3.local) Created trial n9aRT
[2026-05-19 15:25:07] INFO (LocalV3.local) Trial parameter: n9aRT {"parameter_id": 36, "parameter_source": "algorithm", "parameters": {"model_type": "MLP", "units": 64, "num_layers": 2, "dropout": 0.1, "activation": "elu", "lr": 0.0014328240820346693, "window_size": 25, "batch_size": 64, "epochs": 5, "kernel_size": 5, "attention_heads": 2}, "parameter_index": 0}
[2026-05-19 15:25:10] INFO (NNIManager) Trial job n9aRT status changed from RUNNING to SUCCEEDED
[2026-05-19 15:25:10] INFO (NNIManager) NNIManager received command from dispatcher: TR, {"parameter_id": 37, "parameter_source": "algorithm", "parameters": {"model_type": "MLP", "units": 16, "num_layers": 2, "dropout": 0.1, "activation": "elu", "lr": 0.0013804090693390041, "window_size": 25, "batch_size": 64, "epochs": 20, "kernel_size": 3, "attention_heads": 8}, "parameter_index": 0}
[2026-05-19 15:25:10] INFO (NNIManager) submitTrialJob: form: {
  sequenceId: 37,
  hyperParameters: {
    value: '{"parameter_id": 37, "parameter_source": "algorithm", "parameters": {"model_type": "MLP", "units": 16, "num_layers": 2, "dropout": 0.1, "activation": "elu", "lr": 0.0013804090693390041, "window_size": 25, "batch_size": 64, "epochs": 20, "kernel_size": 3, "attention_heads": 8}, "parameter_index": 0}',
    index: 0
  },
  placementConstraint: { type: 'None', gpus: [] }
}
[2026-05-19 15:25:10] INFO (LocalV3.local) Created trial O6a3X
[2026-05-19 15:25:12] INFO (LocalV3.local) Trial parameter: O6a3X {"parameter_id": 37, "parameter_source": "algorithm", "parameters": {"model_type": "MLP", "units": 16, "num_layers": 2, "dropout": 0.1, "activation": "elu", "lr": 0.0013804090693390041, "window_size": 25, "batch_size": 64, "epochs": 20, "kernel_size": 3, "attention_heads": 8}, "parameter_index": 0}
[2026-05-19 15:25:19] INFO (NNIManager) Trial job O6a3X status changed from RUNNING to SUCCEEDED
[2026-05-19 15:25:19] INFO (NNIManager) NNIManager received command from dispatcher: TR, {"parameter_id": 38, "parameter_source": "algorithm", "parameters": {"model_type": "MLP", "units": 16, "num_layers": 2, "dropout": 0.1, "activation": "elu", "lr": 0.000726599935003795, "window_size": 29, "batch_size": 64, "epochs": 20, "kernel_size": 3, "attention_heads": 8}, "parameter_index": 0}
[2026-05-19 15:25:19] INFO (NNIManager) submitTrialJob: form: {
  sequenceId: 38,
  hyperParameters: {
    value: '{"parameter_id": 38, "parameter_source": "algorithm", "parameters": {"model_type": "MLP", "units": 16, "num_layers": 2, "dropout": 0.1, "activation": "elu", "lr": 0.000726599935003795, "window_size": 29, "batch_size": 64, "epochs": 20, "kernel_size": 3, "attention_heads": 8}, "parameter_index": 0}',
    index: 0
  },
  placementConstraint: { type: 'None', gpus: [] }
}
[2026-05-19 15:25:19] INFO (LocalV3.local) Created trial VZ40h
[2026-05-19 15:25:22] INFO (LocalV3.local) Trial parameter: VZ40h {"parameter_id": 38, "parameter_source": "algorithm", "parameters": {"model_type": "MLP", "units": 16, "num_layers": 2, "dropout": 0.1, "activation": "elu", "lr": 0.000726599935003795, "window_size": 29, "batch_size": 64, "epochs": 20, "kernel_size": 3, "attention_heads": 8}, "parameter_index": 0}
[2026-05-19 15:25:28] INFO (NNIManager) Trial job VZ40h status changed from RUNNING to SUCCEEDED
[2026-05-19 15:25:28] INFO (NNIManager) NNIManager received command from dispatcher: TR, {"parameter_id": 39, "parameter_source": "algorithm", "parameters": {"model_type": "GRU", "units": 16, "num_layers": 2, "dropout": 0.1, "activation": "elu", "lr": 0.000935500231530352, "window_size": 29, "batch_size": 64, "epochs": 20, "kernel_size": 3, "attention_heads": 8}, "parameter_index": 0}
[2026-05-19 15:25:29] INFO (NNIManager) submitTrialJob: form: {
  sequenceId: 39,
  hyperParameters: {
    value: '{"parameter_id": 39, "parameter_source": "algorithm", "parameters": {"model_type": "GRU", "units": 16, "num_layers": 2, "dropout": 0.1, "activation": "elu", "lr": 0.000935500231530352, "window_size": 29, "batch_size": 64, "epochs": 20, "kernel_size": 3, "attention_heads": 8}, "parameter_index": 0}',
    index: 0
  },
  placementConstraint: { type: 'None', gpus: [] }
}
[2026-05-19 15:25:29] INFO (LocalV3.local) Created trial tL6rV
[2026-05-19 15:25:31] INFO (LocalV3.local) Trial parameter: tL6rV {"parameter_id": 39, "parameter_source": "algorithm", "parameters": {"model_type": "GRU", "units": 16, "num_layers": 2, "dropout": 0.1, "activation": "elu", "lr": 0.000935500231530352, "window_size": 29, "batch_size": 64, "epochs": 20, "kernel_size": 3, "attention_heads": 8}, "parameter_index": 0}
[2026-05-19 15:26:13] INFO (NNIManager) Trial job tL6rV status changed from RUNNING to SUCCEEDED
[2026-05-19 15:26:13] INFO (NNIManager) NNIManager received command from dispatcher: TR, {"parameter_id": 40, "parameter_source": "algorithm", "parameters": {"model_type": "MLP", "units": 64, "num_layers": 2, "dropout": 0.1, "activation": "elu", "lr": 0.0014332219403860732, "window_size": 25, "batch_size": 64, "epochs": 20, "kernel_size": 2, "attention_heads": 2}, "parameter_index": 0}
[2026-05-19 15:26:13] INFO (NNIManager) submitTrialJob: form: {
  sequenceId: 40,
  hyperParameters: {
    value: '{"parameter_id": 40, "parameter_source": "algorithm", "parameters": {"model_type": "MLP", "units": 64, "num_layers": 2, "dropout": 0.1, "activation": "elu", "lr": 0.0014332219403860732, "window_size": 25, "batch_size": 64, "epochs": 20, "kernel_size": 2, "attention_heads": 2}, "parameter_index": 0}',
    index: 0
  },
  placementConstraint: { type: 'None', gpus: [] }
}
[2026-05-19 15:26:13] INFO (LocalV3.local) Created trial VG5G6
[2026-05-19 15:26:16] INFO (LocalV3.local) Trial parameter: VG5G6 {"parameter_id": 40, "parameter_source": "algorithm", "parameters": {"model_type": "MLP", "units": 64, "num_layers": 2, "dropout": 0.1, "activation": "elu", "lr": 0.0014332219403860732, "window_size": 25, "batch_size": 64, "epochs": 20, "kernel_size": 2, "attention_heads": 2}, "parameter_index": 0}
[2026-05-19 15:26:23] INFO (NNIManager) Trial job VG5G6 status changed from RUNNING to SUCCEEDED
[2026-05-19 15:26:23] INFO (NNIManager) NNIManager received command from dispatcher: TR, {"parameter_id": 41, "parameter_source": "algorithm", "parameters": {"model_type": "MLP", "units": 128, "num_layers": 2, "dropout": 0.1, "activation": "elu", "lr": 0.0012911883835179548, "window_size": 25, "batch_size": 64, "epochs": 10, "kernel_size": 3, "attention_heads": 2}, "parameter_index": 0}
[2026-05-19 15:26:24] INFO (NNIManager) submitTrialJob: form: {
  sequenceId: 41,
  hyperParameters: {
    value: '{"parameter_id": 41, "parameter_source": "algorithm", "parameters": {"model_type": "MLP", "units": 128, "num_layers": 2, "dropout": 0.1, "activation": "elu", "lr": 0.0012911883835179548, "window_size": 25, "batch_size": 64, "epochs": 10, "kernel_size": 3, "attention_heads": 2}, "parameter_index": 0}',
    index: 0
  },
  placementConstraint: { type: 'None', gpus: [] }
}
[2026-05-19 15:26:24] INFO (LocalV3.local) Created trial w0QBL
[2026-05-19 15:26:26] INFO (LocalV3.local) Trial parameter: w0QBL {"parameter_id": 41, "parameter_source": "algorithm", "parameters": {"model_type": "MLP", "units": 128, "num_layers": 2, "dropout": 0.1, "activation": "elu", "lr": 0.0012911883835179548, "window_size": 25, "batch_size": 64, "epochs": 10, "kernel_size": 3, "attention_heads": 2}, "parameter_index": 0}
[2026-05-19 15:26:30] INFO (NNIManager) Trial job w0QBL status changed from RUNNING to SUCCEEDED
[2026-05-19 15:26:30] INFO (NNIManager) NNIManager received command from dispatcher: TR, {"parameter_id": 42, "parameter_source": "algorithm", "parameters": {"model_type": "MLP", "units": 16, "num_layers": 2, "dropout": 0.1, "activation": "elu", "lr": 0.0012538938359045008, "window_size": 25, "batch_size": 64, "epochs": 20, "kernel_size": 3, "attention_heads": 2}, "parameter_index": 0}
[2026-05-19 15:26:31] INFO (NNIManager) submitTrialJob: form: {
  sequenceId: 42,
  hyperParameters: {
    value: '{"parameter_id": 42, "parameter_source": "algorithm", "parameters": {"model_type": "MLP", "units": 16, "num_layers": 2, "dropout": 0.1, "activation": "elu", "lr": 0.0012538938359045008, "window_size": 25, "batch_size": 64, "epochs": 20, "kernel_size": 3, "attention_heads": 2}, "parameter_index": 0}',
    index: 0
  },
  placementConstraint: { type: 'None', gpus: [] }
}
[2026-05-19 15:26:31] INFO (LocalV3.local) Created trial NosOv
[2026-05-19 15:26:34] INFO (LocalV3.local) Trial parameter: NosOv {"parameter_id": 42, "parameter_source": "algorithm", "parameters": {"model_type": "MLP", "units": 16, "num_layers": 2, "dropout": 0.1, "activation": "elu", "lr": 0.0012538938359045008, "window_size": 25, "batch_size": 64, "epochs": 20, "kernel_size": 3, "attention_heads": 2}, "parameter_index": 0}
[2026-05-19 15:26:43] INFO (NNIManager) Trial job NosOv status changed from RUNNING to SUCCEEDED
[2026-05-19 15:26:43] INFO (NNIManager) NNIManager received command from dispatcher: TR, {"parameter_id": 43, "parameter_source": "algorithm", "parameters": {"model_type": "MLP", "units": 256, "num_layers": 2, "dropout": 0.1, "activation": "elu", "lr": 0.0011956364828495873, "window_size": 25, "batch_size": 64, "epochs": 20, "kernel_size": 3, "attention_heads": 8}, "parameter_index": 0}
[2026-05-19 15:26:44] INFO (NNIManager) submitTrialJob: form: {
  sequenceId: 43,
  hyperParameters: {
    value: '{"parameter_id": 43, "parameter_source": "algorithm", "parameters": {"model_type": "MLP", "units": 256, "num_layers": 2, "dropout": 0.1, "activation": "elu", "lr": 0.0011956364828495873, "window_size": 25, "batch_size": 64, "epochs": 20, "kernel_size": 3, "attention_heads": 8}, "parameter_index": 0}',
    index: 0
  },
  placementConstraint: { type: 'None', gpus: [] }
}
[2026-05-19 15:26:44] INFO (LocalV3.local) Created trial AzefM
[2026-05-19 15:26:47] INFO (LocalV3.local) Trial parameter: AzefM {"parameter_id": 43, "parameter_source": "algorithm", "parameters": {"model_type": "MLP", "units": 256, "num_layers": 2, "dropout": 0.1, "activation": "elu", "lr": 0.0011956364828495873, "window_size": 25, "batch_size": 64, "epochs": 20, "kernel_size": 3, "attention_heads": 8}, "parameter_index": 0}
[2026-05-19 15:27:00] INFO (NNIManager) Trial job AzefM status changed from RUNNING to SUCCEEDED
[2026-05-19 15:27:00] INFO (NNIManager) NNIManager received command from dispatcher: TR, {"parameter_id": 44, "parameter_source": "algorithm", "parameters": {"model_type": "MLP", "units": 64, "num_layers": 2, "dropout": 0.1, "activation": "elu", "lr": 0.0027271351757468835, "window_size": 10, "batch_size": 64, "epochs": 20, "kernel_size": 3, "attention_heads": 2}, "parameter_index": 0}
[2026-05-19 15:27:01] INFO (NNIManager) submitTrialJob: form: {
  sequenceId: 44,
  hyperParameters: {
    value: '{"parameter_id": 44, "parameter_source": "algorithm", "parameters": {"model_type": "MLP", "units": 64, "num_layers": 2, "dropout": 0.1, "activation": "elu", "lr": 0.0027271351757468835, "window_size": 10, "batch_size": 64, "epochs": 20, "kernel_size": 3, "attention_heads": 2}, "parameter_index": 0}',
    index: 0
  },
  placementConstraint: { type: 'None', gpus: [] }
}
[2026-05-19 15:27:01] INFO (LocalV3.local) Created trial LSUrs
[2026-05-19 15:27:03] INFO (LocalV3.local) Trial parameter: LSUrs {"parameter_id": 44, "parameter_source": "algorithm", "parameters": {"model_type": "MLP", "units": 64, "num_layers": 2, "dropout": 0.1, "activation": "elu", "lr": 0.0027271351757468835, "window_size": 10, "batch_size": 64, "epochs": 20, "kernel_size": 3, "attention_heads": 2}, "parameter_index": 0}
[2026-05-19 15:27:09] INFO (NNIManager) Trial job LSUrs status changed from RUNNING to SUCCEEDED
[2026-05-19 15:27:09] INFO (NNIManager) NNIManager received command from dispatcher: TR, {"parameter_id": 45, "parameter_source": "algorithm", "parameters": {"model_type": "MLP", "units": 64, "num_layers": 2, "dropout": 0.1, "activation": "elu", "lr": 0.0029857740586559, "window_size": 25, "batch_size": 64, "epochs": 20, "kernel_size": 3, "attention_heads": 2}, "parameter_index": 0}
[2026-05-19 15:27:09] INFO (NNIManager) submitTrialJob: form: {
  sequenceId: 45,
  hyperParameters: {
    value: '{"parameter_id": 45, "parameter_source": "algorithm", "parameters": {"model_type": "MLP", "units": 64, "num_layers": 2, "dropout": 0.1, "activation": "elu", "lr": 0.0029857740586559, "window_size": 25, "batch_size": 64, "epochs": 20, "kernel_size": 3, "attention_heads": 2}, "parameter_index": 0}',
    index: 0
  },
  placementConstraint: { type: 'None', gpus: [] }
}
[2026-05-19 15:27:09] INFO (LocalV3.local) Created trial uKXev
[2026-05-19 15:27:11] INFO (LocalV3.local) Trial parameter: uKXev {"parameter_id": 45, "parameter_source": "algorithm", "parameters": {"model_type": "MLP", "units": 64, "num_layers": 2, "dropout": 0.1, "activation": "elu", "lr": 0.0029857740586559, "window_size": 25, "batch_size": 64, "epochs": 20, "kernel_size": 3, "attention_heads": 2}, "parameter_index": 0}
[2026-05-19 15:27:19] INFO (NNIManager) Trial job uKXev status changed from RUNNING to SUCCEEDED
[2026-05-19 15:27:19] INFO (NNIManager) NNIManager received command from dispatcher: TR, {"parameter_id": 46, "parameter_source": "algorithm", "parameters": {"model_type": "MLP", "units": 64, "num_layers": 4, "dropout": 0.1, "activation": "elu", "lr": 0.0010545282170612328, "window_size": 25, "batch_size": 64, "epochs": 20, "kernel_size": 3, "attention_heads": 2}, "parameter_index": 0}
[2026-05-19 15:27:19] INFO (NNIManager) submitTrialJob: form: {
  sequenceId: 46,
  hyperParameters: {
    value: '{"parameter_id": 46, "parameter_source": "algorithm", "parameters": {"model_type": "MLP", "units": 64, "num_layers": 4, "dropout": 0.1, "activation": "elu", "lr": 0.0010545282170612328, "window_size": 25, "batch_size": 64, "epochs": 20, "kernel_size": 3, "attention_heads": 2}, "parameter_index": 0}',
    index: 0
  },
  placementConstraint: { type: 'None', gpus: [] }
}
[2026-05-19 15:27:19] INFO (LocalV3.local) Created trial q8yqp
[2026-05-19 15:27:21] INFO (LocalV3.local) Trial parameter: q8yqp {"parameter_id": 46, "parameter_source": "algorithm", "parameters": {"model_type": "MLP", "units": 64, "num_layers": 4, "dropout": 0.1, "activation": "elu", "lr": 0.0010545282170612328, "window_size": 25, "batch_size": 64, "epochs": 20, "kernel_size": 3, "attention_heads": 2}, "parameter_index": 0}
[2026-05-19 15:27:29] INFO (NNIManager) Trial job q8yqp status changed from RUNNING to SUCCEEDED
[2026-05-19 15:27:29] INFO (NNIManager) NNIManager received command from dispatcher: TR, {"parameter_id": 47, "parameter_source": "algorithm", "parameters": {"model_type": "MLP", "units": 64, "num_layers": 2, "dropout": 0.1, "activation": "elu", "lr": 0.0013758000437034278, "window_size": 13, "batch_size": 64, "epochs": 20, "kernel_size": 3, "attention_heads": 2}, "parameter_index": 0}
[2026-05-19 15:27:30] INFO (NNIManager) submitTrialJob: form: {
  sequenceId: 47,
  hyperParameters: {
    value: '{"parameter_id": 47, "parameter_source": "algorithm", "parameters": {"model_type": "MLP", "units": 64, "num_layers": 2, "dropout": 0.1, "activation": "elu", "lr": 0.0013758000437034278, "window_size": 13, "batch_size": 64, "epochs": 20, "kernel_size": 3, "attention_heads": 2}, "parameter_index": 0}',
    index: 0
  },
  placementConstraint: { type: 'None', gpus: [] }
}
[2026-05-19 15:27:30] INFO (LocalV3.local) Created trial YTSFK
[2026-05-19 15:27:32] INFO (LocalV3.local) Trial parameter: YTSFK {"parameter_id": 47, "parameter_source": "algorithm", "parameters": {"model_type": "MLP", "units": 64, "num_layers": 2, "dropout": 0.1, "activation": "elu", "lr": 0.0013758000437034278, "window_size": 13, "batch_size": 64, "epochs": 20, "kernel_size": 3, "attention_heads": 2}, "parameter_index": 0}
[2026-05-19 15:27:39] INFO (NNIManager) Trial job YTSFK status changed from RUNNING to SUCCEEDED
[2026-05-19 15:27:39] INFO (NNIManager) NNIManager received command from dispatcher: TR, {"parameter_id": 48, "parameter_source": "algorithm", "parameters": {"model_type": "MLP", "units": 64, "num_layers": 2, "dropout": 0, "activation": "elu", "lr": 0.0017162511643024141, "window_size": 25, "batch_size": 64, "epochs": 20, "kernel_size": 3, "attention_heads": 2}, "parameter_index": 0}
[2026-05-19 15:27:40] INFO (NNIManager) submitTrialJob: form: {
  sequenceId: 48,
  hyperParameters: {
    value: '{"parameter_id": 48, "parameter_source": "algorithm", "parameters": {"model_type": "MLP", "units": 64, "num_layers": 2, "dropout": 0, "activation": "elu", "lr": 0.0017162511643024141, "window_size": 25, "batch_size": 64, "epochs": 20, "kernel_size": 3, "attention_heads": 2}, "parameter_index": 0}',
    index: 0
  },
  placementConstraint: { type: 'None', gpus: [] }
}
[2026-05-19 15:27:40] INFO (LocalV3.local) Created trial WKehw
[2026-05-19 15:27:43] INFO (LocalV3.local) Trial parameter: WKehw {"parameter_id": 48, "parameter_source": "algorithm", "parameters": {"model_type": "MLP", "units": 64, "num_layers": 2, "dropout": 0, "activation": "elu", "lr": 0.0017162511643024141, "window_size": 25, "batch_size": 64, "epochs": 20, "kernel_size": 3, "attention_heads": 2}, "parameter_index": 0}
[2026-05-19 15:27:49] INFO (NNIManager) Trial job WKehw status changed from RUNNING to SUCCEEDED
[2026-05-19 15:27:49] INFO (NNIManager) NNIManager received command from dispatcher: TR, {"parameter_id": 49, "parameter_source": "algorithm", "parameters": {"model_type": "GRU", "units": 16, "num_layers": 2, "dropout": 0.5, "activation": "sigmoid", "lr": 0.0009764247112903065, "window_size": 29, "batch_size": 128, "epochs": 15, "kernel_size": 5, "attention_heads": 8}, "parameter_index": 0}
[2026-05-19 15:27:50] INFO (NNIManager) submitTrialJob: form: {
  sequenceId: 49,
  hyperParameters: {
    value: '{"parameter_id": 49, "parameter_source": "algorithm", "parameters": {"model_type": "GRU", "units": 16, "num_layers": 2, "dropout": 0.5, "activation": "sigmoid", "lr": 0.0009764247112903065, "window_size": 29, "batch_size": 128, "epochs": 15, "kernel_size": 5, "attention_heads": 8}, "parameter_index": 0}',
    index: 0
  },
  placementConstraint: { type: 'None', gpus: [] }
}
[2026-05-19 15:27:50] INFO (LocalV3.local) Created trial cdv6B
[2026-05-19 15:27:52] INFO (LocalV3.local) Trial parameter: cdv6B {"parameter_id": 49, "parameter_source": "algorithm", "parameters": {"model_type": "GRU", "units": 16, "num_layers": 2, "dropout": 0.5, "activation": "sigmoid", "lr": 0.0009764247112903065, "window_size": 29, "batch_size": 128, "epochs": 15, "kernel_size": 5, "attention_heads": 8}, "parameter_index": 0}
[2026-05-19 15:28:11] INFO (NNIManager) Trial job cdv6B status changed from RUNNING to SUCCEEDED
[2026-05-19 15:28:11] INFO (NNIManager) NNIManager received command from dispatcher: TR, {"parameter_id": 50, "parameter_source": "algorithm", "parameters": {"model_type": "MLP", "units": 64, "num_layers": 4, "dropout": 0.1, "activation": "elu", "lr": 0.00213465773161161, "window_size": 25, "batch_size": 32, "epochs": 20, "kernel_size": 3, "attention_heads": 2}, "parameter_index": 0}
[2026-05-19 15:28:11] INFO (NNIManager) submitTrialJob: form: {
  sequenceId: 50,
  hyperParameters: {
    value: '{"parameter_id": 50, "parameter_source": "algorithm", "parameters": {"model_type": "MLP", "units": 64, "num_layers": 4, "dropout": 0.1, "activation": "elu", "lr": 0.00213465773161161, "window_size": 25, "batch_size": 32, "epochs": 20, "kernel_size": 3, "attention_heads": 2}, "parameter_index": 0}',
    index: 0
  },
  placementConstraint: { type: 'None', gpus: [] }
}
[2026-05-19 15:28:11] INFO (LocalV3.local) Created trial OwlyQ
[2026-05-19 15:28:14] INFO (LocalV3.local) Trial parameter: OwlyQ {"parameter_id": 50, "parameter_source": "algorithm", "parameters": {"model_type": "MLP", "units": 64, "num_layers": 4, "dropout": 0.1, "activation": "elu", "lr": 0.00213465773161161, "window_size": 25, "batch_size": 32, "epochs": 20, "kernel_size": 3, "attention_heads": 2}, "parameter_index": 0}
[2026-05-19 15:28:27] INFO (NNIManager) Trial job OwlyQ status changed from RUNNING to SUCCEEDED
[2026-05-19 15:28:27] INFO (NNIManager) NNIManager received command from dispatcher: TR, {"parameter_id": 51, "parameter_source": "algorithm", "parameters": {"model_type": "MLP", "units": 64, "num_layers": 4, "dropout": 0.1, "activation": "elu", "lr": 0.0014622791911725766, "window_size": 30, "batch_size": 64, "epochs": 20, "kernel_size": 3, "attention_heads": 2}, "parameter_index": 0}
[2026-05-19 15:28:28] INFO (NNIManager) submitTrialJob: form: {
  sequenceId: 51,
  hyperParameters: {
    value: '{"parameter_id": 51, "parameter_source": "algorithm", "parameters": {"model_type": "MLP", "units": 64, "num_layers": 4, "dropout": 0.1, "activation": "elu", "lr": 0.0014622791911725766, "window_size": 30, "batch_size": 64, "epochs": 20, "kernel_size": 3, "attention_heads": 2}, "parameter_index": 0}',
    index: 0
  },
  placementConstraint: { type: 'None', gpus: [] }
}
[2026-05-19 15:28:28] INFO (LocalV3.local) Created trial xi4N2
[2026-05-19 15:28:31] INFO (LocalV3.local) Trial parameter: xi4N2 {"parameter_id": 51, "parameter_source": "algorithm", "parameters": {"model_type": "MLP", "units": 64, "num_layers": 4, "dropout": 0.1, "activation": "elu", "lr": 0.0014622791911725766, "window_size": 30, "batch_size": 64, "epochs": 20, "kernel_size": 3, "attention_heads": 2}, "parameter_index": 0}
[2026-05-19 15:28:41] INFO (NNIManager) Trial job xi4N2 status changed from RUNNING to SUCCEEDED
[2026-05-19 15:28:41] INFO (NNIManager) NNIManager received command from dispatcher: TR, {"parameter_id": 52, "parameter_source": "algorithm", "parameters": {"model_type": "Transformer", "units": 16, "num_layers": 2, "dropout": 0.1, "activation": "elu", "lr": 0.0020585761894445893, "window_size": 4, "batch_size": 64, "epochs": 20, "kernel_size": 3, "attention_heads": 8}, "parameter_index": 0}
[2026-05-19 15:28:41] INFO (NNIManager) submitTrialJob: form: {
  sequenceId: 52,
  hyperParameters: {
    value: '{"parameter_id": 52, "parameter_source": "algorithm", "parameters": {"model_type": "Transformer", "units": 16, "num_layers": 2, "dropout": 0.1, "activation": "elu", "lr": 0.0020585761894445893, "window_size": 4, "batch_size": 64, "epochs": 20, "kernel_size": 3, "attention_heads": 8}, "parameter_index": 0}',
    index: 0
  },
  placementConstraint: { type: 'None', gpus: [] }
}
[2026-05-19 15:28:41] INFO (LocalV3.local) Created trial TNpPW
[2026-05-19 15:28:43] INFO (LocalV3.local) Trial parameter: TNpPW {"parameter_id": 52, "parameter_source": "algorithm", "parameters": {"model_type": "Transformer", "units": 16, "num_layers": 2, "dropout": 0.1, "activation": "elu", "lr": 0.0020585761894445893, "window_size": 4, "batch_size": 64, "epochs": 20, "kernel_size": 3, "attention_heads": 8}, "parameter_index": 0}
[2026-05-19 15:29:05] INFO (NNIManager) Trial job TNpPW status changed from RUNNING to SUCCEEDED
[2026-05-19 15:29:05] INFO (NNIManager) NNIManager received command from dispatcher: TR, {"parameter_id": 53, "parameter_source": "algorithm", "parameters": {"model_type": "MLP", "units": 16, "num_layers": 2, "dropout": 0.2, "activation": "elu", "lr": 0.001059145239095189, "window_size": 25, "batch_size": 64, "epochs": 10, "kernel_size": 2, "attention_heads": 8}, "parameter_index": 0}
[2026-05-19 15:29:05] INFO (NNIManager) submitTrialJob: form: {
  sequenceId: 53,
  hyperParameters: {
    value: '{"parameter_id": 53, "parameter_source": "algorithm", "parameters": {"model_type": "MLP", "units": 16, "num_layers": 2, "dropout": 0.2, "activation": "elu", "lr": 0.001059145239095189, "window_size": 25, "batch_size": 64, "epochs": 10, "kernel_size": 2, "attention_heads": 8}, "parameter_index": 0}',
    index: 0
  },
  placementConstraint: { type: 'None', gpus: [] }
}
[2026-05-19 15:29:05] INFO (LocalV3.local) Created trial FErci
[2026-05-19 15:29:07] INFO (LocalV3.local) Trial parameter: FErci {"parameter_id": 53, "parameter_source": "algorithm", "parameters": {"model_type": "MLP", "units": 16, "num_layers": 2, "dropout": 0.2, "activation": "elu", "lr": 0.001059145239095189, "window_size": 25, "batch_size": 64, "epochs": 10, "kernel_size": 2, "attention_heads": 8}, "parameter_index": 0}
[2026-05-19 15:29:11] INFO (NNIManager) Trial job FErci status changed from RUNNING to SUCCEEDED
[2026-05-19 15:29:11] INFO (NNIManager) NNIManager received command from dispatcher: TR, {"parameter_id": 54, "parameter_source": "algorithm", "parameters": {"model_type": "MLP", "units": 64, "num_layers": 2, "dropout": 0.1, "activation": "elu", "lr": 0.0021036941008157166, "window_size": 4, "batch_size": 64, "epochs": 20, "kernel_size": 3, "attention_heads": 2}, "parameter_index": 0}
[2026-05-19 15:29:12] INFO (NNIManager) submitTrialJob: form: {
  sequenceId: 54,
  hyperParameters: {
    value: '{"parameter_id": 54, "parameter_source": "algorithm", "parameters": {"model_type": "MLP", "units": 64, "num_layers": 2, "dropout": 0.1, "activation": "elu", "lr": 0.0021036941008157166, "window_size": 4, "batch_size": 64, "epochs": 20, "kernel_size": 3, "attention_heads": 2}, "parameter_index": 0}',
    index: 0
  },
  placementConstraint: { type: 'None', gpus: [] }
}
[2026-05-19 15:29:12] INFO (LocalV3.local) Created trial MU3rZ
[2026-05-19 15:29:13] INFO (LocalV3.local) Trial parameter: MU3rZ {"parameter_id": 54, "parameter_source": "algorithm", "parameters": {"model_type": "MLP", "units": 64, "num_layers": 2, "dropout": 0.1, "activation": "elu", "lr": 0.0021036941008157166, "window_size": 4, "batch_size": 64, "epochs": 20, "kernel_size": 3, "attention_heads": 2}, "parameter_index": 0}
[2026-05-19 15:29:20] INFO (NNIManager) Trial job MU3rZ status changed from RUNNING to SUCCEEDED
[2026-05-19 15:29:20] INFO (NNIManager) NNIManager received command from dispatcher: TR, {"parameter_id": 55, "parameter_source": "algorithm", "parameters": {"model_type": "MLP", "units": 64, "num_layers": 4, "dropout": 0.1, "activation": "elu", "lr": 0.0012356830237448704, "window_size": 18, "batch_size": 64, "epochs": 20, "kernel_size": 3, "attention_heads": 2}, "parameter_index": 0}
[2026-05-19 15:29:21] INFO (NNIManager) submitTrialJob: form: {
  sequenceId: 55,
  hyperParameters: {
    value: '{"parameter_id": 55, "parameter_source": "algorithm", "parameters": {"model_type": "MLP", "units": 64, "num_layers": 4, "dropout": 0.1, "activation": "elu", "lr": 0.0012356830237448704, "window_size": 18, "batch_size": 64, "epochs": 20, "kernel_size": 3, "attention_heads": 2}, "parameter_index": 0}',
    index: 0
  },
  placementConstraint: { type: 'None', gpus: [] }
}
[2026-05-19 15:29:21] INFO (LocalV3.local) Created trial cV6zY
[2026-05-19 15:29:23] INFO (LocalV3.local) Trial parameter: cV6zY {"parameter_id": 55, "parameter_source": "algorithm", "parameters": {"model_type": "MLP", "units": 64, "num_layers": 4, "dropout": 0.1, "activation": "elu", "lr": 0.0012356830237448704, "window_size": 18, "batch_size": 64, "epochs": 20, "kernel_size": 3, "attention_heads": 2}, "parameter_index": 0}
[2026-05-19 15:29:31] INFO (NNIManager) Trial job cV6zY status changed from RUNNING to SUCCEEDED
[2026-05-19 15:29:31] INFO (NNIManager) NNIManager received command from dispatcher: TR, {"parameter_id": 56, "parameter_source": "algorithm", "parameters": {"model_type": "MLP", "units": 64, "num_layers": 4, "dropout": 0.1, "activation": "elu", "lr": 0.0009686097128448748, "window_size": 25, "batch_size": 64, "epochs": 20, "kernel_size": 3, "attention_heads": 2}, "parameter_index": 0}
[2026-05-19 15:29:31] INFO (NNIManager) submitTrialJob: form: {
  sequenceId: 56,
  hyperParameters: {
    value: '{"parameter_id": 56, "parameter_source": "algorithm", "parameters": {"model_type": "MLP", "units": 64, "num_layers": 4, "dropout": 0.1, "activation": "elu", "lr": 0.0009686097128448748, "window_size": 25, "batch_size": 64, "epochs": 20, "kernel_size": 3, "attention_heads": 2}, "parameter_index": 0}',
    index: 0
  },
  placementConstraint: { type: 'None', gpus: [] }
}
[2026-05-19 15:29:31] INFO (LocalV3.local) Created trial vv90w
[2026-05-19 15:29:33] INFO (LocalV3.local) Trial parameter: vv90w {"parameter_id": 56, "parameter_source": "algorithm", "parameters": {"model_type": "MLP", "units": 64, "num_layers": 4, "dropout": 0.1, "activation": "elu", "lr": 0.0009686097128448748, "window_size": 25, "batch_size": 64, "epochs": 20, "kernel_size": 3, "attention_heads": 2}, "parameter_index": 0}
[2026-05-19 15:29:40] INFO (NNIManager) Trial job vv90w status changed from RUNNING to SUCCEEDED
[2026-05-19 15:29:40] INFO (NNIManager) NNIManager received command from dispatcher: TR, {"parameter_id": 57, "parameter_source": "algorithm", "parameters": {"model_type": "Transformer", "units": 64, "num_layers": 4, "dropout": 0.1, "activation": "elu", "lr": 0.0015800341088827534, "window_size": 30, "batch_size": 16, "epochs": 20, "kernel_size": 5, "attention_heads": 2}, "parameter_index": 0}
[2026-05-19 15:29:40] INFO (NNIManager) submitTrialJob: form: {
  sequenceId: 57,
  hyperParameters: {
    value: '{"parameter_id": 57, "parameter_source": "algorithm", "parameters": {"model_type": "Transformer", "units": 64, "num_layers": 4, "dropout": 0.1, "activation": "elu", "lr": 0.0015800341088827534, "window_size": 30, "batch_size": 16, "epochs": 20, "kernel_size": 5, "attention_heads": 2}, "parameter_index": 0}',
    index: 0
  },
  placementConstraint: { type: 'None', gpus: [] }
}
[2026-05-19 15:29:40] INFO (LocalV3.local) Created trial HimAI
[2026-05-19 15:29:43] INFO (LocalV3.local) Trial parameter: HimAI {"parameter_id": 57, "parameter_source": "algorithm", "parameters": {"model_type": "Transformer", "units": 64, "num_layers": 4, "dropout": 0.1, "activation": "elu", "lr": 0.0015800341088827534, "window_size": 30, "batch_size": 16, "epochs": 20, "kernel_size": 5, "attention_heads": 2}, "parameter_index": 0}
[2026-05-19 15:31:01] INFO (NNIManager) Change NNIManager status from: RUNNING to: NO_MORE_TRIAL
[2026-05-19 15:31:04] INFO (ShutdownManager) Initiate shutdown: SIGTERM
[2026-05-19 15:31:04] INFO (RestServer) Stopping REST server.
[2026-05-19 15:31:04] INFO (NNIManager) Change NNIManager status from: NO_MORE_TRIAL to: STOPPING
[2026-05-19 15:31:04] INFO (NNIManager) Stopping experiment, cleaning up ...
[2026-05-19 15:31:04] INFO (RestServer) REST server stopped.
[2026-05-19 15:31:05] INFO (NNIManager) cancelTrialJob: HimAI
[2026-05-19 15:31:05] INFO (LocalV3.local) Stop trial HimAI
[2026-05-19 15:31:06] INFO (LocalV3.local) All trials stopped
[2026-05-19 15:31:06] INFO (NNIManager) Change NNIManager status from: STOPPING to: STOPPED
[2026-05-19 15:31:06] INFO (NNIManager) Experiment stopped.
[2026-05-19 15:31:06] INFO (NNITensorboardManager) Forced stopping all tensorboard task.
[2026-05-19 15:31:06] INFO (NNITensorboardManager) All tensorboard task stopped.
[2026-05-19 15:31:06] INFO (NNITensorboardManager) Tensorboard manager stopped.
[2026-05-19 15:31:06] INFO (ShutdownManager) Shutdown complete.
