[2026-05-22 22:42:24] INFO (main) Start NNI manager
[2026-05-22 22:42:24] INFO (RestServer) Starting REST server at port 8135, URL prefix: "/"
[2026-05-22 22:42:24] INFO (RestServer) REST server started.
[2026-05-22 22:42:24] INFO (NNIDataStore) Datastore initialization done
[2026-05-22 22:42:25] INFO (NNIManager) Starting experiment: atyib037
[2026-05-22 22:42:25] INFO (NNIManager) Setup training service...
[2026-05-22 22:42:25] INFO (NNIManager) Setup tuner...
[2026-05-22 22:42:25] INFO (NNIManager) Change NNIManager status from: INITIALIZED to: RUNNING
[2026-05-22 22:42:26] INFO (NNIManager) Add event listeners
[2026-05-22 22:42:26] INFO (LocalV3.local) Start
[2026-05-22 22:42:26] INFO (NNIManager) NNIManager received command from dispatcher: ID, 
[2026-05-22 22:42:26] INFO (NNIManager) NNIManager received command from dispatcher: TR, {"parameter_id": 0, "parameter_source": "algorithm", "parameters": {"model_type": "CNN", "units": 64, "num_layers": 1, "dropout": 0.5, "activation": "sigmoid", "lr": 0.0005305660994781365, "window_size": 12, "batch_size": 128, "epochs": 20, "kernel_size": 5, "attention_heads": 2}, "parameter_index": 0}
[2026-05-22 22:42:27] INFO (NNIManager) submitTrialJob: form: {
  sequenceId: 0,
  hyperParameters: {
    value: '{"parameter_id": 0, "parameter_source": "algorithm", "parameters": {"model_type": "CNN", "units": 64, "num_layers": 1, "dropout": 0.5, "activation": "sigmoid", "lr": 0.0005305660994781365, "window_size": 12, "batch_size": 128, "epochs": 20, "kernel_size": 5, "attention_heads": 2}, "parameter_index": 0}',
    index: 0
  },
  placementConstraint: { type: 'None', gpus: [] }
}
[2026-05-22 22:42:27] INFO (LocalV3.local) Register directory trial_code = /home/meliani/Desktop/phd/fast-track
[2026-05-22 22:42:27] INFO (LocalV3.local) Created trial pa9Ba
[2026-05-22 22:42:30] INFO (LocalV3.local) Trial parameter: pa9Ba {"parameter_id": 0, "parameter_source": "algorithm", "parameters": {"model_type": "CNN", "units": 64, "num_layers": 1, "dropout": 0.5, "activation": "sigmoid", "lr": 0.0005305660994781365, "window_size": 12, "batch_size": 128, "epochs": 20, "kernel_size": 5, "attention_heads": 2}, "parameter_index": 0}
[2026-05-22 22:42:36] INFO (NNIManager) Trial job pa9Ba status changed from RUNNING to SUCCEEDED
[2026-05-22 22:42:36] INFO (NNIManager) NNIManager received command from dispatcher: TR, {"parameter_id": 1, "parameter_source": "algorithm", "parameters": {"model_type": "GRU", "units": 128, "num_layers": 2, "dropout": 0.5, "activation": "tanh", "lr": 0.00012915583420383938, "window_size": 9, "batch_size": 64, "epochs": 10, "kernel_size": 3, "attention_heads": 8}, "parameter_index": 0}
[2026-05-22 22:42:36] INFO (NNIManager) submitTrialJob: form: {
  sequenceId: 1,
  hyperParameters: {
    value: '{"parameter_id": 1, "parameter_source": "algorithm", "parameters": {"model_type": "GRU", "units": 128, "num_layers": 2, "dropout": 0.5, "activation": "tanh", "lr": 0.00012915583420383938, "window_size": 9, "batch_size": 64, "epochs": 10, "kernel_size": 3, "attention_heads": 8}, "parameter_index": 0}',
    index: 0
  },
  placementConstraint: { type: 'None', gpus: [] }
}
[2026-05-22 22:42:36] INFO (LocalV3.local) Created trial Bi0q5
[2026-05-22 22:42:39] INFO (LocalV3.local) Trial parameter: Bi0q5 {"parameter_id": 1, "parameter_source": "algorithm", "parameters": {"model_type": "GRU", "units": 128, "num_layers": 2, "dropout": 0.5, "activation": "tanh", "lr": 0.00012915583420383938, "window_size": 9, "batch_size": 64, "epochs": 10, "kernel_size": 3, "attention_heads": 8}, "parameter_index": 0}
[2026-05-22 22:42:49] INFO (NNIManager) Trial job Bi0q5 status changed from RUNNING to SUCCEEDED
[2026-05-22 22:42:49] INFO (NNIManager) NNIManager received command from dispatcher: TR, {"parameter_id": 2, "parameter_source": "algorithm", "parameters": {"model_type": "TCN", "units": 256, "num_layers": 2, "dropout": 0, "activation": "sigmoid", "lr": 7.55817971244227e-05, "window_size": 8, "batch_size": 16, "epochs": 10, "kernel_size": 3, "attention_heads": 2}, "parameter_index": 0}
[2026-05-22 22:42:49] INFO (NNIManager) submitTrialJob: form: {
  sequenceId: 2,
  hyperParameters: {
    value: '{"parameter_id": 2, "parameter_source": "algorithm", "parameters": {"model_type": "TCN", "units": 256, "num_layers": 2, "dropout": 0, "activation": "sigmoid", "lr": 7.55817971244227e-05, "window_size": 8, "batch_size": 16, "epochs": 10, "kernel_size": 3, "attention_heads": 2}, "parameter_index": 0}',
    index: 0
  },
  placementConstraint: { type: 'None', gpus: [] }
}
[2026-05-22 22:42:49] INFO (LocalV3.local) Created trial I3KPb
[2026-05-22 22:42:52] INFO (LocalV3.local) Trial parameter: I3KPb {"parameter_id": 2, "parameter_source": "algorithm", "parameters": {"model_type": "TCN", "units": 256, "num_layers": 2, "dropout": 0, "activation": "sigmoid", "lr": 7.55817971244227e-05, "window_size": 8, "batch_size": 16, "epochs": 10, "kernel_size": 3, "attention_heads": 2}, "parameter_index": 0}
[2026-05-22 22:42:58] INFO (NNIManager) Trial job I3KPb status changed from RUNNING to SUCCEEDED
[2026-05-22 22:42:58] INFO (NNIManager) NNIManager received command from dispatcher: TR, {"parameter_id": 3, "parameter_source": "algorithm", "parameters": {"model_type": "CNN", "units": 128, "num_layers": 1, "dropout": 0, "activation": "sigmoid", "lr": 0.002564374932647256, "window_size": 9, "batch_size": 64, "epochs": 15, "kernel_size": 2, "attention_heads": 2}, "parameter_index": 0}
[2026-05-22 22:42:59] INFO (NNIManager) submitTrialJob: form: {
  sequenceId: 3,
  hyperParameters: {
    value: '{"parameter_id": 3, "parameter_source": "algorithm", "parameters": {"model_type": "CNN", "units": 128, "num_layers": 1, "dropout": 0, "activation": "sigmoid", "lr": 0.002564374932647256, "window_size": 9, "batch_size": 64, "epochs": 15, "kernel_size": 2, "attention_heads": 2}, "parameter_index": 0}',
    index: 0
  },
  placementConstraint: { type: 'None', gpus: [] }
}
[2026-05-22 22:42:59] INFO (LocalV3.local) Created trial A7ANG
[2026-05-22 22:43:01] INFO (LocalV3.local) Trial parameter: A7ANG {"parameter_id": 3, "parameter_source": "algorithm", "parameters": {"model_type": "CNN", "units": 128, "num_layers": 1, "dropout": 0, "activation": "sigmoid", "lr": 0.002564374932647256, "window_size": 9, "batch_size": 64, "epochs": 15, "kernel_size": 2, "attention_heads": 2}, "parameter_index": 0}
[2026-05-22 22:43:11] INFO (NNIManager) Trial job A7ANG status changed from RUNNING to SUCCEEDED
[2026-05-22 22:43:11] INFO (NNIManager) NNIManager received command from dispatcher: TR, {"parameter_id": 4, "parameter_source": "algorithm", "parameters": {"model_type": "MLP", "units": 16, "num_layers": 4, "dropout": 0.2, "activation": "tanh", "lr": 0.0017035980694454823, "window_size": 2, "batch_size": 64, "epochs": 20, "kernel_size": 7, "attention_heads": 8}, "parameter_index": 0}
[2026-05-22 22:43:12] INFO (NNIManager) submitTrialJob: form: {
  sequenceId: 4,
  hyperParameters: {
    value: '{"parameter_id": 4, "parameter_source": "algorithm", "parameters": {"model_type": "MLP", "units": 16, "num_layers": 4, "dropout": 0.2, "activation": "tanh", "lr": 0.0017035980694454823, "window_size": 2, "batch_size": 64, "epochs": 20, "kernel_size": 7, "attention_heads": 8}, "parameter_index": 0}',
    index: 0
  },
  placementConstraint: { type: 'None', gpus: [] }
}
[2026-05-22 22:43:12] INFO (LocalV3.local) Created trial kgmsS
[2026-05-22 22:43:18] INFO (LocalV3.local) Trial parameter: kgmsS {"parameter_id": 4, "parameter_source": "algorithm", "parameters": {"model_type": "MLP", "units": 16, "num_layers": 4, "dropout": 0.2, "activation": "tanh", "lr": 0.0017035980694454823, "window_size": 2, "batch_size": 64, "epochs": 20, "kernel_size": 7, "attention_heads": 8}, "parameter_index": 0}
[2026-05-22 22:43:27] INFO (NNIManager) Trial job kgmsS status changed from RUNNING to SUCCEEDED
[2026-05-22 22:43:28] INFO (NNIManager) NNIManager received command from dispatcher: TR, {"parameter_id": 5, "parameter_source": "algorithm", "parameters": {"model_type": "LSTM", "units": 128, "num_layers": 2, "dropout": 0.5, "activation": "tanh", "lr": 0.0003538991630992754, "window_size": 29, "batch_size": 64, "epochs": 20, "kernel_size": 3, "attention_heads": 2}, "parameter_index": 0}
[2026-05-22 22:43:28] INFO (NNIManager) submitTrialJob: form: {
  sequenceId: 5,
  hyperParameters: {
    value: '{"parameter_id": 5, "parameter_source": "algorithm", "parameters": {"model_type": "LSTM", "units": 128, "num_layers": 2, "dropout": 0.5, "activation": "tanh", "lr": 0.0003538991630992754, "window_size": 29, "batch_size": 64, "epochs": 20, "kernel_size": 3, "attention_heads": 2}, "parameter_index": 0}',
    index: 0
  },
  placementConstraint: { type: 'None', gpus: [] }
}
[2026-05-22 22:43:28] INFO (LocalV3.local) Created trial RPdA8
[2026-05-22 22:43:31] INFO (LocalV3.local) Trial parameter: RPdA8 {"parameter_id": 5, "parameter_source": "algorithm", "parameters": {"model_type": "LSTM", "units": 128, "num_layers": 2, "dropout": 0.5, "activation": "tanh", "lr": 0.0003538991630992754, "window_size": 29, "batch_size": 64, "epochs": 20, "kernel_size": 3, "attention_heads": 2}, "parameter_index": 0}
[2026-05-22 22:43:50] INFO (NNIManager) Trial job RPdA8 status changed from RUNNING to SUCCEEDED
[2026-05-22 22:43:50] INFO (NNIManager) NNIManager received command from dispatcher: TR, {"parameter_id": 6, "parameter_source": "algorithm", "parameters": {"model_type": "RNN", "units": 64, "num_layers": 2, "dropout": 0.5, "activation": "relu", "lr": 1.3016623146557736e-05, "window_size": 6, "batch_size": 16, "epochs": 20, "kernel_size": 5, "attention_heads": 2}, "parameter_index": 0}
[2026-05-22 22:43:51] INFO (NNIManager) submitTrialJob: form: {
  sequenceId: 6,
  hyperParameters: {
    value: '{"parameter_id": 6, "parameter_source": "algorithm", "parameters": {"model_type": "RNN", "units": 64, "num_layers": 2, "dropout": 0.5, "activation": "relu", "lr": 1.3016623146557736e-05, "window_size": 6, "batch_size": 16, "epochs": 20, "kernel_size": 5, "attention_heads": 2}, "parameter_index": 0}',
    index: 0
  },
  placementConstraint: { type: 'None', gpus: [] }
}
[2026-05-22 22:43:51] INFO (LocalV3.local) Created trial jubyv
[2026-05-22 22:43:54] INFO (LocalV3.local) Trial parameter: jubyv {"parameter_id": 6, "parameter_source": "algorithm", "parameters": {"model_type": "RNN", "units": 64, "num_layers": 2, "dropout": 0.5, "activation": "relu", "lr": 1.3016623146557736e-05, "window_size": 6, "batch_size": 16, "epochs": 20, "kernel_size": 5, "attention_heads": 2}, "parameter_index": 0}
[2026-05-22 22:44:06] INFO (NNIManager) Trial job jubyv status changed from RUNNING to SUCCEEDED
[2026-05-22 22:44:06] INFO (NNIManager) NNIManager received command from dispatcher: TR, {"parameter_id": 7, "parameter_source": "algorithm", "parameters": {"model_type": "TCN", "units": 16, "num_layers": 1, "dropout": 0.5, "activation": "tanh", "lr": 1.571485046552993e-05, "window_size": 16, "batch_size": 64, "epochs": 5, "kernel_size": 5, "attention_heads": 2}, "parameter_index": 0}
[2026-05-22 22:44:07] INFO (NNIManager) submitTrialJob: form: {
  sequenceId: 7,
  hyperParameters: {
    value: '{"parameter_id": 7, "parameter_source": "algorithm", "parameters": {"model_type": "TCN", "units": 16, "num_layers": 1, "dropout": 0.5, "activation": "tanh", "lr": 1.571485046552993e-05, "window_size": 16, "batch_size": 64, "epochs": 5, "kernel_size": 5, "attention_heads": 2}, "parameter_index": 0}',
    index: 0
  },
  placementConstraint: { type: 'None', gpus: [] }
}
[2026-05-22 22:44:07] INFO (LocalV3.local) Created trial AT9KE
[2026-05-22 22:44:09] INFO (LocalV3.local) Trial parameter: AT9KE {"parameter_id": 7, "parameter_source": "algorithm", "parameters": {"model_type": "TCN", "units": 16, "num_layers": 1, "dropout": 0.5, "activation": "tanh", "lr": 1.571485046552993e-05, "window_size": 16, "batch_size": 64, "epochs": 5, "kernel_size": 5, "attention_heads": 2}, "parameter_index": 0}
[2026-05-22 22:44:12] INFO (NNIManager) Trial job AT9KE status changed from RUNNING to SUCCEEDED
[2026-05-22 22:44:12] INFO (NNIManager) NNIManager received command from dispatcher: TR, {"parameter_id": 8, "parameter_source": "algorithm", "parameters": {"model_type": "Transformer", "units": 128, "num_layers": 2, "dropout": 0.5, "activation": "tanh", "lr": 6.544676548714902e-05, "window_size": 29, "batch_size": 128, "epochs": 20, "kernel_size": 7, "attention_heads": 8}, "parameter_index": 0}
[2026-05-22 22:44:13] INFO (NNIManager) submitTrialJob: form: {
  sequenceId: 8,
  hyperParameters: {
    value: '{"parameter_id": 8, "parameter_source": "algorithm", "parameters": {"model_type": "Transformer", "units": 128, "num_layers": 2, "dropout": 0.5, "activation": "tanh", "lr": 6.544676548714902e-05, "window_size": 29, "batch_size": 128, "epochs": 20, "kernel_size": 7, "attention_heads": 8}, "parameter_index": 0}',
    index: 0
  },
  placementConstraint: { type: 'None', gpus: [] }
}
[2026-05-22 22:44:13] INFO (LocalV3.local) Created trial xoK1c
[2026-05-22 22:44:16] INFO (LocalV3.local) Trial parameter: xoK1c {"parameter_id": 8, "parameter_source": "algorithm", "parameters": {"model_type": "Transformer", "units": 128, "num_layers": 2, "dropout": 0.5, "activation": "tanh", "lr": 6.544676548714902e-05, "window_size": 29, "batch_size": 128, "epochs": 20, "kernel_size": 7, "attention_heads": 8}, "parameter_index": 0}
[2026-05-22 22:44:42] INFO (NNIManager) Trial job xoK1c status changed from RUNNING to SUCCEEDED
[2026-05-22 22:44:42] INFO (NNIManager) NNIManager received command from dispatcher: TR, {"parameter_id": 9, "parameter_source": "algorithm", "parameters": {"model_type": "MLP", "units": 64, "num_layers": 1, "dropout": 0, "activation": "tanh", "lr": 0.003986458837319001, "window_size": 13, "batch_size": 16, "epochs": 15, "kernel_size": 2, "attention_heads": 8}, "parameter_index": 0}
[2026-05-22 22:44:43] INFO (NNIManager) submitTrialJob: form: {
  sequenceId: 9,
  hyperParameters: {
    value: '{"parameter_id": 9, "parameter_source": "algorithm", "parameters": {"model_type": "MLP", "units": 64, "num_layers": 1, "dropout": 0, "activation": "tanh", "lr": 0.003986458837319001, "window_size": 13, "batch_size": 16, "epochs": 15, "kernel_size": 2, "attention_heads": 8}, "parameter_index": 0}',
    index: 0
  },
  placementConstraint: { type: 'None', gpus: [] }
}
[2026-05-22 22:44:43] INFO (LocalV3.local) Created trial fU3Tz
[2026-05-22 22:44:48] INFO (LocalV3.local) Trial parameter: fU3Tz {"parameter_id": 9, "parameter_source": "algorithm", "parameters": {"model_type": "MLP", "units": 64, "num_layers": 1, "dropout": 0, "activation": "tanh", "lr": 0.003986458837319001, "window_size": 13, "batch_size": 16, "epochs": 15, "kernel_size": 2, "attention_heads": 8}, "parameter_index": 0}
[2026-05-22 22:44:57] INFO (NNIManager) Trial job fU3Tz status changed from RUNNING to SUCCEEDED
[2026-05-22 22:44:57] INFO (NNIManager) NNIManager received command from dispatcher: TR, {"parameter_id": 10, "parameter_source": "algorithm", "parameters": {"model_type": "MLP", "units": 16, "num_layers": 1, "dropout": 0.2, "activation": "elu", "lr": 0.001057947238512718, "window_size": 23, "batch_size": 32, "epochs": 10, "kernel_size": 7, "attention_heads": 8}, "parameter_index": 0}
[2026-05-22 22:44:57] INFO (NNIManager) submitTrialJob: form: {
  sequenceId: 10,
  hyperParameters: {
    value: '{"parameter_id": 10, "parameter_source": "algorithm", "parameters": {"model_type": "MLP", "units": 16, "num_layers": 1, "dropout": 0.2, "activation": "elu", "lr": 0.001057947238512718, "window_size": 23, "batch_size": 32, "epochs": 10, "kernel_size": 7, "attention_heads": 8}, "parameter_index": 0}',
    index: 0
  },
  placementConstraint: { type: 'None', gpus: [] }
}
[2026-05-22 22:44:57] INFO (LocalV3.local) Created trial LZjV9
[2026-05-22 22:45:02] INFO (LocalV3.local) Trial parameter: LZjV9 {"parameter_id": 10, "parameter_source": "algorithm", "parameters": {"model_type": "MLP", "units": 16, "num_layers": 1, "dropout": 0.2, "activation": "elu", "lr": 0.001057947238512718, "window_size": 23, "batch_size": 32, "epochs": 10, "kernel_size": 7, "attention_heads": 8}, "parameter_index": 0}
[2026-05-22 22:45:08] INFO (NNIManager) Trial job LZjV9 status changed from RUNNING to SUCCEEDED
[2026-05-22 22:45:08] INFO (NNIManager) NNIManager received command from dispatcher: TR, {"parameter_id": 11, "parameter_source": "algorithm", "parameters": {"model_type": "LSTM", "units": 256, "num_layers": 2, "dropout": 0.2, "activation": "elu", "lr": 2.454770454826133e-05, "window_size": 15, "batch_size": 32, "epochs": 20, "kernel_size": 5, "attention_heads": 4}, "parameter_index": 0}
[2026-05-22 22:45:09] INFO (NNIManager) submitTrialJob: form: {
  sequenceId: 11,
  hyperParameters: {
    value: '{"parameter_id": 11, "parameter_source": "algorithm", "parameters": {"model_type": "LSTM", "units": 256, "num_layers": 2, "dropout": 0.2, "activation": "elu", "lr": 2.454770454826133e-05, "window_size": 15, "batch_size": 32, "epochs": 20, "kernel_size": 5, "attention_heads": 4}, "parameter_index": 0}',
    index: 0
  },
  placementConstraint: { type: 'None', gpus: [] }
}
[2026-05-22 22:45:09] INFO (LocalV3.local) Created trial yoDNb
[2026-05-22 22:45:13] INFO (LocalV3.local) Trial parameter: yoDNb {"parameter_id": 11, "parameter_source": "algorithm", "parameters": {"model_type": "LSTM", "units": 256, "num_layers": 2, "dropout": 0.2, "activation": "elu", "lr": 2.454770454826133e-05, "window_size": 15, "batch_size": 32, "epochs": 20, "kernel_size": 5, "attention_heads": 4}, "parameter_index": 0}
[2026-05-22 22:45:43] INFO (NNIManager) Trial job yoDNb status changed from RUNNING to SUCCEEDED
[2026-05-22 22:45:43] INFO (NNIManager) NNIManager received command from dispatcher: TR, {"parameter_id": 12, "parameter_source": "algorithm", "parameters": {"model_type": "RNN", "units": 128, "num_layers": 1, "dropout": 0, "activation": "tanh", "lr": 0.0008731742996221548, "window_size": 7, "batch_size": 16, "epochs": 20, "kernel_size": 3, "attention_heads": 8}, "parameter_index": 0}
[2026-05-22 22:45:43] INFO (NNIManager) submitTrialJob: form: {
  sequenceId: 12,
  hyperParameters: {
    value: '{"parameter_id": 12, "parameter_source": "algorithm", "parameters": {"model_type": "RNN", "units": 128, "num_layers": 1, "dropout": 0, "activation": "tanh", "lr": 0.0008731742996221548, "window_size": 7, "batch_size": 16, "epochs": 20, "kernel_size": 3, "attention_heads": 8}, "parameter_index": 0}',
    index: 0
  },
  placementConstraint: { type: 'None', gpus: [] }
}
[2026-05-22 22:45:43] INFO (LocalV3.local) Created trial wqxI9
[2026-05-22 22:45:46] INFO (LocalV3.local) Trial parameter: wqxI9 {"parameter_id": 12, "parameter_source": "algorithm", "parameters": {"model_type": "RNN", "units": 128, "num_layers": 1, "dropout": 0, "activation": "tanh", "lr": 0.0008731742996221548, "window_size": 7, "batch_size": 16, "epochs": 20, "kernel_size": 3, "attention_heads": 8}, "parameter_index": 0}
[2026-05-22 22:45:55] INFO (NNIManager) Trial job wqxI9 status changed from RUNNING to SUCCEEDED
[2026-05-22 22:45:55] INFO (NNIManager) NNIManager received command from dispatcher: TR, {"parameter_id": 13, "parameter_source": "algorithm", "parameters": {"model_type": "CNN", "units": 128, "num_layers": 2, "dropout": 0.5, "activation": "relu", "lr": 1.912455398172646e-05, "window_size": 21, "batch_size": 128, "epochs": 15, "kernel_size": 7, "attention_heads": 2}, "parameter_index": 0}
[2026-05-22 22:45:56] INFO (NNIManager) submitTrialJob: form: {
  sequenceId: 13,
  hyperParameters: {
    value: '{"parameter_id": 13, "parameter_source": "algorithm", "parameters": {"model_type": "CNN", "units": 128, "num_layers": 2, "dropout": 0.5, "activation": "relu", "lr": 1.912455398172646e-05, "window_size": 21, "batch_size": 128, "epochs": 15, "kernel_size": 7, "attention_heads": 2}, "parameter_index": 0}',
    index: 0
  },
  placementConstraint: { type: 'None', gpus: [] }
}
[2026-05-22 22:45:56] INFO (LocalV3.local) Created trial QumK5
[2026-05-22 22:45:59] INFO (LocalV3.local) Trial parameter: QumK5 {"parameter_id": 13, "parameter_source": "algorithm", "parameters": {"model_type": "CNN", "units": 128, "num_layers": 2, "dropout": 0.5, "activation": "relu", "lr": 1.912455398172646e-05, "window_size": 21, "batch_size": 128, "epochs": 15, "kernel_size": 7, "attention_heads": 2}, "parameter_index": 0}
[2026-05-22 22:46:06] INFO (NNIManager) Trial job QumK5 status changed from RUNNING to SUCCEEDED
[2026-05-22 22:46:06] INFO (NNIManager) NNIManager received command from dispatcher: TR, {"parameter_id": 14, "parameter_source": "algorithm", "parameters": {"model_type": "GRU", "units": 128, "num_layers": 3, "dropout": 0.2, "activation": "tanh", "lr": 0.0026370607653557693, "window_size": 18, "batch_size": 16, "epochs": 5, "kernel_size": 3, "attention_heads": 2}, "parameter_index": 0}
[2026-05-22 22:46:07] INFO (NNIManager) submitTrialJob: form: {
  sequenceId: 14,
  hyperParameters: {
    value: '{"parameter_id": 14, "parameter_source": "algorithm", "parameters": {"model_type": "GRU", "units": 128, "num_layers": 3, "dropout": 0.2, "activation": "tanh", "lr": 0.0026370607653557693, "window_size": 18, "batch_size": 16, "epochs": 5, "kernel_size": 3, "attention_heads": 2}, "parameter_index": 0}',
    index: 0
  },
  placementConstraint: { type: 'None', gpus: [] }
}
[2026-05-22 22:46:07] INFO (LocalV3.local) Created trial Ba5a3
[2026-05-22 22:46:11] INFO (LocalV3.local) Trial parameter: Ba5a3 {"parameter_id": 14, "parameter_source": "algorithm", "parameters": {"model_type": "GRU", "units": 128, "num_layers": 3, "dropout": 0.2, "activation": "tanh", "lr": 0.0026370607653557693, "window_size": 18, "batch_size": 16, "epochs": 5, "kernel_size": 3, "attention_heads": 2}, "parameter_index": 0}
[2026-05-22 22:46:27] INFO (NNIManager) Trial job Ba5a3 status changed from RUNNING to SUCCEEDED
[2026-05-22 22:46:27] INFO (NNIManager) NNIManager received command from dispatcher: TR, {"parameter_id": 15, "parameter_source": "algorithm", "parameters": {"model_type": "MLP", "units": 32, "num_layers": 2, "dropout": 0.2, "activation": "tanh", "lr": 0.008376353938832631, "window_size": 27, "batch_size": 16, "epochs": 10, "kernel_size": 3, "attention_heads": 4}, "parameter_index": 0}
[2026-05-22 22:46:28] INFO (NNIManager) submitTrialJob: form: {
  sequenceId: 15,
  hyperParameters: {
    value: '{"parameter_id": 15, "parameter_source": "algorithm", "parameters": {"model_type": "MLP", "units": 32, "num_layers": 2, "dropout": 0.2, "activation": "tanh", "lr": 0.008376353938832631, "window_size": 27, "batch_size": 16, "epochs": 10, "kernel_size": 3, "attention_heads": 4}, "parameter_index": 0}',
    index: 0
  },
  placementConstraint: { type: 'None', gpus: [] }
}
[2026-05-22 22:46:28] INFO (LocalV3.local) Created trial VS7EU
[2026-05-22 22:46:32] INFO (LocalV3.local) Trial parameter: VS7EU {"parameter_id": 15, "parameter_source": "algorithm", "parameters": {"model_type": "MLP", "units": 32, "num_layers": 2, "dropout": 0.2, "activation": "tanh", "lr": 0.008376353938832631, "window_size": 27, "batch_size": 16, "epochs": 10, "kernel_size": 3, "attention_heads": 4}, "parameter_index": 0}
[2026-05-22 22:46:41] INFO (NNIManager) Trial job VS7EU status changed from RUNNING to SUCCEEDED
[2026-05-22 22:46:41] INFO (NNIManager) NNIManager received command from dispatcher: TR, {"parameter_id": 16, "parameter_source": "algorithm", "parameters": {"model_type": "GRU", "units": 256, "num_layers": 4, "dropout": 0.1, "activation": "elu", "lr": 0.00011565978395551265, "window_size": 6, "batch_size": 16, "epochs": 15, "kernel_size": 3, "attention_heads": 8}, "parameter_index": 0}
[2026-05-22 22:46:42] INFO (NNIManager) submitTrialJob: form: {
  sequenceId: 16,
  hyperParameters: {
    value: '{"parameter_id": 16, "parameter_source": "algorithm", "parameters": {"model_type": "GRU", "units": 256, "num_layers": 4, "dropout": 0.1, "activation": "elu", "lr": 0.00011565978395551265, "window_size": 6, "batch_size": 16, "epochs": 15, "kernel_size": 3, "attention_heads": 8}, "parameter_index": 0}',
    index: 0
  },
  placementConstraint: { type: 'None', gpus: [] }
}
[2026-05-22 22:46:42] INFO (LocalV3.local) Created trial CRrnc
[2026-05-22 22:46:49] INFO (LocalV3.local) Trial parameter: CRrnc {"parameter_id": 16, "parameter_source": "algorithm", "parameters": {"model_type": "GRU", "units": 256, "num_layers": 4, "dropout": 0.1, "activation": "elu", "lr": 0.00011565978395551265, "window_size": 6, "batch_size": 16, "epochs": 15, "kernel_size": 3, "attention_heads": 8}, "parameter_index": 0}
[2026-05-22 22:47:19] INFO (NNIManager) Trial job CRrnc status changed from RUNNING to SUCCEEDED
[2026-05-22 22:47:19] INFO (NNIManager) NNIManager received command from dispatcher: TR, {"parameter_id": 17, "parameter_source": "algorithm", "parameters": {"model_type": "CNN", "units": 16, "num_layers": 2, "dropout": 0.5, "activation": "elu", "lr": 0.0009785994815854984, "window_size": 17, "batch_size": 128, "epochs": 20, "kernel_size": 2, "attention_heads": 2}, "parameter_index": 0}
[2026-05-22 22:47:20] INFO (NNIManager) submitTrialJob: form: {
  sequenceId: 17,
  hyperParameters: {
    value: '{"parameter_id": 17, "parameter_source": "algorithm", "parameters": {"model_type": "CNN", "units": 16, "num_layers": 2, "dropout": 0.5, "activation": "elu", "lr": 0.0009785994815854984, "window_size": 17, "batch_size": 128, "epochs": 20, "kernel_size": 2, "attention_heads": 2}, "parameter_index": 0}',
    index: 0
  },
  placementConstraint: { type: 'None', gpus: [] }
}
[2026-05-22 22:47:20] INFO (LocalV3.local) Created trial ObxKW
[2026-05-22 22:47:22] INFO (LocalV3.local) Trial parameter: ObxKW {"parameter_id": 17, "parameter_source": "algorithm", "parameters": {"model_type": "CNN", "units": 16, "num_layers": 2, "dropout": 0.5, "activation": "elu", "lr": 0.0009785994815854984, "window_size": 17, "batch_size": 128, "epochs": 20, "kernel_size": 2, "attention_heads": 2}, "parameter_index": 0}
[2026-05-22 22:47:28] INFO (NNIManager) Trial job ObxKW status changed from RUNNING to SUCCEEDED
[2026-05-22 22:47:28] INFO (NNIManager) NNIManager received command from dispatcher: TR, {"parameter_id": 18, "parameter_source": "algorithm", "parameters": {"model_type": "TCN", "units": 32, "num_layers": 4, "dropout": 0, "activation": "elu", "lr": 4.518651135148905e-05, "window_size": 2, "batch_size": 16, "epochs": 10, "kernel_size": 2, "attention_heads": 2}, "parameter_index": 0}
[2026-05-22 22:47:28] INFO (NNIManager) submitTrialJob: form: {
  sequenceId: 18,
  hyperParameters: {
    value: '{"parameter_id": 18, "parameter_source": "algorithm", "parameters": {"model_type": "TCN", "units": 32, "num_layers": 4, "dropout": 0, "activation": "elu", "lr": 4.518651135148905e-05, "window_size": 2, "batch_size": 16, "epochs": 10, "kernel_size": 2, "attention_heads": 2}, "parameter_index": 0}',
    index: 0
  },
  placementConstraint: { type: 'None', gpus: [] }
}
[2026-05-22 22:47:28] INFO (LocalV3.local) Created trial yZGkz
[2026-05-22 22:47:31] INFO (LocalV3.local) Trial parameter: yZGkz {"parameter_id": 18, "parameter_source": "algorithm", "parameters": {"model_type": "TCN", "units": 32, "num_layers": 4, "dropout": 0, "activation": "elu", "lr": 4.518651135148905e-05, "window_size": 2, "batch_size": 16, "epochs": 10, "kernel_size": 2, "attention_heads": 2}, "parameter_index": 0}
[2026-05-22 22:47:37] INFO (NNIManager) Trial job yZGkz status changed from RUNNING to SUCCEEDED
[2026-05-22 22:47:37] INFO (NNIManager) NNIManager received command from dispatcher: TR, {"parameter_id": 19, "parameter_source": "algorithm", "parameters": {"model_type": "MLP", "units": 16, "num_layers": 4, "dropout": 0.3, "activation": "sigmoid", "lr": 0.006054824700440033, "window_size": 4, "batch_size": 16, "epochs": 20, "kernel_size": 3, "attention_heads": 4}, "parameter_index": 0}
[2026-05-22 22:47:37] INFO (NNIManager) submitTrialJob: form: {
  sequenceId: 19,
  hyperParameters: {
    value: '{"parameter_id": 19, "parameter_source": "algorithm", "parameters": {"model_type": "MLP", "units": 16, "num_layers": 4, "dropout": 0.3, "activation": "sigmoid", "lr": 0.006054824700440033, "window_size": 4, "batch_size": 16, "epochs": 20, "kernel_size": 3, "attention_heads": 4}, "parameter_index": 0}',
    index: 0
  },
  placementConstraint: { type: 'None', gpus: [] }
}
[2026-05-22 22:47:37] INFO (LocalV3.local) Created trial a1owv
[2026-05-22 22:47:41] INFO (LocalV3.local) Trial parameter: a1owv {"parameter_id": 19, "parameter_source": "algorithm", "parameters": {"model_type": "MLP", "units": 16, "num_layers": 4, "dropout": 0.3, "activation": "sigmoid", "lr": 0.006054824700440033, "window_size": 4, "batch_size": 16, "epochs": 20, "kernel_size": 3, "attention_heads": 4}, "parameter_index": 0}
[2026-05-22 22:47:48] INFO (NNIManager) Trial job a1owv status changed from RUNNING to SUCCEEDED
[2026-05-22 22:47:48] INFO (NNIManager) NNIManager received command from dispatcher: TR, {"parameter_id": 20, "parameter_source": "algorithm", "parameters": {"model_type": "TCN", "units": 32, "num_layers": 1, "dropout": 0.1, "activation": "sigmoid", "lr": 0.006008990406900615, "window_size": 14, "batch_size": 16, "epochs": 15, "kernel_size": 5, "attention_heads": 8}, "parameter_index": 0}
[2026-05-22 22:47:48] INFO (NNIManager) submitTrialJob: form: {
  sequenceId: 20,
  hyperParameters: {
    value: '{"parameter_id": 20, "parameter_source": "algorithm", "parameters": {"model_type": "TCN", "units": 32, "num_layers": 1, "dropout": 0.1, "activation": "sigmoid", "lr": 0.006008990406900615, "window_size": 14, "batch_size": 16, "epochs": 15, "kernel_size": 5, "attention_heads": 8}, "parameter_index": 0}',
    index: 0
  },
  placementConstraint: { type: 'None', gpus: [] }
}
[2026-05-22 22:47:48] INFO (LocalV3.local) Created trial Rj0nB
[2026-05-22 22:47:51] INFO (LocalV3.local) Trial parameter: Rj0nB {"parameter_id": 20, "parameter_source": "algorithm", "parameters": {"model_type": "TCN", "units": 32, "num_layers": 1, "dropout": 0.1, "activation": "sigmoid", "lr": 0.006008990406900615, "window_size": 14, "batch_size": 16, "epochs": 15, "kernel_size": 5, "attention_heads": 8}, "parameter_index": 0}
[2026-05-22 22:47:57] INFO (NNIManager) Trial job Rj0nB status changed from RUNNING to SUCCEEDED
[2026-05-22 22:47:57] INFO (NNIManager) NNIManager received command from dispatcher: TR, {"parameter_id": 21, "parameter_source": "algorithm", "parameters": {"model_type": "RNN", "units": 128, "num_layers": 3, "dropout": 0.3, "activation": "sigmoid", "lr": 0.00011349619244257954, "window_size": 29, "batch_size": 64, "epochs": 20, "kernel_size": 5, "attention_heads": 2}, "parameter_index": 0}
[2026-05-22 22:47:57] INFO (NNIManager) submitTrialJob: form: {
  sequenceId: 21,
  hyperParameters: {
    value: '{"parameter_id": 21, "parameter_source": "algorithm", "parameters": {"model_type": "RNN", "units": 128, "num_layers": 3, "dropout": 0.3, "activation": "sigmoid", "lr": 0.00011349619244257954, "window_size": 29, "batch_size": 64, "epochs": 20, "kernel_size": 5, "attention_heads": 2}, "parameter_index": 0}',
    index: 0
  },
  placementConstraint: { type: 'None', gpus: [] }
}
[2026-05-22 22:47:57] INFO (LocalV3.local) Created trial JT2tm
[2026-05-22 22:48:02] INFO (LocalV3.local) Trial parameter: JT2tm {"parameter_id": 21, "parameter_source": "algorithm", "parameters": {"model_type": "RNN", "units": 128, "num_layers": 3, "dropout": 0.3, "activation": "sigmoid", "lr": 0.00011349619244257954, "window_size": 29, "batch_size": 64, "epochs": 20, "kernel_size": 5, "attention_heads": 2}, "parameter_index": 0}
[2026-05-22 22:48:24] INFO (NNIManager) Trial job JT2tm status changed from RUNNING to SUCCEEDED
[2026-05-22 22:48:24] INFO (NNIManager) NNIManager received command from dispatcher: TR, {"parameter_id": 22, "parameter_source": "algorithm", "parameters": {"model_type": "Transformer", "units": 256, "num_layers": 3, "dropout": 0, "activation": "elu", "lr": 0.00016304153654430315, "window_size": 11, "batch_size": 128, "epochs": 15, "kernel_size": 2, "attention_heads": 8}, "parameter_index": 0}
[2026-05-22 22:48:24] INFO (NNIManager) submitTrialJob: form: {
  sequenceId: 22,
  hyperParameters: {
    value: '{"parameter_id": 22, "parameter_source": "algorithm", "parameters": {"model_type": "Transformer", "units": 256, "num_layers": 3, "dropout": 0, "activation": "elu", "lr": 0.00016304153654430315, "window_size": 11, "batch_size": 128, "epochs": 15, "kernel_size": 2, "attention_heads": 8}, "parameter_index": 0}',
    index: 0
  },
  placementConstraint: { type: 'None', gpus: [] }
}
[2026-05-22 22:48:24] INFO (LocalV3.local) Created trial VCyAJ
[2026-05-22 22:48:28] INFO (LocalV3.local) Trial parameter: VCyAJ {"parameter_id": 22, "parameter_source": "algorithm", "parameters": {"model_type": "Transformer", "units": 256, "num_layers": 3, "dropout": 0, "activation": "elu", "lr": 0.00016304153654430315, "window_size": 11, "batch_size": 128, "epochs": 15, "kernel_size": 2, "attention_heads": 8}, "parameter_index": 0}
[2026-05-22 22:49:03] INFO (NNIManager) Trial job VCyAJ status changed from RUNNING to SUCCEEDED
[2026-05-22 22:49:03] INFO (NNIManager) NNIManager received command from dispatcher: TR, {"parameter_id": 23, "parameter_source": "algorithm", "parameters": {"model_type": "Transformer", "units": 16, "num_layers": 4, "dropout": 0.2, "activation": "tanh", "lr": 0.0002859095533192901, "window_size": 2, "batch_size": 16, "epochs": 20, "kernel_size": 2, "attention_heads": 8}, "parameter_index": 0}
[2026-05-22 22:49:04] INFO (NNIManager) submitTrialJob: form: {
  sequenceId: 23,
  hyperParameters: {
    value: '{"parameter_id": 23, "parameter_source": "algorithm", "parameters": {"model_type": "Transformer", "units": 16, "num_layers": 4, "dropout": 0.2, "activation": "tanh", "lr": 0.0002859095533192901, "window_size": 2, "batch_size": 16, "epochs": 20, "kernel_size": 2, "attention_heads": 8}, "parameter_index": 0}',
    index: 0
  },
  placementConstraint: { type: 'None', gpus: [] }
}
[2026-05-22 22:49:04] INFO (LocalV3.local) Created trial dZOij
[2026-05-22 22:49:07] INFO (LocalV3.local) Trial parameter: dZOij {"parameter_id": 23, "parameter_source": "algorithm", "parameters": {"model_type": "Transformer", "units": 16, "num_layers": 4, "dropout": 0.2, "activation": "tanh", "lr": 0.0002859095533192901, "window_size": 2, "batch_size": 16, "epochs": 20, "kernel_size": 2, "attention_heads": 8}, "parameter_index": 0}
[2026-05-22 22:49:28] INFO (NNIManager) Trial job dZOij status changed from RUNNING to SUCCEEDED
[2026-05-22 22:49:28] INFO (NNIManager) NNIManager received command from dispatcher: TR, {"parameter_id": 24, "parameter_source": "algorithm", "parameters": {"model_type": "Transformer", "units": 128, "num_layers": 1, "dropout": 0.1, "activation": "tanh", "lr": 0.00010049144346473933, "window_size": 19, "batch_size": 32, "epochs": 15, "kernel_size": 7, "attention_heads": 2}, "parameter_index": 0}
[2026-05-22 22:49:29] INFO (NNIManager) submitTrialJob: form: {
  sequenceId: 24,
  hyperParameters: {
    value: '{"parameter_id": 24, "parameter_source": "algorithm", "parameters": {"model_type": "Transformer", "units": 128, "num_layers": 1, "dropout": 0.1, "activation": "tanh", "lr": 0.00010049144346473933, "window_size": 19, "batch_size": 32, "epochs": 15, "kernel_size": 7, "attention_heads": 2}, "parameter_index": 0}',
    index: 0
  },
  placementConstraint: { type: 'None', gpus: [] }
}
[2026-05-22 22:49:29] INFO (LocalV3.local) Created trial r3SpD
[2026-05-22 22:49:29] INFO (NNIManager) Change NNIManager status from: RUNNING to: NO_MORE_TRIAL
[2026-05-22 22:49:36] INFO (LocalV3.local) Trial parameter: r3SpD {"parameter_id": 24, "parameter_source": "algorithm", "parameters": {"model_type": "Transformer", "units": 128, "num_layers": 1, "dropout": 0.1, "activation": "tanh", "lr": 0.00010049144346473933, "window_size": 19, "batch_size": 32, "epochs": 15, "kernel_size": 7, "attention_heads": 2}, "parameter_index": 0}
[2026-05-22 22:49:38] INFO (ShutdownManager) Initiate shutdown: SIGTERM
[2026-05-22 22:49:38] INFO (RestServer) Stopping REST server.
[2026-05-22 22:49:38] INFO (NNIManager) Change NNIManager status from: NO_MORE_TRIAL to: STOPPING
[2026-05-22 22:49:38] INFO (NNIManager) Stopping experiment, cleaning up ...
[2026-05-22 22:49:38] INFO (RestServer) REST server stopped.
[2026-05-22 22:49:41] INFO (NNIManager) cancelTrialJob: r3SpD
[2026-05-22 22:49:41] INFO (LocalV3.local) Stop trial r3SpD
[2026-05-22 22:49:41] INFO (LocalV3.local) All trials stopped
[2026-05-22 22:49:41] ERROR (experiments_manager) Error: File has been locked.
    at withLockNoWait (/home/meliani/.local/lib/python3.10/site-packages/nni_node/extensions/experiments_manager/utils.js:45:15)
    at ExperimentsManager.setExperimentInfo (/home/meliani/.local/lib/python3.10/site-packages/nni_node/extensions/experiments_manager/manager.js:75:40)
    at NNIManager.setEndtime (/home/meliani/.local/lib/python3.10/site-packages/nni_node/core/nnimanager.js:814:60)
    at NNIManager.stopExperimentBottomHalf (/home/meliani/.local/lib/python3.10/site-packages/nni_node/core/nnimanager.js:336:18)
    at process.processTicksAndRejections (node:internal/process/task_queues:95:5)
    at async NNIManager.stopExperiment (/home/meliani/.local/lib/python3.10/site-packages/nni_node/core/nnimanager.js:293:9)
    at async /home/meliani/.local/lib/python3.10/site-packages/nni_node/common/globals/shutdown.js:49:17
    at async Promise.all (index 1)
[2026-05-22 22:49:41] INFO (NNIManager) Change NNIManager status from: STOPPING to: STOPPED
[2026-05-22 22:49:41] ERROR (experiments_manager) Error: File has been locked.
    at withLockNoWait (/home/meliani/.local/lib/python3.10/site-packages/nni_node/extensions/experiments_manager/utils.js:45:15)
    at ExperimentsManager.setExperimentInfo (/home/meliani/.local/lib/python3.10/site-packages/nni_node/extensions/experiments_manager/manager.js:75:40)
    at NNIManager.setStatus (/home/meliani/.local/lib/python3.10/site-packages/nni_node/core/nnimanager.js:809:64)
    at NNIManager.stopExperimentBottomHalf (/home/meliani/.local/lib/python3.10/site-packages/nni_node/core/nnimanager.js:339:14)
    at async NNIManager.stopExperiment (/home/meliani/.local/lib/python3.10/site-packages/nni_node/core/nnimanager.js:293:9)
    at async /home/meliani/.local/lib/python3.10/site-packages/nni_node/common/globals/shutdown.js:49:17
    at async Promise.all (index 1)
[2026-05-22 22:49:41] INFO (NNIManager) Experiment stopped.
[2026-05-22 22:49:41] INFO (NNITensorboardManager) Forced stopping all tensorboard task.
[2026-05-22 22:49:41] INFO (NNITensorboardManager) All tensorboard task stopped.
[2026-05-22 22:49:41] INFO (NNITensorboardManager) Tensorboard manager stopped.
[2026-05-22 22:49:41] INFO (ShutdownManager) Shutdown complete.
