[2026-05-12 15:34:56] INFO (main) Start NNI manager
[2026-05-12 15:34:56] INFO (RestServer) Starting REST server at port 8733, URL prefix: "/"
[2026-05-12 15:34:56] INFO (RestServer) REST server started.
[2026-05-12 15:34:56] INFO (NNIDataStore) Datastore initialization done
[2026-05-12 15:34:57] INFO (NNIManager) Starting experiment: 7xuy8mai
[2026-05-12 15:34:57] INFO (NNIManager) Setup training service...
[2026-05-12 15:34:57] INFO (NNIManager) Setup tuner...
[2026-05-12 15:34:57] INFO (NNIManager) Change NNIManager status from: INITIALIZED to: RUNNING
[2026-05-12 15:34:59] INFO (NNIManager) Add event listeners
[2026-05-12 15:34:59] INFO (LocalV3.local) Start
[2026-05-12 15:34:59] INFO (NNIManager) NNIManager received command from dispatcher: ID, 
[2026-05-12 15:34:59] INFO (NNIManager) NNIManager received command from dispatcher: TR, {"parameter_id": 0, "parameter_source": "algorithm", "parameters": {"model_type": "TCN", "units": 64, "num_layers": 4, "dropout": 0.2, "activation": "relu", "lr": 0.007336214949889444, "window_size": 21, "batch_size": 32, "epochs": 5, "kernel_size": 5, "attention_heads": 4}, "parameter_index": 0}
[2026-05-12 15:34:59] INFO (NNIManager) submitTrialJob: form: {
  sequenceId: 0,
  hyperParameters: {
    value: '{"parameter_id": 0, "parameter_source": "algorithm", "parameters": {"model_type": "TCN", "units": 64, "num_layers": 4, "dropout": 0.2, "activation": "relu", "lr": 0.007336214949889444, "window_size": 21, "batch_size": 32, "epochs": 5, "kernel_size": 5, "attention_heads": 4}, "parameter_index": 0}',
    index: 0
  },
  placementConstraint: { type: 'None', gpus: [] }
}
[2026-05-12 15:35:00] INFO (LocalV3.local) Register directory trial_code = /home/meliani/Desktop/phd/fast-track
[2026-05-12 15:35:00] INFO (LocalV3.local) Created trial ON5hD
[2026-05-12 15:35:02] INFO (LocalV3.local) Trial parameter: ON5hD {"parameter_id": 0, "parameter_source": "algorithm", "parameters": {"model_type": "TCN", "units": 64, "num_layers": 4, "dropout": 0.2, "activation": "relu", "lr": 0.007336214949889444, "window_size": 21, "batch_size": 32, "epochs": 5, "kernel_size": 5, "attention_heads": 4}, "parameter_index": 0}
[2026-05-12 15:35:08] INFO (NNIManager) Trial job ON5hD status changed from RUNNING to SUCCEEDED
[2026-05-12 15:35:08] INFO (NNIManager) NNIManager received command from dispatcher: TR, {"parameter_id": 1, "parameter_source": "algorithm", "parameters": {"model_type": "CNN", "units": 256, "num_layers": 2, "dropout": 0, "activation": "elu", "lr": 1.5646513547883725e-05, "window_size": 2, "batch_size": 128, "epochs": 5, "kernel_size": 5, "attention_heads": 4}, "parameter_index": 0}
[2026-05-12 15:35:09] INFO (NNIManager) submitTrialJob: form: {
  sequenceId: 1,
  hyperParameters: {
    value: '{"parameter_id": 1, "parameter_source": "algorithm", "parameters": {"model_type": "CNN", "units": 256, "num_layers": 2, "dropout": 0, "activation": "elu", "lr": 1.5646513547883725e-05, "window_size": 2, "batch_size": 128, "epochs": 5, "kernel_size": 5, "attention_heads": 4}, "parameter_index": 0}',
    index: 0
  },
  placementConstraint: { type: 'None', gpus: [] }
}
[2026-05-12 15:35:09] INFO (LocalV3.local) Created trial G2b82
[2026-05-12 15:35:11] INFO (LocalV3.local) Trial parameter: G2b82 {"parameter_id": 1, "parameter_source": "algorithm", "parameters": {"model_type": "CNN", "units": 256, "num_layers": 2, "dropout": 0, "activation": "elu", "lr": 1.5646513547883725e-05, "window_size": 2, "batch_size": 128, "epochs": 5, "kernel_size": 5, "attention_heads": 4}, "parameter_index": 0}
[2026-05-12 15:35:14] INFO (NNIManager) Trial job G2b82 status changed from RUNNING to SUCCEEDED
[2026-05-12 15:35:14] INFO (NNIManager) NNIManager received command from dispatcher: TR, {"parameter_id": 2, "parameter_source": "algorithm", "parameters": {"model_type": "LSTM", "units": 128, "num_layers": 3, "dropout": 0.1, "activation": "relu", "lr": 0.003453113108760524, "window_size": 24, "batch_size": 32, "epochs": 15, "kernel_size": 7, "attention_heads": 4}, "parameter_index": 0}
[2026-05-12 15:35:14] INFO (NNIManager) submitTrialJob: form: {
  sequenceId: 2,
  hyperParameters: {
    value: '{"parameter_id": 2, "parameter_source": "algorithm", "parameters": {"model_type": "LSTM", "units": 128, "num_layers": 3, "dropout": 0.1, "activation": "relu", "lr": 0.003453113108760524, "window_size": 24, "batch_size": 32, "epochs": 15, "kernel_size": 7, "attention_heads": 4}, "parameter_index": 0}',
    index: 0
  },
  placementConstraint: { type: 'None', gpus: [] }
}
[2026-05-12 15:35:14] INFO (LocalV3.local) Created trial Brlmg
[2026-05-12 15:35:16] INFO (LocalV3.local) Trial parameter: Brlmg {"parameter_id": 2, "parameter_source": "algorithm", "parameters": {"model_type": "LSTM", "units": 128, "num_layers": 3, "dropout": 0.1, "activation": "relu", "lr": 0.003453113108760524, "window_size": 24, "batch_size": 32, "epochs": 15, "kernel_size": 7, "attention_heads": 4}, "parameter_index": 0}
[2026-05-12 15:37:23] INFO (NNIManager) Trial job Brlmg status changed from RUNNING to SUCCEEDED
[2026-05-12 15:37:23] INFO (NNIManager) NNIManager received command from dispatcher: TR, {"parameter_id": 3, "parameter_source": "algorithm", "parameters": {"model_type": "GRU", "units": 16, "num_layers": 4, "dropout": 0.2, "activation": "tanh", "lr": 2.4787863457419685e-05, "window_size": 17, "batch_size": 64, "epochs": 20, "kernel_size": 3, "attention_heads": 8}, "parameter_index": 0}
[2026-05-12 15:37:23] INFO (NNIManager) submitTrialJob: form: {
  sequenceId: 3,
  hyperParameters: {
    value: '{"parameter_id": 3, "parameter_source": "algorithm", "parameters": {"model_type": "GRU", "units": 16, "num_layers": 4, "dropout": 0.2, "activation": "tanh", "lr": 2.4787863457419685e-05, "window_size": 17, "batch_size": 64, "epochs": 20, "kernel_size": 3, "attention_heads": 8}, "parameter_index": 0}',
    index: 0
  },
  placementConstraint: { type: 'None', gpus: [] }
}
[2026-05-12 15:37:23] INFO (LocalV3.local) Created trial Aq99O
[2026-05-12 15:37:25] INFO (LocalV3.local) Trial parameter: Aq99O {"parameter_id": 3, "parameter_source": "algorithm", "parameters": {"model_type": "GRU", "units": 16, "num_layers": 4, "dropout": 0.2, "activation": "tanh", "lr": 2.4787863457419685e-05, "window_size": 17, "batch_size": 64, "epochs": 20, "kernel_size": 3, "attention_heads": 8}, "parameter_index": 0}
[2026-05-12 15:38:14] INFO (NNIManager) Trial job Aq99O status changed from RUNNING to SUCCEEDED
[2026-05-12 15:38:14] INFO (NNIManager) NNIManager received command from dispatcher: TR, {"parameter_id": 4, "parameter_source": "algorithm", "parameters": {"model_type": "RNN", "units": 128, "num_layers": 4, "dropout": 0.3, "activation": "sigmoid", "lr": 0.0041047884416103965, "window_size": 25, "batch_size": 16, "epochs": 10, "kernel_size": 2, "attention_heads": 2}, "parameter_index": 0}
[2026-05-12 15:38:14] INFO (NNIManager) submitTrialJob: form: {
  sequenceId: 4,
  hyperParameters: {
    value: '{"parameter_id": 4, "parameter_source": "algorithm", "parameters": {"model_type": "RNN", "units": 128, "num_layers": 4, "dropout": 0.3, "activation": "sigmoid", "lr": 0.0041047884416103965, "window_size": 25, "batch_size": 16, "epochs": 10, "kernel_size": 2, "attention_heads": 2}, "parameter_index": 0}',
    index: 0
  },
  placementConstraint: { type: 'None', gpus: [] }
}
[2026-05-12 15:38:14] INFO (LocalV3.local) Created trial FmsNz
[2026-05-12 15:38:18] INFO (LocalV3.local) Trial parameter: FmsNz {"parameter_id": 4, "parameter_source": "algorithm", "parameters": {"model_type": "RNN", "units": 128, "num_layers": 4, "dropout": 0.3, "activation": "sigmoid", "lr": 0.0041047884416103965, "window_size": 25, "batch_size": 16, "epochs": 10, "kernel_size": 2, "attention_heads": 2}, "parameter_index": 0}
[2026-05-12 15:39:16] INFO (NNIManager) Trial job FmsNz status changed from RUNNING to SUCCEEDED
[2026-05-12 15:39:16] INFO (NNIManager) NNIManager received command from dispatcher: TR, {"parameter_id": 5, "parameter_source": "algorithm", "parameters": {"model_type": "MLP", "units": 32, "num_layers": 2, "dropout": 0, "activation": "relu", "lr": 0.0002788799834229707, "window_size": 7, "batch_size": 64, "epochs": 10, "kernel_size": 7, "attention_heads": 2}, "parameter_index": 0}
[2026-05-12 15:39:16] INFO (NNIManager) submitTrialJob: form: {
  sequenceId: 5,
  hyperParameters: {
    value: '{"parameter_id": 5, "parameter_source": "algorithm", "parameters": {"model_type": "MLP", "units": 32, "num_layers": 2, "dropout": 0, "activation": "relu", "lr": 0.0002788799834229707, "window_size": 7, "batch_size": 64, "epochs": 10, "kernel_size": 7, "attention_heads": 2}, "parameter_index": 0}',
    index: 0
  },
  placementConstraint: { type: 'None', gpus: [] }
}
[2026-05-12 15:39:16] INFO (LocalV3.local) Created trial SX1tb
[2026-05-12 15:39:18] INFO (LocalV3.local) Trial parameter: SX1tb {"parameter_id": 5, "parameter_source": "algorithm", "parameters": {"model_type": "MLP", "units": 32, "num_layers": 2, "dropout": 0, "activation": "relu", "lr": 0.0002788799834229707, "window_size": 7, "batch_size": 64, "epochs": 10, "kernel_size": 7, "attention_heads": 2}, "parameter_index": 0}
[2026-05-12 15:39:23] INFO (NNIManager) Trial job SX1tb status changed from RUNNING to SUCCEEDED
[2026-05-12 15:39:23] INFO (NNIManager) NNIManager received command from dispatcher: TR, {"parameter_id": 6, "parameter_source": "algorithm", "parameters": {"model_type": "TCN", "units": 64, "num_layers": 2, "dropout": 0.5, "activation": "elu", "lr": 4.350223340763939e-05, "window_size": 17, "batch_size": 32, "epochs": 20, "kernel_size": 2, "attention_heads": 4}, "parameter_index": 0}
[2026-05-12 15:39:23] INFO (NNIManager) submitTrialJob: form: {
  sequenceId: 6,
  hyperParameters: {
    value: '{"parameter_id": 6, "parameter_source": "algorithm", "parameters": {"model_type": "TCN", "units": 64, "num_layers": 2, "dropout": 0.5, "activation": "elu", "lr": 4.350223340763939e-05, "window_size": 17, "batch_size": 32, "epochs": 20, "kernel_size": 2, "attention_heads": 4}, "parameter_index": 0}',
    index: 0
  },
  placementConstraint: { type: 'None', gpus: [] }
}
[2026-05-12 15:39:23] INFO (LocalV3.local) Created trial JTu3l
[2026-05-12 15:39:25] INFO (LocalV3.local) Trial parameter: JTu3l {"parameter_id": 6, "parameter_source": "algorithm", "parameters": {"model_type": "TCN", "units": 64, "num_layers": 2, "dropout": 0.5, "activation": "elu", "lr": 4.350223340763939e-05, "window_size": 17, "batch_size": 32, "epochs": 20, "kernel_size": 2, "attention_heads": 4}, "parameter_index": 0}
[2026-05-12 15:39:41] INFO (NNIManager) Trial job JTu3l status changed from RUNNING to SUCCEEDED
[2026-05-12 15:39:41] INFO (NNIManager) NNIManager received command from dispatcher: TR, {"parameter_id": 7, "parameter_source": "algorithm", "parameters": {"model_type": "MLP", "units": 256, "num_layers": 1, "dropout": 0, "activation": "relu", "lr": 0.006865869026672863, "window_size": 3, "batch_size": 16, "epochs": 10, "kernel_size": 5, "attention_heads": 2}, "parameter_index": 0}
[2026-05-12 15:39:41] INFO (NNIManager) submitTrialJob: form: {
  sequenceId: 7,
  hyperParameters: {
    value: '{"parameter_id": 7, "parameter_source": "algorithm", "parameters": {"model_type": "MLP", "units": 256, "num_layers": 1, "dropout": 0, "activation": "relu", "lr": 0.006865869026672863, "window_size": 3, "batch_size": 16, "epochs": 10, "kernel_size": 5, "attention_heads": 2}, "parameter_index": 0}',
    index: 0
  },
  placementConstraint: { type: 'None', gpus: [] }
}
[2026-05-12 15:39:41] INFO (LocalV3.local) Created trial SEQO6
[2026-05-12 15:39:45] INFO (LocalV3.local) Trial parameter: SEQO6 {"parameter_id": 7, "parameter_source": "algorithm", "parameters": {"model_type": "MLP", "units": 256, "num_layers": 1, "dropout": 0, "activation": "relu", "lr": 0.006865869026672863, "window_size": 3, "batch_size": 16, "epochs": 10, "kernel_size": 5, "attention_heads": 2}, "parameter_index": 0}
[2026-05-12 15:39:57] INFO (NNIManager) Trial job SEQO6 status changed from RUNNING to SUCCEEDED
[2026-05-12 15:39:57] INFO (NNIManager) NNIManager received command from dispatcher: TR, {"parameter_id": 8, "parameter_source": "algorithm", "parameters": {"model_type": "Transformer", "units": 128, "num_layers": 1, "dropout": 0, "activation": "sigmoid", "lr": 1.600871918936773e-05, "window_size": 3, "batch_size": 16, "epochs": 10, "kernel_size": 5, "attention_heads": 4}, "parameter_index": 0}
[2026-05-12 15:39:58] INFO (NNIManager) submitTrialJob: form: {
  sequenceId: 8,
  hyperParameters: {
    value: '{"parameter_id": 8, "parameter_source": "algorithm", "parameters": {"model_type": "Transformer", "units": 128, "num_layers": 1, "dropout": 0, "activation": "sigmoid", "lr": 1.600871918936773e-05, "window_size": 3, "batch_size": 16, "epochs": 10, "kernel_size": 5, "attention_heads": 4}, "parameter_index": 0}',
    index: 0
  },
  placementConstraint: { type: 'None', gpus: [] }
}
[2026-05-12 15:39:58] INFO (LocalV3.local) Created trial V37dO
[2026-05-12 15:40:00] INFO (NNIManager) Change NNIManager status from: RUNNING to: NO_MORE_TRIAL
[2026-05-12 15:40:01] INFO (LocalV3.local) Trial parameter: V37dO {"parameter_id": 8, "parameter_source": "algorithm", "parameters": {"model_type": "Transformer", "units": 128, "num_layers": 1, "dropout": 0, "activation": "sigmoid", "lr": 1.600871918936773e-05, "window_size": 3, "batch_size": 16, "epochs": 10, "kernel_size": 5, "attention_heads": 4}, "parameter_index": 0}
[2026-05-12 15:40:12] INFO (ShutdownManager) Initiate shutdown: SIGTERM
[2026-05-12 15:40:12] INFO (RestServer) Stopping REST server.
[2026-05-12 15:40:12] INFO (NNIManager) Change NNIManager status from: NO_MORE_TRIAL to: STOPPING
[2026-05-12 15:40:12] INFO (NNIManager) Stopping experiment, cleaning up ...
[2026-05-12 15:40:12] INFO (RestServer) REST server stopped.
[2026-05-12 15:40:13] INFO (NNIManager) cancelTrialJob: V37dO
[2026-05-12 15:40:13] INFO (LocalV3.local) Stop trial V37dO
[2026-05-12 15:40:13] INFO (LocalV3.local) All trials stopped
[2026-05-12 15:40:13] INFO (NNIManager) Change NNIManager status from: STOPPING to: STOPPED
[2026-05-12 15:40:13] INFO (NNIManager) Experiment stopped.
[2026-05-12 15:40:13] INFO (NNITensorboardManager) Forced stopping all tensorboard task.
[2026-05-12 15:40:13] INFO (NNITensorboardManager) All tensorboard task stopped.
[2026-05-12 15:40:13] INFO (NNITensorboardManager) Tensorboard manager stopped.
[2026-05-12 15:40:13] INFO (ShutdownManager) Shutdown complete.
