[2026-05-12 21:04:23] INFO (nni.runtime.msg_dispatcher_base/MainThread) Dispatcher started
[2026-05-12 21:04:23] INFO (nni.runtime.msg_dispatcher/Thread-1 (command_queue_worker)) Initial search space: {'model_type': {'_type': 'choice', '_value': ['LSTM', 'GRU', 'CNN', 'RNN', 'TCN', 'Transformer', 'MLP']}, 'units': {'_type': 'choice', '_value': [16, 32, 64, 128, 256]}, 'num_layers': {'_type': 'choice', '_value': [1, 2, 3, 4]}, 'dropout': {'_type': 'choice', '_value': [0, 0.1, 0.2, 0.3, 0.5]}, 'activation': {'_type': 'choice', '_value': ['relu', 'tanh', 'sigmoid', 'elu']}, 'lr': {'_type': 'loguniform', '_value': [1e-05, 0.01]}, 'window_size': {'_type': 'choice', '_value': [2, 3, 4, 5, 6, 7, 8, 9, 10, 11, 12, 13, 14, 15, 16, 17, 18, 19, 20, 21, 22, 23, 24, 25, 26, 27, 28, 29, 30]}, 'batch_size': {'_type': 'choice', '_value': [16, 32, 64, 128]}, 'epochs': {'_type': 'choice', '_value': [5, 10, 15, 20]}, 'kernel_size': {'_type': 'choice', '_value': [2, 3, 5, 7]}, 'attention_heads': {'_type': 'choice', '_value': [2, 4, 8]}}
[2026-05-12 21:04:39] INFO (nni.algorithms.hpo.evolution_tuner/Thread-2 (command_queue_worker)) trial (0) end
[2026-05-12 21:05:17] INFO (nni.algorithms.hpo.evolution_tuner/Thread-2 (command_queue_worker)) trial (1) end
[2026-05-12 21:05:31] INFO (nni.algorithms.hpo.evolution_tuner/Thread-2 (command_queue_worker)) trial (2) end
[2026-05-12 21:06:03] INFO (nni.algorithms.hpo.evolution_tuner/Thread-2 (command_queue_worker)) trial (3) end
[2026-05-12 21:08:16] INFO (nni.algorithms.hpo.evolution_tuner/Thread-2 (command_queue_worker)) trial (4) end
[2026-05-12 21:08:23] INFO (nni.algorithms.hpo.evolution_tuner/Thread-2 (command_queue_worker)) trial (5) end
[2026-05-12 21:08:42] INFO (nni.algorithms.hpo.evolution_tuner/Thread-2 (command_queue_worker)) trial (6) end
[2026-05-12 21:09:01] INFO (nni.algorithms.hpo.evolution_tuner/Thread-2 (command_queue_worker)) trial (7) end
[2026-05-12 21:09:16] INFO (nni.algorithms.hpo.evolution_tuner/Thread-2 (command_queue_worker)) trial (8) end
[2026-05-12 21:11:25] INFO (nni.algorithms.hpo.evolution_tuner/Thread-2 (command_queue_worker)) trial (9) end
[2026-05-12 21:11:36] INFO (nni.algorithms.hpo.evolution_tuner/Thread-2 (command_queue_worker)) trial (10) end
[2026-05-12 21:12:50] INFO (nni.algorithms.hpo.evolution_tuner/Thread-2 (command_queue_worker)) trial (11) end
[2026-05-12 21:13:05] INFO (nni.algorithms.hpo.evolution_tuner/Thread-2 (command_queue_worker)) trial (12) end
[2026-05-12 21:13:35] INFO (nni.algorithms.hpo.evolution_tuner/Thread-2 (command_queue_worker)) trial (13) end
[2026-05-12 21:13:45] INFO (nni.algorithms.hpo.evolution_tuner/Thread-2 (command_queue_worker)) trial (14) end
[2026-05-12 21:14:05] INFO (nni.algorithms.hpo.evolution_tuner/Thread-2 (command_queue_worker)) trial (15) end
[2026-05-12 21:14:31] INFO (nni.runtime.msg_dispatcher_base/MainThread) Dispatcher exiting...
[2026-05-12 21:14:33] INFO (nni.runtime.msg_dispatcher_base/MainThread) Dispatcher terminiated
