[2026-05-12 14:26:12] INFO (main) Start NNI manager
[2026-05-12 14:26:12] INFO (RestServer) Starting REST server at port 8720, URL prefix: "/"
[2026-05-12 14:26:12] INFO (RestServer) REST server started.
[2026-05-12 14:26:12] INFO (NNIDataStore) Datastore initialization done
[2026-05-12 14:26:12] INFO (NNIManager) Starting experiment: w7dkp8ga
[2026-05-12 14:26:12] INFO (NNIManager) Setup training service...
[2026-05-12 14:26:12] INFO (NNIManager) Setup tuner...
[2026-05-12 14:26:12] INFO (NNIManager) Change NNIManager status from: INITIALIZED to: RUNNING
[2026-05-12 14:26:13] INFO (NNIManager) Add event listeners
[2026-05-12 14:26:13] INFO (LocalV3.local) Start
[2026-05-12 14:26:13] INFO (NNIManager) NNIManager received command from dispatcher: ID, 
[2026-05-12 14:26:13] INFO (NNIManager) NNIManager received command from dispatcher: TR, {"parameter_id": 0, "parameter_source": "algorithm", "parameters": {"model_type": "RNN", "units": 16, "num_layers": 2, "dropout": 0, "activation": "relu", "lr": 3.4011947611235584e-05, "window_size": 7, "batch_size": 32, "epochs": 20, "kernel_size": 7, "attention_heads": 2}, "parameter_index": 0}
[2026-05-12 14:26:14] INFO (NNIManager) submitTrialJob: form: {
  sequenceId: 0,
  hyperParameters: {
    value: '{"parameter_id": 0, "parameter_source": "algorithm", "parameters": {"model_type": "RNN", "units": 16, "num_layers": 2, "dropout": 0, "activation": "relu", "lr": 3.4011947611235584e-05, "window_size": 7, "batch_size": 32, "epochs": 20, "kernel_size": 7, "attention_heads": 2}, "parameter_index": 0}',
    index: 0
  },
  placementConstraint: { type: 'None', gpus: [] }
}
[2026-05-12 14:26:14] INFO (LocalV3.local) Register directory trial_code = /home/meliani/Desktop/phd/fast-track
[2026-05-12 14:26:14] INFO (LocalV3.local) Created trial Uwwii
[2026-05-12 14:26:16] INFO (LocalV3.local) Trial parameter: Uwwii {"parameter_id": 0, "parameter_source": "algorithm", "parameters": {"model_type": "RNN", "units": 16, "num_layers": 2, "dropout": 0, "activation": "relu", "lr": 3.4011947611235584e-05, "window_size": 7, "batch_size": 32, "epochs": 20, "kernel_size": 7, "attention_heads": 2}, "parameter_index": 0}
[2026-05-12 14:26:29] INFO (NNIManager) Trial job Uwwii status changed from RUNNING to SUCCEEDED
[2026-05-12 14:26:29] INFO (NNIManager) NNIManager received command from dispatcher: TR, {"parameter_id": 1, "parameter_source": "algorithm", "parameters": {"model_type": "LSTM", "units": 32, "num_layers": 4, "dropout": 0, "activation": "tanh", "lr": 2.1842401686547077e-05, "window_size": 30, "batch_size": 16, "epochs": 20, "kernel_size": 2, "attention_heads": 4}, "parameter_index": 0}
[2026-05-12 14:26:29] INFO (NNIManager) submitTrialJob: form: {
  sequenceId: 1,
  hyperParameters: {
    value: '{"parameter_id": 1, "parameter_source": "algorithm", "parameters": {"model_type": "LSTM", "units": 32, "num_layers": 4, "dropout": 0, "activation": "tanh", "lr": 2.1842401686547077e-05, "window_size": 30, "batch_size": 16, "epochs": 20, "kernel_size": 2, "attention_heads": 4}, "parameter_index": 0}',
    index: 0
  },
  placementConstraint: { type: 'None', gpus: [] }
}
[2026-05-12 14:26:29] INFO (LocalV3.local) Created trial f7CMZ
[2026-05-12 14:26:31] INFO (LocalV3.local) Trial parameter: f7CMZ {"parameter_id": 1, "parameter_source": "algorithm", "parameters": {"model_type": "LSTM", "units": 32, "num_layers": 4, "dropout": 0, "activation": "tanh", "lr": 2.1842401686547077e-05, "window_size": 30, "batch_size": 16, "epochs": 20, "kernel_size": 2, "attention_heads": 4}, "parameter_index": 0}
[2026-05-12 14:29:30] INFO (NNIManager) Trial job f7CMZ status changed from RUNNING to SUCCEEDED
[2026-05-12 14:29:30] INFO (NNIManager) NNIManager received command from dispatcher: TR, {"parameter_id": 2, "parameter_source": "algorithm", "parameters": {"model_type": "Transformer", "units": 16, "num_layers": 4, "dropout": 0.3, "activation": "tanh", "lr": 0.0018715385024636172, "window_size": 2, "batch_size": 64, "epochs": 5, "kernel_size": 2, "attention_heads": 4}, "parameter_index": 0}
[2026-05-12 14:29:31] INFO (NNIManager) submitTrialJob: form: {
  sequenceId: 2,
  hyperParameters: {
    value: '{"parameter_id": 2, "parameter_source": "algorithm", "parameters": {"model_type": "Transformer", "units": 16, "num_layers": 4, "dropout": 0.3, "activation": "tanh", "lr": 0.0018715385024636172, "window_size": 2, "batch_size": 64, "epochs": 5, "kernel_size": 2, "attention_heads": 4}, "parameter_index": 0}',
    index: 0
  },
  placementConstraint: { type: 'None', gpus: [] }
}
[2026-05-12 14:29:31] INFO (LocalV3.local) Created trial NrH4U
[2026-05-12 14:29:33] INFO (LocalV3.local) Trial parameter: NrH4U {"parameter_id": 2, "parameter_source": "algorithm", "parameters": {"model_type": "Transformer", "units": 16, "num_layers": 4, "dropout": 0.3, "activation": "tanh", "lr": 0.0018715385024636172, "window_size": 2, "batch_size": 64, "epochs": 5, "kernel_size": 2, "attention_heads": 4}, "parameter_index": 0}
[2026-05-12 14:29:41] INFO (NNIManager) Trial job NrH4U status changed from RUNNING to SUCCEEDED
[2026-05-12 14:29:41] INFO (NNIManager) NNIManager received command from dispatcher: TR, {"parameter_id": 3, "parameter_source": "algorithm", "parameters": {"model_type": "LSTM", "units": 16, "num_layers": 2, "dropout": 0.3, "activation": "elu", "lr": 0.00011195423215753452, "window_size": 27, "batch_size": 64, "epochs": 20, "kernel_size": 7, "attention_heads": 2}, "parameter_index": 0}
[2026-05-12 14:29:41] INFO (NNIManager) submitTrialJob: form: {
  sequenceId: 3,
  hyperParameters: {
    value: '{"parameter_id": 3, "parameter_source": "algorithm", "parameters": {"model_type": "LSTM", "units": 16, "num_layers": 2, "dropout": 0.3, "activation": "elu", "lr": 0.00011195423215753452, "window_size": 27, "batch_size": 64, "epochs": 20, "kernel_size": 7, "attention_heads": 2}, "parameter_index": 0}',
    index: 0
  },
  placementConstraint: { type: 'None', gpus: [] }
}
[2026-05-12 14:29:41] INFO (LocalV3.local) Created trial Xk67p
[2026-05-12 14:29:43] INFO (LocalV3.local) Trial parameter: Xk67p {"parameter_id": 3, "parameter_source": "algorithm", "parameters": {"model_type": "LSTM", "units": 16, "num_layers": 2, "dropout": 0.3, "activation": "elu", "lr": 0.00011195423215753452, "window_size": 27, "batch_size": 64, "epochs": 20, "kernel_size": 7, "attention_heads": 2}, "parameter_index": 0}
[2026-05-12 14:30:06] INFO (NNIManager) Trial job Xk67p status changed from RUNNING to SUCCEEDED
[2026-05-12 14:30:06] INFO (NNIManager) NNIManager received command from dispatcher: TR, {"parameter_id": 4, "parameter_source": "algorithm", "parameters": {"model_type": "TCN", "units": 128, "num_layers": 2, "dropout": 0, "activation": "tanh", "lr": 2.276632538084927e-05, "window_size": 24, "batch_size": 16, "epochs": 5, "kernel_size": 5, "attention_heads": 4}, "parameter_index": 0}
[2026-05-12 14:30:07] INFO (NNIManager) submitTrialJob: form: {
  sequenceId: 4,
  hyperParameters: {
    value: '{"parameter_id": 4, "parameter_source": "algorithm", "parameters": {"model_type": "TCN", "units": 128, "num_layers": 2, "dropout": 0, "activation": "tanh", "lr": 2.276632538084927e-05, "window_size": 24, "batch_size": 16, "epochs": 5, "kernel_size": 5, "attention_heads": 4}, "parameter_index": 0}',
    index: 0
  },
  placementConstraint: { type: 'None', gpus: [] }
}
[2026-05-12 14:30:07] INFO (LocalV3.local) Created trial yKFJF
[2026-05-12 14:30:08] INFO (LocalV3.local) Trial parameter: yKFJF {"parameter_id": 4, "parameter_source": "algorithm", "parameters": {"model_type": "TCN", "units": 128, "num_layers": 2, "dropout": 0, "activation": "tanh", "lr": 2.276632538084927e-05, "window_size": 24, "batch_size": 16, "epochs": 5, "kernel_size": 5, "attention_heads": 4}, "parameter_index": 0}
[2026-05-12 14:30:15] INFO (NNIManager) Trial job yKFJF status changed from RUNNING to SUCCEEDED
[2026-05-12 14:30:15] INFO (NNIManager) NNIManager received command from dispatcher: TR, {"parameter_id": 5, "parameter_source": "algorithm", "parameters": {"model_type": "RNN", "units": 16, "num_layers": 3, "dropout": 0.3, "activation": "sigmoid", "lr": 2.1971229143393747e-05, "window_size": 3, "batch_size": 64, "epochs": 20, "kernel_size": 5, "attention_heads": 8}, "parameter_index": 0}
[2026-05-12 14:30:16] INFO (NNIManager) submitTrialJob: form: {
  sequenceId: 5,
  hyperParameters: {
    value: '{"parameter_id": 5, "parameter_source": "algorithm", "parameters": {"model_type": "RNN", "units": 16, "num_layers": 3, "dropout": 0.3, "activation": "sigmoid", "lr": 2.1971229143393747e-05, "window_size": 3, "batch_size": 64, "epochs": 20, "kernel_size": 5, "attention_heads": 8}, "parameter_index": 0}',
    index: 0
  },
  placementConstraint: { type: 'None', gpus: [] }
}
[2026-05-12 14:30:16] INFO (LocalV3.local) Created trial j8Z9f
[2026-05-12 14:30:18] INFO (LocalV3.local) Trial parameter: j8Z9f {"parameter_id": 5, "parameter_source": "algorithm", "parameters": {"model_type": "RNN", "units": 16, "num_layers": 3, "dropout": 0.3, "activation": "sigmoid", "lr": 2.1971229143393747e-05, "window_size": 3, "batch_size": 64, "epochs": 20, "kernel_size": 5, "attention_heads": 8}, "parameter_index": 0}
[2026-05-12 14:30:27] INFO (NNIManager) Trial job j8Z9f status changed from RUNNING to SUCCEEDED
[2026-05-12 14:30:27] INFO (NNIManager) NNIManager received command from dispatcher: TR, {"parameter_id": 6, "parameter_source": "algorithm", "parameters": {"model_type": "MLP", "units": 128, "num_layers": 4, "dropout": 0.2, "activation": "tanh", "lr": 2.256379372036892e-05, "window_size": 24, "batch_size": 64, "epochs": 15, "kernel_size": 3, "attention_heads": 8}, "parameter_index": 0}
[2026-05-12 14:30:28] INFO (NNIManager) submitTrialJob: form: {
  sequenceId: 6,
  hyperParameters: {
    value: '{"parameter_id": 6, "parameter_source": "algorithm", "parameters": {"model_type": "MLP", "units": 128, "num_layers": 4, "dropout": 0.2, "activation": "tanh", "lr": 2.256379372036892e-05, "window_size": 24, "batch_size": 64, "epochs": 15, "kernel_size": 3, "attention_heads": 8}, "parameter_index": 0}',
    index: 0
  },
  placementConstraint: { type: 'None', gpus: [] }
}
[2026-05-12 14:30:28] INFO (LocalV3.local) Created trial QuGLs
[2026-05-12 14:30:29] INFO (LocalV3.local) Trial parameter: QuGLs {"parameter_id": 6, "parameter_source": "algorithm", "parameters": {"model_type": "MLP", "units": 128, "num_layers": 4, "dropout": 0.2, "activation": "tanh", "lr": 2.256379372036892e-05, "window_size": 24, "batch_size": 64, "epochs": 15, "kernel_size": 3, "attention_heads": 8}, "parameter_index": 0}
[2026-05-12 14:30:35] INFO (NNIManager) Trial job QuGLs status changed from RUNNING to SUCCEEDED
[2026-05-12 14:30:35] INFO (NNIManager) NNIManager received command from dispatcher: TR, {"parameter_id": 7, "parameter_source": "algorithm", "parameters": {"model_type": "TCN", "units": 32, "num_layers": 4, "dropout": 0.3, "activation": "tanh", "lr": 0.0007743941084894321, "window_size": 16, "batch_size": 64, "epochs": 10, "kernel_size": 3, "attention_heads": 4}, "parameter_index": 0}
[2026-05-12 14:30:36] INFO (NNIManager) submitTrialJob: form: {
  sequenceId: 7,
  hyperParameters: {
    value: '{"parameter_id": 7, "parameter_source": "algorithm", "parameters": {"model_type": "TCN", "units": 32, "num_layers": 4, "dropout": 0.3, "activation": "tanh", "lr": 0.0007743941084894321, "window_size": 16, "batch_size": 64, "epochs": 10, "kernel_size": 3, "attention_heads": 4}, "parameter_index": 0}',
    index: 0
  },
  placementConstraint: { type: 'None', gpus: [] }
}
[2026-05-12 14:30:36] INFO (LocalV3.local) Created trial v3YcG
[2026-05-12 14:30:37] INFO (LocalV3.local) Trial parameter: v3YcG {"parameter_id": 7, "parameter_source": "algorithm", "parameters": {"model_type": "TCN", "units": 32, "num_layers": 4, "dropout": 0.3, "activation": "tanh", "lr": 0.0007743941084894321, "window_size": 16, "batch_size": 64, "epochs": 10, "kernel_size": 3, "attention_heads": 4}, "parameter_index": 0}
[2026-05-12 14:30:43] INFO (NNIManager) Trial job v3YcG status changed from RUNNING to SUCCEEDED
[2026-05-12 14:30:43] INFO (NNIManager) NNIManager received command from dispatcher: TR, {"parameter_id": 8, "parameter_source": "algorithm", "parameters": {"model_type": "Transformer", "units": 64, "num_layers": 3, "dropout": 0.3, "activation": "elu", "lr": 5.8549211344468827e-05, "window_size": 22, "batch_size": 32, "epochs": 5, "kernel_size": 7, "attention_heads": 4}, "parameter_index": 0}
[2026-05-12 14:30:44] INFO (NNIManager) submitTrialJob: form: {
  sequenceId: 8,
  hyperParameters: {
    value: '{"parameter_id": 8, "parameter_source": "algorithm", "parameters": {"model_type": "Transformer", "units": 64, "num_layers": 3, "dropout": 0.3, "activation": "elu", "lr": 5.8549211344468827e-05, "window_size": 22, "batch_size": 32, "epochs": 5, "kernel_size": 7, "attention_heads": 4}, "parameter_index": 0}',
    index: 0
  },
  placementConstraint: { type: 'None', gpus: [] }
}
[2026-05-12 14:30:44] INFO (LocalV3.local) Created trial BDjKn
[2026-05-12 14:30:46] INFO (LocalV3.local) Trial parameter: BDjKn {"parameter_id": 8, "parameter_source": "algorithm", "parameters": {"model_type": "Transformer", "units": 64, "num_layers": 3, "dropout": 0.3, "activation": "elu", "lr": 5.8549211344468827e-05, "window_size": 22, "batch_size": 32, "epochs": 5, "kernel_size": 7, "attention_heads": 4}, "parameter_index": 0}
[2026-05-12 14:31:15] INFO (NNIManager) Change NNIManager status from: RUNNING to: NO_MORE_TRIAL
[2026-05-12 14:31:24] INFO (ShutdownManager) Initiate shutdown: SIGTERM
[2026-05-12 14:31:24] INFO (RestServer) Stopping REST server.
[2026-05-12 14:31:24] INFO (NNIManager) Change NNIManager status from: NO_MORE_TRIAL to: STOPPING
[2026-05-12 14:31:24] INFO (NNIManager) Stopping experiment, cleaning up ...
[2026-05-12 14:31:24] INFO (RestServer) REST server stopped.
[2026-05-12 14:31:26] INFO (LocalV3.local) All trials stopped
[2026-05-12 14:31:26] INFO (NNIManager) Change NNIManager status from: STOPPING to: STOPPED
[2026-05-12 14:31:26] INFO (NNIManager) Experiment stopped.
[2026-05-12 14:31:26] INFO (NNITensorboardManager) Forced stopping all tensorboard task.
[2026-05-12 14:31:26] INFO (NNITensorboardManager) All tensorboard task stopped.
[2026-05-12 14:31:26] INFO (NNITensorboardManager) Tensorboard manager stopped.
[2026-05-12 14:31:26] INFO (ShutdownManager) Shutdown complete.
