[2026-05-19 00:25:36] INFO (main) Start NNI manager
[2026-05-19 00:25:36] INFO (RestServer) Starting REST server at port 8190, URL prefix: "/"
[2026-05-19 00:25:36] INFO (RestServer) REST server started.
[2026-05-19 00:25:36] INFO (NNIDataStore) Datastore initialization done
[2026-05-19 00:25:37] INFO (NNIManager) Starting experiment: iln16c89
[2026-05-19 00:25:37] INFO (NNIManager) Setup training service...
[2026-05-19 00:25:37] INFO (NNIManager) Setup tuner...
[2026-05-19 00:25:37] INFO (NNIManager) Change NNIManager status from: INITIALIZED to: RUNNING
[2026-05-19 00:25:38] INFO (NNIManager) Add event listeners
[2026-05-19 00:25:38] INFO (LocalV3.local) Start
[2026-05-19 00:25:38] INFO (NNIManager) NNIManager received command from dispatcher: ID, 
[2026-05-19 00:25:38] INFO (NNIManager) NNIManager received command from dispatcher: TR, {"parameter_id": 0, "parameter_source": "algorithm", "parameters": {"model_type": "LSTM", "units": 16, "num_layers": 1, "dropout": 0.3, "activation": "relu", "lr": 0.00020584698656481455, "window_size": 5, "batch_size": 16, "epochs": 20, "kernel_size": 7, "attention_heads": 8}, "parameter_index": 0}
[2026-05-19 00:25:39] INFO (NNIManager) submitTrialJob: form: {
  sequenceId: 0,
  hyperParameters: {
    value: '{"parameter_id": 0, "parameter_source": "algorithm", "parameters": {"model_type": "LSTM", "units": 16, "num_layers": 1, "dropout": 0.3, "activation": "relu", "lr": 0.00020584698656481455, "window_size": 5, "batch_size": 16, "epochs": 20, "kernel_size": 7, "attention_heads": 8}, "parameter_index": 0}',
    index: 0
  },
  placementConstraint: { type: 'None', gpus: [] }
}
[2026-05-19 00:25:39] INFO (LocalV3.local) Register directory trial_code = /home/meliani/Desktop/phd/fast-track
[2026-05-19 00:25:39] INFO (LocalV3.local) Created trial YPoPk
[2026-05-19 00:25:41] INFO (LocalV3.local) Trial parameter: YPoPk {"parameter_id": 0, "parameter_source": "algorithm", "parameters": {"model_type": "LSTM", "units": 16, "num_layers": 1, "dropout": 0.3, "activation": "relu", "lr": 0.00020584698656481455, "window_size": 5, "batch_size": 16, "epochs": 20, "kernel_size": 7, "attention_heads": 8}, "parameter_index": 0}
[2026-05-19 00:25:58] INFO (NNIManager) Trial job YPoPk status changed from RUNNING to SUCCEEDED
[2026-05-19 00:25:58] INFO (NNIManager) NNIManager received command from dispatcher: TR, {"parameter_id": 1, "parameter_source": "algorithm", "parameters": {"model_type": "LSTM", "units": 128, "num_layers": 3, "dropout": 0.1, "activation": "elu", "lr": 0.005227578877308896, "window_size": 8, "batch_size": 32, "epochs": 10, "kernel_size": 2, "attention_heads": 4}, "parameter_index": 0}
[2026-05-19 00:25:59] INFO (NNIManager) submitTrialJob: form: {
  sequenceId: 1,
  hyperParameters: {
    value: '{"parameter_id": 1, "parameter_source": "algorithm", "parameters": {"model_type": "LSTM", "units": 128, "num_layers": 3, "dropout": 0.1, "activation": "elu", "lr": 0.005227578877308896, "window_size": 8, "batch_size": 32, "epochs": 10, "kernel_size": 2, "attention_heads": 4}, "parameter_index": 0}',
    index: 0
  },
  placementConstraint: { type: 'None', gpus: [] }
}
[2026-05-19 00:25:59] INFO (LocalV3.local) Created trial f0DdX
[2026-05-19 00:26:01] INFO (LocalV3.local) Trial parameter: f0DdX {"parameter_id": 1, "parameter_source": "algorithm", "parameters": {"model_type": "LSTM", "units": 128, "num_layers": 3, "dropout": 0.1, "activation": "elu", "lr": 0.005227578877308896, "window_size": 8, "batch_size": 32, "epochs": 10, "kernel_size": 2, "attention_heads": 4}, "parameter_index": 0}
[2026-05-19 00:26:35] INFO (NNIManager) Trial job f0DdX status changed from RUNNING to SUCCEEDED
[2026-05-19 00:26:35] INFO (NNIManager) NNIManager received command from dispatcher: TR, {"parameter_id": 2, "parameter_source": "algorithm", "parameters": {"model_type": "CNN", "units": 64, "num_layers": 2, "dropout": 0.1, "activation": "sigmoid", "lr": 0.00023666824551432257, "window_size": 22, "batch_size": 32, "epochs": 10, "kernel_size": 2, "attention_heads": 4}, "parameter_index": 0}
[2026-05-19 00:26:36] INFO (NNIManager) submitTrialJob: form: {
  sequenceId: 2,
  hyperParameters: {
    value: '{"parameter_id": 2, "parameter_source": "algorithm", "parameters": {"model_type": "CNN", "units": 64, "num_layers": 2, "dropout": 0.1, "activation": "sigmoid", "lr": 0.00023666824551432257, "window_size": 22, "batch_size": 32, "epochs": 10, "kernel_size": 2, "attention_heads": 4}, "parameter_index": 0}',
    index: 0
  },
  placementConstraint: { type: 'None', gpus: [] }
}
[2026-05-19 00:26:36] INFO (LocalV3.local) Created trial YwtV2
[2026-05-19 00:26:38] INFO (LocalV3.local) Trial parameter: YwtV2 {"parameter_id": 2, "parameter_source": "algorithm", "parameters": {"model_type": "CNN", "units": 64, "num_layers": 2, "dropout": 0.1, "activation": "sigmoid", "lr": 0.00023666824551432257, "window_size": 22, "batch_size": 32, "epochs": 10, "kernel_size": 2, "attention_heads": 4}, "parameter_index": 0}
[2026-05-19 00:26:45] INFO (NNIManager) Trial job YwtV2 status changed from RUNNING to SUCCEEDED
[2026-05-19 00:26:45] INFO (NNIManager) NNIManager received command from dispatcher: TR, {"parameter_id": 3, "parameter_source": "algorithm", "parameters": {"model_type": "LSTM", "units": 64, "num_layers": 1, "dropout": 0.1, "activation": "elu", "lr": 0.0005344434906701651, "window_size": 6, "batch_size": 32, "epochs": 10, "kernel_size": 3, "attention_heads": 4}, "parameter_index": 0}
[2026-05-19 00:26:46] INFO (NNIManager) submitTrialJob: form: {
  sequenceId: 3,
  hyperParameters: {
    value: '{"parameter_id": 3, "parameter_source": "algorithm", "parameters": {"model_type": "LSTM", "units": 64, "num_layers": 1, "dropout": 0.1, "activation": "elu", "lr": 0.0005344434906701651, "window_size": 6, "batch_size": 32, "epochs": 10, "kernel_size": 3, "attention_heads": 4}, "parameter_index": 0}',
    index: 0
  },
  placementConstraint: { type: 'None', gpus: [] }
}
[2026-05-19 00:26:46] INFO (LocalV3.local) Created trial RuvQw
[2026-05-19 00:26:48] INFO (LocalV3.local) Trial parameter: RuvQw {"parameter_id": 3, "parameter_source": "algorithm", "parameters": {"model_type": "LSTM", "units": 64, "num_layers": 1, "dropout": 0.1, "activation": "elu", "lr": 0.0005344434906701651, "window_size": 6, "batch_size": 32, "epochs": 10, "kernel_size": 3, "attention_heads": 4}, "parameter_index": 0}
[2026-05-19 00:26:56] INFO (NNIManager) Trial job RuvQw status changed from RUNNING to SUCCEEDED
[2026-05-19 00:26:57] INFO (NNIManager) NNIManager received command from dispatcher: TR, {"parameter_id": 4, "parameter_source": "algorithm", "parameters": {"model_type": "GRU", "units": 32, "num_layers": 4, "dropout": 0.2, "activation": "elu", "lr": 0.001041748742541331, "window_size": 14, "batch_size": 64, "epochs": 20, "kernel_size": 7, "attention_heads": 4}, "parameter_index": 0}
[2026-05-19 00:26:57] INFO (NNIManager) submitTrialJob: form: {
  sequenceId: 4,
  hyperParameters: {
    value: '{"parameter_id": 4, "parameter_source": "algorithm", "parameters": {"model_type": "GRU", "units": 32, "num_layers": 4, "dropout": 0.2, "activation": "elu", "lr": 0.001041748742541331, "window_size": 14, "batch_size": 64, "epochs": 20, "kernel_size": 7, "attention_heads": 4}, "parameter_index": 0}',
    index: 0
  },
  placementConstraint: { type: 'None', gpus: [] }
}
[2026-05-19 00:26:57] INFO (LocalV3.local) Created trial dXEQG
[2026-05-19 00:27:00] INFO (LocalV3.local) Trial parameter: dXEQG {"parameter_id": 4, "parameter_source": "algorithm", "parameters": {"model_type": "GRU", "units": 32, "num_layers": 4, "dropout": 0.2, "activation": "elu", "lr": 0.001041748742541331, "window_size": 14, "batch_size": 64, "epochs": 20, "kernel_size": 7, "attention_heads": 4}, "parameter_index": 0}
[2026-05-19 00:27:38] INFO (NNIManager) Trial job dXEQG status changed from RUNNING to SUCCEEDED
[2026-05-19 00:27:38] INFO (NNIManager) NNIManager received command from dispatcher: TR, {"parameter_id": 5, "parameter_source": "algorithm", "parameters": {"model_type": "CNN", "units": 16, "num_layers": 2, "dropout": 0.5, "activation": "sigmoid", "lr": 0.00041526252850333404, "window_size": 9, "batch_size": 32, "epochs": 10, "kernel_size": 7, "attention_heads": 4}, "parameter_index": 0}
[2026-05-19 00:27:39] INFO (NNIManager) submitTrialJob: form: {
  sequenceId: 5,
  hyperParameters: {
    value: '{"parameter_id": 5, "parameter_source": "algorithm", "parameters": {"model_type": "CNN", "units": 16, "num_layers": 2, "dropout": 0.5, "activation": "sigmoid", "lr": 0.00041526252850333404, "window_size": 9, "batch_size": 32, "epochs": 10, "kernel_size": 7, "attention_heads": 4}, "parameter_index": 0}',
    index: 0
  },
  placementConstraint: { type: 'None', gpus: [] }
}
[2026-05-19 00:27:39] INFO (LocalV3.local) Created trial yx7hj
[2026-05-19 00:27:41] INFO (LocalV3.local) Trial parameter: yx7hj {"parameter_id": 5, "parameter_source": "algorithm", "parameters": {"model_type": "CNN", "units": 16, "num_layers": 2, "dropout": 0.5, "activation": "sigmoid", "lr": 0.00041526252850333404, "window_size": 9, "batch_size": 32, "epochs": 10, "kernel_size": 7, "attention_heads": 4}, "parameter_index": 0}
[2026-05-19 00:27:46] INFO (NNIManager) Trial job yx7hj status changed from RUNNING to SUCCEEDED
[2026-05-19 00:27:46] INFO (NNIManager) NNIManager received command from dispatcher: TR, {"parameter_id": 6, "parameter_source": "algorithm", "parameters": {"model_type": "MLP", "units": 128, "num_layers": 1, "dropout": 0.5, "activation": "relu", "lr": 0.0005035259333362373, "window_size": 29, "batch_size": 64, "epochs": 20, "kernel_size": 3, "attention_heads": 2}, "parameter_index": 0}
[2026-05-19 00:27:46] INFO (NNIManager) submitTrialJob: form: {
  sequenceId: 6,
  hyperParameters: {
    value: '{"parameter_id": 6, "parameter_source": "algorithm", "parameters": {"model_type": "MLP", "units": 128, "num_layers": 1, "dropout": 0.5, "activation": "relu", "lr": 0.0005035259333362373, "window_size": 29, "batch_size": 64, "epochs": 20, "kernel_size": 3, "attention_heads": 2}, "parameter_index": 0}',
    index: 0
  },
  placementConstraint: { type: 'None', gpus: [] }
}
[2026-05-19 00:27:46] INFO (LocalV3.local) Created trial SKH5T
[2026-05-19 00:27:48] INFO (LocalV3.local) Trial parameter: SKH5T {"parameter_id": 6, "parameter_source": "algorithm", "parameters": {"model_type": "MLP", "units": 128, "num_layers": 1, "dropout": 0.5, "activation": "relu", "lr": 0.0005035259333362373, "window_size": 29, "batch_size": 64, "epochs": 20, "kernel_size": 3, "attention_heads": 2}, "parameter_index": 0}
[2026-05-19 00:27:54] INFO (NNIManager) Trial job SKH5T status changed from RUNNING to SUCCEEDED
[2026-05-19 00:27:54] INFO (NNIManager) NNIManager received command from dispatcher: TR, {"parameter_id": 7, "parameter_source": "algorithm", "parameters": {"model_type": "LSTM", "units": 64, "num_layers": 4, "dropout": 0, "activation": "tanh", "lr": 0.0025893177015252344, "window_size": 20, "batch_size": 64, "epochs": 10, "kernel_size": 5, "attention_heads": 8}, "parameter_index": 0}
[2026-05-19 00:27:54] INFO (NNIManager) submitTrialJob: form: {
  sequenceId: 7,
  hyperParameters: {
    value: '{"parameter_id": 7, "parameter_source": "algorithm", "parameters": {"model_type": "LSTM", "units": 64, "num_layers": 4, "dropout": 0, "activation": "tanh", "lr": 0.0025893177015252344, "window_size": 20, "batch_size": 64, "epochs": 10, "kernel_size": 5, "attention_heads": 8}, "parameter_index": 0}',
    index: 0
  },
  placementConstraint: { type: 'None', gpus: [] }
}
[2026-05-19 00:27:54] INFO (LocalV3.local) Created trial tEXEe
[2026-05-19 00:27:56] INFO (LocalV3.local) Trial parameter: tEXEe {"parameter_id": 7, "parameter_source": "algorithm", "parameters": {"model_type": "LSTM", "units": 64, "num_layers": 4, "dropout": 0, "activation": "tanh", "lr": 0.0025893177015252344, "window_size": 20, "batch_size": 64, "epochs": 10, "kernel_size": 5, "attention_heads": 8}, "parameter_index": 0}
[2026-05-19 00:28:34] INFO (NNIManager) Trial job tEXEe status changed from RUNNING to SUCCEEDED
[2026-05-19 00:28:34] INFO (NNIManager) NNIManager received command from dispatcher: TR, {"parameter_id": 8, "parameter_source": "algorithm", "parameters": {"model_type": "Transformer", "units": 32, "num_layers": 4, "dropout": 0.2, "activation": "tanh", "lr": 0.006338502341217351, "window_size": 11, "batch_size": 64, "epochs": 5, "kernel_size": 3, "attention_heads": 2}, "parameter_index": 0}
[2026-05-19 00:28:34] INFO (NNIManager) submitTrialJob: form: {
  sequenceId: 8,
  hyperParameters: {
    value: '{"parameter_id": 8, "parameter_source": "algorithm", "parameters": {"model_type": "Transformer", "units": 32, "num_layers": 4, "dropout": 0.2, "activation": "tanh", "lr": 0.006338502341217351, "window_size": 11, "batch_size": 64, "epochs": 5, "kernel_size": 3, "attention_heads": 2}, "parameter_index": 0}',
    index: 0
  },
  placementConstraint: { type: 'None', gpus: [] }
}
[2026-05-19 00:28:34] INFO (LocalV3.local) Created trial U2ZGE
[2026-05-19 00:28:36] INFO (LocalV3.local) Trial parameter: U2ZGE {"parameter_id": 8, "parameter_source": "algorithm", "parameters": {"model_type": "Transformer", "units": 32, "num_layers": 4, "dropout": 0.2, "activation": "tanh", "lr": 0.006338502341217351, "window_size": 11, "batch_size": 64, "epochs": 5, "kernel_size": 3, "attention_heads": 2}, "parameter_index": 0}
[2026-05-19 00:28:49] INFO (NNIManager) Trial job U2ZGE status changed from RUNNING to SUCCEEDED
[2026-05-19 00:28:49] INFO (NNIManager) NNIManager received command from dispatcher: TR, {"parameter_id": 9, "parameter_source": "algorithm", "parameters": {"model_type": "LSTM", "units": 32, "num_layers": 1, "dropout": 0.1, "activation": "elu", "lr": 0.00033596235317698026, "window_size": 23, "batch_size": 16, "epochs": 5, "kernel_size": 7, "attention_heads": 8}, "parameter_index": 0}
[2026-05-19 00:28:49] INFO (NNIManager) submitTrialJob: form: {
  sequenceId: 9,
  hyperParameters: {
    value: '{"parameter_id": 9, "parameter_source": "algorithm", "parameters": {"model_type": "LSTM", "units": 32, "num_layers": 1, "dropout": 0.1, "activation": "elu", "lr": 0.00033596235317698026, "window_size": 23, "batch_size": 16, "epochs": 5, "kernel_size": 7, "attention_heads": 8}, "parameter_index": 0}',
    index: 0
  },
  placementConstraint: { type: 'None', gpus: [] }
}
[2026-05-19 00:28:49] INFO (LocalV3.local) Created trial yBxqZ
[2026-05-19 00:28:51] INFO (LocalV3.local) Trial parameter: yBxqZ {"parameter_id": 9, "parameter_source": "algorithm", "parameters": {"model_type": "LSTM", "units": 32, "num_layers": 1, "dropout": 0.1, "activation": "elu", "lr": 0.00033596235317698026, "window_size": 23, "batch_size": 16, "epochs": 5, "kernel_size": 7, "attention_heads": 8}, "parameter_index": 0}
[2026-05-19 00:29:02] INFO (NNIManager) Trial job yBxqZ status changed from RUNNING to SUCCEEDED
[2026-05-19 00:29:02] INFO (NNIManager) NNIManager received command from dispatcher: TR, {"parameter_id": 10, "parameter_source": "algorithm", "parameters": {"model_type": "RNN", "units": 128, "num_layers": 1, "dropout": 0.5, "activation": "tanh", "lr": 2.2737780777456177e-05, "window_size": 12, "batch_size": 64, "epochs": 10, "kernel_size": 7, "attention_heads": 8}, "parameter_index": 0}
[2026-05-19 00:29:03] INFO (NNIManager) submitTrialJob: form: {
  sequenceId: 10,
  hyperParameters: {
    value: '{"parameter_id": 10, "parameter_source": "algorithm", "parameters": {"model_type": "RNN", "units": 128, "num_layers": 1, "dropout": 0.5, "activation": "tanh", "lr": 2.2737780777456177e-05, "window_size": 12, "batch_size": 64, "epochs": 10, "kernel_size": 7, "attention_heads": 8}, "parameter_index": 0}',
    index: 0
  },
  placementConstraint: { type: 'None', gpus: [] }
}
[2026-05-19 00:29:03] INFO (LocalV3.local) Created trial p29Yk
[2026-05-19 00:29:05] INFO (LocalV3.local) Trial parameter: p29Yk {"parameter_id": 10, "parameter_source": "algorithm", "parameters": {"model_type": "RNN", "units": 128, "num_layers": 1, "dropout": 0.5, "activation": "tanh", "lr": 2.2737780777456177e-05, "window_size": 12, "batch_size": 64, "epochs": 10, "kernel_size": 7, "attention_heads": 8}, "parameter_index": 0}
[2026-05-19 00:29:10] INFO (NNIManager) Trial job p29Yk status changed from RUNNING to SUCCEEDED
[2026-05-19 00:29:10] INFO (NNIManager) NNIManager received command from dispatcher: TR, {"parameter_id": 11, "parameter_source": "algorithm", "parameters": {"model_type": "GRU", "units": 64, "num_layers": 4, "dropout": 0.1, "activation": "relu", "lr": 0.0023814535593409706, "window_size": 15, "batch_size": 16, "epochs": 20, "kernel_size": 5, "attention_heads": 2}, "parameter_index": 0}
[2026-05-19 00:29:10] INFO (NNIManager) submitTrialJob: form: {
  sequenceId: 11,
  hyperParameters: {
    value: '{"parameter_id": 11, "parameter_source": "algorithm", "parameters": {"model_type": "GRU", "units": 64, "num_layers": 4, "dropout": 0.1, "activation": "relu", "lr": 0.0023814535593409706, "window_size": 15, "batch_size": 16, "epochs": 20, "kernel_size": 5, "attention_heads": 2}, "parameter_index": 0}',
    index: 0
  },
  placementConstraint: { type: 'None', gpus: [] }
}
[2026-05-19 00:29:10] INFO (LocalV3.local) Created trial gOsDY
[2026-05-19 00:29:12] INFO (LocalV3.local) Trial parameter: gOsDY {"parameter_id": 11, "parameter_source": "algorithm", "parameters": {"model_type": "GRU", "units": 64, "num_layers": 4, "dropout": 0.1, "activation": "relu", "lr": 0.0023814535593409706, "window_size": 15, "batch_size": 16, "epochs": 20, "kernel_size": 5, "attention_heads": 2}, "parameter_index": 0}
[2026-05-19 00:31:15] INFO (NNIManager) Trial job gOsDY status changed from RUNNING to SUCCEEDED
[2026-05-19 00:31:15] INFO (NNIManager) NNIManager received command from dispatcher: TR, {"parameter_id": 12, "parameter_source": "algorithm", "parameters": {"model_type": "RNN", "units": 128, "num_layers": 1, "dropout": 0.1, "activation": "relu", "lr": 0.00036269436122454636, "window_size": 21, "batch_size": 64, "epochs": 20, "kernel_size": 5, "attention_heads": 4}, "parameter_index": 0}
[2026-05-19 00:31:16] INFO (NNIManager) submitTrialJob: form: {
  sequenceId: 12,
  hyperParameters: {
    value: '{"parameter_id": 12, "parameter_source": "algorithm", "parameters": {"model_type": "RNN", "units": 128, "num_layers": 1, "dropout": 0.1, "activation": "relu", "lr": 0.00036269436122454636, "window_size": 21, "batch_size": 64, "epochs": 20, "kernel_size": 5, "attention_heads": 4}, "parameter_index": 0}',
    index: 0
  },
  placementConstraint: { type: 'None', gpus: [] }
}
[2026-05-19 00:31:16] INFO (LocalV3.local) Created trial dMCSO
[2026-05-19 00:31:18] INFO (LocalV3.local) Trial parameter: dMCSO {"parameter_id": 12, "parameter_source": "algorithm", "parameters": {"model_type": "RNN", "units": 128, "num_layers": 1, "dropout": 0.1, "activation": "relu", "lr": 0.00036269436122454636, "window_size": 21, "batch_size": 64, "epochs": 20, "kernel_size": 5, "attention_heads": 4}, "parameter_index": 0}
[2026-05-19 00:31:30] INFO (NNIManager) Trial job dMCSO status changed from RUNNING to SUCCEEDED
[2026-05-19 00:31:30] INFO (NNIManager) NNIManager received command from dispatcher: TR, {"parameter_id": 13, "parameter_source": "algorithm", "parameters": {"model_type": "LSTM", "units": 16, "num_layers": 3, "dropout": 0.3, "activation": "sigmoid", "lr": 0.0003660433793235594, "window_size": 5, "batch_size": 64, "epochs": 15, "kernel_size": 2, "attention_heads": 2}, "parameter_index": 0}
[2026-05-19 00:31:30] INFO (NNIManager) submitTrialJob: form: {
  sequenceId: 13,
  hyperParameters: {
    value: '{"parameter_id": 13, "parameter_source": "algorithm", "parameters": {"model_type": "LSTM", "units": 16, "num_layers": 3, "dropout": 0.3, "activation": "sigmoid", "lr": 0.0003660433793235594, "window_size": 5, "batch_size": 64, "epochs": 15, "kernel_size": 2, "attention_heads": 2}, "parameter_index": 0}',
    index: 0
  },
  placementConstraint: { type: 'None', gpus: [] }
}
[2026-05-19 00:31:30] INFO (LocalV3.local) Created trial V4fak
[2026-05-19 00:31:32] INFO (LocalV3.local) Trial parameter: V4fak {"parameter_id": 13, "parameter_source": "algorithm", "parameters": {"model_type": "LSTM", "units": 16, "num_layers": 3, "dropout": 0.3, "activation": "sigmoid", "lr": 0.0003660433793235594, "window_size": 5, "batch_size": 64, "epochs": 15, "kernel_size": 2, "attention_heads": 2}, "parameter_index": 0}
[2026-05-19 00:31:46] INFO (NNIManager) Trial job V4fak status changed from RUNNING to SUCCEEDED
[2026-05-19 00:31:46] INFO (NNIManager) NNIManager received command from dispatcher: TR, {"parameter_id": 14, "parameter_source": "algorithm", "parameters": {"model_type": "TCN", "units": 32, "num_layers": 3, "dropout": 0, "activation": "elu", "lr": 0.00044777766429610224, "window_size": 11, "batch_size": 32, "epochs": 20, "kernel_size": 3, "attention_heads": 4}, "parameter_index": 0}
[2026-05-19 00:31:47] INFO (NNIManager) submitTrialJob: form: {
  sequenceId: 14,
  hyperParameters: {
    value: '{"parameter_id": 14, "parameter_source": "algorithm", "parameters": {"model_type": "TCN", "units": 32, "num_layers": 3, "dropout": 0, "activation": "elu", "lr": 0.00044777766429610224, "window_size": 11, "batch_size": 32, "epochs": 20, "kernel_size": 3, "attention_heads": 4}, "parameter_index": 0}',
    index: 0
  },
  placementConstraint: { type: 'None', gpus: [] }
}
[2026-05-19 00:31:47] INFO (LocalV3.local) Created trial dbzdw
[2026-05-19 00:31:49] INFO (LocalV3.local) Trial parameter: dbzdw {"parameter_id": 14, "parameter_source": "algorithm", "parameters": {"model_type": "TCN", "units": 32, "num_layers": 3, "dropout": 0, "activation": "elu", "lr": 0.00044777766429610224, "window_size": 11, "batch_size": 32, "epochs": 20, "kernel_size": 3, "attention_heads": 4}, "parameter_index": 0}
[2026-05-19 00:32:00] INFO (NNIManager) Trial job dbzdw status changed from RUNNING to SUCCEEDED
[2026-05-19 00:32:00] INFO (NNIManager) NNIManager received command from dispatcher: TR, {"parameter_id": 15, "parameter_source": "algorithm", "parameters": {"model_type": "GRU", "units": 128, "num_layers": 3, "dropout": 0.2, "activation": "relu", "lr": 1.1151276255469742e-05, "window_size": 13, "batch_size": 64, "epochs": 5, "kernel_size": 7, "attention_heads": 4}, "parameter_index": 0}
[2026-05-19 00:32:00] INFO (NNIManager) submitTrialJob: form: {
  sequenceId: 15,
  hyperParameters: {
    value: '{"parameter_id": 15, "parameter_source": "algorithm", "parameters": {"model_type": "GRU", "units": 128, "num_layers": 3, "dropout": 0.2, "activation": "relu", "lr": 1.1151276255469742e-05, "window_size": 13, "batch_size": 64, "epochs": 5, "kernel_size": 7, "attention_heads": 4}, "parameter_index": 0}',
    index: 0
  },
  placementConstraint: { type: 'None', gpus: [] }
}
[2026-05-19 00:32:00] INFO (LocalV3.local) Created trial Fc0ww
[2026-05-19 00:32:02] INFO (LocalV3.local) Trial parameter: Fc0ww {"parameter_id": 15, "parameter_source": "algorithm", "parameters": {"model_type": "GRU", "units": 128, "num_layers": 3, "dropout": 0.2, "activation": "relu", "lr": 1.1151276255469742e-05, "window_size": 13, "batch_size": 64, "epochs": 5, "kernel_size": 7, "attention_heads": 4}, "parameter_index": 0}
[2026-05-19 00:32:21] INFO (NNIManager) Trial job Fc0ww status changed from RUNNING to SUCCEEDED
[2026-05-19 00:32:21] INFO (NNIManager) NNIManager received command from dispatcher: TR, {"parameter_id": 16, "parameter_source": "algorithm", "parameters": {"model_type": "TCN", "units": 64, "num_layers": 3, "dropout": 0.1, "activation": "tanh", "lr": 0.00010086104323659094, "window_size": 27, "batch_size": 128, "epochs": 10, "kernel_size": 5, "attention_heads": 2}, "parameter_index": 0}
[2026-05-19 00:32:22] INFO (NNIManager) submitTrialJob: form: {
  sequenceId: 16,
  hyperParameters: {
    value: '{"parameter_id": 16, "parameter_source": "algorithm", "parameters": {"model_type": "TCN", "units": 64, "num_layers": 3, "dropout": 0.1, "activation": "tanh", "lr": 0.00010086104323659094, "window_size": 27, "batch_size": 128, "epochs": 10, "kernel_size": 5, "attention_heads": 2}, "parameter_index": 0}',
    index: 0
  },
  placementConstraint: { type: 'None', gpus: [] }
}
[2026-05-19 00:32:22] INFO (LocalV3.local) Created trial tTvYv
[2026-05-19 00:32:23] INFO (LocalV3.local) Trial parameter: tTvYv {"parameter_id": 16, "parameter_source": "algorithm", "parameters": {"model_type": "TCN", "units": 64, "num_layers": 3, "dropout": 0.1, "activation": "tanh", "lr": 0.00010086104323659094, "window_size": 27, "batch_size": 128, "epochs": 10, "kernel_size": 5, "attention_heads": 2}, "parameter_index": 0}
[2026-05-19 00:32:30] INFO (NNIManager) Trial job tTvYv status changed from RUNNING to SUCCEEDED
[2026-05-19 00:32:30] INFO (NNIManager) NNIManager received command from dispatcher: TR, {"parameter_id": 17, "parameter_source": "algorithm", "parameters": {"model_type": "GRU", "units": 128, "num_layers": 4, "dropout": 0, "activation": "tanh", "lr": 7.306835856229323e-05, "window_size": 3, "batch_size": 128, "epochs": 15, "kernel_size": 5, "attention_heads": 2}, "parameter_index": 0}
[2026-05-19 00:32:30] INFO (NNIManager) submitTrialJob: form: {
  sequenceId: 17,
  hyperParameters: {
    value: '{"parameter_id": 17, "parameter_source": "algorithm", "parameters": {"model_type": "GRU", "units": 128, "num_layers": 4, "dropout": 0, "activation": "tanh", "lr": 7.306835856229323e-05, "window_size": 3, "batch_size": 128, "epochs": 15, "kernel_size": 5, "attention_heads": 2}, "parameter_index": 0}',
    index: 0
  },
  placementConstraint: { type: 'None', gpus: [] }
}
[2026-05-19 00:32:30] INFO (LocalV3.local) Created trial VyW7Z
[2026-05-19 00:32:32] INFO (LocalV3.local) Trial parameter: VyW7Z {"parameter_id": 17, "parameter_source": "algorithm", "parameters": {"model_type": "GRU", "units": 128, "num_layers": 4, "dropout": 0, "activation": "tanh", "lr": 7.306835856229323e-05, "window_size": 3, "batch_size": 128, "epochs": 15, "kernel_size": 5, "attention_heads": 2}, "parameter_index": 0}
[2026-05-19 00:32:52] INFO (NNIManager) Trial job VyW7Z status changed from RUNNING to SUCCEEDED
[2026-05-19 00:32:52] INFO (NNIManager) NNIManager received command from dispatcher: TR, {"parameter_id": 18, "parameter_source": "algorithm", "parameters": {"model_type": "Transformer", "units": 32, "num_layers": 1, "dropout": 0.2, "activation": "relu", "lr": 7.353274717690325e-05, "window_size": 3, "batch_size": 32, "epochs": 15, "kernel_size": 3, "attention_heads": 2}, "parameter_index": 0}
[2026-05-19 00:32:52] INFO (NNIManager) submitTrialJob: form: {
  sequenceId: 18,
  hyperParameters: {
    value: '{"parameter_id": 18, "parameter_source": "algorithm", "parameters": {"model_type": "Transformer", "units": 32, "num_layers": 1, "dropout": 0.2, "activation": "relu", "lr": 7.353274717690325e-05, "window_size": 3, "batch_size": 32, "epochs": 15, "kernel_size": 3, "attention_heads": 2}, "parameter_index": 0}',
    index: 0
  },
  placementConstraint: { type: 'None', gpus: [] }
}
[2026-05-19 00:32:52] INFO (LocalV3.local) Created trial UiQQx
[2026-05-19 00:32:54] INFO (LocalV3.local) Trial parameter: UiQQx {"parameter_id": 18, "parameter_source": "algorithm", "parameters": {"model_type": "Transformer", "units": 32, "num_layers": 1, "dropout": 0.2, "activation": "relu", "lr": 7.353274717690325e-05, "window_size": 3, "batch_size": 32, "epochs": 15, "kernel_size": 3, "attention_heads": 2}, "parameter_index": 0}
[2026-05-19 00:33:03] INFO (NNIManager) Trial job UiQQx status changed from RUNNING to SUCCEEDED
[2026-05-19 00:33:03] INFO (NNIManager) NNIManager received command from dispatcher: TR, {"parameter_id": 19, "parameter_source": "algorithm", "parameters": {"model_type": "Transformer", "units": 16, "num_layers": 4, "dropout": 0.2, "activation": "relu", "lr": 0.002521544038958918, "window_size": 21, "batch_size": 128, "epochs": 5, "kernel_size": 5, "attention_heads": 8}, "parameter_index": 0}
[2026-05-19 00:33:04] INFO (NNIManager) submitTrialJob: form: {
  sequenceId: 19,
  hyperParameters: {
    value: '{"parameter_id": 19, "parameter_source": "algorithm", "parameters": {"model_type": "Transformer", "units": 16, "num_layers": 4, "dropout": 0.2, "activation": "relu", "lr": 0.002521544038958918, "window_size": 21, "batch_size": 128, "epochs": 5, "kernel_size": 5, "attention_heads": 8}, "parameter_index": 0}',
    index: 0
  },
  placementConstraint: { type: 'None', gpus: [] }
}
[2026-05-19 00:33:04] INFO (LocalV3.local) Created trial sEIH4
[2026-05-19 00:33:04] INFO (NNIManager) Change NNIManager status from: RUNNING to: NO_MORE_TRIAL
[2026-05-19 00:33:06] INFO (LocalV3.local) Trial parameter: sEIH4 {"parameter_id": 19, "parameter_source": "algorithm", "parameters": {"model_type": "Transformer", "units": 16, "num_layers": 4, "dropout": 0.2, "activation": "relu", "lr": 0.002521544038958918, "window_size": 21, "batch_size": 128, "epochs": 5, "kernel_size": 5, "attention_heads": 8}, "parameter_index": 0}
[2026-05-19 00:33:08] INFO (ShutdownManager) Initiate shutdown: SIGTERM
[2026-05-19 00:33:08] INFO (RestServer) Stopping REST server.
[2026-05-19 00:33:08] INFO (NNIManager) Change NNIManager status from: NO_MORE_TRIAL to: STOPPING
[2026-05-19 00:33:08] INFO (NNIManager) Stopping experiment, cleaning up ...
[2026-05-19 00:33:08] INFO (RestServer) REST server stopped.
[2026-05-19 00:33:10] INFO (NNIManager) cancelTrialJob: sEIH4
[2026-05-19 00:33:10] INFO (LocalV3.local) Stop trial sEIH4
[2026-05-19 00:33:11] INFO (LocalV3.local) All trials stopped
[2026-05-19 00:33:11] INFO (NNIManager) Change NNIManager status from: STOPPING to: STOPPED
[2026-05-19 00:33:11] INFO (NNIManager) Experiment stopped.
[2026-05-19 00:33:11] INFO (NNITensorboardManager) Forced stopping all tensorboard task.
[2026-05-19 00:33:11] INFO (NNITensorboardManager) All tensorboard task stopped.
[2026-05-19 00:33:11] INFO (NNITensorboardManager) Tensorboard manager stopped.
[2026-05-19 00:33:11] INFO (ShutdownManager) Shutdown complete.
