[2026-05-19 13:28:42] INFO (nni.runtime.msg_dispatcher_base/MainThread) Dispatcher started
[2026-05-19 13:28:42] INFO (nni.runtime.msg_dispatcher/Thread-1 (command_queue_worker)) Initial search space: {'model_type': {'_type': 'choice', '_value': ['LSTM', 'GRU', 'CNN', 'RNN', 'TCN', 'Transformer', 'MLP']}, 'units': {'_type': 'choice', '_value': [16, 32, 64, 128, 256]}, 'num_layers': {'_type': 'choice', '_value': [1, 2, 3, 4]}, 'dropout': {'_type': 'choice', '_value': [0, 0.1, 0.2, 0.3, 0.5]}, 'activation': {'_type': 'choice', '_value': ['relu', 'tanh', 'sigmoid', 'elu']}, 'lr': {'_type': 'loguniform', '_value': [1e-05, 0.01]}, 'window_size': {'_type': 'choice', '_value': [2, 3, 4, 5, 6, 7, 8, 9, 10, 11, 12, 13, 14, 15, 16, 17, 18, 19, 20, 21, 22, 23, 24, 25, 26, 27, 28, 29, 30]}, 'batch_size': {'_type': 'choice', '_value': [16, 32, 64, 128]}, 'epochs': {'_type': 'choice', '_value': [5, 10, 15, 20]}, 'kernel_size': {'_type': 'choice', '_value': [2, 3, 5, 7]}, 'attention_heads': {'_type': 'choice', '_value': [2, 4, 8]}}
[2026-05-19 13:28:50] INFO (nni.algorithms.hpo.evolution_tuner/Thread-2 (command_queue_worker)) trial (0) end
[2026-05-19 13:29:01] INFO (nni.algorithms.hpo.evolution_tuner/Thread-2 (command_queue_worker)) trial (1) end
[2026-05-19 13:29:19] INFO (nni.algorithms.hpo.evolution_tuner/Thread-2 (command_queue_worker)) trial (2) end
[2026-05-19 13:29:26] INFO (nni.algorithms.hpo.evolution_tuner/Thread-2 (command_queue_worker)) trial (3) end
[2026-05-19 13:29:42] INFO (nni.algorithms.hpo.evolution_tuner/Thread-2 (command_queue_worker)) trial (4) end
[2026-05-19 13:29:52] INFO (nni.algorithms.hpo.evolution_tuner/Thread-2 (command_queue_worker)) trial (5) end
[2026-05-19 13:30:07] INFO (nni.algorithms.hpo.evolution_tuner/Thread-2 (command_queue_worker)) trial (6) end
[2026-05-19 13:30:24] INFO (nni.algorithms.hpo.evolution_tuner/Thread-2 (command_queue_worker)) trial (7) end
[2026-05-19 13:30:34] INFO (nni.algorithms.hpo.evolution_tuner/Thread-2 (command_queue_worker)) trial (8) end
[2026-05-19 13:34:06] INFO (nni.algorithms.hpo.evolution_tuner/Thread-2 (command_queue_worker)) trial (9) end
[2026-05-19 13:34:39] INFO (nni.algorithms.hpo.evolution_tuner/Thread-2 (command_queue_worker)) trial (10) end
[2026-05-19 13:35:12] INFO (nni.algorithms.hpo.evolution_tuner/Thread-2 (command_queue_worker)) trial (11) end
[2026-05-19 13:35:27] INFO (nni.algorithms.hpo.evolution_tuner/Thread-2 (command_queue_worker)) trial (12) end
[2026-05-19 13:35:48] INFO (nni.algorithms.hpo.evolution_tuner/Thread-2 (command_queue_worker)) trial (13) end
[2026-05-19 13:36:06] INFO (nni.algorithms.hpo.evolution_tuner/Thread-2 (command_queue_worker)) trial (14) end
[2026-05-19 13:36:17] INFO (nni.algorithms.hpo.evolution_tuner/Thread-2 (command_queue_worker)) trial (15) end
[2026-05-19 13:36:24] INFO (nni.algorithms.hpo.evolution_tuner/Thread-2 (command_queue_worker)) trial (16) end
[2026-05-19 13:36:35] INFO (nni.algorithms.hpo.evolution_tuner/Thread-2 (command_queue_worker)) trial (17) end
[2026-05-19 13:37:30] INFO (nni.algorithms.hpo.evolution_tuner/Thread-2 (command_queue_worker)) trial (18) end
[2026-05-19 13:37:35] INFO (nni.algorithms.hpo.evolution_tuner/Thread-2 (command_queue_worker)) trial (19) end
[2026-05-19 13:39:37] INFO (nni.algorithms.hpo.evolution_tuner/Thread-2 (command_queue_worker)) trial (20) end
[2026-05-19 13:41:01] INFO (nni.algorithms.hpo.evolution_tuner/Thread-2 (command_queue_worker)) trial (21) end
[2026-05-19 13:41:11] INFO (nni.algorithms.hpo.evolution_tuner/Thread-2 (command_queue_worker)) trial (22) end
[2026-05-19 13:42:59] INFO (nni.algorithms.hpo.evolution_tuner/Thread-2 (command_queue_worker)) trial (23) end
[2026-05-19 13:44:18] INFO (nni.algorithms.hpo.evolution_tuner/Thread-2 (command_queue_worker)) trial (24) end
[2026-05-19 13:44:51] INFO (nni.algorithms.hpo.evolution_tuner/Thread-2 (command_queue_worker)) trial (25) end
[2026-05-19 13:47:01] INFO (nni.algorithms.hpo.evolution_tuner/Thread-2 (command_queue_worker)) trial (26) end
[2026-05-19 13:47:08] INFO (nni.algorithms.hpo.evolution_tuner/Thread-2 (command_queue_worker)) trial (27) end
[2026-05-19 13:47:41] INFO (nni.algorithms.hpo.evolution_tuner/Thread-2 (command_queue_worker)) trial (28) end
[2026-05-19 13:49:25] INFO (nni.algorithms.hpo.evolution_tuner/Thread-2 (command_queue_worker)) trial (29) end
[2026-05-19 13:49:40] INFO (nni.algorithms.hpo.evolution_tuner/Thread-2 (command_queue_worker)) trial (30) end
[2026-05-19 13:49:53] INFO (nni.algorithms.hpo.evolution_tuner/Thread-2 (command_queue_worker)) trial (31) end
[2026-05-19 13:50:04] INFO (nni.algorithms.hpo.evolution_tuner/Thread-2 (command_queue_worker)) trial (32) end
[2026-05-19 13:50:10] INFO (nni.algorithms.hpo.evolution_tuner/Thread-2 (command_queue_worker)) trial (33) end
[2026-05-19 13:52:03] INFO (nni.algorithms.hpo.evolution_tuner/Thread-2 (command_queue_worker)) trial (34) end
[2026-05-19 13:52:09] INFO (nni.algorithms.hpo.evolution_tuner/Thread-2 (command_queue_worker)) trial (35) end
[2026-05-19 13:52:41] INFO (nni.algorithms.hpo.evolution_tuner/Thread-2 (command_queue_worker)) trial (36) end
[2026-05-19 13:56:06] INFO (nni.algorithms.hpo.evolution_tuner/Thread-2 (command_queue_worker)) trial (37) end
[2026-05-19 13:56:17] INFO (nni.algorithms.hpo.evolution_tuner/Thread-2 (command_queue_worker)) trial (38) end
[2026-05-19 13:57:21] INFO (nni.algorithms.hpo.evolution_tuner/Thread-2 (command_queue_worker)) trial (39) end
[2026-05-19 13:57:31] INFO (nni.algorithms.hpo.evolution_tuner/Thread-2 (command_queue_worker)) trial (40) end
[2026-05-19 13:57:41] INFO (nni.algorithms.hpo.evolution_tuner/Thread-2 (command_queue_worker)) trial (41) end
[2026-05-19 13:58:16] INFO (nni.algorithms.hpo.evolution_tuner/Thread-2 (command_queue_worker)) trial (42) end
[2026-05-19 13:58:29] INFO (nni.algorithms.hpo.evolution_tuner/Thread-2 (command_queue_worker)) trial (43) end
[2026-05-19 14:01:22] INFO (nni.algorithms.hpo.evolution_tuner/Thread-2 (command_queue_worker)) trial (44) end
[2026-05-19 14:01:51] INFO (nni.algorithms.hpo.evolution_tuner/Thread-2 (command_queue_worker)) trial (45) end
[2026-05-19 14:02:11] INFO (nni.algorithms.hpo.evolution_tuner/Thread-2 (command_queue_worker)) trial (46) end
[2026-05-19 14:02:20] INFO (nni.algorithms.hpo.evolution_tuner/Thread-2 (command_queue_worker)) trial (47) end
[2026-05-19 14:02:33] INFO (nni.algorithms.hpo.evolution_tuner/Thread-2 (command_queue_worker)) trial (48) end
[2026-05-19 14:02:46] INFO (nni.runtime.msg_dispatcher_base/MainThread) Dispatcher exiting...
[2026-05-19 14:02:49] INFO (nni.runtime.msg_dispatcher_base/MainThread) Dispatcher terminiated
